<?xml version="1.0"?>
<link_info>
   <banner>TI ARM Linker PC v16.6.0.STS</banner>
   <copyright>Copyright (c) 1996-2015 Texas Instruments Incorporated</copyright>
   <link_time>0x584f0d57</link_time>
   <link_errors>0x0</link_errors>
   <output_file>SecuritySystem.out</output_file>
   <entry_point>
      <name>_c_int00</name>
      <address>0x671d</address>
   </entry_point>
   <input_file_list>
      <input_file id="fl-2">
         <path>.\</path>
         <kind>object</kind>
         <file>main.obj</file>
         <name>main.obj</name>
      </input_file>
      <input_file id="fl-3">
         <path>.\</path>
         <kind>object</kind>
         <file>startup_msp432p401r_ccs.obj</file>
         <name>startup_msp432p401r_ccs.obj</name>
      </input_file>
      <input_file id="fl-4">
         <path>.\</path>
         <kind>object</kind>
         <file>system_msp432p401r.obj</file>
         <name>system_msp432p401r.obj</name>
      </input_file>
      <input_file id="fl-5">
         <path>.\Modules\</path>
         <kind>object</kind>
         <file>AmbientLight.obj</file>
         <name>AmbientLight.obj</name>
      </input_file>
      <input_file id="fl-6">
         <path>.\Modules\</path>
         <kind>object</kind>
         <file>Buzzer.obj</file>
         <name>Buzzer.obj</name>
      </input_file>
      <input_file id="fl-7">
         <path>.\Modules\</path>
         <kind>object</kind>
         <file>Clock.obj</file>
         <name>Clock.obj</name>
      </input_file>
      <input_file id="fl-8">
         <path>.\Modules\</path>
         <kind>object</kind>
         <file>Display.obj</file>
         <name>Display.obj</name>
      </input_file>
      <input_file id="fl-9">
         <path>.\Modules\</path>
         <kind>object</kind>
         <file>Flash.obj</file>
         <name>Flash.obj</name>
      </input_file>
      <input_file id="fl-a">
         <path>.\Modules\</path>
         <kind>object</kind>
         <file>HallEffect.obj</file>
         <name>HallEffect.obj</name>
      </input_file>
      <input_file id="fl-b">
         <path>.\Modules\</path>
         <kind>object</kind>
         <file>Keypad.obj</file>
         <name>Keypad.obj</name>
      </input_file>
      <input_file id="fl-c">
         <path>.\Modules\</path>
         <kind>object</kind>
         <file>Motor.obj</file>
         <name>Motor.obj</name>
      </input_file>
      <input_file id="fl-d">
         <path>.\Modules\</path>
         <kind>object</kind>
         <file>Proximity.obj</file>
         <name>Proximity.obj</name>
      </input_file>
      <input_file id="fl-e">
         <path>.\Modules\</path>
         <kind>object</kind>
         <file>RGB.obj</file>
         <name>RGB.obj</name>
      </input_file>
      <input_file id="fl-f">
         <path>.\Modules\</path>
         <kind>object</kind>
         <file>RTC.obj</file>
         <name>RTC.obj</name>
      </input_file>
      <input_file id="fl-10">
         <path>.\Modules\</path>
         <kind>object</kind>
         <file>ST7735.obj</file>
         <name>ST7735.obj</name>
      </input_file>
      <input_file id="fl-11">
         <path>.\Modules\</path>
         <kind>object</kind>
         <file>Watchdog.obj</file>
         <name>Watchdog.obj</name>
      </input_file>
      <input_file id="fl-12">
         <path>.\Modules\</path>
         <kind>object</kind>
         <file>Wireless.obj</file>
         <name>Wireless.obj</name>
      </input_file>
      <input_file id="fl-13">
         <path>.\Protocols\</path>
         <kind>object</kind>
         <file>ADC.obj</file>
         <name>ADC.obj</name>
      </input_file>
      <input_file id="fl-14">
         <path>.\Protocols\</path>
         <kind>object</kind>
         <file>I2C.obj</file>
         <name>I2C.obj</name>
      </input_file>
      <input_file id="fl-15">
         <path>.\Protocols\</path>
         <kind>object</kind>
         <file>PWM.obj</file>
         <name>PWM.obj</name>
      </input_file>
      <input_file id="fl-16">
         <path>.\Protocols\</path>
         <kind>object</kind>
         <file>UART.obj</file>
         <name>UART.obj</name>
      </input_file>
      <input_file id="fl-17">
         <path>.\Sequences\</path>
         <kind>object</kind>
         <file>Alerts.obj</file>
         <name>Alerts.obj</name>
      </input_file>
      <input_file id="fl-18">
         <path>.\Sequences\</path>
         <kind>object</kind>
         <file>MainSequence.obj</file>
         <name>MainSequence.obj</name>
      </input_file>
      <input_file id="fl-19">
         <path>.\Sequences\</path>
         <kind>object</kind>
         <file>Startup.obj</file>
         <name>Startup.obj</name>
      </input_file>
      <input_file id="fl-1f">
         <path>..\</path>
         <kind>archive</kind>
         <file>msp432p4xx_driverlib.lib</file>
         <name>cs.o</name>
      </input_file>
      <input_file id="fl-20">
         <path>..\</path>
         <kind>archive</kind>
         <file>msp432p4xx_driverlib.lib</file>
         <name>flash.o</name>
      </input_file>
      <input_file id="fl-21">
         <path>..\</path>
         <kind>archive</kind>
         <file>msp432p4xx_driverlib.lib</file>
         <name>gpio.o</name>
      </input_file>
      <input_file id="fl-22">
         <path>..\</path>
         <kind>archive</kind>
         <file>msp432p4xx_driverlib.lib</file>
         <name>interrupt.o</name>
      </input_file>
      <input_file id="fl-23">
         <path>..\</path>
         <kind>archive</kind>
         <file>msp432p4xx_driverlib.lib</file>
         <name>sysctl.o</name>
      </input_file>
      <input_file id="fl-24">
         <path>..\</path>
         <kind>archive</kind>
         <file>msp432p4xx_driverlib.lib</file>
         <name>timer_a.o</name>
      </input_file>
      <input_file id="fl-25">
         <path>..\</path>
         <kind>archive</kind>
         <file>msp432p4xx_driverlib.lib</file>
         <name>uart.o</name>
      </input_file>
      <input_file id="fl-26">
         <path>..\</path>
         <kind>archive</kind>
         <file>msp432p4xx_driverlib.lib</file>
         <name>wdt_a.o</name>
      </input_file>
      <input_file id="fl-27">
         <path>..\</path>
         <kind>archive</kind>
         <file>msp432p4xx_driverlib.lib</file>
         <name>cpu.o</name>
      </input_file>
      <input_file id="fl-dd">
         <path>C:\ti\ccsv6\tools\compiler\ti-cgt-arm_16.6.0.STS\lib\</path>
         <kind>archive</kind>
         <file>rtsv7M4_T_le_v4SPD16_eabi.lib</file>
         <name>boot.obj</name>
      </input_file>
      <input_file id="fl-de">
         <path>C:\ti\ccsv6\tools\compiler\ti-cgt-arm_16.6.0.STS\lib\</path>
         <kind>archive</kind>
         <file>rtsv7M4_T_le_v4SPD16_eabi.lib</file>
         <name>copy_decompress_lzss.obj</name>
      </input_file>
      <input_file id="fl-df">
         <path>C:\ti\ccsv6\tools\compiler\ti-cgt-arm_16.6.0.STS\lib\</path>
         <kind>archive</kind>
         <file>rtsv7M4_T_le_v4SPD16_eabi.lib</file>
         <name>copy_decompress_none.obj</name>
      </input_file>
      <input_file id="fl-e0">
         <path>C:\ti\ccsv6\tools\compiler\ti-cgt-arm_16.6.0.STS\lib\</path>
         <kind>archive</kind>
         <file>rtsv7M4_T_le_v4SPD16_eabi.lib</file>
         <name>copy_zero_init.obj</name>
      </input_file>
      <input_file id="fl-e1">
         <path>C:\ti\ccsv6\tools\compiler\ti-cgt-arm_16.6.0.STS\lib\</path>
         <kind>archive</kind>
         <file>rtsv7M4_T_le_v4SPD16_eabi.lib</file>
         <name>exit.obj</name>
      </input_file>
      <input_file id="fl-e2">
         <path>C:\ti\ccsv6\tools\compiler\ti-cgt-arm_16.6.0.STS\lib\</path>
         <kind>archive</kind>
         <file>rtsv7M4_T_le_v4SPD16_eabi.lib</file>
         <name>fd_div_t2.obj</name>
      </input_file>
      <input_file id="fl-e3">
         <path>C:\ti\ccsv6\tools\compiler\ti-cgt-arm_16.6.0.STS\lib\</path>
         <kind>archive</kind>
         <file>rtsv7M4_T_le_v4SPD16_eabi.lib</file>
         <name>fd_mul_t2.obj</name>
      </input_file>
      <input_file id="fl-e4">
         <path>C:\ti\ccsv6\tools\compiler\ti-cgt-arm_16.6.0.STS\lib\</path>
         <kind>archive</kind>
         <file>rtsv7M4_T_le_v4SPD16_eabi.lib</file>
         <name>fd_tou_t2.obj</name>
      </input_file>
      <input_file id="fl-e5">
         <path>C:\ti\ccsv6\tools\compiler\ti-cgt-arm_16.6.0.STS\lib\</path>
         <kind>archive</kind>
         <file>rtsv7M4_T_le_v4SPD16_eabi.lib</file>
         <name>memcpy_t2.obj</name>
      </input_file>
      <input_file id="fl-e6">
         <path>C:\ti\ccsv6\tools\compiler\ti-cgt-arm_16.6.0.STS\lib\</path>
         <kind>archive</kind>
         <file>rtsv7M4_T_le_v4SPD16_eabi.lib</file>
         <name>memory.obj</name>
      </input_file>
      <input_file id="fl-e7">
         <path>C:\ti\ccsv6\tools\compiler\ti-cgt-arm_16.6.0.STS\lib\</path>
         <kind>archive</kind>
         <file>rtsv7M4_T_le_v4SPD16_eabi.lib</file>
         <name>memset_t2.obj</name>
      </input_file>
      <input_file id="fl-e8">
         <path>C:\ti\ccsv6\tools\compiler\ti-cgt-arm_16.6.0.STS\lib\</path>
         <kind>archive</kind>
         <file>rtsv7M4_T_le_v4SPD16_eabi.lib</file>
         <name>mpu_init.obj</name>
      </input_file>
      <input_file id="fl-e9">
         <path>C:\ti\ccsv6\tools\compiler\ti-cgt-arm_16.6.0.STS\lib\</path>
         <kind>archive</kind>
         <file>rtsv7M4_T_le_v4SPD16_eabi.lib</file>
         <name>pre_init.obj</name>
      </input_file>
      <input_file id="fl-ea">
         <path>C:\ti\ccsv6\tools\compiler\ti-cgt-arm_16.6.0.STS\lib\</path>
         <kind>archive</kind>
         <file>rtsv7M4_T_le_v4SPD16_eabi.lib</file>
         <name>sprintf.obj</name>
      </input_file>
      <input_file id="fl-eb">
         <path>C:\ti\ccsv6\tools\compiler\ti-cgt-arm_16.6.0.STS\lib\</path>
         <kind>archive</kind>
         <file>rtsv7M4_T_le_v4SPD16_eabi.lib</file>
         <name>stkdepth_vars.obj</name>
      </input_file>
      <input_file id="fl-ec">
         <path>C:\ti\ccsv6\tools\compiler\ti-cgt-arm_16.6.0.STS\lib\</path>
         <kind>archive</kind>
         <file>rtsv7M4_T_le_v4SPD16_eabi.lib</file>
         <name>strcpy.obj</name>
      </input_file>
      <input_file id="fl-ed">
         <path>C:\ti\ccsv6\tools\compiler\ti-cgt-arm_16.6.0.STS\lib\</path>
         <kind>archive</kind>
         <file>rtsv7M4_T_le_v4SPD16_eabi.lib</file>
         <name>strlen.obj</name>
      </input_file>
      <input_file id="fl-ee">
         <path>C:\ti\ccsv6\tools\compiler\ti-cgt-arm_16.6.0.STS\lib\</path>
         <kind>archive</kind>
         <file>rtsv7M4_T_le_v4SPD16_eabi.lib</file>
         <name>strncpy.obj</name>
      </input_file>
      <input_file id="fl-ef">
         <path>C:\ti\ccsv6\tools\compiler\ti-cgt-arm_16.6.0.STS\lib\</path>
         <kind>archive</kind>
         <file>rtsv7M4_T_le_v4SPD16_eabi.lib</file>
         <name>strstr.obj</name>
      </input_file>
      <input_file id="fl-f0">
         <path>C:\ti\ccsv6\tools\compiler\ti-cgt-arm_16.6.0.STS\lib\</path>
         <kind>archive</kind>
         <file>rtsv7M4_T_le_v4SPD16_eabi.lib</file>
         <name>u_tofd_t2.obj</name>
      </input_file>
      <input_file id="fl-f1">
         <path>C:\ti\ccsv6\tools\compiler\ti-cgt-arm_16.6.0.STS\lib\</path>
         <kind>archive</kind>
         <file>rtsv7M4_T_le_v4SPD16_eabi.lib</file>
         <name>_lock.obj</name>
      </input_file>
      <input_file id="fl-f2">
         <path>C:\ti\ccsv6\tools\compiler\ti-cgt-arm_16.6.0.STS\lib\</path>
         <kind>archive</kind>
         <file>rtsv7M4_T_le_v4SPD16_eabi.lib</file>
         <name>_printfi.obj</name>
      </input_file>
      <input_file id="fl-f3">
         <path>C:\ti\ccsv6\tools\compiler\ti-cgt-arm_16.6.0.STS\lib\</path>
         <kind>archive</kind>
         <file>rtsv7M4_T_le_v4SPD16_eabi.lib</file>
         <name>args_main.obj</name>
      </input_file>
      <input_file id="fl-f4">
         <path>C:\ti\ccsv6\tools\compiler\ti-cgt-arm_16.6.0.STS\lib\</path>
         <kind>archive</kind>
         <file>rtsv7M4_T_le_v4SPD16_eabi.lib</file>
         <name>atoi.obj</name>
      </input_file>
      <input_file id="fl-f5">
         <path>C:\ti\ccsv6\tools\compiler\ti-cgt-arm_16.6.0.STS\lib\</path>
         <kind>archive</kind>
         <file>rtsv7M4_T_le_v4SPD16_eabi.lib</file>
         <name>autoinit.obj</name>
      </input_file>
      <input_file id="fl-f6">
         <path>C:\ti\ccsv6\tools\compiler\ti-cgt-arm_16.6.0.STS\lib\</path>
         <kind>archive</kind>
         <file>rtsv7M4_T_le_v4SPD16_eabi.lib</file>
         <name>cpy_tbl.obj</name>
      </input_file>
      <input_file id="fl-f7">
         <path>C:\ti\ccsv6\tools\compiler\ti-cgt-arm_16.6.0.STS\lib\</path>
         <kind>archive</kind>
         <file>rtsv7M4_T_le_v4SPD16_eabi.lib</file>
         <name>ctype.obj</name>
      </input_file>
      <input_file id="fl-f8">
         <path>C:\ti\ccsv6\tools\compiler\ti-cgt-arm_16.6.0.STS\lib\</path>
         <kind>archive</kind>
         <file>rtsv7M4_T_le_v4SPD16_eabi.lib</file>
         <name>fd_add_t2.obj</name>
      </input_file>
      <input_file id="fl-f9">
         <path>C:\ti\ccsv6\tools\compiler\ti-cgt-arm_16.6.0.STS\lib\</path>
         <kind>archive</kind>
         <file>rtsv7M4_T_le_v4SPD16_eabi.lib</file>
         <name>fd_cmp_t2.obj</name>
      </input_file>
      <input_file id="fl-fa">
         <path>C:\ti\ccsv6\tools\compiler\ti-cgt-arm_16.6.0.STS\lib\</path>
         <kind>archive</kind>
         <file>rtsv7M4_T_le_v4SPD16_eabi.lib</file>
         <name>fd_toi_t2.obj</name>
      </input_file>
      <input_file id="fl-fb">
         <path>C:\ti\ccsv6\tools\compiler\ti-cgt-arm_16.6.0.STS\lib\</path>
         <kind>archive</kind>
         <file>rtsv7M4_T_le_v4SPD16_eabi.lib</file>
         <name>i_tofd_t2.obj</name>
      </input_file>
      <input_file id="fl-fc">
         <path>C:\ti\ccsv6\tools\compiler\ti-cgt-arm_16.6.0.STS\lib\</path>
         <kind>archive</kind>
         <file>rtsv7M4_T_le_v4SPD16_eabi.lib</file>
         <name>ltoa.obj</name>
      </input_file>
      <input_file id="fl-fd">
         <path>C:\ti\ccsv6\tools\compiler\ti-cgt-arm_16.6.0.STS\lib\</path>
         <kind>archive</kind>
         <file>rtsv7M4_T_le_v4SPD16_eabi.lib</file>
         <name>memccpy.obj</name>
      </input_file>
      <input_file id="fl-fe">
         <path>C:\ti\ccsv6\tools\compiler\ti-cgt-arm_16.6.0.STS\lib\</path>
         <kind>archive</kind>
         <file>rtsv7M4_T_le_v4SPD16_eabi.lib</file>
         <name>s_frexp.obj</name>
      </input_file>
      <input_file id="fl-ff">
         <path>C:\ti\ccsv6\tools\compiler\ti-cgt-arm_16.6.0.STS\lib\</path>
         <kind>archive</kind>
         <file>rtsv7M4_T_le_v4SPD16_eabi.lib</file>
         <name>s_scalbn.obj</name>
      </input_file>
      <input_file id="fl-100">
         <path>C:\ti\ccsv6\tools\compiler\ti-cgt-arm_16.6.0.STS\lib\</path>
         <kind>archive</kind>
         <file>rtsv7M4_T_le_v4SPD16_eabi.lib</file>
         <name>startup.obj</name>
      </input_file>
      <input_file id="fl-101">
         <path>C:\ti\ccsv6\tools\compiler\ti-cgt-arm_16.6.0.STS\lib\</path>
         <kind>archive</kind>
         <file>rtsv7M4_T_le_v4SPD16_eabi.lib</file>
         <name>strchr.obj</name>
      </input_file>
      <input_file id="fl-102">
         <path>C:\ti\ccsv6\tools\compiler\ti-cgt-arm_16.6.0.STS\lib\</path>
         <kind>archive</kind>
         <file>rtsv7M4_T_le_v4SPD16_eabi.lib</file>
         <name>ull_div_t2.obj</name>
      </input_file>
      <input_file id="fl-103">
         <path>C:\ti\ccsv6\tools\compiler\ti-cgt-arm_16.6.0.STS\lib\</path>
         <kind>archive</kind>
         <file>rtsv7M4_T_le_v4SPD16_eabi.lib</file>
         <name>errno.obj</name>
      </input_file>
      <input_file id="fl-104">
         <path>C:\ti\ccsv6\tools\compiler\ti-cgt-arm_16.6.0.STS\lib\</path>
         <kind>archive</kind>
         <file>rtsv7M4_T_le_v4SPD16_eabi.lib</file>
         <name>s_copysign.obj</name>
      </input_file>
   </input_file_list>
   <object_component_list>
      <object_component id="oc-2c">
         <name>.intvecs:retain</name>
         <load_address>0x0</load_address>
         <run_address>0x0</run_address>
         <size>0xe4</size>
         <input_file_ref idref="fl-3"/>
      </object_component>
      <object_component id="oc-19d">
         <name>.text</name>
         <load_address>0xe4</load_address>
         <run_address>0xe4</run_address>
         <size>0x1398</size>
         <input_file_ref idref="fl-10"/>
      </object_component>
      <object_component id="oc-30e">
         <name>.text</name>
         <load_address>0x147c</load_address>
         <run_address>0x147c</run_address>
         <size>0x1142</size>
         <input_file_ref idref="fl-f2"/>
      </object_component>
      <object_component id="oc-56">
         <name>.text</name>
         <load_address>0x25be</load_address>
         <run_address>0x25be</run_address>
         <size>0x2</size>
         <input_file_ref idref="fl-e8"/>
      </object_component>
      <object_component id="oc-cb">
         <name>.text</name>
         <load_address>0x25c0</load_address>
         <run_address>0x25c0</run_address>
         <size>0x1098</size>
         <input_file_ref idref="fl-8"/>
      </object_component>
      <object_component id="oc-7e">
         <name>.text</name>
         <load_address>0x3658</load_address>
         <run_address>0x3658</run_address>
         <size>0x598</size>
         <input_file_ref idref="fl-18"/>
      </object_component>
      <object_component id="oc-1af">
         <name>.text</name>
         <load_address>0x3bf0</load_address>
         <run_address>0x3bf0</run_address>
         <size>0x3d0</size>
         <input_file_ref idref="fl-e6"/>
      </object_component>
      <object_component id="oc-d1">
         <name>.text</name>
         <load_address>0x3fc0</load_address>
         <run_address>0x3fc0</run_address>
         <size>0x3b8</size>
         <input_file_ref idref="fl-17"/>
      </object_component>
      <object_component id="oc-c4">
         <name>.text</name>
         <load_address>0x4378</load_address>
         <run_address>0x4378</run_address>
         <size>0x32c</size>
         <input_file_ref idref="fl-4"/>
      </object_component>
      <object_component id="oc-e9">
         <name>.text</name>
         <load_address>0x46a4</load_address>
         <run_address>0x46a4</run_address>
         <size>0x314</size>
         <input_file_ref idref="fl-b"/>
      </object_component>
      <object_component id="oc-d7">
         <name>.text</name>
         <load_address>0x49b8</load_address>
         <run_address>0x49b8</run_address>
         <size>0x2b0</size>
         <input_file_ref idref="fl-12"/>
      </object_component>
      <object_component id="oc-dd">
         <name>.text</name>
         <load_address>0x4c68</load_address>
         <run_address>0x4c68</run_address>
         <size>0x290</size>
         <input_file_ref idref="fl-f"/>
      </object_component>
      <object_component id="oc-13c">
         <name>.text</name>
         <load_address>0x4ef8</load_address>
         <run_address>0x4ef8</run_address>
         <size>0x220</size>
         <input_file_ref idref="fl-c"/>
      </object_component>
      <object_component id="oc-380">
         <name>.text</name>
         <load_address>0x5118</load_address>
         <run_address>0x5118</run_address>
         <size>0x1f4</size>
         <input_file_ref idref="fl-102"/>
      </object_component>
      <object_component id="oc-39f">
         <name>.text</name>
         <load_address>0x530c</load_address>
         <run_address>0x530c</run_address>
         <size>0x1b6</size>
         <input_file_ref idref="fl-f8"/>
      </object_component>
      <object_component id="oc-a9">
         <name>.text</name>
         <load_address>0x54c2</load_address>
         <run_address>0x54c2</run_address>
         <size>0x2</size>
         <input_file_ref idref="fl-100"/>
      </object_component>
      <object_component id="oc-fb">
         <name>.text</name>
         <load_address>0x54c4</load_address>
         <run_address>0x54c4</run_address>
         <size>0x190</size>
         <input_file_ref idref="fl-9"/>
      </object_component>
      <object_component id="oc-295">
         <name>.text</name>
         <load_address>0x5654</load_address>
         <run_address>0x5654</run_address>
         <size>0x136</size>
         <input_file_ref idref="fl-e2"/>
      </object_component>
      <object_component id="oc-1be">
         <name>.text</name>
         <load_address>0x578c</load_address>
         <run_address>0x578c</run_address>
         <size>0x124</size>
         <input_file_ref idref="fl-16"/>
      </object_component>
      <object_component id="oc-415">
         <name>.text:CS_getDCOFrequency</name>
         <load_address>0x58b0</load_address>
         <run_address>0x58b0</run_address>
         <size>0x104</size>
         <input_file_ref idref="fl-1f"/>
      </object_component>
      <object_component id="oc-290">
         <name>.text</name>
         <load_address>0x59b4</load_address>
         <run_address>0x59b4</run_address>
         <size>0xfc</size>
         <input_file_ref idref="fl-e3"/>
      </object_component>
      <object_component id="oc-3aa">
         <name>.text</name>
         <load_address>0x5ab0</load_address>
         <run_address>0x5ab0</run_address>
         <size>0xfc</size>
         <input_file_ref idref="fl-ff"/>
      </object_component>
      <object_component id="oc-f5">
         <name>.text</name>
         <load_address>0x5bac</load_address>
         <run_address>0x5bac</run_address>
         <size>0xf2</size>
         <input_file_ref idref="fl-e"/>
      </object_component>
      <object_component id="oc-136">
         <name>.text</name>
         <load_address>0x5ca0</load_address>
         <run_address>0x5ca0</run_address>
         <size>0xf0</size>
         <input_file_ref idref="fl-7"/>
      </object_component>
      <object_component id="oc-17c">
         <name>.text</name>
         <load_address>0x5d90</load_address>
         <run_address>0x5d90</run_address>
         <size>0xe4</size>
         <input_file_ref idref="fl-19"/>
      </object_component>
      <object_component id="oc-275">
         <name>.text:CS_initClockSignal</name>
         <load_address>0x5e74</load_address>
         <run_address>0x5e74</run_address>
         <size>0xe0</size>
         <input_file_ref idref="fl-1f"/>
      </object_component>
      <object_component id="oc-ef">
         <name>.text</name>
         <load_address>0x5f54</load_address>
         <run_address>0x5f54</run_address>
         <size>0xac</size>
         <input_file_ref idref="fl-6"/>
      </object_component>
      <object_component id="oc-33e">
         <name>.text:CS_startHFXTWithTimeout</name>
         <load_address>0x6000</load_address>
         <run_address>0x6000</run_address>
         <size>0x9c</size>
         <input_file_ref idref="fl-1f"/>
      </object_component>
      <object_component id="oc-34e">
         <name>.text:_CSComputeCLKFrequency</name>
         <load_address>0x609c</load_address>
         <run_address>0x609c</run_address>
         <size>0x9c</size>
         <input_file_ref idref="fl-1f"/>
      </object_component>
      <object_component id="oc-3e">
         <name>.text</name>
         <load_address>0x6138</load_address>
         <run_address>0x6138</run_address>
         <size>0x9c</size>
         <input_file_ref idref="fl-e5"/>
      </object_component>
      <object_component id="oc-14e">
         <name>.text</name>
         <load_address>0x61d4</load_address>
         <run_address>0x61d4</run_address>
         <size>0x98</size>
         <input_file_ref idref="fl-5"/>
      </object_component>
      <object_component id="oc-385">
         <name>.text:__aeabi_cdcmple</name>
         <load_address>0x626c</load_address>
         <run_address>0x626c</run_address>
         <size>0x86</size>
         <input_file_ref idref="fl-f9"/>
      </object_component>
      <object_component id="oc-38a">
         <name>.text:__aeabi_cdrcmple</name>
         <load_address>0x62f2</load_address>
         <run_address>0x62f2</run_address>
         <size>0x86</size>
         <input_file_ref idref="fl-f9"/>
      </object_component>
      <object_component id="oc-4a">
         <name>.text</name>
         <load_address>0x6378</load_address>
         <run_address>0x6378</run_address>
         <size>0x7a</size>
         <input_file_ref idref="fl-e7"/>
      </object_component>
      <object_component id="oc-402">
         <name>.text:_CSGetHFXTFrequency</name>
         <load_address>0x63f4</load_address>
         <run_address>0x63f4</run_address>
         <size>0x70</size>
         <input_file_ref idref="fl-1f"/>
      </object_component>
      <object_component id="oc-62">
         <name>.text</name>
         <load_address>0x6464</load_address>
         <run_address>0x6464</run_address>
         <size>0x70</size>
         <input_file_ref idref="fl-f5"/>
      </object_component>
      <object_component id="oc-2cd">
         <name>.text</name>
         <load_address>0x64d4</load_address>
         <run_address>0x64d4</run_address>
         <size>0x68</size>
         <input_file_ref idref="fl-13"/>
      </object_component>
      <object_component id="oc-14">
         <name>.text:decompress:lzss</name>
         <load_address>0x653c</load_address>
         <run_address>0x653c</run_address>
         <size>0x66</size>
         <input_file_ref idref="fl-de"/>
      </object_component>
      <object_component id="oc-3a4">
         <name>.text</name>
         <load_address>0x65a4</load_address>
         <run_address>0x65a4</run_address>
         <size>0x64</size>
         <input_file_ref idref="fl-fe"/>
      </object_component>
      <object_component id="oc-1a9">
         <name>.text</name>
         <load_address>0x6608</load_address>
         <run_address>0x6608</run_address>
         <size>0x60</size>
         <input_file_ref idref="fl-ea"/>
      </object_component>
      <object_component id="oc-2c7">
         <name>.text</name>
         <load_address>0x6668</load_address>
         <run_address>0x6668</run_address>
         <size>0x5c</size>
         <input_file_ref idref="fl-14"/>
      </object_component>
      <object_component id="oc-394">
         <name>.text</name>
         <load_address>0x66c4</load_address>
         <run_address>0x66c4</run_address>
         <size>0x56</size>
         <input_file_ref idref="fl-fc"/>
      </object_component>
      <object_component id="oc-26">
         <name>.text</name>
         <load_address>0x671c</load_address>
         <run_address>0x671c</run_address>
         <size>0x54</size>
         <input_file_ref idref="fl-dd"/>
      </object_component>
      <object_component id="oc-6e">
         <name>.text</name>
         <load_address>0x6770</load_address>
         <run_address>0x6770</run_address>
         <size>0x54</size>
         <input_file_ref idref="fl-e1"/>
      </object_component>
      <object_component id="oc-45f">
         <name>.text:SysCtl_getTLVInfo</name>
         <load_address>0x67c4</load_address>
         <run_address>0x67c4</run_address>
         <size>0x50</size>
         <input_file_ref idref="fl-23"/>
      </object_component>
      <object_component id="oc-29f">
         <name>.text:GPIO_setAsPeripheralModuleFunctionOutputPin</name>
         <load_address>0x6814</load_address>
         <run_address>0x6814</run_address>
         <size>0x4c</size>
         <input_file_ref idref="fl-21"/>
      </object_component>
      <object_component id="oc-459">
         <name>.text:_CSGetDOCFrequency</name>
         <load_address>0x6860</load_address>
         <run_address>0x6860</run_address>
         <size>0x4c</size>
         <input_file_ref idref="fl-1f"/>
      </object_component>
      <object_component id="oc-3b6">
         <name>.text</name>
         <load_address>0x68ac</load_address>
         <run_address>0x68ac</run_address>
         <size>0x4c</size>
         <input_file_ref idref="fl-f4"/>
      </object_component>
      <object_component id="oc-a3">
         <name>.text</name>
         <load_address>0x68f8</load_address>
         <run_address>0x68f8</run_address>
         <size>0x4c</size>
         <input_file_ref idref="fl-f6"/>
      </object_component>
      <object_component id="oc-148">
         <name>.text</name>
         <load_address>0x6944</load_address>
         <run_address>0x6944</run_address>
         <size>0x4a</size>
         <input_file_ref idref="fl-a"/>
      </object_component>
      <object_component id="oc-1b8">
         <name>.text:GPIO_setAsPeripheralModuleFunctionInputPin</name>
         <load_address>0x6990</load_address>
         <run_address>0x6990</run_address>
         <size>0x48</size>
         <input_file_ref idref="fl-21"/>
      </object_component>
      <object_component id="oc-40f">
         <name>.text:_CSGetDividerValue</name>
         <load_address>0x69d8</load_address>
         <run_address>0x69d8</run_address>
         <size>0x48</size>
         <input_file_ref idref="fl-1f"/>
      </object_component>
      <object_component id="oc-38f">
         <name>.text</name>
         <load_address>0x6a20</load_address>
         <run_address>0x6a20</run_address>
         <size>0x48</size>
         <input_file_ref idref="fl-fa"/>
      </object_component>
      <object_component id="oc-29a">
         <name>.text</name>
         <load_address>0x6a68</load_address>
         <run_address>0x6a68</run_address>
         <size>0x44</size>
         <input_file_ref idref="fl-e4"/>
      </object_component>
      <object_component id="oc-12c">
         <name>.text</name>
         <load_address>0x6aac</load_address>
         <run_address>0x6aac</run_address>
         <size>0x36</size>
         <input_file_ref idref="fl-ee"/>
      </object_component>
      <object_component id="oc-2d9">
         <name>.text:Interrupt_registerInterrupt</name>
         <load_address>0x6ae4</load_address>
         <run_address>0x6ae4</run_address>
         <size>0x34</size>
         <input_file_ref idref="fl-22"/>
      </object_component>
      <object_component id="oc-1ca">
         <name>.text</name>
         <load_address>0x6b18</load_address>
         <run_address>0x6b18</run_address>
         <size>0x34</size>
         <input_file_ref idref="fl-ef"/>
      </object_component>
      <object_component id="oc-27d">
         <name>.text:GPIO_setAsInputPinWithPullUpResistor</name>
         <load_address>0x6b4c</load_address>
         <run_address>0x6b4c</run_address>
         <size>0x30</size>
         <input_file_ref idref="fl-21"/>
      </object_component>
      <object_component id="oc-39a">
         <name>.text</name>
         <load_address>0x6b7c</load_address>
         <run_address>0x6b7c</run_address>
         <size>0x2e</size>
         <input_file_ref idref="fl-fb"/>
      </object_component>
      <object_component id="oc-2a5">
         <name>.text:GPIO_setAsInputPin</name>
         <load_address>0x6bac</load_address>
         <run_address>0x6bac</run_address>
         <size>0x2c</size>
         <input_file_ref idref="fl-21"/>
      </object_component>
      <object_component id="oc-20c">
         <name>.text:FlashCtl_setWaitState</name>
         <load_address>0x6bd8</load_address>
         <run_address>0x6bd8</run_address>
         <size>0x28</size>
         <input_file_ref idref="fl-20"/>
      </object_component>
      <object_component id="oc-142">
         <name>.text</name>
         <load_address>0x6c00</load_address>
         <run_address>0x6c00</run_address>
         <size>0x28</size>
         <input_file_ref idref="fl-d"/>
      </object_component>
      <object_component id="oc-41b">
         <name>.text:CS_clearInterruptFlag</name>
         <load_address>0x6c28</load_address>
         <run_address>0x6c28</run_address>
         <size>0x24</size>
         <input_file_ref idref="fl-1f"/>
      </object_component>
      <object_component id="oc-1ff">
         <name>.text:GPIO_setAsOutputPin</name>
         <load_address>0x6c4c</load_address>
         <run_address>0x6c4c</run_address>
         <size>0x24</size>
         <input_file_ref idref="fl-21"/>
      </object_component>
      <object_component id="oc-1c4">
         <name>.text:UART_receiveData</name>
         <load_address>0x6c70</load_address>
         <run_address>0x6c70</run_address>
         <size>0x24</size>
         <input_file_ref idref="fl-25"/>
      </object_component>
      <object_component id="oc-1d9">
         <name>.text:SysCtl_setWDTTimeoutResetType</name>
         <load_address>0x6c94</load_address>
         <run_address>0x6c94</run_address>
         <size>0x20</size>
         <input_file_ref idref="fl-23"/>
      </object_component>
      <object_component id="oc-28b">
         <name>.text</name>
         <load_address>0x6cb4</load_address>
         <run_address>0x6cb4</run_address>
         <size>0x20</size>
         <input_file_ref idref="fl-f0"/>
      </object_component>
      <object_component id="oc-e3">
         <name>.text</name>
         <load_address>0x6cd4</load_address>
         <run_address>0x6cd4</run_address>
         <size>0x1e</size>
         <input_file_ref idref="fl-11"/>
      </object_component>
      <object_component id="oc-3bc">
         <name>.text</name>
         <load_address>0x6cf2</load_address>
         <run_address>0x6cf2</run_address>
         <size>0x1c</size>
         <input_file_ref idref="fl-fd"/>
      </object_component>
      <object_component id="oc-2c1">
         <name>.text:CS_getACLK</name>
         <load_address>0x6d10</load_address>
         <run_address>0x6d10</run_address>
         <size>0x18</size>
         <input_file_ref idref="fl-1f"/>
      </object_component>
      <object_component id="oc-2b5">
         <name>.text:CS_getMCLK</name>
         <load_address>0x6d28</load_address>
         <run_address>0x6d28</run_address>
         <size>0x18</size>
         <input_file_ref idref="fl-1f"/>
      </object_component>
      <object_component id="oc-2bb">
         <name>.text:CS_getSMCLK</name>
         <load_address>0x6d40</load_address>
         <run_address>0x6d40</run_address>
         <size>0x18</size>
         <input_file_ref idref="fl-1f"/>
      </object_component>
      <object_component id="oc-283">
         <name>.text:GPIO_getInputPinValue</name>
         <load_address>0x6d58</load_address>
         <run_address>0x6d58</run_address>
         <size>0x18</size>
         <input_file_ref idref="fl-21"/>
      </object_component>
      <object_component id="oc-1f2">
         <name>.text:GPIO_setOutputLowOnPin</name>
         <load_address>0x6d70</load_address>
         <run_address>0x6d70</run_address>
         <size>0x18</size>
         <input_file_ref idref="fl-21"/>
      </object_component>
      <object_component id="oc-1e5">
         <name>.text:WDT_A_clearTimer</name>
         <load_address>0x6d88</load_address>
         <run_address>0x6d88</run_address>
         <size>0x18</size>
         <input_file_ref idref="fl-26"/>
      </object_component>
      <object_component id="oc-b1">
         <name>.text</name>
         <load_address>0x6da0</load_address>
         <run_address>0x6da0</run_address>
         <size>0x18</size>
         <input_file_ref idref="fl-2"/>
      </object_component>
      <object_component id="oc-68">
         <name>.text</name>
         <load_address>0x6db8</load_address>
         <run_address>0x6db8</run_address>
         <size>0x18</size>
         <input_file_ref idref="fl-f3"/>
      </object_component>
      <object_component id="oc-3b0">
         <name>.text</name>
         <load_address>0x6dd0</load_address>
         <run_address>0x6dd0</run_address>
         <size>0x16</size>
         <input_file_ref idref="fl-101"/>
      </object_component>
      <object_component id="oc-269">
         <name>.text:CS_setExternalClockSourceFrequency</name>
         <load_address>0x6de8</load_address>
         <run_address>0x6de8</run_address>
         <size>0x14</size>
         <input_file_ref idref="fl-1f"/>
      </object_component>
      <object_component id="oc-1f8">
         <name>.text:GPIO_setOutputHighOnPin</name>
         <load_address>0x6dfc</load_address>
         <run_address>0x6dfc</run_address>
         <size>0x14</size>
         <input_file_ref idref="fl-21"/>
      </object_component>
      <object_component id="oc-205">
         <name>.text:GPIO_toggleOutputOnPin</name>
         <load_address>0x6e10</load_address>
         <run_address>0x6e10</run_address>
         <size>0x14</size>
         <input_file_ref idref="fl-21"/>
      </object_component>
      <object_component id="oc-1d3">
         <name>.text:WDT_A_initWatchdogTimer</name>
         <load_address>0x6e24</load_address>
         <run_address>0x6e24</run_address>
         <size>0x14</size>
         <input_file_ref idref="fl-26"/>
      </object_component>
      <object_component id="oc-1df">
         <name>.text:WDT_A_startTimer</name>
         <load_address>0x6e38</load_address>
         <run_address>0x6e38</run_address>
         <size>0x14</size>
         <input_file_ref idref="fl-26"/>
      </object_component>
      <object_component id="oc-18d">
         <name>.text</name>
         <load_address>0x6e4c</load_address>
         <run_address>0x6e4c</run_address>
         <size>0x14</size>
         <input_file_ref idref="fl-f1"/>
      </object_component>
      <object_component id="oc-439">
         <name>.text</name>
         <load_address>0x6e60</load_address>
         <run_address>0x6e60</run_address>
         <size>0x14</size>
         <input_file_ref idref="fl-104"/>
      </object_component>
      <object_component id="oc-2d3">
         <name>.text</name>
         <load_address>0x6e74</load_address>
         <run_address>0x6e74</run_address>
         <size>0x14</size>
         <input_file_ref idref="fl-ec"/>
      </object_component>
      <object_component id="oc-1a3">
         <name>.text</name>
         <load_address>0x6e88</load_address>
         <run_address>0x6e88</run_address>
         <size>0x14</size>
         <input_file_ref idref="fl-ed"/>
      </object_component>
      <object_component id="oc-3fc">
         <name>.text:SysCtl_disableNMISource</name>
         <load_address>0x6e9c</load_address>
         <run_address>0x6e9c</run_address>
         <size>0x10</size>
         <input_file_ref idref="fl-23"/>
      </object_component>
      <object_component id="oc-408">
         <name>.text:SysCtl_enableNMISource</name>
         <load_address>0x6eac</load_address>
         <run_address>0x6eac</run_address>
         <size>0x10</size>
         <input_file_ref idref="fl-23"/>
      </object_component>
      <object_component id="oc-1a">
         <name>.text:decompress:none</name>
         <load_address>0x6ebc</load_address>
         <run_address>0x6ebc</run_address>
         <size>0xe</size>
         <input_file_ref idref="fl-df"/>
      </object_component>
      <object_component id="oc-78">
         <name>.text</name>
         <load_address>0x6eca</load_address>
         <run_address>0x6eca</run_address>
         <size>0xe</size>
         <input_file_ref idref="fl-3"/>
      </object_component>
      <object_component id="oc-3f6">
         <name>.text:SysCtl_getNMISourceStatus</name>
         <load_address>0x6ed8</load_address>
         <run_address>0x6ed8</run_address>
         <size>0xc</size>
         <input_file_ref idref="fl-23"/>
      </object_component>
      <object_component id="oc-20">
         <name>.text:decompress:ZI</name>
         <load_address>0x6ee4</load_address>
         <run_address>0x6ee4</run_address>
         <size>0xc</size>
         <input_file_ref idref="fl-e0"/>
      </object_component>
      <object_component id="oc-26f">
         <name>.text:CS_startHFXT</name>
         <load_address>0x6ef0</load_address>
         <run_address>0x6ef0</run_address>
         <size>0x6</size>
         <input_file_ref idref="fl-1f"/>
      </object_component>
      <object_component id="oc-5c">
         <name>.text</name>
         <load_address>0x6ef6</load_address>
         <run_address>0x6ef6</run_address>
         <size>0x4</size>
         <input_file_ref idref="fl-e9"/>
      </object_component>
      <object_component id="oc-2fd">
         <name>.const:.string:Font</name>
         <load_address>0x6efc</load_address>
         <run_address>0x6efc</run_address>
         <size>0x4fb</size>
         <input_file_ref idref="fl-10"/>
      </object_component>
      <object_component id="oc-308">
         <name>.const:.string:dBfs</name>
         <load_address>0x73f7</load_address>
         <run_address>0x73f7</run_address>
         <size>0x200</size>
         <input_file_ref idref="fl-10"/>
      </object_component>
      <object_component id="oc-446">
         <name>.const:.string:_ctypes_</name>
         <load_address>0x75f7</load_address>
         <run_address>0x75f7</run_address>
         <size>0x101</size>
         <input_file_ref idref="fl-f7"/>
      </object_component>
      <object_component id="oc-2eb">
         <name>.const:.string:Bcmd</name>
         <load_address>0x76f8</load_address>
         <run_address>0x76f8</run_address>
         <size>0x67</size>
         <input_file_ref idref="fl-10"/>
      </object_component>
      <object_component id="oc-2f1">
         <name>.const:.string:Rcmd1</name>
         <load_address>0x775f</load_address>
         <run_address>0x775f</run_address>
         <size>0x3b</size>
         <input_file_ref idref="fl-10"/>
      </object_component>
      <object_component id="oc-2fa">
         <name>.const:.string:Rcmd3</name>
         <load_address>0x779a</load_address>
         <run_address>0x779a</run_address>
         <size>0x2b</size>
         <input_file_ref idref="fl-10"/>
      </object_component>
      <object_component id="oc-357">
         <name>.const:i2cConfig</name>
         <load_address>0x77c8</load_address>
         <run_address>0x77c8</run_address>
         <size>0x14</size>
         <input_file_ref idref="fl-14"/>
      </object_component>
      <object_component id="oc-2f4">
         <name>.const:.string:Rcmd2green</name>
         <load_address>0x77dc</load_address>
         <run_address>0x77dc</run_address>
         <size>0xd</size>
         <input_file_ref idref="fl-10"/>
      </object_component>
      <object_component id="oc-2f7">
         <name>.const:.string:Rcmd2red</name>
         <load_address>0x77e9</load_address>
         <run_address>0x77e9</run_address>
         <size>0xd</size>
         <input_file_ref idref="fl-10"/>
      </object_component>
      <object_component id="oc-1ee">
         <name>.const:$P$T0$3</name>
         <load_address>0x77f6</load_address>
         <run_address>0x77f6</run_address>
         <size>0xc</size>
         <input_file_ref idref="fl-b"/>
      </object_component>
      <object_component id="oc-4a5">
         <name>.cinit..data.load</name>
         <load_address>0x7808</load_address>
         <run_address>0x7808</run_address>
         <size>0x5a</size>
      </object_component>
      <object_component id="oc-4a2">
         <name>__TI_handler_table</name>
         <load_address>0x7864</load_address>
         <run_address>0x7864</run_address>
         <size>0xc</size>
      </object_component>
      <object_component id="oc-4a6">
         <name>.cinit..bss.load</name>
         <load_address>0x7870</load_address>
         <run_address>0x7870</run_address>
         <size>0x8</size>
      </object_component>
      <object_component id="oc-4a4">
         <name>.cinit..vtable.load</name>
         <load_address>0x7878</load_address>
         <run_address>0x7878</run_address>
         <size>0x8</size>
      </object_component>
      <object_component id="oc-4a3">
         <name>__TI_cinit_table</name>
         <load_address>0x7880</load_address>
         <run_address>0x7880</run_address>
         <size>0x18</size>
      </object_component>
      <object_component id="oc-47f">
         <name>.binit</name>
         <load_address>0x0</load_address>
         <run_address>0x0</run_address>
         <size>0x0</size>
      </object_component>
      <object_component id="oc-35e">
         <name>.vtable</name>
         <uninitialized>true</uninitialized>
         <run_address>0x20000000</run_address>
         <size>0xe4</size>
         <input_file_ref idref="fl-22"/>
      </object_component>
      <object_component id="oc-199">
         <name>.data</name>
         <load_address>0x20000710</load_address>
         <run_address>0x20000710</run_address>
         <size>0x4</size>
         <input_file_ref idref="fl-4"/>
      </object_component>
      <object_component id="oc-1ed">
         <name>.data</name>
         <load_address>0x20000702</load_address>
         <run_address>0x20000702</run_address>
         <size>0x4</size>
         <input_file_ref idref="fl-b"/>
      </object_component>
      <object_component id="oc-2ee">
         <name>.data</name>
         <load_address>0x200006bc</load_address>
         <run_address>0x200006bc</run_address>
         <size>0x14</size>
         <input_file_ref idref="fl-10"/>
      </object_component>
      <object_component id="oc-1b6">
         <name>.data</name>
         <load_address>0x20000706</load_address>
         <run_address>0x20000706</run_address>
         <size>0x1</size>
         <input_file_ref idref="fl-17"/>
      </object_component>
      <object_component id="oc-154">
         <name>.data:SetDateTime</name>
         <load_address>0x200006fc</load_address>
         <run_address>0x200006fc</run_address>
         <size>0x6</size>
         <input_file_ref idref="fl-18"/>
      </object_component>
      <object_component id="oc-132">
         <name>.data</name>
         <load_address>0x200006e8</load_address>
         <run_address>0x200006e8</run_address>
         <size>0xc</size>
         <input_file_ref idref="fl-18"/>
      </object_component>
      <object_component id="oc-31f">
         <name>.data:GPIO_PORT_TO_BASE</name>
         <load_address>0x2000068c</load_address>
         <run_address>0x2000068c</run_address>
         <size>0x30</size>
         <input_file_ref idref="fl-21"/>
      </object_component>
      <object_component id="oc-b9">
         <name>.data:$O1$$</name>
         <load_address>0x200006d0</load_address>
         <run_address>0x200006d0</run_address>
         <size>0xc</size>
         <input_file_ref idref="fl-e1"/>
      </object_component>
      <object_component id="oc-31b">
         <name>.data:$O1$$</name>
         <load_address>0x200006dc</load_address>
         <run_address>0x200006dc</run_address>
         <size>0xc</size>
         <input_file_ref idref="fl-e6"/>
      </object_component>
      <object_component id="oc-74">
         <name>.data</name>
         <load_address>0x2000070c</load_address>
         <run_address>0x2000070c</run_address>
         <size>0x4</size>
         <input_file_ref idref="fl-eb"/>
      </object_component>
      <object_component id="oc-bc">
         <name>.data:$O1$$</name>
         <load_address>0x200006f4</load_address>
         <run_address>0x200006f4</run_address>
         <size>0x8</size>
         <input_file_ref idref="fl-f1"/>
      </object_component>
      <object_component id="oc-43f">
         <name>.data</name>
         <load_address>0x20000708</load_address>
         <run_address>0x20000708</run_address>
         <size>0x4</size>
         <input_file_ref idref="fl-103"/>
      </object_component>
      <object_component id="oc-2e8">
         <name>.bss</name>
         <uninitialized>true</uninitialized>
         <run_address>0x20000664</run_address>
         <size>0x4</size>
         <input_file_ref idref="fl-10"/>
      </object_component>
      <object_component id="oc-1d0">
         <name>.bss:Stream$2</name>
         <uninitialized>true</uninitialized>
         <run_address>0x2000062c</run_address>
         <size>0x20</size>
         <input_file_ref idref="fl-12"/>
      </object_component>
      <object_component id="oc-2df">
         <name>.bss</name>
         <uninitialized>true</uninitialized>
         <run_address>0x2000064c</run_address>
         <size>0xc</size>
         <input_file_ref idref="fl-19"/>
      </object_component>
      <object_component id="oc-1ec">
         <name>.common:KeypadState</name>
         <uninitialized>true</uninitialized>
         <run_address>0x20000668</run_address>
         <size>0x4</size>
      </object_component>
      <object_component id="oc-101">
         <name>.common:ClockRegisters</name>
         <uninitialized>true</uninitialized>
         <run_address>0x200005e0</run_address>
         <size>0x4c</size>
      </object_component>
      <object_component id="oc-135">
         <name>.common:RefreshInterrupt</name>
         <uninitialized>true</uninitialized>
         <run_address>0x20000688</run_address>
         <size>0x1</size>
      </object_component>
      <object_component id="oc-182">
         <name>.common:SensorReadings</name>
         <uninitialized>true</uninitialized>
         <run_address>0x200004e8</run_address>
         <size>0xf8</size>
      </object_component>
      <object_component id="oc-300">
         <name>.common:Message</name>
         <uninitialized>true</uninitialized>
         <run_address>0x20000658</run_address>
         <size>0xc</size>
      </object_component>
      <object_component id="oc-303">
         <name>.common:Messageindex</name>
         <uninitialized>true</uninitialized>
         <run_address>0x2000066c</run_address>
         <size>0x4</size>
      </object_component>
      <object_component id="oc-304">
         <name>.common:Ymax</name>
         <uninitialized>true</uninitialized>
         <run_address>0x20000674</run_address>
         <size>0x4</size>
      </object_component>
      <object_component id="oc-305">
         <name>.common:Ymin</name>
         <uninitialized>true</uninitialized>
         <run_address>0x20000678</run_address>
         <size>0x4</size>
      </object_component>
      <object_component id="oc-307">
         <name>.common:X</name>
         <uninitialized>true</uninitialized>
         <run_address>0x20000670</run_address>
         <size>0x4</size>
      </object_component>
      <object_component id="oc-306">
         <name>.common:Yrange</name>
         <uninitialized>true</uninitialized>
         <run_address>0x2000067c</run_address>
         <size>0x4</size>
      </object_component>
      <object_component id="oc-33c">
         <name>.common:hfxtFreq</name>
         <uninitialized>true</uninitialized>
         <run_address>0x20000680</run_address>
         <size>0x4</size>
      </object_component>
      <object_component id="oc-339">
         <name>.common:lfxtFreq</name>
         <uninitialized>true</uninitialized>
         <run_address>0x20000684</run_address>
         <size>0x4</size>
      </object_component>
      <object_component id="oc-30">
         <name>.sysmem</name>
         <uninitialized>true</uninitialized>
         <run_address>0x200000e8</run_address>
         <size>0x8</size>
         <input_file_ref idref="fl-e6"/>
      </object_component>
      <object_component id="oc-4a8">
         <name>.sysmem</name>
         <uninitialized>true</uninitialized>
         <run_address>0x200000e8</run_address>
         <size>0x0</size>
      </object_component>
      <object_component id="oc-2f">
         <name>.stack</name>
         <uninitialized>true</uninitialized>
         <run_address>0x2000fe00</run_address>
         <size>0x0</size>
         <input_file_ref idref="fl-dd"/>
      </object_component>
      <object_component id="oc-4a7">
         <name>.stack</name>
         <uninitialized>true</uninitialized>
         <run_address>0x2000fe00</run_address>
         <size>0x0</size>
      </object_component>
      <object_component id="oc-102">
         <name>.debug_info</name>
         <load_address>0x0</load_address>
         <run_address>0x0</run_address>
         <size>0x5e4</size>
         <input_file_ref idref="fl-2"/>
      </object_component>
      <object_component id="oc-b2">
         <name>.debug_info</name>
         <load_address>0x5e4</load_address>
         <run_address>0x5e4</run_address>
         <size>0x14b</size>
         <input_file_ref idref="fl-2"/>
      </object_component>
      <object_component id="oc-224">
         <name>.debug_info</name>
         <load_address>0x72f</load_address>
         <run_address>0x72f</run_address>
         <size>0x3b1</size>
         <input_file_ref idref="fl-2"/>
      </object_component>
      <object_component id="oc-21f">
         <name>.debug_info</name>
         <load_address>0xae0</load_address>
         <run_address>0xae0</run_address>
         <size>0x103e</size>
         <input_file_ref idref="fl-2"/>
      </object_component>
      <object_component id="oc-21a">
         <name>.debug_info</name>
         <load_address>0x1b1e</load_address>
         <run_address>0x1b1e</run_address>
         <size>0x37a3</size>
         <input_file_ref idref="fl-2"/>
      </object_component>
      <object_component id="oc-24d">
         <name>.debug_info</name>
         <load_address>0x52c1</load_address>
         <run_address>0x52c1</run_address>
         <size>0x9a</size>
         <input_file_ref idref="fl-2"/>
      </object_component>
      <object_component id="oc-3ef">
         <name>.debug_info</name>
         <load_address>0x535b</load_address>
         <run_address>0x535b</run_address>
         <size>0x1b5</size>
         <input_file_ref idref="fl-2"/>
      </object_component>
      <object_component id="oc-377">
         <name>.debug_info</name>
         <load_address>0x5510</load_address>
         <run_address>0x5510</run_address>
         <size>0xc8</size>
         <input_file_ref idref="fl-2"/>
      </object_component>
      <object_component id="oc-258">
         <name>.debug_info</name>
         <load_address>0x55d8</load_address>
         <run_address>0x55d8</run_address>
         <size>0x341</size>
         <input_file_ref idref="fl-2"/>
      </object_component>
      <object_component id="oc-39">
         <name>.debug_info</name>
         <load_address>0x5919</load_address>
         <run_address>0x5919</run_address>
         <size>0x84</size>
         <input_file_ref idref="fl-2"/>
      </object_component>
      <object_component id="oc-158">
         <name>.debug_info</name>
         <load_address>0x599d</load_address>
         <run_address>0x599d</run_address>
         <size>0x18b</size>
         <input_file_ref idref="fl-2"/>
      </object_component>
      <object_component id="oc-316">
         <name>.debug_info</name>
         <load_address>0x5b28</load_address>
         <run_address>0x5b28</run_address>
         <size>0x4e</size>
         <input_file_ref idref="fl-2"/>
      </object_component>
      <object_component id="oc-3e2">
         <name>.debug_info</name>
         <load_address>0x5b76</load_address>
         <run_address>0x5b76</run_address>
         <size>0xee</size>
         <input_file_ref idref="fl-2"/>
      </object_component>
      <object_component id="oc-231">
         <name>.debug_info</name>
         <load_address>0x5c64</load_address>
         <run_address>0x5c64</run_address>
         <size>0x51</size>
         <input_file_ref idref="fl-2"/>
      </object_component>
      <object_component id="oc-86">
         <name>.debug_info</name>
         <load_address>0x5cb5</load_address>
         <run_address>0x5cb5</run_address>
         <size>0x145</size>
         <input_file_ref idref="fl-3"/>
      </object_component>
      <object_component id="oc-2d">
         <name>.debug_info</name>
         <load_address>0x5dfa</load_address>
         <run_address>0x5dfa</run_address>
         <size>0x11d</size>
         <input_file_ref idref="fl-3"/>
      </object_component>
      <object_component id="oc-7a">
         <name>.debug_info</name>
         <load_address>0x5f17</load_address>
         <run_address>0x5f17</run_address>
         <size>0x1e4</size>
         <input_file_ref idref="fl-3"/>
      </object_component>
      <object_component id="oc-19a">
         <name>.debug_info</name>
         <load_address>0x60fb</load_address>
         <run_address>0x60fb</run_address>
         <size>0x116</size>
         <input_file_ref idref="fl-4"/>
      </object_component>
      <object_component id="oc-c6">
         <name>.debug_info</name>
         <load_address>0x6211</load_address>
         <run_address>0x6211</run_address>
         <size>0x288</size>
         <input_file_ref idref="fl-4"/>
      </object_component>
      <object_component id="oc-104">
         <name>.debug_info</name>
         <load_address>0x6499</load_address>
         <run_address>0x6499</run_address>
         <size>0x57b</size>
         <input_file_ref idref="fl-5"/>
      </object_component>
      <object_component id="oc-14f">
         <name>.debug_info</name>
         <load_address>0x6a14</load_address>
         <run_address>0x6a14</run_address>
         <size>0x2ed</size>
         <input_file_ref idref="fl-5"/>
      </object_component>
      <object_component id="oc-213">
         <name>.debug_info</name>
         <load_address>0x6d01</load_address>
         <run_address>0x6d01</run_address>
         <size>0x8b</size>
         <input_file_ref idref="fl-5"/>
      </object_component>
      <object_component id="oc-106">
         <name>.debug_info</name>
         <load_address>0x6d8c</load_address>
         <run_address>0x6d8c</run_address>
         <size>0x54b</size>
         <input_file_ref idref="fl-6"/>
      </object_component>
      <object_component id="oc-f0">
         <name>.debug_info</name>
         <load_address>0x72d7</load_address>
         <run_address>0x72d7</run_address>
         <size>0x341</size>
         <input_file_ref idref="fl-6"/>
      </object_component>
      <object_component id="oc-108">
         <name>.debug_info</name>
         <load_address>0x7618</load_address>
         <run_address>0x7618</run_address>
         <size>0x589</size>
         <input_file_ref idref="fl-7"/>
      </object_component>
      <object_component id="oc-137">
         <name>.debug_info</name>
         <load_address>0x7ba1</load_address>
         <run_address>0x7ba1</run_address>
         <size>0x2ac</size>
         <input_file_ref idref="fl-7"/>
      </object_component>
      <object_component id="oc-10a">
         <name>.debug_info</name>
         <load_address>0x7e4d</load_address>
         <run_address>0x7e4d</run_address>
         <size>0x700</size>
         <input_file_ref idref="fl-8"/>
      </object_component>
      <object_component id="oc-cd">
         <name>.debug_info</name>
         <load_address>0x854d</load_address>
         <run_address>0x854d</run_address>
         <size>0x22dd</size>
         <input_file_ref idref="fl-8"/>
      </object_component>
      <object_component id="oc-10e">
         <name>.debug_info</name>
         <load_address>0xa82a</load_address>
         <run_address>0xa82a</run_address>
         <size>0x50e</size>
         <input_file_ref idref="fl-9"/>
      </object_component>
      <object_component id="oc-fc">
         <name>.debug_info</name>
         <load_address>0xad38</load_address>
         <run_address>0xad38</run_address>
         <size>0x43b</size>
         <input_file_ref idref="fl-9"/>
      </object_component>
      <object_component id="oc-10c">
         <name>.debug_info</name>
         <load_address>0xb173</load_address>
         <run_address>0xb173</run_address>
         <size>0x5e2</size>
         <input_file_ref idref="fl-a"/>
      </object_component>
      <object_component id="oc-14a">
         <name>.debug_info</name>
         <load_address>0xb755</load_address>
         <run_address>0xb755</run_address>
         <size>0x2ea</size>
         <input_file_ref idref="fl-a"/>
      </object_component>
      <object_component id="oc-110">
         <name>.debug_info</name>
         <load_address>0xba3f</load_address>
         <run_address>0xba3f</run_address>
         <size>0x561</size>
         <input_file_ref idref="fl-b"/>
      </object_component>
      <object_component id="oc-1ef">
         <name>.debug_info</name>
         <load_address>0xbfa0</load_address>
         <run_address>0xbfa0</run_address>
         <size>0x101</size>
         <input_file_ref idref="fl-b"/>
      </object_component>
      <object_component id="oc-ea">
         <name>.debug_info</name>
         <load_address>0xc0a1</load_address>
         <run_address>0xc0a1</run_address>
         <size>0x75b</size>
         <input_file_ref idref="fl-b"/>
      </object_component>
      <object_component id="oc-23c">
         <name>.debug_info</name>
         <load_address>0xc7fc</load_address>
         <run_address>0xc7fc</run_address>
         <size>0x37a3</size>
         <input_file_ref idref="fl-b"/>
      </object_component>
      <object_component id="oc-112">
         <name>.debug_info</name>
         <load_address>0xff9f</load_address>
         <run_address>0xff9f</run_address>
         <size>0x514</size>
         <input_file_ref idref="fl-c"/>
      </object_component>
      <object_component id="oc-13e">
         <name>.debug_info</name>
         <load_address>0x104b3</load_address>
         <run_address>0x104b3</run_address>
         <size>0x392</size>
         <input_file_ref idref="fl-c"/>
      </object_component>
      <object_component id="oc-114">
         <name>.debug_info</name>
         <load_address>0x10845</load_address>
         <run_address>0x10845</run_address>
         <size>0x5e1</size>
         <input_file_ref idref="fl-d"/>
      </object_component>
      <object_component id="oc-144">
         <name>.debug_info</name>
         <load_address>0x10e26</load_address>
         <run_address>0x10e26</run_address>
         <size>0x269</size>
         <input_file_ref idref="fl-d"/>
      </object_component>
      <object_component id="oc-116">
         <name>.debug_info</name>
         <load_address>0x1108f</load_address>
         <run_address>0x1108f</run_address>
         <size>0x63a</size>
         <input_file_ref idref="fl-e"/>
      </object_component>
      <object_component id="oc-f7">
         <name>.debug_info</name>
         <load_address>0x116c9</load_address>
         <run_address>0x116c9</run_address>
         <size>0x481</size>
         <input_file_ref idref="fl-e"/>
      </object_component>
      <object_component id="oc-11a">
         <name>.debug_info</name>
         <load_address>0x11b4a</load_address>
         <run_address>0x11b4a</run_address>
         <size>0x4c4</size>
         <input_file_ref idref="fl-f"/>
      </object_component>
      <object_component id="oc-de">
         <name>.debug_info</name>
         <load_address>0x1200e</load_address>
         <run_address>0x1200e</run_address>
         <size>0x378</size>
         <input_file_ref idref="fl-f"/>
      </object_component>
      <object_component id="oc-301">
         <name>.debug_info</name>
         <load_address>0x12386</load_address>
         <run_address>0x12386</run_address>
         <size>0x4f3</size>
         <input_file_ref idref="fl-10"/>
      </object_component>
      <object_component id="oc-2ef">
         <name>.debug_info</name>
         <load_address>0x12879</load_address>
         <run_address>0x12879</run_address>
         <size>0x190</size>
         <input_file_ref idref="fl-10"/>
      </object_component>
      <object_component id="oc-2fe">
         <name>.debug_info</name>
         <load_address>0x12a09</load_address>
         <run_address>0x12a09</run_address>
         <size>0xfb</size>
         <input_file_ref idref="fl-10"/>
      </object_component>
      <object_component id="oc-2e9">
         <name>.debug_info</name>
         <load_address>0x12b04</load_address>
         <run_address>0x12b04</run_address>
         <size>0x167</size>
         <input_file_ref idref="fl-10"/>
      </object_component>
      <object_component id="oc-2ec">
         <name>.debug_info</name>
         <load_address>0x12c6b</load_address>
         <run_address>0x12c6b</run_address>
         <size>0xfc</size>
         <input_file_ref idref="fl-10"/>
      </object_component>
      <object_component id="oc-2f2">
         <name>.debug_info</name>
         <load_address>0x12d67</load_address>
         <run_address>0x12d67</run_address>
         <size>0xfe</size>
         <input_file_ref idref="fl-10"/>
      </object_component>
      <object_component id="oc-2f5">
         <name>.debug_info</name>
         <load_address>0x12e65</load_address>
         <run_address>0x12e65</run_address>
         <size>0x108</size>
         <input_file_ref idref="fl-10"/>
      </object_component>
      <object_component id="oc-2f8">
         <name>.debug_info</name>
         <load_address>0x12f6d</load_address>
         <run_address>0x12f6d</run_address>
         <size>0x104</size>
         <input_file_ref idref="fl-10"/>
      </object_component>
      <object_component id="oc-2fb">
         <name>.debug_info</name>
         <load_address>0x13071</load_address>
         <run_address>0x13071</run_address>
         <size>0xfe</size>
         <input_file_ref idref="fl-10"/>
      </object_component>
      <object_component id="oc-309">
         <name>.debug_info</name>
         <load_address>0x1316f</load_address>
         <run_address>0x1316f</run_address>
         <size>0xfd</size>
         <input_file_ref idref="fl-10"/>
      </object_component>
      <object_component id="oc-19e">
         <name>.debug_info</name>
         <load_address>0x1326c</load_address>
         <run_address>0x1326c</run_address>
         <size>0x2476</size>
         <input_file_ref idref="fl-10"/>
      </object_component>
      <object_component id="oc-118">
         <name>.debug_info</name>
         <load_address>0x156e2</load_address>
         <run_address>0x156e2</run_address>
         <size>0x595</size>
         <input_file_ref idref="fl-11"/>
      </object_component>
      <object_component id="oc-e4">
         <name>.debug_info</name>
         <load_address>0x15c77</load_address>
         <run_address>0x15c77</run_address>
         <size>0x221</size>
         <input_file_ref idref="fl-11"/>
      </object_component>
      <object_component id="oc-11e">
         <name>.debug_info</name>
         <load_address>0x15e98</load_address>
         <run_address>0x15e98</run_address>
         <size>0x6a3</size>
         <input_file_ref idref="fl-12"/>
      </object_component>
      <object_component id="oc-d8">
         <name>.debug_info</name>
         <load_address>0x1653b</load_address>
         <run_address>0x1653b</run_address>
         <size>0x514</size>
         <input_file_ref idref="fl-12"/>
      </object_component>
      <object_component id="oc-120">
         <name>.debug_info</name>
         <load_address>0x16a4f</load_address>
         <run_address>0x16a4f</run_address>
         <size>0x4c0</size>
         <input_file_ref idref="fl-13"/>
      </object_component>
      <object_component id="oc-2ce">
         <name>.debug_info</name>
         <load_address>0x16f0f</load_address>
         <run_address>0x16f0f</run_address>
         <size>0x169</size>
         <input_file_ref idref="fl-13"/>
      </object_component>
      <object_component id="oc-11c">
         <name>.debug_info</name>
         <load_address>0x17078</load_address>
         <run_address>0x17078</run_address>
         <size>0x4c5</size>
         <input_file_ref idref="fl-14"/>
      </object_component>
      <object_component id="oc-358">
         <name>.debug_info</name>
         <load_address>0x1753d</load_address>
         <run_address>0x1753d</run_address>
         <size>0x105</size>
         <input_file_ref idref="fl-14"/>
      </object_component>
      <object_component id="oc-2c9">
         <name>.debug_info</name>
         <load_address>0x17642</load_address>
         <run_address>0x17642</run_address>
         <size>0x162</size>
         <input_file_ref idref="fl-14"/>
      </object_component>
      <object_component id="oc-122">
         <name>.debug_info</name>
         <load_address>0x177a4</load_address>
         <run_address>0x177a4</run_address>
         <size>0x57c</size>
         <input_file_ref idref="fl-15"/>
      </object_component>
      <object_component id="oc-124">
         <name>.debug_info</name>
         <load_address>0x17d20</load_address>
         <run_address>0x17d20</run_address>
         <size>0x4df</size>
         <input_file_ref idref="fl-16"/>
      </object_component>
      <object_component id="oc-1bf">
         <name>.debug_info</name>
         <load_address>0x181ff</load_address>
         <run_address>0x181ff</run_address>
         <size>0x455</size>
         <input_file_ref idref="fl-16"/>
      </object_component>
      <object_component id="oc-128">
         <name>.debug_info</name>
         <load_address>0x18654</load_address>
         <run_address>0x18654</run_address>
         <size>0x6d1</size>
         <input_file_ref idref="fl-17"/>
      </object_component>
      <object_component id="oc-d2">
         <name>.debug_info</name>
         <load_address>0x18d25</load_address>
         <run_address>0x18d25</run_address>
         <size>0x4ec</size>
         <input_file_ref idref="fl-17"/>
      </object_component>
      <object_component id="oc-12a">
         <name>.debug_info</name>
         <load_address>0x19211</load_address>
         <run_address>0x19211</run_address>
         <size>0xa7c</size>
         <input_file_ref idref="fl-18"/>
      </object_component>
      <object_component id="oc-155">
         <name>.debug_info</name>
         <load_address>0x19c8d</load_address>
         <run_address>0x19c8d</run_address>
         <size>0x112</size>
         <input_file_ref idref="fl-18"/>
      </object_component>
      <object_component id="oc-133">
         <name>.debug_info</name>
         <load_address>0x19d9f</load_address>
         <run_address>0x19d9f</run_address>
         <size>0x141</size>
         <input_file_ref idref="fl-18"/>
      </object_component>
      <object_component id="oc-7f">
         <name>.debug_info</name>
         <load_address>0x19ee0</load_address>
         <run_address>0x19ee0</run_address>
         <size>0xa44</size>
         <input_file_ref idref="fl-18"/>
      </object_component>
      <object_component id="oc-126">
         <name>.debug_info</name>
         <load_address>0x1a924</load_address>
         <run_address>0x1a924</run_address>
         <size>0x88c</size>
         <input_file_ref idref="fl-19"/>
      </object_component>
      <object_component id="oc-2e0">
         <name>.debug_info</name>
         <load_address>0x1b1b0</load_address>
         <run_address>0x1b1b0</run_address>
         <size>0x16c</size>
         <input_file_ref idref="fl-19"/>
      </object_component>
      <object_component id="oc-17e">
         <name>.debug_info</name>
         <load_address>0x1b31c</load_address>
         <run_address>0x1b31c</run_address>
         <size>0x371</size>
         <input_file_ref idref="fl-19"/>
      </object_component>
      <object_component id="oc-33a">
         <name>.debug_info</name>
         <load_address>0x1b68d</load_address>
         <run_address>0x1b68d</run_address>
         <size>0x5ef</size>
         <input_file_ref idref="fl-1f"/>
      </object_component>
      <object_component id="oc-405">
         <name>.debug_info</name>
         <load_address>0x1bc7c</load_address>
         <run_address>0x1bc7c</run_address>
         <size>0xfc</size>
         <input_file_ref idref="fl-1f"/>
      </object_component>
      <object_component id="oc-341">
         <name>.debug_info</name>
         <load_address>0x1bd78</load_address>
         <run_address>0x1bd78</run_address>
         <size>0x23c</size>
         <input_file_ref idref="fl-1f"/>
      </object_component>
      <object_component id="oc-272">
         <name>.debug_info</name>
         <load_address>0x1bfb4</load_address>
         <run_address>0x1bfb4</run_address>
         <size>0x122</size>
         <input_file_ref idref="fl-1f"/>
      </object_component>
      <object_component id="oc-26c">
         <name>.debug_info</name>
         <load_address>0x1c0d6</load_address>
         <run_address>0x1c0d6</run_address>
         <size>0x1dd</size>
         <input_file_ref idref="fl-1f"/>
      </object_component>
      <object_component id="oc-278">
         <name>.debug_info</name>
         <load_address>0x1c2b3</load_address>
         <run_address>0x1c2b3</run_address>
         <size>0x1b9</size>
         <input_file_ref idref="fl-1f"/>
      </object_component>
      <object_component id="oc-412">
         <name>.debug_info</name>
         <load_address>0x1c46c</load_address>
         <run_address>0x1c46c</run_address>
         <size>0x131</size>
         <input_file_ref idref="fl-1f"/>
      </object_component>
      <object_component id="oc-45c">
         <name>.debug_info</name>
         <load_address>0x1c59d</load_address>
         <run_address>0x1c59d</run_address>
         <size>0x129</size>
         <input_file_ref idref="fl-1f"/>
      </object_component>
      <object_component id="oc-418">
         <name>.debug_info</name>
         <load_address>0x1c6c6</load_address>
         <run_address>0x1c6c6</run_address>
         <size>0x1dd</size>
         <input_file_ref idref="fl-1f"/>
      </object_component>
      <object_component id="oc-41e">
         <name>.debug_info</name>
         <load_address>0x1c8a3</load_address>
         <run_address>0x1c8a3</run_address>
         <size>0x120</size>
         <input_file_ref idref="fl-1f"/>
      </object_component>
      <object_component id="oc-351">
         <name>.debug_info</name>
         <load_address>0x1c9c3</load_address>
         <run_address>0x1c9c3</run_address>
         <size>0x1d8</size>
         <input_file_ref idref="fl-1f"/>
      </object_component>
      <object_component id="oc-2be">
         <name>.debug_info</name>
         <load_address>0x1cb9b</load_address>
         <run_address>0x1cb9b</run_address>
         <size>0x132</size>
         <input_file_ref idref="fl-1f"/>
      </object_component>
      <object_component id="oc-2b8">
         <name>.debug_info</name>
         <load_address>0x1cccd</load_address>
         <run_address>0x1cccd</run_address>
         <size>0x130</size>
         <input_file_ref idref="fl-1f"/>
      </object_component>
      <object_component id="oc-2c4">
         <name>.debug_info</name>
         <load_address>0x1cdfd</load_address>
         <run_address>0x1cdfd</run_address>
         <size>0x130</size>
         <input_file_ref idref="fl-1f"/>
      </object_component>
      <object_component id="oc-3db">
         <name>.debug_info</name>
         <load_address>0x1cf2d</load_address>
         <run_address>0x1cf2d</run_address>
         <size>0x103e</size>
         <input_file_ref idref="fl-1f"/>
      </object_component>
      <object_component id="oc-336">
         <name>.debug_info</name>
         <load_address>0x1df6b</load_address>
         <run_address>0x1df6b</run_address>
         <size>0x5c8</size>
         <input_file_ref idref="fl-20"/>
      </object_component>
      <object_component id="oc-20e">
         <name>.debug_info</name>
         <load_address>0x1e533</load_address>
         <run_address>0x1e533</run_address>
         <size>0x175</size>
         <input_file_ref idref="fl-20"/>
      </object_component>
      <object_component id="oc-323">
         <name>.debug_info</name>
         <load_address>0x1e6a8</load_address>
         <run_address>0x1e6a8</run_address>
         <size>0x4a4</size>
         <input_file_ref idref="fl-21"/>
      </object_component>
      <object_component id="oc-320">
         <name>.debug_info</name>
         <load_address>0x1eb4c</load_address>
         <run_address>0x1eb4c</run_address>
         <size>0xd0</size>
         <input_file_ref idref="fl-21"/>
      </object_component>
      <object_component id="oc-206">
         <name>.debug_info</name>
         <load_address>0x1ec1c</load_address>
         <run_address>0x1ec1c</run_address>
         <size>0x183</size>
         <input_file_ref idref="fl-21"/>
      </object_component>
      <object_component id="oc-1f3">
         <name>.debug_info</name>
         <load_address>0x1ed9f</load_address>
         <run_address>0x1ed9f</run_address>
         <size>0x183</size>
         <input_file_ref idref="fl-21"/>
      </object_component>
      <object_component id="oc-1f9">
         <name>.debug_info</name>
         <load_address>0x1ef22</load_address>
         <run_address>0x1ef22</run_address>
         <size>0x185</size>
         <input_file_ref idref="fl-21"/>
      </object_component>
      <object_component id="oc-2a0">
         <name>.debug_info</name>
         <load_address>0x1f0a7</load_address>
         <run_address>0x1f0a7</run_address>
         <size>0x1dd</size>
         <input_file_ref idref="fl-21"/>
      </object_component>
      <object_component id="oc-1b9">
         <name>.debug_info</name>
         <load_address>0x1f284</load_address>
         <run_address>0x1f284</run_address>
         <size>0x1db</size>
         <input_file_ref idref="fl-21"/>
      </object_component>
      <object_component id="oc-200">
         <name>.debug_info</name>
         <load_address>0x1f45f</load_address>
         <run_address>0x1f45f</run_address>
         <size>0x19c</size>
         <input_file_ref idref="fl-21"/>
      </object_component>
      <object_component id="oc-27e">
         <name>.debug_info</name>
         <load_address>0x1f5fb</load_address>
         <run_address>0x1f5fb</run_address>
         <size>0x1be</size>
         <input_file_ref idref="fl-21"/>
      </object_component>
      <object_component id="oc-2a6">
         <name>.debug_info</name>
         <load_address>0x1f7b9</load_address>
         <run_address>0x1f7b9</run_address>
         <size>0x19a</size>
         <input_file_ref idref="fl-21"/>
      </object_component>
      <object_component id="oc-284">
         <name>.debug_info</name>
         <load_address>0x1f953</load_address>
         <run_address>0x1f953</run_address>
         <size>0x185</size>
         <input_file_ref idref="fl-21"/>
      </object_component>
      <object_component id="oc-362">
         <name>.debug_info</name>
         <load_address>0x1fad8</load_address>
         <run_address>0x1fad8</run_address>
         <size>0x432</size>
         <input_file_ref idref="fl-22"/>
      </object_component>
      <object_component id="oc-35f">
         <name>.debug_info</name>
         <load_address>0x1ff0a</load_address>
         <run_address>0x1ff0a</run_address>
         <size>0xd2</size>
         <input_file_ref idref="fl-22"/>
      </object_component>
      <object_component id="oc-2dc">
         <name>.debug_info</name>
         <load_address>0x1ffdc</load_address>
         <run_address>0x1ffdc</run_address>
         <size>0x1b7</size>
         <input_file_ref idref="fl-22"/>
      </object_component>
      <object_component id="oc-32c">
         <name>.debug_info</name>
         <load_address>0x20193</load_address>
         <run_address>0x20193</run_address>
         <size>0x379</size>
         <input_file_ref idref="fl-23"/>
      </object_component>
      <object_component id="oc-1db">
         <name>.debug_info</name>
         <load_address>0x2050c</load_address>
         <run_address>0x2050c</run_address>
         <size>0x149</size>
         <input_file_ref idref="fl-23"/>
      </object_component>
      <object_component id="oc-461">
         <name>.debug_info</name>
         <load_address>0x20655</load_address>
         <run_address>0x20655</run_address>
         <size>0x1d6</size>
         <input_file_ref idref="fl-23"/>
      </object_component>
[...]
         <object_component_ref idref="oc-205"/>
      </symbol>
      <symbol id="sm-6ff">
         <name>GPIO_setAsPeripheralModuleFunctionOutputPin</name>
         <value>0x6815</value>
         <object_component_ref idref="oc-29f"/>
      </symbol>
      <symbol id="sm-700">
         <name>GPIO_getInputPinValue</name>
         <value>0x6d59</value>
         <object_component_ref idref="oc-283"/>
      </symbol>
      <symbol id="sm-701">
         <name>GPIO_setAsPeripheralModuleFunctionInputPin</name>
         <value>0x6991</value>
         <object_component_ref idref="oc-1b8"/>
      </symbol>
      <symbol id="sm-718">
         <name>Interrupt_registerInterrupt</name>
         <value>0x6ae5</value>
         <object_component_ref idref="oc-2d9"/>
      </symbol>
      <symbol id="sm-719">
         <name>g_pfnRAMVectors</name>
         <value>0x20000000</value>
         <object_component_ref idref="oc-35e"/>
      </symbol>
      <symbol id="sm-758">
         <name>SysCtl_setWDTTimeoutResetType</name>
         <value>0x6c95</value>
         <object_component_ref idref="oc-1d9"/>
      </symbol>
      <symbol id="sm-759">
         <name>SysCtl_getNMISourceStatus</name>
         <value>0x6ed9</value>
         <object_component_ref idref="oc-3f6"/>
      </symbol>
      <symbol id="sm-75a">
         <name>SysCtl_enableNMISource</name>
         <value>0x6ead</value>
         <object_component_ref idref="oc-408"/>
      </symbol>
      <symbol id="sm-75b">
         <name>SysCtl_disableNMISource</name>
         <value>0x6e9d</value>
         <object_component_ref idref="oc-3fc"/>
      </symbol>
      <symbol id="sm-75c">
         <name>SysCtl_getTLVInfo</name>
         <value>0x67c5</value>
         <object_component_ref idref="oc-45f"/>
      </symbol>
      <symbol id="sm-76c">
         <name>UART_receiveData</name>
         <value>0x6c71</value>
         <object_component_ref idref="oc-1c4"/>
      </symbol>
      <symbol id="sm-78f">
         <name>WDT_A_clearTimer</name>
         <value>0x6d89</value>
         <object_component_ref idref="oc-1e5"/>
      </symbol>
      <symbol id="sm-790">
         <name>WDT_A_initWatchdogTimer</name>
         <value>0x6e25</value>
         <object_component_ref idref="oc-1d3"/>
      </symbol>
      <symbol id="sm-791">
         <name>WDT_A_startTimer</name>
         <value>0x6e39</value>
         <object_component_ref idref="oc-1df"/>
      </symbol>
      <symbol id="sm-7a3">
         <name>_c_int00</name>
         <value>0x671d</value>
         <object_component_ref idref="oc-26"/>
      </symbol>
      <symbol id="sm-7a4">
         <name>__stack</name>
         <value>0x2000fe00</value>
         <object_component_ref idref="oc-2f"/>
      </symbol>
      <symbol id="sm-7c2">
         <name>__TI_decompress_lzss</name>
         <value>0x653d</value>
         <object_component_ref idref="oc-14"/>
      </symbol>
      <symbol id="sm-7d9">
         <name>__TI_decompress_none</name>
         <value>0x6ebd</value>
         <object_component_ref idref="oc-1a"/>
      </symbol>
      <symbol id="sm-7f0">
         <name>__TI_zero_init</name>
         <value>0x6ee5</value>
         <object_component_ref idref="oc-20"/>
      </symbol>
      <symbol id="sm-811">
         <name>C$$EXIT</name>
         <value>0x6771</value>
         <object_component_ref idref="oc-6e"/>
      </symbol>
      <symbol id="sm-812">
         <name>abort</name>
         <value>0x6775</value>
         <object_component_ref idref="oc-6e"/>
      </symbol>
      <symbol id="sm-813">
         <name>exit</name>
         <value>0x677d</value>
         <object_component_ref idref="oc-6e"/>
      </symbol>
      <symbol id="sm-814">
         <name>__TI_dtors_ptr</name>
         <value>0x200006d4</value>
         <object_component_ref idref="oc-b9"/>
      </symbol>
      <symbol id="sm-815">
         <name>__TI_cleanup_ptr</name>
         <value>0x200006d0</value>
         <object_component_ref idref="oc-b9"/>
      </symbol>
      <symbol id="sm-816">
         <name>__TI_enable_exit_profile_output</name>
         <value>0x200006d8</value>
         <object_component_ref idref="oc-b9"/>
      </symbol>
      <symbol id="sm-82a">
         <name>__aeabi_ddiv</name>
         <value>0x5655</value>
         <object_component_ref idref="oc-295"/>
      </symbol>
      <symbol id="sm-835">
         <name>__aeabi_dmul</name>
         <value>0x59b5</value>
         <object_component_ref idref="oc-290"/>
      </symbol>
      <symbol id="sm-83f">
         <name>__aeabi_d2uiz</name>
         <value>0x6a69</value>
         <object_component_ref idref="oc-29a"/>
      </symbol>
      <symbol id="sm-85a">
         <name>memcpy</name>
         <value>0x6139</value>
         <object_component_ref idref="oc-3e"/>
      </symbol>
      <symbol id="sm-85b">
         <name>__aeabi_memcpy</name>
         <value>0x6139</value>
         <object_component_ref idref="oc-3e"/>
      </symbol>
      <symbol id="sm-85c">
         <name>__aeabi_memcpy8</name>
         <value>0x6139</value>
         <object_component_ref idref="oc-3e"/>
      </symbol>
      <symbol id="sm-85d">
         <name>__aeabi_memcpy4</name>
         <value>0x6139</value>
         <object_component_ref idref="oc-3e"/>
      </symbol>
      <symbol id="sm-8d1">
         <name>_sys_memory</name>
         <value>0x200000e8</value>
         <object_component_ref idref="oc-30"/>
      </symbol>
      <symbol id="sm-8d2">
         <name>free</name>
         <value>0x3cdb</value>
         <object_component_ref idref="oc-1af"/>
      </symbol>
      <symbol id="sm-8d3">
         <name>realloc</name>
         <value>0x3d9d</value>
         <object_component_ref idref="oc-1af"/>
      </symbol>
      <symbol id="sm-8d4">
         <name>memalign</name>
         <value>0x3ea5</value>
         <object_component_ref idref="oc-1af"/>
      </symbol>
      <symbol id="sm-8d5">
         <name>calloc</name>
         <value>0x3f91</value>
         <object_component_ref idref="oc-1af"/>
      </symbol>
      <symbol id="sm-8d6">
         <name>malloc</name>
         <value>0x3c71</value>
         <object_component_ref idref="oc-1af"/>
      </symbol>
      <symbol id="sm-8d7">
         <name>minit</name>
         <value>0x3bf1</value>
         <object_component_ref idref="oc-1af"/>
      </symbol>
      <symbol id="sm-8e6">
         <name>__aeabi_memset</name>
         <value>0x637b</value>
         <object_component_ref idref="oc-4a"/>
      </symbol>
      <symbol id="sm-8e7">
         <name>memset</name>
         <value>0x6381</value>
         <object_component_ref idref="oc-4a"/>
      </symbol>
      <symbol id="sm-8e8">
         <name>__aeabi_memset8</name>
         <value>0x637b</value>
         <object_component_ref idref="oc-4a"/>
      </symbol>
      <symbol id="sm-8e9">
         <name>__aeabi_memset4</name>
         <value>0x637b</value>
         <object_component_ref idref="oc-4a"/>
      </symbol>
      <symbol id="sm-8ea">
         <name>__aeabi_memclr8</name>
         <value>0x6379</value>
         <object_component_ref idref="oc-4a"/>
      </symbol>
      <symbol id="sm-8eb">
         <name>__aeabi_memclr4</name>
         <value>0x6379</value>
         <object_component_ref idref="oc-4a"/>
      </symbol>
      <symbol id="sm-8ec">
         <name>__aeabi_memclr</name>
         <value>0x6379</value>
         <object_component_ref idref="oc-4a"/>
      </symbol>
      <symbol id="sm-8f6">
         <name>__mpu_init</name>
         <value>0x25bf</value>
         <object_component_ref idref="oc-56"/>
      </symbol>
      <symbol id="sm-900">
         <name>_system_pre_init</name>
         <value>0x6ef7</value>
         <object_component_ref idref="oc-5c"/>
      </symbol>
      <symbol id="sm-919">
         <name>sprintf</name>
         <value>0x6609</value>
         <object_component_ref idref="oc-1a9"/>
      </symbol>
      <symbol id="sm-921">
         <name>main_func_sp</name>
         <value>0x2000070c</value>
         <object_component_ref idref="oc-74"/>
      </symbol>
      <symbol id="sm-92f">
         <name>strcpy</name>
         <value>0x6e75</value>
         <object_component_ref idref="oc-2d3"/>
      </symbol>
      <symbol id="sm-93d">
         <name>strlen</name>
         <value>0x6e89</value>
         <object_component_ref idref="oc-1a3"/>
      </symbol>
      <symbol id="sm-94d">
         <name>strncpy</name>
         <value>0x6aad</value>
         <object_component_ref idref="oc-12c"/>
      </symbol>
      <symbol id="sm-960">
         <name>strstr</name>
         <value>0x6b19</value>
         <object_component_ref idref="oc-1ca"/>
      </symbol>
      <symbol id="sm-96a">
         <name>__aeabi_ui2d</name>
         <value>0x6cb5</value>
         <object_component_ref idref="oc-28b"/>
      </symbol>
      <symbol id="sm-983">
         <name>_nop</name>
         <value>0x6e5b</value>
         <object_component_ref idref="oc-18d"/>
      </symbol>
      <symbol id="sm-984">
         <name>_lock</name>
         <value>0x200006f4</value>
         <object_component_ref idref="oc-bc"/>
      </symbol>
      <symbol id="sm-985">
         <name>_unlock</name>
         <value>0x200006f8</value>
         <object_component_ref idref="oc-bc"/>
      </symbol>
      <symbol id="sm-986">
         <name>_register_lock</name>
         <value>0x6e53</value>
         <object_component_ref idref="oc-18d"/>
      </symbol>
      <symbol id="sm-987">
         <name>_register_unlock</name>
         <value>0x6e4d</value>
         <object_component_ref idref="oc-18d"/>
      </symbol>
      <symbol id="sm-a88">
         <name>__TI_printfi</name>
         <value>0x1cc5</value>
         <object_component_ref idref="oc-30e"/>
      </symbol>
      <symbol id="sm-a9c">
         <name>_args_main</name>
         <value>0x6db9</value>
         <object_component_ref idref="oc-68"/>
      </symbol>
      <symbol id="sm-ab2">
         <name>atoi</name>
         <value>0x68ad</value>
         <object_component_ref idref="oc-3b6"/>
      </symbol>
      <symbol id="sm-ad7">
         <name>__TI_auto_init</name>
         <value>0x6465</value>
         <object_component_ref idref="oc-62"/>
      </symbol>
      <symbol id="sm-af1">
         <name>copy_in</name>
         <value>0x68f9</value>
         <object_component_ref idref="oc-a3"/>
      </symbol>
      <symbol id="sm-afc">
         <name>_ctypes_</name>
         <value>0x75f7</value>
         <object_component_ref idref="oc-446"/>
      </symbol>
      <symbol id="sm-b13">
         <name>__aeabi_dsub</name>
         <value>0x530d</value>
         <object_component_ref idref="oc-39f"/>
      </symbol>
      <symbol id="sm-b14">
         <name>__aeabi_dadd</name>
         <value>0x5317</value>
         <object_component_ref idref="oc-39f"/>
      </symbol>
      <symbol id="sm-b36">
         <name>__aeabi_cdcmpeq</name>
         <value>0x626d</value>
         <object_component_ref idref="oc-385"/>
      </symbol>
      <symbol id="sm-b37">
         <name>__aeabi_cdcmple</name>
         <value>0x626d</value>
         <object_component_ref idref="oc-385"/>
      </symbol>
      <symbol id="sm-b38">
         <name>__aeabi_cdrcmple</name>
         <value>0x62f3</value>
         <object_component_ref idref="oc-38a"/>
      </symbol>
      <symbol id="sm-b42">
         <name>__aeabi_d2iz</name>
         <value>0x6a21</value>
         <object_component_ref idref="oc-38f"/>
      </symbol>
      <symbol id="sm-b4c">
         <name>__aeabi_i2d</name>
         <value>0x6b7d</value>
         <object_component_ref idref="oc-39a"/>
      </symbol>
      <symbol id="sm-b5b">
         <name>ltoa</name>
         <value>0x66c5</value>
         <object_component_ref idref="oc-394"/>
      </symbol>
      <symbol id="sm-b6b">
         <name>memccpy</name>
         <value>0x6cf3</value>
         <object_component_ref idref="oc-3bc"/>
      </symbol>
      <symbol id="sm-b86">
         <name>frexpl</name>
         <value>0x65a5</value>
         <object_component_ref idref="oc-3a4"/>
      </symbol>
      <symbol id="sm-b87">
         <name>frexp</name>
         <value>0x65a5</value>
         <object_component_ref idref="oc-3a4"/>
      </symbol>
      <symbol id="sm-ba4">
         <name>scalbn</name>
         <value>0x5ab1</value>
         <object_component_ref idref="oc-3aa"/>
      </symbol>
      <symbol id="sm-ba5">
         <name>scalbnl</name>
         <value>0x5ab1</value>
         <object_component_ref idref="oc-3aa"/>
      </symbol>
      <symbol id="sm-ba6">
         <name>ldexpl</name>
         <value>0x5ab1</value>
         <object_component_ref idref="oc-3aa"/>
      </symbol>
      <symbol id="sm-ba7">
         <name>ldexp</name>
         <value>0x5ab1</value>
         <object_component_ref idref="oc-3aa"/>
      </symbol>
      <symbol id="sm-bb1">
         <name>_system_post_cinit</name>
         <value>0x54c3</value>
         <object_component_ref idref="oc-a9"/>
      </symbol>
      <symbol id="sm-bc1">
         <name>strchr</name>
         <value>0x6dd1</value>
         <object_component_ref idref="oc-3b0"/>
      </symbol>
      <symbol id="sm-bdd">
         <name>__aeabi_uldivmod</name>
         <value>0x5119</value>
         <object_component_ref idref="oc-380"/>
      </symbol>
      <symbol id="sm-be5">
         <name>errno</name>
         <value>0x20000708</value>
         <object_component_ref idref="oc-43f"/>
      </symbol>
      <symbol id="sm-bef">
         <name>copysign</name>
         <value>0x6e61</value>
         <object_component_ref idref="oc-439"/>
      </symbol>
      <symbol id="sm-bf0">
         <name>copysignl</name>
         <value>0x6e61</value>
         <object_component_ref idref="oc-439"/>
      </symbol>
      <symbol id="sm-bf1">
         <name>__TI_static_base__</name>
         <value>0x0</value>
      </symbol>
      <symbol id="sm-bf4">
         <name>SHT$$INIT_ARRAY$$Limit</name>
         <value>0x0</value>
      </symbol>
      <symbol id="sm-bf5">
         <name>SHT$$INIT_ARRAY$$Base</name>
         <value>0x0</value>
      </symbol>
      <symbol id="sm-bf6">
         <name>NMI_Handler</name>
         <value>0x6ed7</value>
      </symbol>
      <symbol id="sm-bf7">
         <name>HardFault_Handler</name>
         <value>0x6ed7</value>
      </symbol>
      <symbol id="sm-bf8">
         <name>MemManage_Handler</name>
         <value>0x6ed7</value>
      </symbol>
      <symbol id="sm-bf9">
         <name>BusFault_Handler</name>
         <value>0x6ed7</value>
      </symbol>
      <symbol id="sm-bfa">
         <name>UsageFault_Handler</name>
         <value>0x6ed7</value>
      </symbol>
      <symbol id="sm-bfb">
         <name>SVC_Handler</name>
         <value>0x6ed7</value>
      </symbol>
      <symbol id="sm-bfc">
         <name>DebugMon_Handler</name>
         <value>0x6ed7</value>
      </symbol>
      <symbol id="sm-bfd">
         <name>PendSV_Handler</name>
         <value>0x6ed7</value>
      </symbol>
      <symbol id="sm-bfe">
         <name>SysTick_Handler</name>
         <value>0x6ed7</value>
      </symbol>
      <symbol id="sm-bff">
         <name>PSS_IRQHandler</name>
         <value>0x6ed7</value>
      </symbol>
      <symbol id="sm-c00">
         <name>CS_IRQHandler</name>
         <value>0x6ed7</value>
      </symbol>
      <symbol id="sm-c01">
         <name>PCM_IRQHandler</name>
         <value>0x6ed7</value>
      </symbol>
      <symbol id="sm-c02">
         <name>WDT_A_IRQHandler</name>
         <value>0x6ed7</value>
      </symbol>
      <symbol id="sm-c03">
         <name>FPU_IRQHandler</name>
         <value>0x6ed7</value>
      </symbol>
      <symbol id="sm-c04">
         <name>FLCTL_IRQHandler</name>
         <value>0x6ed7</value>
      </symbol>
      <symbol id="sm-c05">
         <name>COMP_E0_IRQHandler</name>
         <value>0x6ed7</value>
      </symbol>
      <symbol id="sm-c06">
         <name>COMP_E1_IRQHandler</name>
         <value>0x6ed7</value>
      </symbol>
      <symbol id="sm-c07">
         <name>TA0_0_IRQHandler</name>
         <value>0x3b59</value>
      </symbol>
      <symbol id="sm-c08">
         <name>TA0_N_IRQHandler</name>
         <value>0x6ed7</value>
      </symbol>
      <symbol id="sm-c09">
         <name>TA1_0_IRQHandler</name>
         <value>0x6ed7</value>
      </symbol>
      <symbol id="sm-c0a">
         <name>TA1_N_IRQHandler</name>
         <value>0x6ed7</value>
      </symbol>
      <symbol id="sm-c0b">
         <name>TA2_0_IRQHandler</name>
         <value>0x6ed7</value>
      </symbol>
      <symbol id="sm-c0c">
         <name>TA2_N_IRQHandler</name>
         <value>0x6ed7</value>
      </symbol>
      <symbol id="sm-c0d">
         <name>TA3_0_IRQHandler</name>
         <value>0x6ed7</value>
      </symbol>
      <symbol id="sm-c0e">
         <name>TA3_N_IRQHandler</name>
         <value>0x6ed7</value>
      </symbol>
      <symbol id="sm-c0f">
         <name>EUSCIA0_IRQHandler</name>
         <value>0x6ed7</value>
      </symbol>
      <symbol id="sm-c10">
         <name>EUSCIA1_IRQHandler</name>
         <value>0x6ed7</value>
      </symbol>
      <symbol id="sm-c11">
         <name>EUSCIA2_IRQHandler</name>
         <value>0x6ed7</value>
      </symbol>
      <symbol id="sm-c12">
         <name>EUSCIA3_IRQHandler</name>
         <value>0x6ed7</value>
      </symbol>
      <symbol id="sm-c13">
         <name>EUSCIB0_IRQHandler</name>
         <value>0x6ed7</value>
      </symbol>
      <symbol id="sm-c14">
         <name>EUSCIB1_IRQHandler</name>
         <value>0x6ed7</value>
      </symbol>
      <symbol id="sm-c15">
         <name>EUSCIB2_IRQHandler</name>
         <value>0x6ed7</value>
      </symbol>
      <symbol id="sm-c16">
         <name>EUSCIB3_IRQHandler</name>
         <value>0x6ed7</value>
      </symbol>
      <symbol id="sm-c17">
         <name>ADC14_IRQHandler</name>
         <value>0x6ed7</value>
      </symbol>
      <symbol id="sm-c18">
         <name>T32_INT1_IRQHandler</name>
         <value>0x6ed7</value>
      </symbol>
      <symbol id="sm-c19">
         <name>T32_INT2_IRQHandler</name>
         <value>0x6ed7</value>
      </symbol>
      <symbol id="sm-c1a">
         <name>T32_INTC_IRQHandler</name>
         <value>0x6ed7</value>
      </symbol>
      <symbol id="sm-c1b">
         <name>AES256_IRQHandler</name>
         <value>0x6ed7</value>
      </symbol>
      <symbol id="sm-c1c">
         <name>RTC_C_IRQHandler</name>
         <value>0x6ed7</value>
      </symbol>
      <symbol id="sm-c1d">
         <name>DMA_ERR_IRQHandler</name>
         <value>0x6ed7</value>
      </symbol>
      <symbol id="sm-c1e">
         <name>DMA_INT3_IRQHandler</name>
         <value>0x6ed7</value>
      </symbol>
      <symbol id="sm-c1f">
         <name>DMA_INT2_IRQHandler</name>
         <value>0x6ed7</value>
      </symbol>
      <symbol id="sm-c20">
         <name>DMA_INT1_IRQHandler</name>
         <value>0x6ed7</value>
      </symbol>
      <symbol id="sm-c21">
         <name>DMA_INT0_IRQHandler</name>
         <value>0x6ed7</value>
      </symbol>
      <symbol id="sm-c22">
         <name>PORT1_IRQHandler</name>
         <value>0x6ed7</value>
      </symbol>
      <symbol id="sm-c23">
         <name>PORT2_IRQHandler</name>
         <value>0x6ed7</value>
      </symbol>
      <symbol id="sm-c24">
         <name>PORT3_IRQHandler</name>
         <value>0x6ed7</value>
      </symbol>
      <symbol id="sm-c25">
         <name>PORT4_IRQHandler</name>
         <value>0x6ed7</value>
      </symbol>
      <symbol id="sm-c26">
         <name>PORT5_IRQHandler</name>
         <value>0x6ed7</value>
      </symbol>
      <symbol id="sm-c27">
         <name>PORT6_IRQHandler</name>
         <value>0x6ed7</value>
      </symbol>
      <symbol id="sm-c28">
         <name>WDT_A_setTimeoutReset</name>
         <value>0x6c95</value>
      </symbol>
   </symbol_table>
   <title>Link successful</title>
</link_info>
