******************************************************************************
                  TI ARM Linker PC v16.6.0                     
******************************************************************************
>> Linked Fri Oct 21 12:43:06 2016

OUTPUT FILE NAME:   <SecuritySystem.out>
ENTRY POINT SYMBOL: "_c_int00"  address: 0000084d


MEMORY CONFIGURATION

         name            origin    length      used     unused   attr    fill
----------------------  --------  ---------  --------  --------  ----  --------
  MAIN                  00000000   00040000  00000a2c  0003f5d4  R  X
  INFO                  00200000   00004000  00000000  00004000  R  X
  SRAM_CODE             01000000   00010000  00000264  0000fd9c  RW X
  SRAM_DATA             20000000   00010000  00000264  0000fd9c  RW  


SEGMENT ALLOCATION MAP

run origin  load origin   length   init length attrs members
----------  ----------- ---------- ----------- ----- -------
00000000    00000000    00000a30   00000a30    r-x
  00000000    00000000    000000e4   000000e4    r-- .intvecs
  000000e4    000000e4    000008f4   000008f4    r-x .text
  000009d8    000009d8    00000014   00000014    r-- .const
  000009f0    000009f0    00000040   00000040    r-- .cinit
20000000    20000000    00000064   00000000    rw-
  20000000    20000000    00000048   00000000    rw- .bss
  20000048    20000048    0000001c   00000000    rw- .data
2000fe00    2000fe00    00000200   00000000    rw-
  2000fe00    2000fe00    00000200   00000000    rw- .stack


SECTION ALLOCATION MAP

 output                                  attributes/
section   page    origin      length       input sections
--------  ----  ----------  ----------   ----------------
.intvecs   0    00000000    000000e4     
                  00000000    000000e4     startup_msp432p401r_ccs.obj (.intvecs:retain)

.binit     0    00000000    00000000     

.text      0    000000e4    000008f4     
                  000000e4    0000032c     system_msp432p401r.obj (.text)
                  00000410    000001f0     RTC.obj (.text)
                  00000600    0000009c     rtsv7M4_T_le_v4SPD16_eabi.lib : memcpy_t2.obj (.text)
                  0000069c    0000007a                                   : memset_t2.obj (.text)
                  00000716    00000002                                   : mpu_init.obj (.text)
                  00000718    00000070                                   : autoinit.obj (.text)
                  00000788    00000066                                   : copy_decompress_lzss.obj (.text:decompress:lzss)
                  000007ee    00000002                                   : startup.obj (.text)
                  000007f0    0000005c     I2C.obj (.text)
                  0000084c    00000054     rtsv7M4_T_le_v4SPD16_eabi.lib : boot.obj (.text)
                  000008a0    00000054                                   : exit.obj (.text)
                  000008f4    0000004c                                   : cpy_tbl.obj (.text)
                  00000940    00000028     main.obj (.text)
                  00000968    00000018     msp432p4xx_driverlib.lib : wdt_a.o (.text:WDT_A_holdTimer)
                  00000980    00000018     rtsv7M4_T_le_v4SPD16_eabi.lib : args_main.obj (.text)
                  00000998    00000014                                   : _lock.obj (.text)
                  000009ac    0000000e                                   : copy_decompress_none.obj (.text:decompress:none)
                  000009ba    0000000e     startup_msp432p401r_ccs.obj (.text)
                  000009c8    0000000c     rtsv7M4_T_le_v4SPD16_eabi.lib : copy_zero_init.obj (.text:decompress:ZI)
                  000009d4    00000004                                   : pre_init.obj (.text)

.const     0    000009d8    00000014     
                  000009d8    00000014     I2C.obj (.const:i2cConfig)

.cinit     0    000009f0    00000040     
                  000009f0    00000015     (.cinit..data.load) [load image, compression = lzss]
                  00000a05    00000003     --HOLE-- [fill = 0]
                  00000a08    0000000c     (__TI_handler_table)
                  00000a14    00000004     --HOLE-- [fill = 0]
                  00000a18    00000008     (.cinit..bss.load) [load image, compression = zero_init]
                  00000a20    00000010     (__TI_cinit_table)

.init_array 
*          0    00000000    00000000     UNINITIALIZED

.bss       0    20000000    00000048     UNINITIALIZED
                  20000000    00000048     (.common:SensorReadings)

.data      0    20000048    0000001c     UNINITIALIZED
                  20000048    0000000c     rtsv7M4_T_le_v4SPD16_eabi.lib : exit.obj (.data:$O1$$)
                  20000054    00000008                                   : _lock.obj (.data:$O1$$)
                  2000005c    00000004                                   : stkdepth_vars.obj (.data)
                  20000060    00000004     system_msp432p401r.obj (.data)

.stack     0    2000fe00    00000200     UNINITIALIZED
                  2000fe00    00000200     --HOLE--

MODULE SUMMARY

       Module                        code   ro data   rw data
       ------                        ----   -------   -------
    .\
       system_msp432p401r.obj        812    0         8      
       startup_msp432p401r_ccs.obj   14     228       0      
       main.obj                      40     0         144    
    +--+-----------------------------+------+---------+---------+
       Total:                        866    228       152    
                                                             
    .\Modules\
       RTC.obj                       496    0         0      
    +--+-----------------------------+------+---------+---------+
       Total:                        496    0         0      
                                                             
    .\Protocols\
       I2C.obj                       92     20        0      
    +--+-----------------------------+------+---------+---------+
       Total:                        92     20        0      
                                                             
    ../msp432p4xx_driverlib.lib
       wdt_a.o                       24     0         0      
    +--+-----------------------------+------+---------+---------+
       Total:                        24     0         0      
                                                             
    C:\ti\ccsv6\tools\compiler\ti-cgt-arm_16.6.0.STS\lib\rtsv7M4_T_le_v4SPD16_eabi.lib
       memcpy_t2.obj                 156    0         0      
       memset_t2.obj                 122    0         0      
       autoinit.obj                  112    0         0      
       exit.obj                      84     0         24     
       copy_decompress_lzss.obj      102    0         0      
       boot.obj                      84     0         0      
       cpy_tbl.obj                   76     0         0      
       _lock.obj                     20     0         16     
       args_main.obj                 24     0         0      
       copy_decompress_none.obj      14     0         0      
       copy_zero_init.obj            12     0         0      
       stkdepth_vars.obj             0      0         8      
       pre_init.obj                  4      0         0      
       mpu_init.obj                  2      0         0      
       startup.obj                   2      0         0      
    +--+-----------------------------+------+---------+---------+
       Total:                        814    0         48     
                                                             
       Stack:                        0      0         1024   
       Linker Generated:             0      57        0      
    +--+-----------------------------+------+---------+---------+
       Grand Total:                  2292   305       1224   


LINKER GENERATED COPY TABLES

__TI_cinit_table @ 00000a20 records: 2, size/record: 8, table size: 16
	.data: load addr=000009f0, load size=00000015 bytes, run addr=20000048, run size=0000001c bytes, compression=lzss
	.bss: load addr=00000a18, load size=00000008 bytes, run addr=20000000, run size=00000048 bytes, compression=zero_init


LINKER GENERATED HANDLER TABLE

__TI_handler_table @ 00000a08 records: 3, size/record: 4, table size: 12
	index: 0, handler: __TI_decompress_lzss
	index: 1, handler: __TI_decompress_none
	index: 2, handler: __TI_zero_init


GLOBAL SYMBOLS: SORTED ALPHABETICALLY BY Name 

address   name                           
-------   ----                           
000009c7  ADC14_IRQHandler               
000009c7  AES256_IRQHandler              
000009c7  BusFault_Handler               
000008a1  C$$EXIT                        
000009c7  COMP_E0_IRQHandler             
000009c7  COMP_E1_IRQHandler             
000009c7  CS_IRQHandler                  
000009c7  DMA_ERR_IRQHandler             
000009c7  DMA_INT0_IRQHandler            
000009c7  DMA_INT1_IRQHandler            
000009c7  DMA_INT2_IRQHandler            
000009c7  DMA_INT3_IRQHandler            
000009c7  DebugMon_Handler               
000009c7  Default_Handler                
000009c7  EUSCIA0_IRQHandler             
000009c7  EUSCIA1_IRQHandler             
000009c7  EUSCIA2_IRQHandler             
000009c7  EUSCIA3_IRQHandler             
000009c7  EUSCIB0_IRQHandler             
000009c7  EUSCIB1_IRQHandler             
000009c7  EUSCIB2_IRQHandler             
000009c7  EUSCIB3_IRQHandler             
000009c7  FLCTL_IRQHandler               
000009c7  FPU_IRQHandler                 
000009c7  HardFault_Handler              
000007f1  I2C_Init                       
0000095d  InitializeModules              
000009c7  MemManage_Handler              
000009c7  NMI_Handler                    
000009c7  PCM_IRQHandler                 
000009c7  PORT1_IRQHandler               
000009c7  PORT2_IRQHandler               
000009c7  PORT3_IRQHandler               
000009c7  PORT4_IRQHandler               
000009c7  PORT5_IRQHandler               
000009c7  PORT6_IRQHandler               
000009c7  PSS_IRQHandler                 
000009c7  PendSV_Handler                 
000009c7  RTC_C_IRQHandler               
000004bd  RTC_Module_Read                
00000411  RTC_Module_Write               
000009bb  Reset_Handler                  
UNDEFED   SHT$$INIT_ARRAY$$Base          
UNDEFED   SHT$$INIT_ARRAY$$Limit         
000009c7  SVC_Handler                    
20000000  SensorReadings                 
000009c7  SysTick_Handler                
20000060  SystemCoreClock                
000000e5  SystemCoreClockUpdate          
00000359  SystemInit                     
000009c7  T32_INT1_IRQHandler            
000009c7  T32_INT2_IRQHandler            
000009c7  T32_INTC_IRQHandler            
000009c7  TA0_0_IRQHandler               
000009c7  TA0_N_IRQHandler               
000009c7  TA1_0_IRQHandler               
000009c7  TA1_N_IRQHandler               
000009c7  TA2_0_IRQHandler               
000009c7  TA2_N_IRQHandler               
000009c7  TA3_0_IRQHandler               
000009c7  TA3_N_IRQHandler               
000009c7  UsageFault_Handler             
4000480c  WDTCTL_SYM                     
000009c7  WDT_A_IRQHandler               
00000969  WDT_A_holdTimer                
20010000  __STACK_END                    
00000200  __STACK_SIZE                   
00000a20  __TI_CINIT_Base                
00000a30  __TI_CINIT_Limit               
00000a08  __TI_Handler_Table_Base        
00000a14  __TI_Handler_Table_Limit       
00000719  __TI_auto_init                 
20000048  __TI_cleanup_ptr               
00000789  __TI_decompress_lzss           
000009ad  __TI_decompress_none           
2000004c  __TI_dtors_ptr                 
20000050  __TI_enable_exit_profile_output
ffffffff  __TI_pprof_out_hndl            
ffffffff  __TI_prof_data_size            
ffffffff  __TI_prof_data_start           
00000000  __TI_static_base__             
000009c9  __TI_zero_init                 
0000069d  __aeabi_memclr                 
0000069d  __aeabi_memclr4                
0000069d  __aeabi_memclr8                
00000601  __aeabi_memcpy                 
00000601  __aeabi_memcpy4                
00000601  __aeabi_memcpy8                
0000069f  __aeabi_memset                 
0000069f  __aeabi_memset4                
0000069f  __aeabi_memset8                
ffffffff  __binit__                      
ffffffff  __c_args__                     
00000717  __mpu_init                     
2000fe00  __stack                        
00000981  _args_main                     
0000084d  _c_int00                       
20000054  _lock                          
000009a7  _nop                           
0000099f  _register_lock                 
00000999  _register_unlock               
000007ef  _system_post_cinit             
000009d5  _system_pre_init               
20000058  _unlock                        
000008a5  abort                          
ffffffff  binit                          
000008f5  copy_in                        
000008ad  exit                           
000009d8  i2cConfig                      
00000000  interruptVectors               
00000941  main                           
2000005c  main_func_sp                   
00000601  memcpy                         
000006a5  memset                         


GLOBAL SYMBOLS: SORTED BY Symbol Address 

address   name                           
-------   ----                           
00000000  __TI_static_base__             
00000000  interruptVectors               
000000e5  SystemCoreClockUpdate          
00000200  __STACK_SIZE                   
00000359  SystemInit                     
00000411  RTC_Module_Write               
000004bd  RTC_Module_Read                
00000601  __aeabi_memcpy                 
00000601  __aeabi_memcpy4                
00000601  __aeabi_memcpy8                
00000601  memcpy                         
0000069d  __aeabi_memclr                 
0000069d  __aeabi_memclr4                
0000069d  __aeabi_memclr8                
0000069f  __aeabi_memset                 
0000069f  __aeabi_memset4                
0000069f  __aeabi_memset8                
000006a5  memset                         
00000717  __mpu_init                     
00000719  __TI_auto_init                 
00000789  __TI_decompress_lzss           
000007ef  _system_post_cinit             
000007f1  I2C_Init                       
0000084d  _c_int00                       
000008a1  C$$EXIT                        
000008a5  abort                          
000008ad  exit                           
000008f5  copy_in                        
00000941  main                           
0000095d  InitializeModules              
00000969  WDT_A_holdTimer                
00000981  _args_main                     
00000999  _register_unlock               
0000099f  _register_lock                 
000009a7  _nop                           
000009ad  __TI_decompress_none           
000009bb  Reset_Handler                  
000009c7  ADC14_IRQHandler               
000009c7  AES256_IRQHandler              
000009c7  BusFault_Handler               
000009c7  COMP_E0_IRQHandler             
000009c7  COMP_E1_IRQHandler             
000009c7  CS_IRQHandler                  
000009c7  DMA_ERR_IRQHandler             
000009c7  DMA_INT0_IRQHandler            
000009c7  DMA_INT1_IRQHandler            
000009c7  DMA_INT2_IRQHandler            
000009c7  DMA_INT3_IRQHandler            
000009c7  DebugMon_Handler               
000009c7  Default_Handler                
000009c7  EUSCIA0_IRQHandler             
000009c7  EUSCIA1_IRQHandler             
000009c7  EUSCIA2_IRQHandler             
000009c7  EUSCIA3_IRQHandler             
000009c7  EUSCIB0_IRQHandler             
000009c7  EUSCIB1_IRQHandler             
000009c7  EUSCIB2_IRQHandler             
000009c7  EUSCIB3_IRQHandler             
000009c7  FLCTL_IRQHandler               
000009c7  FPU_IRQHandler                 
000009c7  HardFault_Handler              
000009c7  MemManage_Handler              
000009c7  NMI_Handler                    
000009c7  PCM_IRQHandler                 
000009c7  PORT1_IRQHandler               
000009c7  PORT2_IRQHandler               
000009c7  PORT3_IRQHandler               
000009c7  PORT4_IRQHandler               
000009c7  PORT5_IRQHandler               
000009c7  PORT6_IRQHandler               
000009c7  PSS_IRQHandler                 
000009c7  PendSV_Handler                 
000009c7  RTC_C_IRQHandler               
000009c7  SVC_Handler                    
000009c7  SysTick_Handler                
000009c7  T32_INT1_IRQHandler            
000009c7  T32_INT2_IRQHandler            
000009c7  T32_INTC_IRQHandler            
000009c7  TA0_0_IRQHandler               
000009c7  TA0_N_IRQHandler               
000009c7  TA1_0_IRQHandler               
000009c7  TA1_N_IRQHandler               
000009c7  TA2_0_IRQHandler               
000009c7  TA2_N_IRQHandler               
000009c7  TA3_0_IRQHandler               
000009c7  TA3_N_IRQHandler               
000009c7  UsageFault_Handler             
000009c7  WDT_A_IRQHandler               
000009c9  __TI_zero_init                 
000009d5  _system_pre_init               
000009d8  i2cConfig                      
00000a08  __TI_Handler_Table_Base        
00000a14  __TI_Handler_Table_Limit       
00000a20  __TI_CINIT_Base                
00000a30  __TI_CINIT_Limit               
20000000  SensorReadings                 
20000048  __TI_cleanup_ptr               
2000004c  __TI_dtors_ptr                 
20000050  __TI_enable_exit_profile_output
20000054  _lock                          
20000058  _unlock                        
2000005c  main_func_sp                   
20000060  SystemCoreClock                
2000fe00  __stack                        
20010000  __STACK_END                    
4000480c  WDTCTL_SYM                     
ffffffff  __TI_pprof_out_hndl            
ffffffff  __TI_prof_data_size            
ffffffff  __TI_prof_data_start           
ffffffff  __binit__                      
ffffffff  __c_args__                     
ffffffff  binit                          
UNDEFED   SHT$$INIT_ARRAY$$Base          
UNDEFED   SHT$$INIT_ARRAY$$Limit         

[114 symbols]
