<?xml version="1.0"?>
<link_info>
   <banner>TI ARM Linker PC v16.6.0.STS</banner>
   <copyright>Copyright (c) 1996-2015 Texas Instruments Incorporated</copyright>
   <link_time>0x584486f0</link_time>
   <link_errors>0x0</link_errors>
   <output_file>SecuritySystem.out</output_file>
   <entry_point>
      <name>_c_int00</name>
      <address>0x4a65</address>
   </entry_point>
   <input_file_list>
      <input_file id="fl-2">
         <path>.\</path>
         <kind>object</kind>
         <file>main.obj</file>
         <name>main.obj</name>
      </input_file>
      <input_file id="fl-3">
         <path>.\</path>
         <kind>object</kind>
         <file>startup_msp432p401r_ccs.obj</file>
         <name>startup_msp432p401r_ccs.obj</name>
      </input_file>
      <input_file id="fl-4">
         <path>.\</path>
         <kind>object</kind>
         <file>system_msp432p401r.obj</file>
         <name>system_msp432p401r.obj</name>
      </input_file>
      <input_file id="fl-5">
         <path>.\Modules\</path>
         <kind>object</kind>
         <file>AmbientLight.obj</file>
         <name>AmbientLight.obj</name>
      </input_file>
      <input_file id="fl-6">
         <path>.\Modules\</path>
         <kind>object</kind>
         <file>Clock.obj</file>
         <name>Clock.obj</name>
      </input_file>
      <input_file id="fl-7">
         <path>.\Modules\</path>
         <kind>object</kind>
         <file>Display.obj</file>
         <name>Display.obj</name>
      </input_file>
      <input_file id="fl-8">
         <path>.\Modules\</path>
         <kind>object</kind>
         <file>HallEffect.obj</file>
         <name>HallEffect.obj</name>
      </input_file>
      <input_file id="fl-9">
         <path>.\Modules\</path>
         <kind>object</kind>
         <file>Keypad.obj</file>
         <name>Keypad.obj</name>
      </input_file>
      <input_file id="fl-a">
         <path>.\Modules\</path>
         <kind>object</kind>
         <file>Proximity.obj</file>
         <name>Proximity.obj</name>
      </input_file>
      <input_file id="fl-b">
         <path>.\Modules\</path>
         <kind>object</kind>
         <file>RGB.obj</file>
         <name>RGB.obj</name>
      </input_file>
      <input_file id="fl-c">
         <path>.\Modules\</path>
         <kind>object</kind>
         <file>RTC.obj</file>
         <name>RTC.obj</name>
      </input_file>
      <input_file id="fl-d">
         <path>.\Modules\</path>
         <kind>object</kind>
         <file>ST7735.obj</file>
         <name>ST7735.obj</name>
      </input_file>
      <input_file id="fl-e">
         <path>.\Modules\</path>
         <kind>object</kind>
         <file>Wireless.obj</file>
         <name>Wireless.obj</name>
      </input_file>
      <input_file id="fl-f">
         <path>.\Protocols\</path>
         <kind>object</kind>
         <file>ADC.obj</file>
         <name>ADC.obj</name>
      </input_file>
      <input_file id="fl-10">
         <path>.\Protocols\</path>
         <kind>object</kind>
         <file>I2C.obj</file>
         <name>I2C.obj</name>
      </input_file>
      <input_file id="fl-11">
         <path>.\Protocols\</path>
         <kind>object</kind>
         <file>PWM.obj</file>
         <name>PWM.obj</name>
      </input_file>
      <input_file id="fl-12">
         <path>.\Protocols\</path>
         <kind>object</kind>
         <file>UART.obj</file>
         <name>UART.obj</name>
      </input_file>
      <input_file id="fl-13">
         <path>.\Sequences\</path>
         <kind>object</kind>
         <file>MainSequence.obj</file>
         <name>MainSequence.obj</name>
      </input_file>
      <input_file id="fl-14">
         <path>.\Sequences\</path>
         <kind>object</kind>
         <file>Startup.obj</file>
         <name>Startup.obj</name>
      </input_file>
      <input_file id="fl-1a">
         <path>..\</path>
         <kind>archive</kind>
         <file>msp432p4xx_driverlib.lib</file>
         <name>cs.o</name>
      </input_file>
      <input_file id="fl-1b">
         <path>..\</path>
         <kind>archive</kind>
         <file>msp432p4xx_driverlib.lib</file>
         <name>gpio.o</name>
      </input_file>
      <input_file id="fl-1c">
         <path>..\</path>
         <kind>archive</kind>
         <file>msp432p4xx_driverlib.lib</file>
         <name>interrupt.o</name>
      </input_file>
      <input_file id="fl-1d">
         <path>..\</path>
         <kind>archive</kind>
         <file>msp432p4xx_driverlib.lib</file>
         <name>sysctl.o</name>
      </input_file>
      <input_file id="fl-1e">
         <path>..\</path>
         <kind>archive</kind>
         <file>msp432p4xx_driverlib.lib</file>
         <name>timer_a.o</name>
      </input_file>
      <input_file id="fl-1f">
         <path>..\</path>
         <kind>archive</kind>
         <file>msp432p4xx_driverlib.lib</file>
         <name>uart.o</name>
      </input_file>
      <input_file id="fl-20">
         <path>..\</path>
         <kind>archive</kind>
         <file>msp432p4xx_driverlib.lib</file>
         <name>wdt_a.o</name>
      </input_file>
      <input_file id="fl-21">
         <path>..\</path>
         <kind>archive</kind>
         <file>msp432p4xx_driverlib.lib</file>
         <name>cpu.o</name>
      </input_file>
      <input_file id="fl-d7">
         <path>C:\ti\ccsv6\tools\compiler\ti-cgt-arm_16.6.0.STS\lib\</path>
         <kind>archive</kind>
         <file>rtsv7M4_T_le_v4SPD16_eabi.lib</file>
         <name>boot.obj</name>
      </input_file>
      <input_file id="fl-d8">
         <path>C:\ti\ccsv6\tools\compiler\ti-cgt-arm_16.6.0.STS\lib\</path>
         <kind>archive</kind>
         <file>rtsv7M4_T_le_v4SPD16_eabi.lib</file>
         <name>copy_decompress_lzss.obj</name>
      </input_file>
      <input_file id="fl-d9">
         <path>C:\ti\ccsv6\tools\compiler\ti-cgt-arm_16.6.0.STS\lib\</path>
         <kind>archive</kind>
         <file>rtsv7M4_T_le_v4SPD16_eabi.lib</file>
         <name>copy_decompress_none.obj</name>
      </input_file>
      <input_file id="fl-da">
         <path>C:\ti\ccsv6\tools\compiler\ti-cgt-arm_16.6.0.STS\lib\</path>
         <kind>archive</kind>
         <file>rtsv7M4_T_le_v4SPD16_eabi.lib</file>
         <name>copy_zero_init.obj</name>
      </input_file>
      <input_file id="fl-db">
         <path>C:\ti\ccsv6\tools\compiler\ti-cgt-arm_16.6.0.STS\lib\</path>
         <kind>archive</kind>
         <file>rtsv7M4_T_le_v4SPD16_eabi.lib</file>
         <name>exit.obj</name>
      </input_file>
      <input_file id="fl-dc">
         <path>C:\ti\ccsv6\tools\compiler\ti-cgt-arm_16.6.0.STS\lib\</path>
         <kind>archive</kind>
         <file>rtsv7M4_T_le_v4SPD16_eabi.lib</file>
         <name>fd_add_t2.obj</name>
      </input_file>
      <input_file id="fl-dd">
         <path>C:\ti\ccsv6\tools\compiler\ti-cgt-arm_16.6.0.STS\lib\</path>
         <kind>archive</kind>
         <file>rtsv7M4_T_le_v4SPD16_eabi.lib</file>
         <name>fd_div_t2.obj</name>
      </input_file>
      <input_file id="fl-de">
         <path>C:\ti\ccsv6\tools\compiler\ti-cgt-arm_16.6.0.STS\lib\</path>
         <kind>archive</kind>
         <file>rtsv7M4_T_le_v4SPD16_eabi.lib</file>
         <name>fd_mul_t2.obj</name>
      </input_file>
      <input_file id="fl-df">
         <path>C:\ti\ccsv6\tools\compiler\ti-cgt-arm_16.6.0.STS\lib\</path>
         <kind>archive</kind>
         <file>rtsv7M4_T_le_v4SPD16_eabi.lib</file>
         <name>fd_tou_t2.obj</name>
      </input_file>
      <input_file id="fl-e0">
         <path>C:\ti\ccsv6\tools\compiler\ti-cgt-arm_16.6.0.STS\lib\</path>
         <kind>archive</kind>
         <file>rtsv7M4_T_le_v4SPD16_eabi.lib</file>
         <name>memcpy_t2.obj</name>
      </input_file>
      <input_file id="fl-e1">
         <path>C:\ti\ccsv6\tools\compiler\ti-cgt-arm_16.6.0.STS\lib\</path>
         <kind>archive</kind>
         <file>rtsv7M4_T_le_v4SPD16_eabi.lib</file>
         <name>memory.obj</name>
      </input_file>
      <input_file id="fl-e2">
         <path>C:\ti\ccsv6\tools\compiler\ti-cgt-arm_16.6.0.STS\lib\</path>
         <kind>archive</kind>
         <file>rtsv7M4_T_le_v4SPD16_eabi.lib</file>
         <name>memset_t2.obj</name>
      </input_file>
      <input_file id="fl-e3">
         <path>C:\ti\ccsv6\tools\compiler\ti-cgt-arm_16.6.0.STS\lib\</path>
         <kind>archive</kind>
         <file>rtsv7M4_T_le_v4SPD16_eabi.lib</file>
         <name>mpu_init.obj</name>
      </input_file>
      <input_file id="fl-e4">
         <path>C:\ti\ccsv6\tools\compiler\ti-cgt-arm_16.6.0.STS\lib\</path>
         <kind>archive</kind>
         <file>rtsv7M4_T_le_v4SPD16_eabi.lib</file>
         <name>pre_init.obj</name>
      </input_file>
      <input_file id="fl-e5">
         <path>C:\ti\ccsv6\tools\compiler\ti-cgt-arm_16.6.0.STS\lib\</path>
         <kind>archive</kind>
         <file>rtsv7M4_T_le_v4SPD16_eabi.lib</file>
         <name>sprintf.obj</name>
      </input_file>
      <input_file id="fl-e6">
         <path>C:\ti\ccsv6\tools\compiler\ti-cgt-arm_16.6.0.STS\lib\</path>
         <kind>archive</kind>
         <file>rtsv7M4_T_le_v4SPD16_eabi.lib</file>
         <name>stkdepth_vars.obj</name>
      </input_file>
      <input_file id="fl-e7">
         <path>C:\ti\ccsv6\tools\compiler\ti-cgt-arm_16.6.0.STS\lib\</path>
         <kind>archive</kind>
         <file>rtsv7M4_T_le_v4SPD16_eabi.lib</file>
         <name>strlen.obj</name>
      </input_file>
      <input_file id="fl-e8">
         <path>C:\ti\ccsv6\tools\compiler\ti-cgt-arm_16.6.0.STS\lib\</path>
         <kind>archive</kind>
         <file>rtsv7M4_T_le_v4SPD16_eabi.lib</file>
         <name>strstr.obj</name>
      </input_file>
      <input_file id="fl-e9">
         <path>C:\ti\ccsv6\tools\compiler\ti-cgt-arm_16.6.0.STS\lib\</path>
         <kind>archive</kind>
         <file>rtsv7M4_T_le_v4SPD16_eabi.lib</file>
         <name>u_tofd_t2.obj</name>
      </input_file>
      <input_file id="fl-ea">
         <path>C:\ti\ccsv6\tools\compiler\ti-cgt-arm_16.6.0.STS\lib\</path>
         <kind>archive</kind>
         <file>rtsv7M4_T_le_v4SPD16_eabi.lib</file>
         <name>_lock.obj</name>
      </input_file>
      <input_file id="fl-eb">
         <path>C:\ti\ccsv6\tools\compiler\ti-cgt-arm_16.6.0.STS\lib\</path>
         <kind>archive</kind>
         <file>rtsv7M4_T_le_v4SPD16_eabi.lib</file>
         <name>_printfi.obj</name>
      </input_file>
      <input_file id="fl-ec">
         <path>C:\ti\ccsv6\tools\compiler\ti-cgt-arm_16.6.0.STS\lib\</path>
         <kind>archive</kind>
         <file>rtsv7M4_T_le_v4SPD16_eabi.lib</file>
         <name>args_main.obj</name>
      </input_file>
      <input_file id="fl-ed">
         <path>C:\ti\ccsv6\tools\compiler\ti-cgt-arm_16.6.0.STS\lib\</path>
         <kind>archive</kind>
         <file>rtsv7M4_T_le_v4SPD16_eabi.lib</file>
         <name>atoi.obj</name>
      </input_file>
      <input_file id="fl-ee">
         <path>C:\ti\ccsv6\tools\compiler\ti-cgt-arm_16.6.0.STS\lib\</path>
         <kind>archive</kind>
         <file>rtsv7M4_T_le_v4SPD16_eabi.lib</file>
         <name>autoinit.obj</name>
      </input_file>
      <input_file id="fl-ef">
         <path>C:\ti\ccsv6\tools\compiler\ti-cgt-arm_16.6.0.STS\lib\</path>
         <kind>archive</kind>
         <file>rtsv7M4_T_le_v4SPD16_eabi.lib</file>
         <name>cpy_tbl.obj</name>
      </input_file>
      <input_file id="fl-f0">
         <path>C:\ti\ccsv6\tools\compiler\ti-cgt-arm_16.6.0.STS\lib\</path>
         <kind>archive</kind>
         <file>rtsv7M4_T_le_v4SPD16_eabi.lib</file>
         <name>ctype.obj</name>
      </input_file>
      <input_file id="fl-f1">
         <path>C:\ti\ccsv6\tools\compiler\ti-cgt-arm_16.6.0.STS\lib\</path>
         <kind>archive</kind>
         <file>rtsv7M4_T_le_v4SPD16_eabi.lib</file>
         <name>fd_cmp_t2.obj</name>
      </input_file>
      <input_file id="fl-f2">
         <path>C:\ti\ccsv6\tools\compiler\ti-cgt-arm_16.6.0.STS\lib\</path>
         <kind>archive</kind>
         <file>rtsv7M4_T_le_v4SPD16_eabi.lib</file>
         <name>fd_toi_t2.obj</name>
      </input_file>
      <input_file id="fl-f3">
         <path>C:\ti\ccsv6\tools\compiler\ti-cgt-arm_16.6.0.STS\lib\</path>
         <kind>archive</kind>
         <file>rtsv7M4_T_le_v4SPD16_eabi.lib</file>
         <name>i_tofd_t2.obj</name>
      </input_file>
      <input_file id="fl-f4">
         <path>C:\ti\ccsv6\tools\compiler\ti-cgt-arm_16.6.0.STS\lib\</path>
         <kind>archive</kind>
         <file>rtsv7M4_T_le_v4SPD16_eabi.lib</file>
         <name>ltoa.obj</name>
      </input_file>
      <input_file id="fl-f5">
         <path>C:\ti\ccsv6\tools\compiler\ti-cgt-arm_16.6.0.STS\lib\</path>
         <kind>archive</kind>
         <file>rtsv7M4_T_le_v4SPD16_eabi.lib</file>
         <name>memccpy.obj</name>
      </input_file>
      <input_file id="fl-f6">
         <path>C:\ti\ccsv6\tools\compiler\ti-cgt-arm_16.6.0.STS\lib\</path>
         <kind>archive</kind>
         <file>rtsv7M4_T_le_v4SPD16_eabi.lib</file>
         <name>s_frexp.obj</name>
      </input_file>
      <input_file id="fl-f7">
         <path>C:\ti\ccsv6\tools\compiler\ti-cgt-arm_16.6.0.STS\lib\</path>
         <kind>archive</kind>
         <file>rtsv7M4_T_le_v4SPD16_eabi.lib</file>
         <name>s_scalbn.obj</name>
      </input_file>
      <input_file id="fl-f8">
         <path>C:\ti\ccsv6\tools\compiler\ti-cgt-arm_16.6.0.STS\lib\</path>
         <kind>archive</kind>
         <file>rtsv7M4_T_le_v4SPD16_eabi.lib</file>
         <name>startup.obj</name>
      </input_file>
      <input_file id="fl-f9">
         <path>C:\ti\ccsv6\tools\compiler\ti-cgt-arm_16.6.0.STS\lib\</path>
         <kind>archive</kind>
         <file>rtsv7M4_T_le_v4SPD16_eabi.lib</file>
         <name>strchr.obj</name>
      </input_file>
      <input_file id="fl-fa">
         <path>C:\ti\ccsv6\tools\compiler\ti-cgt-arm_16.6.0.STS\lib\</path>
         <kind>archive</kind>
         <file>rtsv7M4_T_le_v4SPD16_eabi.lib</file>
         <name>ull_div_t2.obj</name>
      </input_file>
      <input_file id="fl-fb">
         <path>C:\ti\ccsv6\tools\compiler\ti-cgt-arm_16.6.0.STS\lib\</path>
         <kind>archive</kind>
         <file>rtsv7M4_T_le_v4SPD16_eabi.lib</file>
         <name>errno.obj</name>
      </input_file>
      <input_file id="fl-fc">
         <path>C:\ti\ccsv6\tools\compiler\ti-cgt-arm_16.6.0.STS\lib\</path>
         <kind>archive</kind>
         <file>rtsv7M4_T_le_v4SPD16_eabi.lib</file>
         <name>s_copysign.obj</name>
      </input_file>
   </input_file_list>
   <object_component_list>
      <object_component id="oc-2c">
         <name>.intvecs:retain</name>
         <load_address>0x0</load_address>
         <run_address>0x0</run_address>
         <size>0xe4</size>
         <input_file_ref idref="fl-3"/>
      </object_component>
      <object_component id="oc-154">
         <name>.text</name>
         <load_address>0xe4</load_address>
         <run_address>0xe4</run_address>
         <size>0x1398</size>
         <input_file_ref idref="fl-d"/>
      </object_component>
      <object_component id="oc-238">
         <name>.text</name>
         <load_address>0x147c</load_address>
         <run_address>0x147c</run_address>
         <size>0x1142</size>
         <input_file_ref idref="fl-eb"/>
      </object_component>
      <object_component id="oc-56">
         <name>.text</name>
         <load_address>0x25be</load_address>
         <run_address>0x25be</run_address>
         <size>0x2</size>
         <input_file_ref idref="fl-e3"/>
      </object_component>
      <object_component id="oc-cb">
         <name>.text</name>
         <load_address>0x25c0</load_address>
         <run_address>0x25c0</run_address>
         <size>0x4fc</size>
         <input_file_ref idref="fl-7"/>
      </object_component>
      <object_component id="oc-166">
         <name>.text</name>
         <load_address>0x2abc</load_address>
         <run_address>0x2abc</run_address>
         <size>0x3d0</size>
         <input_file_ref idref="fl-e1"/>
      </object_component>
      <object_component id="oc-c4">
         <name>.text</name>
         <load_address>0x2e8c</load_address>
         <run_address>0x2e8c</run_address>
         <size>0x32c</size>
         <input_file_ref idref="fl-4"/>
      </object_component>
      <object_component id="oc-d7">
         <name>.text</name>
         <load_address>0x31b8</load_address>
         <run_address>0x31b8</run_address>
         <size>0x2e8</size>
         <input_file_ref idref="fl-9"/>
      </object_component>
      <object_component id="oc-d1">
         <name>.text</name>
         <load_address>0x34a0</load_address>
         <run_address>0x34a0</run_address>
         <size>0x290</size>
         <input_file_ref idref="fl-c"/>
      </object_component>
      <object_component id="oc-296">
         <name>.text</name>
         <load_address>0x3730</load_address>
         <run_address>0x3730</run_address>
         <size>0x1f4</size>
         <input_file_ref idref="fl-fa"/>
      </object_component>
      <object_component id="oc-7e">
         <name>.text</name>
         <load_address>0x3924</load_address>
         <run_address>0x3924</run_address>
         <size>0x1d0</size>
         <input_file_ref idref="fl-13"/>
      </object_component>
      <object_component id="oc-2bf">
         <name>.text</name>
         <load_address>0x3af4</load_address>
         <run_address>0x3af4</run_address>
         <size>0x1b6</size>
         <input_file_ref idref="fl-dc"/>
      </object_component>
      <object_component id="oc-2a5">
         <name>.text</name>
         <load_address>0x3caa</load_address>
         <run_address>0x3caa</run_address>
         <size>0x136</size>
         <input_file_ref idref="fl-dd"/>
      </object_component>
      <object_component id="oc-315">
         <name>.text:CS_getDCOFrequency</name>
         <load_address>0x3de0</load_address>
         <run_address>0x3de0</run_address>
         <size>0x104</size>
         <input_file_ref idref="fl-1a"/>
      </object_component>
      <object_component id="oc-2a0">
         <name>.text</name>
         <load_address>0x3ee4</load_address>
         <run_address>0x3ee4</run_address>
         <size>0xfc</size>
         <input_file_ref idref="fl-de"/>
      </object_component>
      <object_component id="oc-2ca">
         <name>.text</name>
         <load_address>0x3fe0</load_address>
         <run_address>0x3fe0</run_address>
         <size>0xfc</size>
         <input_file_ref idref="fl-f7"/>
      </object_component>
      <object_component id="oc-1e5">
         <name>.text</name>
         <load_address>0x40dc</load_address>
         <run_address>0x40dc</run_address>
         <size>0xf0</size>
         <input_file_ref idref="fl-6"/>
      </object_component>
      <object_component id="oc-dd">
         <name>.text</name>
         <load_address>0x41cc</load_address>
         <run_address>0x41cc</run_address>
         <size>0xe6</size>
         <input_file_ref idref="fl-b"/>
      </object_component>
      <object_component id="oc-a9">
         <name>.text</name>
         <load_address>0x42b2</load_address>
         <run_address>0x42b2</run_address>
         <size>0x2</size>
         <input_file_ref idref="fl-f8"/>
      </object_component>
      <object_component id="oc-260">
         <name>.text:CS_initClockSignal</name>
         <load_address>0x42b4</load_address>
         <run_address>0x42b4</run_address>
         <size>0xe0</size>
         <input_file_ref idref="fl-1a"/>
      </object_component>
      <object_component id="oc-12e">
         <name>.text</name>
         <load_address>0x4394</load_address>
         <run_address>0x4394</run_address>
         <size>0xb4</size>
         <input_file_ref idref="fl-14"/>
      </object_component>
      <object_component id="oc-305">
         <name>.text:CS_startHFXTWithTimeout</name>
         <load_address>0x4448</load_address>
         <run_address>0x4448</run_address>
         <size>0x9c</size>
         <input_file_ref idref="fl-1a"/>
      </object_component>
      <object_component id="oc-26b">
         <name>.text:_CSComputeCLKFrequency</name>
         <load_address>0x44e4</load_address>
         <run_address>0x44e4</run_address>
         <size>0x9c</size>
         <input_file_ref idref="fl-1a"/>
      </object_component>
      <object_component id="oc-3e">
         <name>.text</name>
         <load_address>0x4580</load_address>
         <run_address>0x4580</run_address>
         <size>0x9c</size>
         <input_file_ref idref="fl-e0"/>
      </object_component>
      <object_component id="oc-29b">
         <name>.text:__aeabi_cdcmple</name>
         <load_address>0x461c</load_address>
         <run_address>0x461c</run_address>
         <size>0x86</size>
         <input_file_ref idref="fl-f1"/>
      </object_component>
      <object_component id="oc-2aa">
         <name>.text:__aeabi_cdrcmple</name>
         <load_address>0x46a2</load_address>
         <run_address>0x46a2</run_address>
         <size>0x86</size>
         <input_file_ref idref="fl-f1"/>
      </object_component>
      <object_component id="oc-4a">
         <name>.text</name>
         <load_address>0x4728</load_address>
         <run_address>0x4728</run_address>
         <size>0x7a</size>
         <input_file_ref idref="fl-e2"/>
      </object_component>
      <object_component id="oc-365">
         <name>.text:_CSGetHFXTFrequency</name>
         <load_address>0x47a4</load_address>
         <run_address>0x47a4</run_address>
         <size>0x70</size>
         <input_file_ref idref="fl-1a"/>
      </object_component>
      <object_component id="oc-62">
         <name>.text</name>
         <load_address>0x4814</load_address>
         <run_address>0x4814</run_address>
         <size>0x70</size>
         <input_file_ref idref="fl-ee"/>
      </object_component>
      <object_component id="oc-14">
         <name>.text:decompress:lzss</name>
         <load_address>0x4884</load_address>
         <run_address>0x4884</run_address>
         <size>0x66</size>
         <input_file_ref idref="fl-d8"/>
      </object_component>
      <object_component id="oc-2c4">
         <name>.text</name>
         <load_address>0x48ec</load_address>
         <run_address>0x48ec</run_address>
         <size>0x64</size>
         <input_file_ref idref="fl-f6"/>
      </object_component>
      <object_component id="oc-160">
         <name>.text</name>
         <load_address>0x4950</load_address>
         <run_address>0x4950</run_address>
         <size>0x60</size>
         <input_file_ref idref="fl-e5"/>
      </object_component>
      <object_component id="oc-1eb">
         <name>.text</name>
         <load_address>0x49b0</load_address>
         <run_address>0x49b0</run_address>
         <size>0x5c</size>
         <input_file_ref idref="fl-10"/>
      </object_component>
      <object_component id="oc-2b4">
         <name>.text</name>
         <load_address>0x4a0c</load_address>
         <run_address>0x4a0c</run_address>
         <size>0x56</size>
         <input_file_ref idref="fl-f4"/>
      </object_component>
      <object_component id="oc-26">
         <name>.text</name>
         <load_address>0x4a64</load_address>
         <run_address>0x4a64</run_address>
         <size>0x54</size>
         <input_file_ref idref="fl-d7"/>
      </object_component>
      <object_component id="oc-6e">
         <name>.text</name>
         <load_address>0x4ab8</load_address>
         <run_address>0x4ab8</run_address>
         <size>0x54</size>
         <input_file_ref idref="fl-db"/>
      </object_component>
      <object_component id="oc-379">
         <name>.text:SysCtl_getTLVInfo</name>
         <load_address>0x4b0c</load_address>
         <run_address>0x4b0c</run_address>
         <size>0x50</size>
         <input_file_ref idref="fl-1d"/>
      </object_component>
      <object_component id="oc-373">
         <name>.text:_CSGetDOCFrequency</name>
         <load_address>0x4b5c</load_address>
         <run_address>0x4b5c</run_address>
         <size>0x4c</size>
         <input_file_ref idref="fl-1a"/>
      </object_component>
      <object_component id="oc-2d6">
         <name>.text</name>
         <load_address>0x4ba8</load_address>
         <run_address>0x4ba8</run_address>
         <size>0x4c</size>
         <input_file_ref idref="fl-ed"/>
      </object_component>
      <object_component id="oc-a3">
         <name>.text</name>
         <load_address>0x4bf4</load_address>
         <run_address>0x4bf4</run_address>
         <size>0x4c</size>
         <input_file_ref idref="fl-ef"/>
      </object_component>
      <object_component id="oc-17a">
         <name>.text:GPIO_setAsPeripheralModuleFunctionInputPin</name>
         <load_address>0x4c40</load_address>
         <run_address>0x4c40</run_address>
         <size>0x48</size>
         <input_file_ref idref="fl-1b"/>
      </object_component>
      <object_component id="oc-30f">
         <name>.text:_CSGetDividerValue</name>
         <load_address>0x4c88</load_address>
         <run_address>0x4c88</run_address>
         <size>0x48</size>
         <input_file_ref idref="fl-1a"/>
      </object_component>
      <object_component id="oc-2af">
         <name>.text</name>
         <load_address>0x4cd0</load_address>
         <run_address>0x4cd0</run_address>
         <size>0x48</size>
         <input_file_ref idref="fl-f2"/>
      </object_component>
      <object_component id="oc-203">
         <name>.text:Interrupt_registerInterrupt</name>
         <load_address>0x4d18</load_address>
         <run_address>0x4d18</run_address>
         <size>0x34</size>
         <input_file_ref idref="fl-1c"/>
      </object_component>
      <object_component id="oc-2ba">
         <name>.text</name>
         <load_address>0x4d4c</load_address>
         <run_address>0x4d4c</run_address>
         <size>0x2e</size>
         <input_file_ref idref="fl-f3"/>
      </object_component>
      <object_component id="oc-16e">
         <name>.text:GPIO_setAsInputPin</name>
         <load_address>0x4d7c</load_address>
         <run_address>0x4d7c</run_address>
         <size>0x2c</size>
         <input_file_ref idref="fl-1b"/>
      </object_component>
      <object_component id="oc-31b">
         <name>.text:CS_clearInterruptFlag</name>
         <load_address>0x4da8</load_address>
         <run_address>0x4da8</run_address>
         <size>0x24</size>
         <input_file_ref idref="fl-1a"/>
      </object_component>
      <object_component id="oc-180">
         <name>.text:GPIO_setAsOutputPin</name>
         <load_address>0x4dcc</load_address>
         <run_address>0x4dcc</run_address>
         <size>0x24</size>
         <input_file_ref idref="fl-1b"/>
      </object_component>
      <object_component id="oc-b1">
         <name>.text</name>
         <load_address>0x4df0</load_address>
         <run_address>0x4df0</run_address>
         <size>0x1c</size>
         <input_file_ref idref="fl-2"/>
      </object_component>
      <object_component id="oc-2dc">
         <name>.text</name>
         <load_address>0x4e0c</load_address>
         <run_address>0x4e0c</run_address>
         <size>0x1c</size>
         <input_file_ref idref="fl-f5"/>
      </object_component>
      <object_component id="oc-1fd">
         <name>.text:CS_getACLK</name>
         <load_address>0x4e28</load_address>
         <run_address>0x4e28</run_address>
         <size>0x18</size>
         <input_file_ref idref="fl-1a"/>
      </object_component>
      <object_component id="oc-1f1">
         <name>.text:CS_getMCLK</name>
         <load_address>0x4e40</load_address>
         <run_address>0x4e40</run_address>
         <size>0x18</size>
         <input_file_ref idref="fl-1a"/>
      </object_component>
      <object_component id="oc-1f7">
         <name>.text:CS_getSMCLK</name>
         <load_address>0x4e58</load_address>
         <run_address>0x4e58</run_address>
         <size>0x18</size>
         <input_file_ref idref="fl-1a"/>
      </object_component>
      <object_component id="oc-18c">
         <name>.text:GPIO_setOutputLowOnPin</name>
         <load_address>0x4e70</load_address>
         <run_address>0x4e70</run_address>
         <size>0x18</size>
         <input_file_ref idref="fl-1b"/>
      </object_component>
      <object_component id="oc-128">
         <name>.text:WDT_A_holdTimer</name>
         <load_address>0x4e88</load_address>
         <run_address>0x4e88</run_address>
         <size>0x18</size>
         <input_file_ref idref="fl-20"/>
      </object_component>
      <object_component id="oc-68">
         <name>.text</name>
         <load_address>0x4ea0</load_address>
         <run_address>0x4ea0</run_address>
         <size>0x18</size>
         <input_file_ref idref="fl-ec"/>
      </object_component>
      <object_component id="oc-2d0">
         <name>.text</name>
         <load_address>0x4eb8</load_address>
         <run_address>0x4eb8</run_address>
         <size>0x16</size>
         <input_file_ref idref="fl-f9"/>
      </object_component>
      <object_component id="oc-254">
         <name>.text:CS_setExternalClockSourceFrequency</name>
         <load_address>0x4ed0</load_address>
         <run_address>0x4ed0</run_address>
         <size>0x14</size>
         <input_file_ref idref="fl-1a"/>
      </object_component>
      <object_component id="oc-186">
         <name>.text:GPIO_setOutputHighOnPin</name>
         <load_address>0x4ee4</load_address>
         <run_address>0x4ee4</run_address>
         <size>0x14</size>
         <input_file_ref idref="fl-1b"/>
      </object_component>
      <object_component id="oc-13f">
         <name>.text</name>
         <load_address>0x4ef8</load_address>
         <run_address>0x4ef8</run_address>
         <size>0x14</size>
         <input_file_ref idref="fl-ea"/>
      </object_component>
      <object_component id="oc-337">
         <name>.text</name>
         <load_address>0x4f0c</load_address>
         <run_address>0x4f0c</run_address>
         <size>0x14</size>
         <input_file_ref idref="fl-fc"/>
      </object_component>
      <object_component id="oc-15a">
         <name>.text</name>
         <load_address>0x4f20</load_address>
         <run_address>0x4f20</run_address>
         <size>0x14</size>
         <input_file_ref idref="fl-e7"/>
      </object_component>
      <object_component id="oc-35f">
         <name>.text:SysCtl_disableNMISource</name>
         <load_address>0x4f34</load_address>
         <run_address>0x4f34</run_address>
         <size>0x10</size>
         <input_file_ref idref="fl-1d"/>
      </object_component>
      <object_component id="oc-36b">
         <name>.text:SysCtl_enableNMISource</name>
         <load_address>0x4f44</load_address>
         <run_address>0x4f44</run_address>
         <size>0x10</size>
         <input_file_ref idref="fl-1d"/>
      </object_component>
      <object_component id="oc-1a">
         <name>.text:decompress:none</name>
         <load_address>0x4f54</load_address>
         <run_address>0x4f54</run_address>
         <size>0xe</size>
         <input_file_ref idref="fl-d9"/>
      </object_component>
      <object_component id="oc-78">
         <name>.text</name>
         <load_address>0x4f62</load_address>
         <run_address>0x4f62</run_address>
         <size>0xe</size>
         <input_file_ref idref="fl-3"/>
      </object_component>
      <object_component id="oc-359">
         <name>.text:SysCtl_getNMISourceStatus</name>
         <load_address>0x4f70</load_address>
         <run_address>0x4f70</run_address>
         <size>0xc</size>
         <input_file_ref idref="fl-1d"/>
      </object_component>
      <object_component id="oc-20">
         <name>.text:decompress:ZI</name>
         <load_address>0x4f7c</load_address>
         <run_address>0x4f7c</run_address>
         <size>0xc</size>
         <input_file_ref idref="fl-da"/>
      </object_component>
      <object_component id="oc-25a">
         <name>.text:CS_startHFXT</name>
         <load_address>0x4f88</load_address>
         <run_address>0x4f88</run_address>
         <size>0x6</size>
         <input_file_ref idref="fl-1a"/>
      </object_component>
      <object_component id="oc-5c">
         <name>.text</name>
         <load_address>0x4f8e</load_address>
         <run_address>0x4f8e</run_address>
         <size>0x4</size>
         <input_file_ref idref="fl-e4"/>
      </object_component>
      <object_component id="oc-227">
         <name>.const:.string:Font</name>
         <load_address>0x4f94</load_address>
         <run_address>0x4f94</run_address>
         <size>0x4fb</size>
         <input_file_ref idref="fl-d"/>
      </object_component>
      <object_component id="oc-232">
         <name>.const:.string:dBfs</name>
         <load_address>0x548f</load_address>
         <run_address>0x548f</run_address>
         <size>0x200</size>
         <input_file_ref idref="fl-d"/>
      </object_component>
      <object_component id="oc-344">
         <name>.const:.string:_ctypes_</name>
         <load_address>0x568f</load_address>
         <run_address>0x568f</run_address>
         <size>0x101</size>
         <input_file_ref idref="fl-f0"/>
      </object_component>
      <object_component id="oc-215">
         <name>.const:.string:Bcmd</name>
         <load_address>0x5790</load_address>
         <run_address>0x5790</run_address>
         <size>0x67</size>
         <input_file_ref idref="fl-d"/>
      </object_component>
      <object_component id="oc-21b">
         <name>.const:.string:Rcmd1</name>
         <load_address>0x57f7</load_address>
         <run_address>0x57f7</run_address>
         <size>0x3b</size>
         <input_file_ref idref="fl-d"/>
      </object_component>
      <object_component id="oc-224">
         <name>.const:.string:Rcmd3</name>
         <load_address>0x5832</load_address>
         <run_address>0x5832</run_address>
         <size>0x2b</size>
         <input_file_ref idref="fl-d"/>
      </object_component>
      <object_component id="oc-267">
         <name>.const:i2cConfig</name>
         <load_address>0x5860</load_address>
         <run_address>0x5860</run_address>
         <size>0x14</size>
         <input_file_ref idref="fl-10"/>
      </object_component>
      <object_component id="oc-21e">
         <name>.const:.string:Rcmd2green</name>
         <load_address>0x5874</load_address>
         <run_address>0x5874</run_address>
         <size>0xd</size>
         <input_file_ref idref="fl-d"/>
      </object_component>
      <object_component id="oc-221">
         <name>.const:.string:Rcmd2red</name>
         <load_address>0x5881</load_address>
         <run_address>0x5881</run_address>
         <size>0xd</size>
         <input_file_ref idref="fl-d"/>
      </object_component>
      <object_component id="oc-176">
         <name>.const:$P$T0$3</name>
         <load_address>0x588e</load_address>
         <run_address>0x588e</run_address>
         <size>0xc</size>
         <input_file_ref idref="fl-9"/>
      </object_component>
      <object_component id="oc-3c6">
         <name>.cinit..data.load</name>
         <load_address>0x58a0</load_address>
         <run_address>0x58a0</run_address>
         <size>0x58</size>
      </object_component>
      <object_component id="oc-3c3">
         <name>__TI_handler_table</name>
         <load_address>0x58f8</load_address>
         <run_address>0x58f8</run_address>
         <size>0xc</size>
      </object_component>
      <object_component id="oc-3c7">
         <name>.cinit..bss.load</name>
         <load_address>0x5908</load_address>
         <run_address>0x5908</run_address>
         <size>0x8</size>
      </object_component>
      <object_component id="oc-3c5">
         <name>.cinit..vtable.load</name>
         <load_address>0x5910</load_address>
         <run_address>0x5910</run_address>
         <size>0x8</size>
      </object_component>
      <object_component id="oc-3c4">
         <name>__TI_cinit_table</name>
         <load_address>0x5918</load_address>
         <run_address>0x5918</run_address>
         <size>0x18</size>
      </object_component>
      <object_component id="oc-3a0">
         <name>.binit</name>
         <load_address>0x0</load_address>
         <run_address>0x0</run_address>
         <size>0x0</size>
      </object_component>
      <object_component id="oc-274">
         <name>.vtable</name>
         <uninitialized>true</uninitialized>
         <run_address>0x20000000</run_address>
         <size>0xe4</size>
         <input_file_ref idref="fl-1c"/>
      </object_component>
      <object_component id="oc-14b">
         <name>.data</name>
         <load_address>0x20000670</load_address>
         <run_address>0x20000670</run_address>
         <size>0x4</size>
         <input_file_ref idref="fl-4"/>
      </object_component>
      <object_component id="oc-175">
         <name>.data</name>
         <load_address>0x20000660</load_address>
         <run_address>0x20000660</run_address>
         <size>0x4</size>
         <input_file_ref idref="fl-9"/>
      </object_component>
      <object_component id="oc-218">
         <name>.data</name>
         <load_address>0x2000062c</load_address>
         <run_address>0x2000062c</run_address>
         <size>0x14</size>
         <input_file_ref idref="fl-d"/>
      </object_component>
      <object_component id="oc-105">
         <name>.data</name>
         <load_address>0x20000664</load_address>
         <run_address>0x20000664</run_address>
         <size>0x4</size>
         <input_file_ref idref="fl-13"/>
      </object_component>
      <object_component id="oc-249">
         <name>.data:GPIO_PORT_TO_BASE</name>
         <load_address>0x200005fc</load_address>
         <run_address>0x200005fc</run_address>
         <size>0x30</size>
         <input_file_ref idref="fl-1b"/>
      </object_component>
      <object_component id="oc-b9">
         <name>.data:$O1$$</name>
         <load_address>0x20000640</load_address>
         <run_address>0x20000640</run_address>
         <size>0xc</size>
         <input_file_ref idref="fl-db"/>
      </object_component>
      <object_component id="oc-245">
         <name>.data:$O1$$</name>
         <load_address>0x2000064c</load_address>
         <run_address>0x2000064c</run_address>
         <size>0xc</size>
         <input_file_ref idref="fl-e1"/>
      </object_component>
      <object_component id="oc-74">
         <name>.data</name>
         <load_address>0x2000066c</load_address>
         <run_address>0x2000066c</run_address>
         <size>0x4</size>
         <input_file_ref idref="fl-e6"/>
      </object_component>
      <object_component id="oc-bc">
         <name>.data:$O1$$</name>
         <load_address>0x20000658</load_address>
         <run_address>0x20000658</run_address>
         <size>0x8</size>
         <input_file_ref idref="fl-ea"/>
      </object_component>
      <object_component id="oc-33d">
         <name>.data</name>
         <load_address>0x20000668</load_address>
         <run_address>0x20000668</run_address>
         <size>0x4</size>
         <input_file_ref idref="fl-fb"/>
      </object_component>
      <object_component id="oc-212">
         <name>.bss</name>
         <uninitialized>true</uninitialized>
         <run_address>0x200005d4</run_address>
         <size>0x4</size>
         <input_file_ref idref="fl-d"/>
      </object_component>
      <object_component id="oc-209">
         <name>.bss</name>
         <uninitialized>true</uninitialized>
         <run_address>0x200005bc</run_address>
         <size>0xc</size>
         <input_file_ref idref="fl-14"/>
      </object_component>
      <object_component id="oc-174">
         <name>.common:KeypadState</name>
         <uninitialized>true</uninitialized>
         <run_address>0x200005d8</run_address>
         <size>0x4</size>
      </object_component>
      <object_component id="oc-e3">
         <name>.common:ClockRegisters</name>
         <uninitialized>true</uninitialized>
         <run_address>0x20000570</run_address>
         <size>0x4c</size>
      </object_component>
      <object_component id="oc-104">
         <name>.common:RefreshInterrupt</name>
         <uninitialized>true</uninitialized>
         <run_address>0x200005f8</run_address>
         <size>0x1</size>
      </object_component>
      <object_component id="oc-134">
         <name>.common:SensorReadings</name>
         <uninitialized>true</uninitialized>
         <run_address>0x200004e8</run_address>
         <size>0x88</size>
      </object_component>
      <object_component id="oc-22a">
         <name>.common:Message</name>
         <uninitialized>true</uninitialized>
         <run_address>0x200005c8</run_address>
         <size>0xc</size>
      </object_component>
      <object_component id="oc-22d">
         <name>.common:Messageindex</name>
         <uninitialized>true</uninitialized>
         <run_address>0x200005dc</run_address>
         <size>0x4</size>
      </object_component>
      <object_component id="oc-22e">
         <name>.common:Ymax</name>
         <uninitialized>true</uninitialized>
         <run_address>0x200005e4</run_address>
         <size>0x4</size>
      </object_component>
      <object_component id="oc-22f">
         <name>.common:Ymin</name>
         <uninitialized>true</uninitialized>
         <run_address>0x200005e8</run_address>
         <size>0x4</size>
      </object_component>
      <object_component id="oc-231">
         <name>.common:X</name>
         <uninitialized>true</uninitialized>
         <run_address>0x200005e0</run_address>
         <size>0x4</size>
      </object_component>
      <object_component id="oc-230">
         <name>.common:Yrange</name>
         <uninitialized>true</uninitialized>
         <run_address>0x200005ec</run_address>
         <size>0x4</size>
      </object_component>
      <object_component id="oc-303">
         <name>.common:hfxtFreq</name>
         <uninitialized>true</uninitialized>
         <run_address>0x200005f0</run_address>
         <size>0x4</size>
      </object_component>
      <object_component id="oc-300">
         <name>.common:lfxtFreq</name>
         <uninitialized>true</uninitialized>
         <run_address>0x200005f4</run_address>
         <size>0x4</size>
      </object_component>
      <object_component id="oc-30">
         <name>.sysmem</name>
         <uninitialized>true</uninitialized>
         <run_address>0x200000e8</run_address>
         <size>0x8</size>
         <input_file_ref idref="fl-e1"/>
      </object_component>
      <object_component id="oc-3c9">
         <name>.sysmem</name>
         <uninitialized>true</uninitialized>
         <run_address>0x200000e8</run_address>
         <size>0x0</size>
      </object_component>
      <object_component id="oc-2f">
         <name>.stack</name>
         <uninitialized>true</uninitialized>
         <run_address>0x2000fe00</run_address>
         <size>0x0</size>
         <input_file_ref idref="fl-d7"/>
      </object_component>
      <object_component id="oc-3c8">
         <name>.stack</name>
         <uninitialized>true</uninitialized>
         <run_address>0x2000fe00</run_address>
         <size>0x0</size>
      </object_component>
      <object_component id="oc-e4">
         <name>.debug_info</name>
         <load_address>0x0</load_address>
         <run_address>0x0</run_address>
         <size>0x609</size>
         <input_file_ref idref="fl-2"/>
      </object_component>
      <object_component id="oc-b2">
         <name>.debug_info</name>
         <load_address>0x609</load_address>
         <run_address>0x609</run_address>
         <size>0x161</size>
         <input_file_ref idref="fl-2"/>
      </object_component>
      <object_component id="oc-19f">
         <name>.debug_info</name>
         <load_address>0x76a</load_address>
         <run_address>0x76a</run_address>
         <size>0x2c6</size>
         <input_file_ref idref="fl-2"/>
      </object_component>
      <object_component id="oc-19a">
         <name>.debug_info</name>
         <load_address>0xa30</load_address>
         <run_address>0xa30</run_address>
         <size>0x103e</size>
         <input_file_ref idref="fl-2"/>
      </object_component>
      <object_component id="oc-195">
         <name>.debug_info</name>
         <load_address>0x1a6e</load_address>
         <run_address>0x1a6e</run_address>
         <size>0x37a3</size>
         <input_file_ref idref="fl-2"/>
      </object_component>
      <object_component id="oc-1c9">
         <name>.debug_info</name>
         <load_address>0x5211</load_address>
         <run_address>0x5211</run_address>
         <size>0x9a</size>
         <input_file_ref idref="fl-2"/>
      </object_component>
      <object_component id="oc-354">
         <name>.debug_info</name>
         <load_address>0x52ab</load_address>
         <run_address>0x52ab</run_address>
         <size>0x1b5</size>
         <input_file_ref idref="fl-2"/>
      </object_component>
      <object_component id="oc-28d">
         <name>.debug_info</name>
         <load_address>0x5460</load_address>
         <run_address>0x5460</run_address>
         <size>0xc8</size>
         <input_file_ref idref="fl-2"/>
      </object_component>
      <object_component id="oc-1d0">
         <name>.debug_info</name>
         <load_address>0x5528</load_address>
         <run_address>0x5528</run_address>
         <size>0x341</size>
         <input_file_ref idref="fl-2"/>
      </object_component>
      <object_component id="oc-39">
         <name>.debug_info</name>
         <load_address>0x5869</load_address>
         <run_address>0x5869</run_address>
         <size>0x84</size>
         <input_file_ref idref="fl-2"/>
      </object_component>
      <object_component id="oc-14f">
         <name>.debug_info</name>
         <load_address>0x58ed</load_address>
         <run_address>0x58ed</run_address>
         <size>0x18b</size>
         <input_file_ref idref="fl-2"/>
      </object_component>
      <object_component id="oc-240">
         <name>.debug_info</name>
         <load_address>0x5a78</load_address>
         <run_address>0x5a78</run_address>
         <size>0x4e</size>
         <input_file_ref idref="fl-2"/>
      </object_component>
      <object_component id="oc-1af">
         <name>.debug_info</name>
         <load_address>0x5ac6</load_address>
         <run_address>0x5ac6</run_address>
         <size>0x51</size>
         <input_file_ref idref="fl-2"/>
      </object_component>
      <object_component id="oc-86">
         <name>.debug_info</name>
         <load_address>0x5b17</load_address>
         <run_address>0x5b17</run_address>
         <size>0x145</size>
         <input_file_ref idref="fl-3"/>
      </object_component>
      <object_component id="oc-2d">
         <name>.debug_info</name>
         <load_address>0x5c5c</load_address>
         <run_address>0x5c5c</run_address>
         <size>0x11d</size>
         <input_file_ref idref="fl-3"/>
      </object_component>
      <object_component id="oc-79">
         <name>.debug_info</name>
         <load_address>0x5d79</load_address>
         <run_address>0x5d79</run_address>
         <size>0x1e4</size>
         <input_file_ref idref="fl-3"/>
      </object_component>
      <object_component id="oc-14c">
         <name>.debug_info</name>
         <load_address>0x5f5d</load_address>
         <run_address>0x5f5d</run_address>
         <size>0x116</size>
         <input_file_ref idref="fl-4"/>
      </object_component>
      <object_component id="oc-c5">
         <name>.debug_info</name>
         <load_address>0x6073</load_address>
         <run_address>0x6073</run_address>
         <size>0x288</size>
         <input_file_ref idref="fl-4"/>
      </object_component>
      <object_component id="oc-e6">
         <name>.debug_info</name>
         <load_address>0x62fb</load_address>
         <run_address>0x62fb</run_address>
         <size>0x4e5</size>
         <input_file_ref idref="fl-5"/>
      </object_component>
      <object_component id="oc-1a6">
         <name>.debug_info</name>
         <load_address>0x67e0</load_address>
         <run_address>0x67e0</run_address>
         <size>0x8b</size>
         <input_file_ref idref="fl-5"/>
      </object_component>
      <object_component id="oc-e8">
         <name>.debug_info</name>
         <load_address>0x686b</load_address>
         <run_address>0x686b</run_address>
         <size>0x5a1</size>
         <input_file_ref idref="fl-6"/>
      </object_component>
      <object_component id="oc-1e6">
         <name>.debug_info</name>
         <load_address>0x6e0c</load_address>
         <run_address>0x6e0c</run_address>
         <size>0x2ac</size>
         <input_file_ref idref="fl-6"/>
      </object_component>
      <object_component id="oc-ea">
         <name>.debug_info</name>
         <load_address>0x70b8</load_address>
         <run_address>0x70b8</run_address>
         <size>0x6f8</size>
         <input_file_ref idref="fl-7"/>
      </object_component>
      <object_component id="oc-ce">
         <name>.debug_info</name>
         <load_address>0x77b0</load_address>
         <run_address>0x77b0</run_address>
         <size>0xdd9</size>
         <input_file_ref idref="fl-7"/>
      </object_component>
      <object_component id="oc-ec">
         <name>.debug_info</name>
         <load_address>0x8589</load_address>
         <run_address>0x8589</run_address>
         <size>0x5fa</size>
         <input_file_ref idref="fl-8"/>
      </object_component>
      <object_component id="oc-f0">
         <name>.debug_info</name>
         <load_address>0x8b83</load_address>
         <run_address>0x8b83</run_address>
         <size>0x5b4</size>
         <input_file_ref idref="fl-9"/>
      </object_component>
      <object_component id="oc-177">
         <name>.debug_info</name>
         <load_address>0x9137</load_address>
         <run_address>0x9137</run_address>
         <size>0x101</size>
         <input_file_ref idref="fl-9"/>
      </object_component>
      <object_component id="oc-d9">
         <name>.debug_info</name>
         <load_address>0x9238</load_address>
         <run_address>0x9238</run_address>
         <size>0x768</size>
         <input_file_ref idref="fl-9"/>
      </object_component>
      <object_component id="oc-1ba">
         <name>.debug_info</name>
         <load_address>0x99a0</load_address>
         <run_address>0x99a0</run_address>
         <size>0x37a3</size>
         <input_file_ref idref="fl-9"/>
      </object_component>
      <object_component id="oc-ee">
         <name>.debug_info</name>
         <load_address>0xd143</load_address>
         <run_address>0xd143</run_address>
         <size>0x5f9</size>
         <input_file_ref idref="fl-a"/>
      </object_component>
      <object_component id="oc-f2">
         <name>.debug_info</name>
         <load_address>0xd73c</load_address>
         <run_address>0xd73c</run_address>
         <size>0x60e</size>
         <input_file_ref idref="fl-b"/>
      </object_component>
      <object_component id="oc-e1">
         <name>.debug_info</name>
         <load_address>0xdd4a</load_address>
         <run_address>0xdd4a</run_address>
         <size>0x401</size>
         <input_file_ref idref="fl-b"/>
      </object_component>
      <object_component id="oc-f4">
         <name>.debug_info</name>
         <load_address>0xe14b</load_address>
         <run_address>0xe14b</run_address>
         <size>0x4dc</size>
         <input_file_ref idref="fl-c"/>
      </object_component>
      <object_component id="oc-d2">
         <name>.debug_info</name>
         <load_address>0xe627</load_address>
         <run_address>0xe627</run_address>
         <size>0x39e</size>
         <input_file_ref idref="fl-c"/>
      </object_component>
      <object_component id="oc-22b">
         <name>.debug_info</name>
         <load_address>0xe9c5</load_address>
         <run_address>0xe9c5</run_address>
         <size>0x4f3</size>
         <input_file_ref idref="fl-d"/>
      </object_component>
      <object_component id="oc-219">
         <name>.debug_info</name>
         <load_address>0xeeb8</load_address>
         <run_address>0xeeb8</run_address>
         <size>0x190</size>
         <input_file_ref idref="fl-d"/>
      </object_component>
      <object_component id="oc-228">
         <name>.debug_info</name>
         <load_address>0xf048</load_address>
         <run_address>0xf048</run_address>
         <size>0xfb</size>
         <input_file_ref idref="fl-d"/>
      </object_component>
      <object_component id="oc-213">
         <name>.debug_info</name>
         <load_address>0xf143</load_address>
         <run_address>0xf143</run_address>
         <size>0x167</size>
         <input_file_ref idref="fl-d"/>
      </object_component>
      <object_component id="oc-216">
         <name>.debug_info</name>
         <load_address>0xf2aa</load_address>
         <run_address>0xf2aa</run_address>
         <size>0xfc</size>
         <input_file_ref idref="fl-d"/>
      </object_component>
      <object_component id="oc-21c">
         <name>.debug_info</name>
         <load_address>0xf3a6</load_address>
         <run_address>0xf3a6</run_address>
         <size>0xfe</size>
         <input_file_ref idref="fl-d"/>
      </object_component>
      <object_component id="oc-21f">
         <name>.debug_info</name>
         <load_address>0xf4a4</load_address>
         <run_address>0xf4a4</run_address>
         <size>0x108</size>
         <input_file_ref idref="fl-d"/>
      </object_component>
      <object_component id="oc-222">
         <name>.debug_info</name>
         <load_address>0xf5ac</load_address>
         <run_address>0xf5ac</run_address>
         <size>0x104</size>
         <input_file_ref idref="fl-d"/>
      </object_component>
      <object_component id="oc-225">
         <name>.debug_info</name>
         <load_address>0xf6b0</load_address>
         <run_address>0xf6b0</run_address>
         <size>0xfe</size>
         <input_file_ref idref="fl-d"/>
      </object_component>
      <object_component id="oc-233">
         <name>.debug_info</name>
         <load_address>0xf7ae</load_address>
         <run_address>0xf7ae</run_address>
         <size>0xfd</size>
         <input_file_ref idref="fl-d"/>
      </object_component>
      <object_component id="oc-155">
         <name>.debug_info</name>
         <load_address>0xf8ab</load_address>
         <run_address>0xf8ab</run_address>
         <size>0x2476</size>
         <input_file_ref idref="fl-d"/>
      </object_component>
      <object_component id="oc-f6">
         <name>.debug_info</name>
         <load_address>0x11d21</load_address>
         <run_address>0x11d21</run_address>
         <size>0x685</size>
         <input_file_ref idref="fl-e"/>
      </object_component>
      <object_component id="oc-f8">
         <name>.debug_info</name>
         <load_address>0x123a6</load_address>
         <run_address>0x123a6</run_address>
         <size>0x4d8</size>
         <input_file_ref idref="fl-f"/>
      </object_component>
      <object_component id="oc-fa">
         <name>.debug_info</name>
         <load_address>0x1287e</load_address>
         <run_address>0x1287e</run_address>
         <size>0x4dd</size>
         <input_file_ref idref="fl-10"/>
      </object_component>
      <object_component id="oc-268">
         <name>.debug_info</name>
         <load_address>0x12d5b</load_address>
         <run_address>0x12d5b</run_address>
         <size>0x105</size>
         <input_file_ref idref="fl-10"/>
      </object_component>
      <object_component id="oc-1ed">
         <name>.debug_info</name>
         <load_address>0x12e60</load_address>
         <run_address>0x12e60</run_address>
         <size>0x162</size>
         <input_file_ref idref="fl-10"/>
      </object_component>
      <object_component id="oc-fc">
         <name>.debug_info</name>
         <load_address>0x12fc2</load_address>
         <run_address>0x12fc2</run_address>
         <size>0x594</size>
         <input_file_ref idref="fl-11"/>
      </object_component>
      <object_component id="oc-fe">
         <name>.debug_info</name>
         <load_address>0x13556</load_address>
         <run_address>0x13556</run_address>
         <size>0x4f7</size>
         <input_file_ref idref="fl-12"/>
      </object_component>
      <object_component id="oc-100">
         <name>.debug_info</name>
         <load_address>0x13a4d</load_address>
         <run_address>0x13a4d</run_address>
         <size>0x68f</size>
         <input_file_ref idref="fl-13"/>
      </object_component>
      <object_component id="oc-106">
         <name>.debug_info</name>
         <load_address>0x140dc</load_address>
         <run_address>0x140dc</run_address>
         <size>0x114</size>
         <input_file_ref idref="fl-13"/>
      </object_component>
      <object_component id="oc-80">
         <name>.debug_info</name>
         <load_address>0x141f0</load_address>
         <run_address>0x141f0</run_address>
         <size>0x4e0</size>
         <input_file_ref idref="fl-13"/>
      </object_component>
      <object_component id="oc-102">
         <name>.debug_info</name>
         <load_address>0x146d0</load_address>
         <run_address>0x146d0</run_address>
         <size>0x716</size>
         <input_file_ref idref="fl-14"/>
      </object_component>
      <object_component id="oc-20a">
         <name>.debug_info</name>
         <load_address>0x14de6</load_address>
         <run_address>0x14de6</run_address>
         <size>0x16c</size>
         <input_file_ref idref="fl-14"/>
      </object_component>
      <object_component id="oc-12f">
         <name>.debug_info</name>
         <load_address>0x14f52</load_address>
         <run_address>0x14f52</run_address>
         <size>0x29c</size>
         <input_file_ref idref="fl-14"/>
      </object_component>
      <object_component id="oc-301">
         <name>.debug_info</name>
         <load_address>0x151ee</load_address>
         <run_address>0x151ee</run_address>
         <size>0x5ef</size>
         <input_file_ref idref="fl-1a"/>
      </object_component>
      <object_component id="oc-367">
         <name>.debug_info</name>
         <load_address>0x157dd</load_address>
         <run_address>0x157dd</run_address>
         <size>0xfc</size>
         <input_file_ref idref="fl-1a"/>
      </object_component>
      <object_component id="oc-307">
         <name>.debug_info</name>
         <load_address>0x158d9</load_address>
         <run_address>0x158d9</run_address>
         <size>0x23c</size>
         <input_file_ref idref="fl-1a"/>
      </object_component>
      <object_component id="oc-25c">
         <name>.debug_info</name>
         <load_address>0x15b15</load_address>
         <run_address>0x15b15</run_address>
         <size>0x122</size>
         <input_file_ref idref="fl-1a"/>
      </object_component>
      <object_component id="oc-256">
         <name>.debug_info</name>
         <load_address>0x15c37</load_address>
         <run_address>0x15c37</run_address>
         <size>0x1dd</size>
         <input_file_ref idref="fl-1a"/>
      </object_component>
      <object_component id="oc-262">
         <name>.debug_info</name>
         <load_address>0x15e14</load_address>
         <run_address>0x15e14</run_address>
         <size>0x1b9</size>
         <input_file_ref idref="fl-1a"/>
      </object_component>
      <object_component id="oc-311">
         <name>.debug_info</name>
         <load_address>0x15fcd</load_address>
         <run_address>0x15fcd</run_address>
         <size>0x131</size>
         <input_file_ref idref="fl-1a"/>
      </object_component>
      <object_component id="oc-375">
         <name>.debug_info</name>
         <load_address>0x160fe</load_address>
         <run_address>0x160fe</run_address>
         <size>0x129</size>
         <input_file_ref idref="fl-1a"/>
      </object_component>
      <object_component id="oc-318">
         <name>.debug_info</name>
         <load_address>0x16227</load_address>
         <run_address>0x16227</run_address>
         <size>0x1dd</size>
         <input_file_ref idref="fl-1a"/>
      </object_component>
      <object_component id="oc-31e">
         <name>.debug_info</name>
         <load_address>0x16404</load_address>
         <run_address>0x16404</run_address>
         <size>0x120</size>
         <input_file_ref idref="fl-1a"/>
      </object_component>
      <object_component id="oc-26e">
         <name>.debug_info</name>
         <load_address>0x16524</load_address>
         <run_address>0x16524</run_address>
         <size>0x1d8</size>
         <input_file_ref idref="fl-1a"/>
      </object_component>
      <object_component id="oc-1fa">
         <name>.debug_info</name>
         <load_address>0x166fc</load_address>
         <run_address>0x166fc</run_address>
         <size>0x132</size>
         <input_file_ref idref="fl-1a"/>
      </object_component>
      <object_component id="oc-1f4">
         <name>.debug_info</name>
         <load_address>0x1682e</load_address>
         <run_address>0x1682e</run_address>
         <size>0x130</size>
         <input_file_ref idref="fl-1a"/>
      </object_component>
      <object_component id="oc-200">
         <name>.debug_info</name>
         <load_address>0x1695e</load_address>
         <run_address>0x1695e</run_address>
         <size>0x130</size>
         <input_file_ref idref="fl-1a"/>
      </object_component>
      <object_component id="oc-2fb">
         <name>.debug_info</name>
         <load_address>0x16a8e</load_address>
         <run_address>0x16a8e</run_address>
         <size>0x103e</size>
         <input_file_ref idref="fl-1a"/>
      </object_component>
      <object_component id="oc-24d">
         <name>.debug_info</name>
         <load_address>0x17acc</load_address>
         <run_address>0x17acc</run_address>
         <size>0x4a4</size>
         <input_file_ref idref="fl-1b"/>
      </object_component>
      <object_component id="oc-24a">
         <name>.debug_info</name>
         <load_address>0x17f70</load_address>
         <run_address>0x17f70</run_address>
         <size>0xd0</size>
         <input_file_ref idref="fl-1b"/>
      </object_component>
      <object_component id="oc-18d">
         <name>.debug_info</name>
         <load_address>0x18040</load_address>
         <run_address>0x18040</run_address>
         <size>0x183</size>
         <input_file_ref idref="fl-1b"/>
      </object_component>
      <object_component id="oc-187">
         <name>.debug_info</name>
         <load_address>0x181c3</load_address>
         <run_address>0x181c3</run_address>
         <size>0x185</size>
         <input_file_ref idref="fl-1b"/>
      </object_component>
      <object_component id="oc-17b">
         <name>.debug_info</name>
         <load_address>0x18348</load_address>
         <run_address>0x18348</run_address>
         <size>0x1db</size>
         <input_file_ref idref="fl-1b"/>
      </object_component>
      <object_component id="oc-181">
         <name>.debug_info</name>
         <load_address>0x18523</load_address>
         <run_address>0x18523</run_address>
         <size>0x19c</size>
         <input_file_ref idref="fl-1b"/>
      </object_component>
      <object_component id="oc-170">
         <name>.debug_info</name>
         <load_address>0x186bf</load_address>
         <run_address>0x186bf</run_address>
         <size>0x19a</size>
         <input_file_ref idref="fl-1b"/>
      </object_component>
      <object_component id="oc-278">
         <name>.debug_info</name>
         <load_address>0x18859</load_address>
         <run_address>0x18859</run_address>
         <size>0x432</size>
         <input_file_ref idref="fl-1c"/>
      </object_component>
      <object_component id="oc-275">
         <name>.debug_info</name>
         <load_address>0x18c8b</load_address>
         <run_address>0x18c8b</run_address>
         <size>0xd2</size>
         <input_file_ref idref="fl-1c"/>
      </object_component>
      <object_component id="oc-206">
         <name>.debug_info</name>
         <load_address>0x18d5d</load_address>
         <run_address>0x18d5d</run_address>
         <size>0x1b7</size>
         <input_file_ref idref="fl-1c"/>
      </object_component>
      <object_component id="oc-395">
         <name>.debug_info</name>
         <load_address>0x18f14</load_address>
         <run_address>0x18f14</run_address>
         <size>0x379</size>
         <input_file_ref idref="fl-1d"/>
      </object_component>
      <object_component id="oc-37c">
         <name>.debug_info</name>
         <load_address>0x1928d</load_address>
         <run_address>0x1928d</run_address>
         <size>0x1d6</size>
         <input_file_ref idref="fl-1d"/>
      </object_component>
      <object_component id="oc-35c">
         <name>.debug_info</name>
         <load_address>0x19463</load_address>
         <run_address>0x19463</run_address>
         <size>0x10f</size>
         <input_file_ref idref="fl-1d"/>
      </object_component>
      <object_component id="oc-36f">
         <name>.debug_info</name>
         <load_address>0x19572</load_address>
         <run_address>0x19572</run_address>
         <size>0x12b</size>
         <input_file_ref idref="fl-1d"/>
      </object_component>
      <object_component id="oc-363">
         <name>.debug_info</name>
         <load_address>0x1969d</load_address>
         <run_address>0x1969d</run_address>
         <size>0x12d</size>
         <input_file_ref idref="fl-1d"/>
      </object_component>
      <object_component id="oc-129">
         <name>.debug_info</name>
         <load_address>0x197ca</load_address>
         <run_address>0x197ca</run_address>
         <size>0x115</size>
         <input_file_ref idref="fl-20"/>
      </object_component>
      <object_component id="oc-28">
         <name>.debug_info</name>
         <load_address>0x198df</load_address>
         <run_address>0x198df</run_address>
         <size>0x160</size>
         <input_file_ref idref="fl-d7"/>
      </object_component>
      <object_component id="oc-90">
         <name>.debug_info</name>
         <load_address>0x19a3f</load_address>
         <run_address>0x19a3f</run_address>
         <size>0xf9</size>
         <input_file_ref idref="fl-d8"/>
      </object_component>
      <object_component id="oc-18">
         <name>.debug_info</name>
         <load_address>0x19b38</load_address>
         <run_address>0x19b38</run_address>
         <size>0x245</size>
         <input_file_ref idref="fl-d8"/>
      </object_component>
      <object_component id="oc-34">
         <name>.debug_info</name>
         <load_address>0x19d7d</load_address>
         <run_address>0x19d7d</run_address>
         <size>0x60</size>
         <input_file_ref idref="fl-d8"/>
      </object_component>
      <object_component id="oc-8b">
         <name>.debug_info</name>
         <load_address>0x19ddd</load_address>
         <run_address>0x19ddd</run_address>
         <size>0x46</size>
         <input_file_ref idref="fl-d8"/>
      </object_component>
      <object_component id="oc-49">
         <name>.debug_info</name>
         <load_address>0x19e23</load_address>
         <run_address>0x19e23</run_address>
         <size>0x140</size>
         <input_file_ref idref="fl-d9"/>
      </object_component>
      <object_component id="oc-1e">
         <name>.debug_info</name>
         <load_address>0x19f63</load_address>
         <run_address>0x19f63</run_address>
         <size>0x1df</size>
         <input_file_ref idref="fl-d9"/>
      </object_component>
      <object_component id="oc-44">
         <name>.debug_info</name>
         <load_address>0x1a142</load_address>
         <run_address>0x1a142</run_address>
         <size>0x46</size>
         <input_file_ref idref="fl-d9"/>
      </object_component>
      <object_component id="oc-92">
         <name>.debug_info</name>
         <load_address>0x1a188</load_address>
         <run_address>0x1a188</run_address>
         <size>0x2c</size>
         <input_file_ref idref="fl-d9"/>
      </object_component>
      <object_component id="oc-55">
         <name>.debug_info</name>
         <load_address>0x1a1b4</load_address>
         <run_address>0x1a1b4</run_address>
         <size>0x12f</size>
         <input_file_ref idref="fl-da"/>
      </object_component>
      <object_component id="oc-24">
         <name>.debug_info</name>
         <load_address>0x1a2e3</load_address>
         <run_address>0x1a2e3</run_address>
         <size>0x1aa</size>
         <input_file_ref idref="fl-da"/>
      </object_component>
      <object_component id="oc-50">
         <name>.debug_info</name>
         <load_address>0x1a48d</load_address>
         <run_address>0x1a48d</run_address>
         <size>0x46</size>
         <input_file_ref idref="fl-da"/>
      </object_component>
      <object_component id="oc-9a">
         <name>.debug_info</name>
         <load_address>0x1a4d3</load_address>
         <run_address>0x1a4d3</run_address>
         <size>0x2c</size>
         <input_file_ref idref="fl-da"/>
      </object_component>
      <object_component id="oc-c0">
         <name>.debug_info</name>
         <load_address>0x1a4ff</load_address>
         <run_address>0x1a4ff</run_address>
         <size>0x234</size>
         <input_file_ref idref="fl-db"/>
      </object_component>
      <object_component id="oc-ba">
         <name>.debug_info</name>
         <load_address>0x1a733</load_address>
         <run_address>0x1a733</run_address>
         <size>0x185</size>
         <input_file_ref idref="fl-db"/>
      </object_component>
      <object_component id="oc-6f">
         <name>.debug_info</name>
         <load_address>0x1a8b8</load_address>
         <run_address>0x1a8b8</run_address>
         <size>0x214</size>
         <input_file_ref idref="fl-db"/>
      </object_component>
      <object_component id="oc-2c0">
         <name>.debug_info</name>
         <load_address>0x1aacc</load_address>
         <run_address>0x1aacc</run_address>
         <size>0x144</size>
         <input_file_ref idref="fl-dc"/>
      </object_component>
      <object_component id="oc-2a6">
         <name>.debug_info</name>
         <load_address>0x1ac10</load_address>
         <run_address>0x1ac10</run_address>
         <size>0x132</size>
         <input_file_ref idref="fl-dd"/>
      </object_component>
      <object_component id="oc-2a1">
         <name>.debug_info</name>
         <load_address>0x1ad42</load_address>
         <run_address>0x1ad42</run_address>
         <size>0x132</size>
         <input_file_ref idref="fl-de"/>
      </object_component>
      <object_component id="oc-40">
         <name>.debug_info</name>
         <load_address>0x1ae74</load_address>
         <run_address>0x1ae74</run_address>
         <size>0x111</size>
         <input_file_ref idref="fl-e0"/>
      </object_component>
      <object_component id="oc-89">
         <name>.debug_info</name>
         <load_address>0x1af85</load_address>
         <run_address>0x1af85</run_address>
         <size>0x222</size>
         <input_file_ref idref="fl-e1"/>
      </object_component>
      <object_component id="oc-31">
         <name>.debug_info</name>
         <load_address>0x1b1a7</load_address>
         <run_address>0x1b1a7</run_address>
         <size>0x101</size>
         <input_file_ref idref="fl-e1"/>
      </object_component>
      <object_component id="oc-246">
         <name>.debug_info</name>
         <load_address>0x1b2a8</load_address>
         <run_address>0x1b2a8</run_address>
         <size>0x14c</size>
         <input_file_ref idref="fl-e1"/>
      </object_component>
      <object_component id="oc-167">
         <name>.debug_info</name>
         <load_address>0x1b3f4</load_address>
         <run_address>0x1b3f4</run_address>
         <size>0x885</size>
         <input_file_ref idref="fl-e1"/>
      </object_component>
      <object_component id="oc-10d">
         <name>.debug_info</name>
         <load_address>0x1bc79</load_address>
         <run_address>0x1bc79</run_address>
         <size>0x2c</size>
         <input_file_ref idref="fl-e1"/>
      </object_component>
      <object_component id="oc-112">
         <name>.debug_info</name>
         <load_address>0x1bca5</load_address>
         <run_address>0x1bca5</run_address>
         <size>0x62</size>
         <input_file_ref idref="fl-e1"/>
      </object_component>
      <object_component id="oc-4c">
         <name>.debug_info</name>
         <load_address>0x1bd07</load_address>
         <run_address>0x1bd07</run_address>
         <size>0x13f</size>
         <input_file_ref idref="fl-e2"/>
      </object_component>
      <object_component id="oc-57">
         <name>.debug_info</name>
         <load_address>0x1be46</load_address>
         <run_address>0x1be46</run_address>
         <size>0x138</size>
         <input_file_ref idref="fl-e3"/>
      </object_component>
      <object_component id="oc-5d">
         <name>.debug_info</name>
         <load_address>0x1bf7e</load_address>
         <run_address>0x1bf7e</run_address>
         <size>0x148</size>
         <input_file_ref idref="fl-e4"/>
      </object_component>
      <object_component id="oc-23f">
         <name>.debug_info</name>
         <load_address>0x1c0c6</load_address>
         <run_address>0x1c0c6</run_address>
         <size>0x1bb</size>
         <input_file_ref idref="fl-e5"/>
      </object_component>
      <object_component id="oc-161">
         <name>.debug_info</name>
         <load_address>0x1c281</load_address>
         <run_address>0x1c281</run_address>
         <size>0x2e4</size>
         <input_file_ref idref="fl-e5"/>
      </object_component>
      <object_component id="oc-2ee">
         <name>.debug_info</name>
         <load_address>0x1c565</load_address>
         <run_address>0x1c565</run_address>
         <size>0x2c</size>
         <input_file_ref idref="fl-e5"/>
      </object_component>
      <object_component id="oc-75">
         <name>.debug_info</name>
         <load_address>0x1c591</load_address>
         <run_address>0x1c591</run_address>
         <size>0x109</size>
         <input_file_ref idref="fl-e6"/>
      </object_component>
      <object_component id="oc-237">
         <name>.debug_info</name>
         <load_address>0x1c69a</load_address>
         <run_address>0x1c69a</run_address>
         <size>0xea</size>
         <input_file_ref idref="fl-e7"/>
      </object_component>
      <object_component id="oc-15c">
         <name>.debug_info</name>
         <load_address>0x1c784</load_address>
         <run_address>0x1c784</run_address>
         <size>0x22a</size>
         <input_file_ref idref="fl-e7"/>
      </object_component>
      <object_component id="oc-147">
         <name>.debug_info</name>
         <load_address>0x1c9ae</load_address>
         <run_address>0x1c9ae</run_address>
         <size>0x124</size>
         <input_file_ref idref="fl-ea"/>
      </object_component>
      <object_component id="oc-bd">
         <name>.debug_info</name>
         <load_address>0x1cad2</load_address>
         <run_address>0x1cad2</run_address>
         <size>0x113</size>
         <input_file_ref idref="fl-ea"/>
      </object_component>
      <object_component id="oc-140">
         <name>.debug_info</name>
         <load_address>0x1cbe5</load_address>
         <run_address>0x1cbe5</run_address>
         <size>0x21f</size>
         <input_file_ref idref="fl-ea"/>
      </object_component>
      <object_component id="oc-2e3">
         <name>.debug_info</name>
         <load_address>0x1ce04</load_address>
         <run_address>0x1ce04</run_address>
         <size>0x385</size>
         <input_file_ref idref="fl-eb"/>
      </object_component>
      <object_component id="oc-239">
         <name>.debug_info</name>
         <load_address>0x1d189</load_address>
         <run_address>0x1d189</run_address>
         <size>0x1543</size>
         <input_file_ref idref="fl-eb"/>
      </object_component>
      <object_component id="oc-2e9">
         <name>.debug_info</name>
         <load_address>0x1e6cc</load_address>
         <run_address>0x1e6cc</run_address>
         <size>0x86</size>
         <input_file_ref idref="fl-eb"/>
      </object_component>
      <object_component id="oc-34d">
         <name>.debug_info</name>
         <load_address>0x1e752</load_address>
         <run_address>0x1e752</run_address>
         <size>0x46</size>
         <input_file_ref idref="fl-eb"/>
      </object_component>
      <object_component id="oc-2e4">
         <name>.debug_info</name>
         <load_address>0x1e798</load_address>
         <run_address>0x1e798</run_address>
         <size>0x39</size>
         <input_file_ref idref="fl-eb"/>
      </object_component>
      <object_component id="oc-b8">
         <name>.debug_info</name>
         <load_address>0x1e7d1</load_address>
         <run_address>0x1e7d1</run_address>
         <size>0x166</size>
         <input_file_ref idref="fl-ec"/>
      </object_component>
      <object_component id="oc-69">
         <name>.debug_info</name>
         <load_address>0x1e937</load_address>
         <run_address>0x1e937</run_address>
         <size>0x167</size>
         <input_file_ref idref="fl-ec"/>
      </object_component>
      <object_component id="oc-138">
         <name>.debug_info</name>
         <load_address>0x1ea9e</load_address>
         <run_address>0x1ea9e</run_address>
         <size>0x5e</size>
         <input_file_ref idref="fl-ec"/>
      </object_component>
      <object_component id="oc-348">
         <name>.debug_info</name>
         <load_address>0x1eafc</load_address>
         <run_address>0x1eafc</run_address>
         <size>0x114</size>
         <input_file_ref idref="fl-ed"/>
      </object_component>
      <object_component id="oc-2d7">
         <name>.debug_info</name>
         <load_address>0x1ec10</load_address>
         <run_address>0x1ec10</run_address>
         <size>0x171</size>
         <input_file_ref idref="fl-ed"/>
      </object_component>
      <object_component id="oc-b0">
         <name>.debug_info</name>
         <load_address>0x1ed81</load_address>
         <run_address>0x1ed81</run_address>
         <size>0x2e9</size>
         <input_file_ref idref="fl-ee"/>
      </object_component>
      <object_component id="oc-63">
         <name>.debug_info</name>
         <load_address>0x1f06a</load_address>
         <run_address>0x1f06a</run_address>
         <size>0x190</size>
         <input_file_ref idref="fl-ee"/>
      </object_component>
      <object_component id="oc-11e">
         <name>.debug_info</name>
         <load_address>0x1f1fa</load_address>
         <run_address>0x1f1fa</run_address>
         <size>0x39</size>
         <input_file_ref idref="fl-ee"/>
      </object_component>
      <object_component id="oc-123">
         <name>.debug_info</name>
         <load_address>0x1f233</load_address>
         <run_address>0x1f233</run_address>
         <size>0xcd</size>
         <input_file_ref idref="fl-ee"/>
      </object_component>
      <object_component id="oc-11a">
         <name>.debug_info</name>
         <load_address>0x1f300</load_address>
         <run_address>0x1f300</run_address>
         <size>0x1e0</size>
         <input_file_ref idref="fl-ef"/>
      </object_component>
      <object_component id="oc-a4">
         <name>.debug_info</name>
         <load_address>0x1f4e0</load_address>
         <run_address>0x1f4e0</run_address>
         <size>0x183</size>
         <input_file_ref idref="fl-ef"/>
      </object_component>
      <object_component id="oc-1df">
         <name>.debug_info</name>
         <load_address>0x1f663</load_address>
         <run_address>0x1f663</run_address>
         <size>0x2c</size>
         <input_file_ref idref="fl-ef"/>
      </object_component>
      <object_component id="oc-38e">
         <name>.debug_info</name>
         <load_address>0x1f68f</load_address>
[...]
      </symbol>
      <symbol id="sm-4a0">
         <name>CS_getMCLK</name>
         <value>0x4e41</value>
         <object_component_ref idref="oc-1f1"/>
      </symbol>
      <symbol id="sm-4a1">
         <name>CS_clearInterruptFlag</name>
         <value>0x4da9</value>
         <object_component_ref idref="oc-31b"/>
      </symbol>
      <symbol id="sm-4a2">
         <name>CS_startHFXT</name>
         <value>0x4f89</value>
         <object_component_ref idref="oc-25a"/>
      </symbol>
      <symbol id="sm-4a3">
         <name>CS_getDCOFrequency</name>
         <value>0x3de1</value>
         <object_component_ref idref="oc-315"/>
      </symbol>
      <symbol id="sm-4a4">
         <name>CS_setExternalClockSourceFrequency</name>
         <value>0x4ed1</value>
         <object_component_ref idref="oc-254"/>
      </symbol>
      <symbol id="sm-4a5">
         <name>CS_getSMCLK</name>
         <value>0x4e59</value>
         <object_component_ref idref="oc-1f7"/>
      </symbol>
      <symbol id="sm-4a6">
         <name>CS_startHFXTWithTimeout</name>
         <value>0x4449</value>
         <object_component_ref idref="oc-305"/>
      </symbol>
      <symbol id="sm-4a7">
         <name>CS_initClockSignal</name>
         <value>0x42b5</value>
         <object_component_ref idref="oc-260"/>
      </symbol>
      <symbol id="sm-4ea">
         <name>GPIO_setAsInputPin</name>
         <value>0x4d7d</value>
         <object_component_ref idref="oc-16e"/>
      </symbol>
      <symbol id="sm-4eb">
         <name>GPIO_setOutputHighOnPin</name>
         <value>0x4ee5</value>
         <object_component_ref idref="oc-186"/>
      </symbol>
      <symbol id="sm-4ec">
         <name>GPIO_setAsOutputPin</name>
         <value>0x4dcd</value>
         <object_component_ref idref="oc-180"/>
      </symbol>
      <symbol id="sm-4ed">
         <name>GPIO_setOutputLowOnPin</name>
         <value>0x4e71</value>
         <object_component_ref idref="oc-18c"/>
      </symbol>
      <symbol id="sm-4ee">
         <name>GPIO_setAsPeripheralModuleFunctionInputPin</name>
         <value>0x4c41</value>
         <object_component_ref idref="oc-17a"/>
      </symbol>
      <symbol id="sm-505">
         <name>Interrupt_registerInterrupt</name>
         <value>0x4d19</value>
         <object_component_ref idref="oc-203"/>
      </symbol>
      <symbol id="sm-506">
         <name>g_pfnRAMVectors</name>
         <value>0x20000000</value>
         <object_component_ref idref="oc-274"/>
      </symbol>
      <symbol id="sm-539">
         <name>SysCtl_getNMISourceStatus</name>
         <value>0x4f71</value>
         <object_component_ref idref="oc-359"/>
      </symbol>
      <symbol id="sm-53a">
         <name>SysCtl_enableNMISource</name>
         <value>0x4f45</value>
         <object_component_ref idref="oc-36b"/>
      </symbol>
      <symbol id="sm-53b">
         <name>SysCtl_disableNMISource</name>
         <value>0x4f35</value>
         <object_component_ref idref="oc-35f"/>
      </symbol>
      <symbol id="sm-53c">
         <name>SysCtl_getTLVInfo</name>
         <value>0x4b0d</value>
         <object_component_ref idref="oc-379"/>
      </symbol>
      <symbol id="sm-54a">
         <name>WDT_A_holdTimer</name>
         <value>0x4e89</value>
         <object_component_ref idref="oc-128"/>
      </symbol>
      <symbol id="sm-55c">
         <name>_c_int00</name>
         <value>0x4a65</value>
         <object_component_ref idref="oc-26"/>
      </symbol>
      <symbol id="sm-55d">
         <name>__stack</name>
         <value>0x2000fe00</value>
         <object_component_ref idref="oc-2f"/>
      </symbol>
      <symbol id="sm-57b">
         <name>__TI_decompress_lzss</name>
         <value>0x4885</value>
         <object_component_ref idref="oc-14"/>
      </symbol>
      <symbol id="sm-592">
         <name>__TI_decompress_none</name>
         <value>0x4f55</value>
         <object_component_ref idref="oc-1a"/>
      </symbol>
      <symbol id="sm-5a9">
         <name>__TI_zero_init</name>
         <value>0x4f7d</value>
         <object_component_ref idref="oc-20"/>
      </symbol>
      <symbol id="sm-5ca">
         <name>C$$EXIT</name>
         <value>0x4ab9</value>
         <object_component_ref idref="oc-6e"/>
      </symbol>
      <symbol id="sm-5cb">
         <name>abort</name>
         <value>0x4abd</value>
         <object_component_ref idref="oc-6e"/>
      </symbol>
      <symbol id="sm-5cc">
         <name>exit</name>
         <value>0x4ac5</value>
         <object_component_ref idref="oc-6e"/>
      </symbol>
      <symbol id="sm-5cd">
         <name>__TI_dtors_ptr</name>
         <value>0x20000644</value>
         <object_component_ref idref="oc-b9"/>
      </symbol>
      <symbol id="sm-5ce">
         <name>__TI_cleanup_ptr</name>
         <value>0x20000640</value>
         <object_component_ref idref="oc-b9"/>
      </symbol>
      <symbol id="sm-5cf">
         <name>__TI_enable_exit_profile_output</name>
         <value>0x20000648</value>
         <object_component_ref idref="oc-b9"/>
      </symbol>
      <symbol id="sm-5e6">
         <name>__aeabi_dsub</name>
         <value>0x3af5</value>
         <object_component_ref idref="oc-2bf"/>
      </symbol>
      <symbol id="sm-5e7">
         <name>__aeabi_dadd</name>
         <value>0x3aff</value>
         <object_component_ref idref="oc-2bf"/>
      </symbol>
      <symbol id="sm-5fb">
         <name>__aeabi_ddiv</name>
         <value>0x3cab</value>
         <object_component_ref idref="oc-2a5"/>
      </symbol>
      <symbol id="sm-606">
         <name>__aeabi_dmul</name>
         <value>0x3ee5</value>
         <object_component_ref idref="oc-2a0"/>
      </symbol>
      <symbol id="sm-622">
         <name>memcpy</name>
         <value>0x4581</value>
         <object_component_ref idref="oc-3e"/>
      </symbol>
      <symbol id="sm-623">
         <name>__aeabi_memcpy</name>
         <value>0x4581</value>
         <object_component_ref idref="oc-3e"/>
      </symbol>
      <symbol id="sm-624">
         <name>__aeabi_memcpy8</name>
         <value>0x4581</value>
         <object_component_ref idref="oc-3e"/>
      </symbol>
      <symbol id="sm-625">
         <name>__aeabi_memcpy4</name>
         <value>0x4581</value>
         <object_component_ref idref="oc-3e"/>
      </symbol>
      <symbol id="sm-699">
         <name>_sys_memory</name>
         <value>0x200000e8</value>
         <object_component_ref idref="oc-30"/>
      </symbol>
      <symbol id="sm-69a">
         <name>free</name>
         <value>0x2ba7</value>
         <object_component_ref idref="oc-166"/>
      </symbol>
      <symbol id="sm-69b">
         <name>realloc</name>
         <value>0x2c69</value>
         <object_component_ref idref="oc-166"/>
      </symbol>
      <symbol id="sm-69c">
         <name>memalign</name>
         <value>0x2d71</value>
         <object_component_ref idref="oc-166"/>
      </symbol>
      <symbol id="sm-69d">
         <name>calloc</name>
         <value>0x2e5d</value>
         <object_component_ref idref="oc-166"/>
      </symbol>
      <symbol id="sm-69e">
         <name>malloc</name>
         <value>0x2b3d</value>
         <object_component_ref idref="oc-166"/>
      </symbol>
      <symbol id="sm-69f">
         <name>minit</name>
         <value>0x2abd</value>
         <object_component_ref idref="oc-166"/>
      </symbol>
      <symbol id="sm-6ae">
         <name>__aeabi_memset</name>
         <value>0x472b</value>
         <object_component_ref idref="oc-4a"/>
      </symbol>
      <symbol id="sm-6af">
         <name>memset</name>
         <value>0x4731</value>
         <object_component_ref idref="oc-4a"/>
      </symbol>
      <symbol id="sm-6b0">
         <name>__aeabi_memset8</name>
         <value>0x472b</value>
         <object_component_ref idref="oc-4a"/>
      </symbol>
      <symbol id="sm-6b1">
         <name>__aeabi_memset4</name>
         <value>0x472b</value>
         <object_component_ref idref="oc-4a"/>
      </symbol>
      <symbol id="sm-6b2">
         <name>__aeabi_memclr8</name>
         <value>0x4729</value>
         <object_component_ref idref="oc-4a"/>
      </symbol>
      <symbol id="sm-6b3">
         <name>__aeabi_memclr4</name>
         <value>0x4729</value>
         <object_component_ref idref="oc-4a"/>
      </symbol>
      <symbol id="sm-6b4">
         <name>__aeabi_memclr</name>
         <value>0x4729</value>
         <object_component_ref idref="oc-4a"/>
      </symbol>
      <symbol id="sm-6be">
         <name>__mpu_init</name>
         <value>0x25bf</value>
         <object_component_ref idref="oc-56"/>
      </symbol>
      <symbol id="sm-6c8">
         <name>_system_pre_init</name>
         <value>0x4f8f</value>
         <object_component_ref idref="oc-5c"/>
      </symbol>
      <symbol id="sm-6e1">
         <name>sprintf</name>
         <value>0x4951</value>
         <object_component_ref idref="oc-160"/>
      </symbol>
      <symbol id="sm-6e9">
         <name>main_func_sp</name>
         <value>0x2000066c</value>
         <object_component_ref idref="oc-74"/>
      </symbol>
      <symbol id="sm-6f7">
         <name>strlen</name>
         <value>0x4f21</value>
         <object_component_ref idref="oc-15a"/>
      </symbol>
      <symbol id="sm-712">
         <name>_nop</name>
         <value>0x4f07</value>
         <object_component_ref idref="oc-13f"/>
      </symbol>
      <symbol id="sm-713">
         <name>_lock</name>
         <value>0x20000658</value>
         <object_component_ref idref="oc-bc"/>
      </symbol>
      <symbol id="sm-714">
         <name>_unlock</name>
         <value>0x2000065c</value>
         <object_component_ref idref="oc-bc"/>
      </symbol>
      <symbol id="sm-715">
         <name>_register_lock</name>
         <value>0x4eff</value>
         <object_component_ref idref="oc-13f"/>
      </symbol>
      <symbol id="sm-716">
         <name>_register_unlock</name>
         <value>0x4ef9</value>
         <object_component_ref idref="oc-13f"/>
      </symbol>
      <symbol id="sm-817">
         <name>__TI_printfi</name>
         <value>0x1cc5</value>
         <object_component_ref idref="oc-238"/>
      </symbol>
      <symbol id="sm-82b">
         <name>_args_main</name>
         <value>0x4ea1</value>
         <object_component_ref idref="oc-68"/>
      </symbol>
      <symbol id="sm-841">
         <name>atoi</name>
         <value>0x4ba9</value>
         <object_component_ref idref="oc-2d6"/>
      </symbol>
      <symbol id="sm-866">
         <name>__TI_auto_init</name>
         <value>0x4815</value>
         <object_component_ref idref="oc-62"/>
      </symbol>
      <symbol id="sm-880">
         <name>copy_in</name>
         <value>0x4bf5</value>
         <object_component_ref idref="oc-a3"/>
      </symbol>
      <symbol id="sm-88b">
         <name>_ctypes_</name>
         <value>0x568f</value>
         <object_component_ref idref="oc-344"/>
      </symbol>
      <symbol id="sm-8ad">
         <name>__aeabi_cdcmpeq</name>
         <value>0x461d</value>
         <object_component_ref idref="oc-29b"/>
      </symbol>
      <symbol id="sm-8ae">
         <name>__aeabi_cdcmple</name>
         <value>0x461d</value>
         <object_component_ref idref="oc-29b"/>
      </symbol>
      <symbol id="sm-8af">
         <name>__aeabi_cdrcmple</name>
         <value>0x46a3</value>
         <object_component_ref idref="oc-2aa"/>
      </symbol>
      <symbol id="sm-8b9">
         <name>__aeabi_d2iz</name>
         <value>0x4cd1</value>
         <object_component_ref idref="oc-2af"/>
      </symbol>
      <symbol id="sm-8c3">
         <name>__aeabi_i2d</name>
         <value>0x4d4d</value>
         <object_component_ref idref="oc-2ba"/>
      </symbol>
      <symbol id="sm-8d2">
         <name>ltoa</name>
         <value>0x4a0d</value>
         <object_component_ref idref="oc-2b4"/>
      </symbol>
      <symbol id="sm-8e2">
         <name>memccpy</name>
         <value>0x4e0d</value>
         <object_component_ref idref="oc-2dc"/>
      </symbol>
      <symbol id="sm-8fd">
         <name>frexpl</name>
         <value>0x48ed</value>
         <object_component_ref idref="oc-2c4"/>
      </symbol>
      <symbol id="sm-8fe">
         <name>frexp</name>
         <value>0x48ed</value>
         <object_component_ref idref="oc-2c4"/>
      </symbol>
      <symbol id="sm-91b">
         <name>scalbn</name>
         <value>0x3fe1</value>
         <object_component_ref idref="oc-2ca"/>
      </symbol>
      <symbol id="sm-91c">
         <name>scalbnl</name>
         <value>0x3fe1</value>
         <object_component_ref idref="oc-2ca"/>
      </symbol>
      <symbol id="sm-91d">
         <name>ldexpl</name>
         <value>0x3fe1</value>
         <object_component_ref idref="oc-2ca"/>
      </symbol>
      <symbol id="sm-91e">
         <name>ldexp</name>
         <value>0x3fe1</value>
         <object_component_ref idref="oc-2ca"/>
      </symbol>
      <symbol id="sm-928">
         <name>_system_post_cinit</name>
         <value>0x42b3</value>
         <object_component_ref idref="oc-a9"/>
      </symbol>
      <symbol id="sm-938">
         <name>strchr</name>
         <value>0x4eb9</value>
         <object_component_ref idref="oc-2d0"/>
      </symbol>
      <symbol id="sm-954">
         <name>__aeabi_uldivmod</name>
         <value>0x3731</value>
         <object_component_ref idref="oc-296"/>
      </symbol>
      <symbol id="sm-95c">
         <name>errno</name>
         <value>0x20000668</value>
         <object_component_ref idref="oc-33d"/>
      </symbol>
      <symbol id="sm-966">
         <name>copysign</name>
         <value>0x4f0d</value>
         <object_component_ref idref="oc-337"/>
      </symbol>
      <symbol id="sm-967">
         <name>copysignl</name>
         <value>0x4f0d</value>
         <object_component_ref idref="oc-337"/>
      </symbol>
      <symbol id="sm-968">
         <name>__TI_static_base__</name>
         <value>0x0</value>
      </symbol>
      <symbol id="sm-96b">
         <name>SHT$$INIT_ARRAY$$Limit</name>
         <value>0x0</value>
      </symbol>
      <symbol id="sm-96c">
         <name>SHT$$INIT_ARRAY$$Base</name>
         <value>0x0</value>
      </symbol>
      <symbol id="sm-96d">
         <name>NMI_Handler</name>
         <value>0x4f6f</value>
      </symbol>
      <symbol id="sm-96e">
         <name>HardFault_Handler</name>
         <value>0x4f6f</value>
      </symbol>
      <symbol id="sm-96f">
         <name>MemManage_Handler</name>
         <value>0x4f6f</value>
      </symbol>
      <symbol id="sm-970">
         <name>BusFault_Handler</name>
         <value>0x4f6f</value>
      </symbol>
      <symbol id="sm-971">
         <name>UsageFault_Handler</name>
         <value>0x4f6f</value>
      </symbol>
      <symbol id="sm-972">
         <name>SVC_Handler</name>
         <value>0x4f6f</value>
      </symbol>
      <symbol id="sm-973">
         <name>DebugMon_Handler</name>
         <value>0x4f6f</value>
      </symbol>
      <symbol id="sm-974">
         <name>PendSV_Handler</name>
         <value>0x4f6f</value>
      </symbol>
      <symbol id="sm-975">
         <name>SysTick_Handler</name>
         <value>0x4f6f</value>
      </symbol>
      <symbol id="sm-976">
         <name>PSS_IRQHandler</name>
         <value>0x4f6f</value>
      </symbol>
      <symbol id="sm-977">
         <name>CS_IRQHandler</name>
         <value>0x4f6f</value>
      </symbol>
      <symbol id="sm-978">
         <name>PCM_IRQHandler</name>
         <value>0x4f6f</value>
      </symbol>
      <symbol id="sm-979">
         <name>WDT_A_IRQHandler</name>
         <value>0x4f6f</value>
      </symbol>
      <symbol id="sm-97a">
         <name>FPU_IRQHandler</name>
         <value>0x4f6f</value>
      </symbol>
      <symbol id="sm-97b">
         <name>FLCTL_IRQHandler</name>
         <value>0x4f6f</value>
      </symbol>
      <symbol id="sm-97c">
         <name>COMP_E0_IRQHandler</name>
         <value>0x4f6f</value>
      </symbol>
      <symbol id="sm-97d">
         <name>COMP_E1_IRQHandler</name>
         <value>0x4f6f</value>
      </symbol>
      <symbol id="sm-97e">
         <name>TA0_0_IRQHandler</name>
         <value>0x3a8b</value>
      </symbol>
      <symbol id="sm-97f">
         <name>TA0_N_IRQHandler</name>
         <value>0x4f6f</value>
      </symbol>
      <symbol id="sm-980">
         <name>TA1_0_IRQHandler</name>
         <value>0x4f6f</value>
      </symbol>
      <symbol id="sm-981">
         <name>TA1_N_IRQHandler</name>
         <value>0x4f6f</value>
      </symbol>
      <symbol id="sm-982">
         <name>TA2_0_IRQHandler</name>
         <value>0x4f6f</value>
      </symbol>
      <symbol id="sm-983">
         <name>TA2_N_IRQHandler</name>
         <value>0x4f6f</value>
      </symbol>
      <symbol id="sm-984">
         <name>TA3_0_IRQHandler</name>
         <value>0x4f6f</value>
      </symbol>
      <symbol id="sm-985">
         <name>TA3_N_IRQHandler</name>
         <value>0x4f6f</value>
      </symbol>
      <symbol id="sm-986">
         <name>EUSCIA0_IRQHandler</name>
         <value>0x4f6f</value>
      </symbol>
      <symbol id="sm-987">
         <name>EUSCIA1_IRQHandler</name>
         <value>0x4f6f</value>
      </symbol>
      <symbol id="sm-988">
         <name>EUSCIA2_IRQHandler</name>
         <value>0x4f6f</value>
      </symbol>
      <symbol id="sm-989">
         <name>EUSCIA3_IRQHandler</name>
         <value>0x4f6f</value>
      </symbol>
      <symbol id="sm-98a">
         <name>EUSCIB0_IRQHandler</name>
         <value>0x4f6f</value>
      </symbol>
      <symbol id="sm-98b">
         <name>EUSCIB1_IRQHandler</name>
         <value>0x4f6f</value>
      </symbol>
      <symbol id="sm-98c">
         <name>EUSCIB2_IRQHandler</name>
         <value>0x4f6f</value>
      </symbol>
      <symbol id="sm-98d">
         <name>EUSCIB3_IRQHandler</name>
         <value>0x4f6f</value>
      </symbol>
      <symbol id="sm-98e">
         <name>ADC14_IRQHandler</name>
         <value>0x4f6f</value>
      </symbol>
      <symbol id="sm-98f">
         <name>T32_INT1_IRQHandler</name>
         <value>0x4f6f</value>
      </symbol>
      <symbol id="sm-990">
         <name>T32_INT2_IRQHandler</name>
         <value>0x4f6f</value>
      </symbol>
      <symbol id="sm-991">
         <name>T32_INTC_IRQHandler</name>
         <value>0x4f6f</value>
      </symbol>
      <symbol id="sm-992">
         <name>AES256_IRQHandler</name>
         <value>0x4f6f</value>
      </symbol>
      <symbol id="sm-993">
         <name>RTC_C_IRQHandler</name>
         <value>0x4f6f</value>
      </symbol>
      <symbol id="sm-994">
         <name>DMA_ERR_IRQHandler</name>
         <value>0x4f6f</value>
      </symbol>
      <symbol id="sm-995">
         <name>DMA_INT3_IRQHandler</name>
         <value>0x4f6f</value>
      </symbol>
      <symbol id="sm-996">
         <name>DMA_INT2_IRQHandler</name>
         <value>0x4f6f</value>
      </symbol>
      <symbol id="sm-997">
         <name>DMA_INT1_IRQHandler</name>
         <value>0x4f6f</value>
      </symbol>
      <symbol id="sm-998">
         <name>DMA_INT0_IRQHandler</name>
         <value>0x4f6f</value>
      </symbol>
      <symbol id="sm-999">
         <name>PORT1_IRQHandler</name>
         <value>0x4f6f</value>
      </symbol>
      <symbol id="sm-99a">
         <name>PORT2_IRQHandler</name>
         <value>0x4f6f</value>
      </symbol>
      <symbol id="sm-99b">
         <name>PORT3_IRQHandler</name>
         <value>0x4f6f</value>
      </symbol>
      <symbol id="sm-99c">
         <name>PORT4_IRQHandler</name>
         <value>0x4f6f</value>
      </symbol>
      <symbol id="sm-99d">
         <name>PORT5_IRQHandler</name>
         <value>0x4f6f</value>
      </symbol>
      <symbol id="sm-99e">
         <name>PORT6_IRQHandler</name>
         <value>0x4f6f</value>
      </symbol>
   </symbol_table>
   <title>Link successful</title>
</link_info>
