******************************************************************************
                  TI ARM Linker PC v16.6.0                     
******************************************************************************
>> Linked Mon Nov 21 19:29:08 2016

OUTPUT FILE NAME:   <SecuritySystem.out>
ENTRY POINT SYMBOL: "_c_int00"  address: 0000288d


MEMORY CONFIGURATION

         name            origin    length      used     unused   attr    fill
----------------------  --------  ---------  --------  --------  ----  --------
  MAIN                  00000000   00040000  00002f13  0003d0ed  R  X
  INFO                  00200000   00004000  00000000  00004000  R  X
  SRAM_CODE             01000000   00010000  000002d4  0000fd2c  RW X
  SRAM_DATA             20000000   00010000  000002d4  0000fd2c  RW  


SEGMENT ALLOCATION MAP

run origin  load origin   length   init length attrs members
----------  ----------- ---------- ----------- ----- -------
00000000    00000000    00002f18   00002f18    r-x
  00000000    00000000    000000e4   000000e4    r-- .intvecs
  000000e4    000000e4    00002cc6   00002cc6    r-x .text
  00002daa    00002daa    00000101   00000101    r-- .const
  00002eb0    00002eb0    00000068   00000068    r-- .cinit
20000000    20000000    000000d4   00000000    rw-
  20000000    20000000    00000084   00000000    rw- .bss
  20000084    20000084    00000050   00000000    rw- .data
2000fe00    2000fe00    00000200   00000000    rw-
  2000fe00    2000fe00    00000200   00000000    rw- .stack


SECTION ALLOCATION MAP

 output                                  attributes/
section   page    origin      length       input sections
--------  ----  ----------  ----------   ----------------
.intvecs   0    00000000    000000e4     
                  00000000    000000e4     startup_msp432p401r_ccs.obj (.intvecs:retain)

.binit     0    00000000    00000000     

.text      0    000000e4    00002cc6     
                  000000e4    00001142     rtsv7M4_T_le_v4SPD16_eabi.lib : _printfi.obj (.text)
                  00001226    00000002                                   : mpu_init.obj (.text)
                  00001228    0000032c     system_msp432p401r.obj (.text)
                  00001554    00000250     Wireless.obj (.text)
                  000017a4    000001f4     rtsv7M4_T_le_v4SPD16_eabi.lib : ull_div_t2.obj (.text)
                  00001998    000001b6                                   : fd_add_t2.obj (.text)
                  00001b4e    00000136                                   : fd_div_t2.obj (.text)
                  00001c84    00000124     UART.obj (.text)
                  00001da8    00000104     msp432p4xx_driverlib.lib : cs.o (.text:CS_getDCOFrequency)
                  00001eac    000000fc     rtsv7M4_T_le_v4SPD16_eabi.lib : fd_mul_t2.obj (.text)
                  00001fa8    000000fc                                   : s_scalbn.obj (.text)
                  000020a4    000000d0     Clock.obj (.text)
                  00002174    0000009c     msp432p4xx_driverlib.lib : cs.o (.text:CS_startHFXTWithTimeout)
                  00002210    0000009c                              : cs.o (.text:_CSComputeCLKFrequency)
                  000022ac    0000009c     rtsv7M4_T_le_v4SPD16_eabi.lib : memcpy_t2.obj (.text)
                  00002348    00000090     AmbientLight.obj (.text)
                  000023d8    00000086     rtsv7M4_T_le_v4SPD16_eabi.lib : fd_cmp_t2.obj (.text:__aeabi_cdcmple)
                  0000245e    00000086                                   : fd_cmp_t2.obj (.text:__aeabi_cdrcmple)
                  000024e4    0000007a                                   : memset_t2.obj (.text)
                  0000255e    00000002                                   : startup.obj (.text)
                  00002560    00000070     msp432p4xx_driverlib.lib : cs.o (.text:_CSGetHFXTFrequency)
                  000025d0    00000070     rtsv7M4_T_le_v4SPD16_eabi.lib : autoinit.obj (.text)
                  00002640    00000068     ADC.obj (.text)
                  000026a8    00000066     rtsv7M4_T_le_v4SPD16_eabi.lib : copy_decompress_lzss.obj (.text:decompress:lzss)
                  0000270e    00000002     --HOLE-- [fill = 0]
                  00002710    00000064                                   : s_frexp.obj (.text)
                  00002774    00000060     main.obj (.text)
                  000027d4    00000060     rtsv7M4_T_le_v4SPD16_eabi.lib : sprintf.obj (.text)
                  00002834    00000056                                   : ltoa.obj (.text)
                  0000288a    00000002     --HOLE-- [fill = 0]
                  0000288c    00000054                                   : boot.obj (.text)
                  000028e0    00000054                                   : exit.obj (.text)
                  00002934    00000050     msp432p4xx_driverlib.lib : sysctl.o (.text:SysCtl_getTLVInfo)
                  00002984    0000004c                              : cs.o (.text:_CSGetDOCFrequency)
                  000029d0    0000004c     rtsv7M4_T_le_v4SPD16_eabi.lib : atoi.obj (.text)
                  00002a1c    0000004c                                   : cpy_tbl.obj (.text)
                  00002a68    00000048     msp432p4xx_driverlib.lib : gpio.o (.text:GPIO_setAsPeripheralModuleFunctionInputPin)
                  00002ab0    00000048                              : cs.o (.text:_CSGetDividerValue)
                  00002af8    00000048     rtsv7M4_T_le_v4SPD16_eabi.lib : fd_toi_t2.obj (.text)
                  00002b40    00000044                                   : fd_tou_t2.obj (.text)
                  00002b84    00000034                                   : strstr.obj (.text)
                  00002bb8    0000002e                                   : i_tofd_t2.obj (.text)
                  00002be6    00000002     --HOLE-- [fill = 0]
                  00002be8    00000024     msp432p4xx_driverlib.lib : cs.o (.text:CS_clearInterruptFlag)
                  00002c0c    00000024                              : uart.o (.text:UART_receiveData)
                  00002c30    00000020     rtsv7M4_T_le_v4SPD16_eabi.lib : u_tofd_t2.obj (.text)
                  00002c50    0000001c                                   : memccpy.obj (.text)
                  00002c6c    00000018     msp432p4xx_driverlib.lib : cs.o (.text:CS_getACLK)
                  00002c84    00000018                              : cs.o (.text:CS_getMCLK)
                  00002c9c    00000018                              : cs.o (.text:CS_getSMCLK)
                  00002cb4    00000018                              : wdt_a.o (.text:WDT_A_holdTimer)
                  00002ccc    00000018     rtsv7M4_T_le_v4SPD16_eabi.lib : args_main.obj (.text)
                  00002ce4    00000016                                   : strchr.obj (.text)
                  00002cfa    00000002     --HOLE-- [fill = 0]
                  00002cfc    00000014     msp432p4xx_driverlib.lib : cs.o (.text:CS_setExternalClockSourceFrequency)
                  00002d10    00000014     rtsv7M4_T_le_v4SPD16_eabi.lib : _lock.obj (.text)
                  00002d24    00000014                                   : s_copysign.obj (.text)
                  00002d38    00000014                                   : strlen.obj (.text)
                  00002d4c    00000010     msp432p4xx_driverlib.lib : sysctl.o (.text:SysCtl_disableNMISource)
                  00002d5c    00000010                              : sysctl.o (.text:SysCtl_enableNMISource)
                  00002d6c    0000000e     rtsv7M4_T_le_v4SPD16_eabi.lib : copy_decompress_none.obj (.text:decompress:none)
                  00002d7a    0000000e     startup_msp432p401r_ccs.obj (.text)
                  00002d88    0000000c     msp432p4xx_driverlib.lib : sysctl.o (.text:SysCtl_getNMISourceStatus)
                  00002d94    0000000c     rtsv7M4_T_le_v4SPD16_eabi.lib : copy_zero_init.obj (.text:decompress:ZI)
                  00002da0    00000006     msp432p4xx_driverlib.lib : cs.o (.text:CS_startHFXT)
                  00002da6    00000004     rtsv7M4_T_le_v4SPD16_eabi.lib : pre_init.obj (.text)

.const     0    00002daa    00000101     
                  00002daa    00000101     rtsv7M4_T_le_v4SPD16_eabi.lib : ctype.obj (.const:.string:_ctypes_)

.cinit     0    00002eb0    00000068     
                  00002eb0    0000003d     (.cinit..data.load) [load image, compression = lzss]
                  00002eed    00000003     --HOLE-- [fill = 0]
                  00002ef0    0000000c     (__TI_handler_table)
                  00002efc    00000004     --HOLE-- [fill = 0]
                  00002f00    00000008     (.cinit..bss.load) [load image, compression = zero_init]
                  00002f08    00000010     (__TI_cinit_table)

.init_array 
*          0    00000000    00000000     UNINITIALIZED

.bss       0    20000000    00000084     UNINITIALIZED
                  20000000    00000050     (.common:SensorReadings)
                  20000050    00000020     Wireless.obj (.bss:Stream$2)
                  20000070    00000004     (.common:ACLKClockSpeed)
                  20000074    00000004     (.common:MCLKClockSpeed)
                  20000078    00000004     (.common:SMCLKClockSpeed)
                  2000007c    00000004     (.common:hfxtFreq)
                  20000080    00000004     (.common:lfxtFreq)

.data      0    20000084    00000050     UNINITIALIZED
                  20000084    00000030     msp432p4xx_driverlib.lib : gpio.o (.data:GPIO_PORT_TO_BASE)
                  200000b4    0000000c     rtsv7M4_T_le_v4SPD16_eabi.lib : exit.obj (.data:$O1$$)
                  200000c0    00000008                                   : _lock.obj (.data:$O1$$)
                  200000c8    00000004                                   : errno.obj (.data)
                  200000cc    00000004                                   : stkdepth_vars.obj (.data)
                  200000d0    00000004     system_msp432p401r.obj (.data)

.stack     0    2000fe00    00000200     UNINITIALIZED
                  2000fe00    00000200     --HOLE--

MODULE SUMMARY

       Module                        code    ro data   rw data
       ------                        ----    -------   -------
    .\
       system_msp432p401r.obj        812     0         8      
       main.obj                      96      0         184    
       startup_msp432p401r_ccs.obj   14      228       0      
    +--+-----------------------------+-------+---------+---------+
       Total:                        922     228       192    
                                                              
    .\Modules\
       Wireless.obj                  592     0         64     
       Clock.obj                     208     0         0      
       AmbientLight.obj              144     0         0      
    +--+-----------------------------+-------+---------+---------+
       Total:                        944     0         64     
                                                              
    .\Protocols\
       UART.obj                      292     0         0      
       ADC.obj                       104     0         0      
    +--+-----------------------------+-------+---------+---------+
       Total:                        396     0         0      
                                                              
    ../msp432p4xx_driverlib.lib
       cs.o                          966     0         16     
       gpio.o                        72      0         96     
       sysctl.o                      124     0         0      
       uart.o                        36      0         0      
       wdt_a.o                       24      0         0      
    +--+-----------------------------+-------+---------+---------+
       Total:                        1222    0         112    
                                                              
    C:\ti\ccsv6\tools\compiler\ti-cgt-arm_16.6.0.STS\lib\rtsv7M4_T_le_v4SPD16_eabi.lib
       _printfi.obj                  4418    0         0      
       ull_div_t2.obj                500     0         0      
       fd_add_t2.obj                 438     0         0      
       fd_div_t2.obj                 310     0         0      
       fd_cmp_t2.obj                 268     0         0      
       ctype.obj                     0       257       0      
       fd_mul_t2.obj                 252     0         0      
       s_scalbn.obj                  252     0         0      
       memcpy_t2.obj                 156     0         0      
       memset_t2.obj                 122     0         0      
       autoinit.obj                  112     0         0      
       exit.obj                      84      0         24     
       copy_decompress_lzss.obj      102     0         0      
       s_frexp.obj                   100     0         0      
       sprintf.obj                   96      0         0      
       ltoa.obj                      86      0         0      
       boot.obj                      84      0         0      
       atoi.obj                      76      0         0      
       cpy_tbl.obj                   76      0         0      
       fd_toi_t2.obj                 72      0         0      
       fd_tou_t2.obj                 68      0         0      
       strstr.obj                    52      0         0      
       i_tofd_t2.obj                 46      0         0      
       _lock.obj                     20      0         16     
       u_tofd_t2.obj                 32      0         0      
       memccpy.obj                   28      0         0      
       args_main.obj                 24      0         0      
       strchr.obj                    22      0         0      
       s_copysign.obj                20      0         0      
       strlen.obj                    20      0         0      
       copy_decompress_none.obj      14      0         0      
       copy_zero_init.obj            12      0         0      
       errno.obj                     0       0         8      
       stkdepth_vars.obj             0       0         8      
       pre_init.obj                  4       0         0      
       mpu_init.obj                  2       0         0      
       startup.obj                   2       0         0      
    +--+-----------------------------+-------+---------+---------+
       Total:                        7970    257       56     
                                                              
       Stack:                        0       0         1024   
       Linker Generated:             0       97        0      
    +--+-----------------------------+-------+---------+---------+
       Grand Total:                  11454   582       1448   


LINKER GENERATED COPY TABLES

__TI_cinit_table @ 00002f08 records: 2, size/record: 8, table size: 16
	.data: load addr=00002eb0, load size=0000003d bytes, run addr=20000084, run size=00000050 bytes, compression=lzss
	.bss: load addr=00002f00, load size=00000008 bytes, run addr=20000000, run size=00000084 bytes, compression=zero_init


LINKER GENERATED HANDLER TABLE

__TI_handler_table @ 00002ef0 records: 3, size/record: 4, table size: 12
	index: 0, handler: __TI_decompress_lzss
	index: 1, handler: __TI_decompress_none
	index: 2, handler: __TI_zero_init


GLOBAL SYMBOLS: SORTED ALPHABETICALLY BY Name 

address   name                                      
-------   ----                                      
20000070  ACLKClockSpeed                            
00002d87  ADC14_IRQHandler                          
00002641  ADC_Init                                  
00002d87  AES256_IRQHandler                         
00002349  AmbientLight_Module_Read                  
00002d87  BusFault_Handler                          
000028e1  C$$EXIT                                   
00002d87  COMP_E0_IRQHandler                        
00002d87  COMP_E1_IRQHandler                        
00002d87  CS_IRQHandler                             
00002be9  CS_clearInterruptFlag                     
00002c6d  CS_getACLK                                
00001da9  CS_getDCOFrequency                        
00002c85  CS_getMCLK                                
00002c9d  CS_getSMCLK                               
00002cfd  CS_setExternalClockSourceFrequency        
00002da1  CS_startHFXT                              
00002175  CS_startHFXTWithTimeout                   
000020a5  Clock_Init48MHz                           
00002d87  DMA_ERR_IRQHandler                        
00002d87  DMA_INT0_IRQHandler                       
00002d87  DMA_INT1_IRQHandler                       
00002d87  DMA_INT2_IRQHandler                       
00002d87  DMA_INT3_IRQHandler                       
00002d87  DebugMon_Handler                          
00002d87  Default_Handler                           
00002d87  EUSCIA0_IRQHandler                        
00002d87  EUSCIA1_IRQHandler                        
00002d87  EUSCIA2_IRQHandler                        
00002d87  EUSCIA3_IRQHandler                        
00002d87  EUSCIB0_IRQHandler                        
00002d87  EUSCIB1_IRQHandler                        
00002d87  EUSCIB2_IRQHandler                        
00002d87  EUSCIB3_IRQHandler                        
00002d87  FLCTL_IRQHandler                          
00002d87  FPU_IRQHandler                            
00002a69  GPIO_setAsPeripheralModuleFunctionInputPin
00002d87  HardFault_Handler                         
0000279d  InitializeModules                         
20000074  MCLKClockSpeed                            
00002d87  MemManage_Handler                         
00002d87  NMI_Handler                               
00002d87  PCM_IRQHandler                            
00002d87  PORT1_IRQHandler                          
00002d87  PORT2_IRQHandler                          
00002d87  PORT3_IRQHandler                          
00002d87  PORT4_IRQHandler                          
00002d87  PORT5_IRQHandler                          
00002d87  PORT6_IRQHandler                          
00002d87  PSS_IRQHandler                            
0000161d  PatternCheck                              
00002d87  PendSV_Handler                            
00002d87  RTC_C_IRQHandler                          
00002d7b  Reset_Handler                             
UNDEFED   SHT$$INIT_ARRAY$$Base                     
UNDEFED   SHT$$INIT_ARRAY$$Limit                    
20000078  SMCLKClockSpeed                           
00002d87  SVC_Handler                               
00001599  SendPostRequest                           
20000000  SensorReadings                            
00002d4d  SysCtl_disableNMISource                   
00002d5d  SysCtl_enableNMISource                    
00002d89  SysCtl_getNMISourceStatus                 
00002935  SysCtl_getTLVInfo                         
00002d87  SysTick_Handler                           
0000210f  SysTick_Init                              
0000212b  SysTick_delay                             
200000d0  SystemCoreClock                           
00001229  SystemCoreClockUpdate                     
0000149d  SystemInit                                
00002d87  T32_INT1_IRQHandler                       
00002d87  T32_INT2_IRQHandler                       
00002d87  T32_INTC_IRQHandler                       
00002d87  TA0_0_IRQHandler                          
00002d87  TA0_N_IRQHandler                          
00002d87  TA1_0_IRQHandler                          
00002d87  TA1_N_IRQHandler                          
00002d87  TA2_0_IRQHandler                          
00002d87  TA2_N_IRQHandler                          
00002d87  TA3_0_IRQHandler                          
00002d87  TA3_N_IRQHandler                          
00001c85  UART_Init                                 
00001ccb  UART_OutChar                              
00001d13  UART_OutString                            
00002c0d  UART_receiveData                          
00002d87  UsageFault_Handler                        
4000480c  WDTCTL_SYM                                
00002d87  WDT_A_IRQHandler                          
00002cb5  WDT_A_holdTimer                           
00001d03  WireLess_In                               
00001ce7  WireLess_Out                              
00001d45  WireLess_OutString                        
00001555  Wireless_Init                             
20010000  __STACK_END                               
00000200  __STACK_SIZE                              
00002f08  __TI_CINIT_Base                           
00002f18  __TI_CINIT_Limit                          
00002ef0  __TI_Handler_Table_Base                   
00002efc  __TI_Handler_Table_Limit                  
000025d1  __TI_auto_init                            
200000b4  __TI_cleanup_ptr                          
000026a9  __TI_decompress_lzss                      
00002d6d  __TI_decompress_none                      
200000b8  __TI_dtors_ptr                            
200000bc  __TI_enable_exit_profile_output           
ffffffff  __TI_pprof_out_hndl                       
0000092d  __TI_printfi                              
ffffffff  __TI_prof_data_size                       
ffffffff  __TI_prof_data_start                      
00000000  __TI_static_base__                        
00002d95  __TI_zero_init                            
000023d9  __aeabi_cdcmpeq                           
000023d9  __aeabi_cdcmple                           
0000245f  __aeabi_cdrcmple                          
00002af9  __aeabi_d2iz                              
00002b41  __aeabi_d2uiz                             
000019a3  __aeabi_dadd                              
00001b4f  __aeabi_ddiv                              
00001ead  __aeabi_dmul                              
00001999  __aeabi_dsub                              
00002bb9  __aeabi_i2d                               
000024e5  __aeabi_memclr                            
000024e5  __aeabi_memclr4                           
000024e5  __aeabi_memclr8                           
000022ad  __aeabi_memcpy                            
000022ad  __aeabi_memcpy4                           
000022ad  __aeabi_memcpy8                           
000024e7  __aeabi_memset                            
000024e7  __aeabi_memset4                           
000024e7  __aeabi_memset8                           
00002c31  __aeabi_ui2d                              
000017a5  __aeabi_uldivmod                          
ffffffff  __binit__                                 
ffffffff  __c_args__                                
00001227  __mpu_init                                
2000fe00  __stack                                   
00002ccd  _args_main                                
0000288d  _c_int00                                  
00002daa  _ctypes_                                  
200000c0  _lock                                     
00002d1f  _nop                                      
00002d17  _register_lock                            
00002d11  _register_unlock                          
0000255f  _system_post_cinit                        
00002da7  _system_pre_init                          
200000c4  _unlock                                   
000028e5  abort                                     
000029d1  atoi                                      
ffffffff  binit                                     
00002a1d  copy_in                                   
00002d25  copysign                                  
00002d25  copysignl                                 
200000c8  errno                                     
000028ed  exit                                      
00002711  frexp                                     
00002711  frexpl                                    
00000000  interruptVectors                          
00001fa9  ldexp                                     
00001fa9  ldexpl                                    
00002835  ltoa                                      
00002775  main                                      
200000cc  main_func_sp                              
00002c51  memccpy                                   
000022ad  memcpy                                    
000024ed  memset                                    
00001fa9  scalbn                                    
00001fa9  scalbnl                                   
000027d5  sprintf                                   
00002ce5  strchr                                    
00002d39  strlen                                    
00002b85  strstr                                    


GLOBAL SYMBOLS: SORTED BY Symbol Address 

address   name                                      
-------   ----                                      
00000000  __TI_static_base__                        
00000000  interruptVectors                          
00000200  __STACK_SIZE                              
0000092d  __TI_printfi                              
00001227  __mpu_init                                
00001229  SystemCoreClockUpdate                     
0000149d  SystemInit                                
00001555  Wireless_Init                             
00001599  SendPostRequest                           
0000161d  PatternCheck                              
000017a5  __aeabi_uldivmod                          
00001999  __aeabi_dsub                              
000019a3  __aeabi_dadd                              
00001b4f  __aeabi_ddiv                              
00001c85  UART_Init                                 
00001ccb  UART_OutChar                              
00001ce7  WireLess_Out                              
00001d03  WireLess_In                               
00001d13  UART_OutString                            
00001d45  WireLess_OutString                        
00001da9  CS_getDCOFrequency                        
00001ead  __aeabi_dmul                              
00001fa9  ldexp                                     
00001fa9  ldexpl                                    
00001fa9  scalbn                                    
00001fa9  scalbnl                                   
000020a5  Clock_Init48MHz                           
0000210f  SysTick_Init                              
0000212b  SysTick_delay                             
00002175  CS_startHFXTWithTimeout                   
000022ad  __aeabi_memcpy                            
000022ad  __aeabi_memcpy4                           
000022ad  __aeabi_memcpy8                           
000022ad  memcpy                                    
00002349  AmbientLight_Module_Read                  
000023d9  __aeabi_cdcmpeq                           
000023d9  __aeabi_cdcmple                           
0000245f  __aeabi_cdrcmple                          
000024e5  __aeabi_memclr                            
000024e5  __aeabi_memclr4                           
000024e5  __aeabi_memclr8                           
000024e7  __aeabi_memset                            
000024e7  __aeabi_memset4                           
000024e7  __aeabi_memset8                           
000024ed  memset                                    
0000255f  _system_post_cinit                        
000025d1  __TI_auto_init                            
00002641  ADC_Init                                  
000026a9  __TI_decompress_lzss                      
00002711  frexp                                     
00002711  frexpl                                    
00002775  main                                      
0000279d  InitializeModules                         
000027d5  sprintf                                   
00002835  ltoa                                      
0000288d  _c_int00                                  
000028e1  C$$EXIT                                   
000028e5  abort                                     
000028ed  exit                                      
00002935  SysCtl_getTLVInfo                         
000029d1  atoi                                      
00002a1d  copy_in                                   
00002a69  GPIO_setAsPeripheralModuleFunctionInputPin
00002af9  __aeabi_d2iz                              
00002b41  __aeabi_d2uiz                             
00002b85  strstr                                    
00002bb9  __aeabi_i2d                               
00002be9  CS_clearInterruptFlag                     
00002c0d  UART_receiveData                          
00002c31  __aeabi_ui2d                              
00002c51  memccpy                                   
00002c6d  CS_getACLK                                
00002c85  CS_getMCLK                                
00002c9d  CS_getSMCLK                               
00002cb5  WDT_A_holdTimer                           
00002ccd  _args_main                                
00002ce5  strchr                                    
00002cfd  CS_setExternalClockSourceFrequency        
00002d11  _register_unlock                          
00002d17  _register_lock                            
00002d1f  _nop                                      
00002d25  copysign                                  
00002d25  copysignl                                 
00002d39  strlen                                    
00002d4d  SysCtl_disableNMISource                   
00002d5d  SysCtl_enableNMISource                    
00002d6d  __TI_decompress_none                      
00002d7b  Reset_Handler                             
00002d87  ADC14_IRQHandler                          
00002d87  AES256_IRQHandler                         
00002d87  BusFault_Handler                          
00002d87  COMP_E0_IRQHandler                        
00002d87  COMP_E1_IRQHandler                        
00002d87  CS_IRQHandler                             
00002d87  DMA_ERR_IRQHandler                        
00002d87  DMA_INT0_IRQHandler                       
00002d87  DMA_INT1_IRQHandler                       
00002d87  DMA_INT2_IRQHandler                       
00002d87  DMA_INT3_IRQHandler                       
00002d87  DebugMon_Handler                          
00002d87  Default_Handler                           
00002d87  EUSCIA0_IRQHandler                        
00002d87  EUSCIA1_IRQHandler                        
00002d87  EUSCIA2_IRQHandler                        
00002d87  EUSCIA3_IRQHandler                        
00002d87  EUSCIB0_IRQHandler                        
00002d87  EUSCIB1_IRQHandler                        
00002d87  EUSCIB2_IRQHandler                        
00002d87  EUSCIB3_IRQHandler                        
00002d87  FLCTL_IRQHandler                          
00002d87  FPU_IRQHandler                            
00002d87  HardFault_Handler                         
00002d87  MemManage_Handler                         
00002d87  NMI_Handler                               
00002d87  PCM_IRQHandler                            
00002d87  PORT1_IRQHandler                          
00002d87  PORT2_IRQHandler                          
00002d87  PORT3_IRQHandler                          
00002d87  PORT4_IRQHandler                          
00002d87  PORT5_IRQHandler                          
00002d87  PORT6_IRQHandler                          
00002d87  PSS_IRQHandler                            
00002d87  PendSV_Handler                            
00002d87  RTC_C_IRQHandler                          
00002d87  SVC_Handler                               
00002d87  SysTick_Handler                           
00002d87  T32_INT1_IRQHandler                       
00002d87  T32_INT2_IRQHandler                       
00002d87  T32_INTC_IRQHandler                       
00002d87  TA0_0_IRQHandler                          
00002d87  TA0_N_IRQHandler                          
00002d87  TA1_0_IRQHandler                          
00002d87  TA1_N_IRQHandler                          
00002d87  TA2_0_IRQHandler                          
00002d87  TA2_N_IRQHandler                          
00002d87  TA3_0_IRQHandler                          
00002d87  TA3_N_IRQHandler                          
00002d87  UsageFault_Handler                        
00002d87  WDT_A_IRQHandler                          
00002d89  SysCtl_getNMISourceStatus                 
00002d95  __TI_zero_init                            
00002da1  CS_startHFXT                              
00002da7  _system_pre_init                          
00002daa  _ctypes_                                  
00002ef0  __TI_Handler_Table_Base                   
00002efc  __TI_Handler_Table_Limit                  
00002f08  __TI_CINIT_Base                           
00002f18  __TI_CINIT_Limit                          
20000000  SensorReadings                            
20000070  ACLKClockSpeed                            
20000074  MCLKClockSpeed                            
20000078  SMCLKClockSpeed                           
200000b4  __TI_cleanup_ptr                          
200000b8  __TI_dtors_ptr                            
200000bc  __TI_enable_exit_profile_output           
200000c0  _lock                                     
200000c4  _unlock                                   
200000c8  errno                                     
200000cc  main_func_sp                              
200000d0  SystemCoreClock                           
2000fe00  __stack                                   
20010000  __STACK_END                               
4000480c  WDTCTL_SYM                                
ffffffff  __TI_pprof_out_hndl                       
ffffffff  __TI_prof_data_size                       
ffffffff  __TI_prof_data_start                      
ffffffff  __binit__                                 
ffffffff  __c_args__                                
ffffffff  binit                                     
UNDEFED   SHT$$INIT_ARRAY$$Base                     
UNDEFED   SHT$$INIT_ARRAY$$Limit                    

[171 symbols]
