******************************************************************************
                  TI ARM Linker PC v16.6.0                     
******************************************************************************
>> Linked Mon Dec 12 15:49:27 2016

OUTPUT FILE NAME:   <SecuritySystem.out>
ENTRY POINT SYMBOL: "_c_int00"  address: 0000671d


MEMORY CONFIGURATION

         name            origin    length      used     unused   attr    fill
----------------------  --------  ---------  --------  --------  ----  --------
  MAIN                  00000000   00040000  00007890  00038770  R  X
  INFO                  00200000   00004000  00000000  00004000  R  X
  SRAM_CODE             01000000   00010000  0000090d  0000f6f3  RW X
  SRAM_DATA             20000000   00010000  0000090d  0000f6f3  RW  


SEGMENT ALLOCATION MAP

run origin  load origin   length   init length attrs members
----------  ----------- ---------- ----------- ----- -------
00000000    00000000    00007898   00007898    r-x
  00000000    00000000    000000e4   000000e4    r-- .intvecs
  000000e4    000000e4    00006e16   00006e16    r-x .text
  00006efc    00006efc    00000906   00000906    r-- .const
  00007808    00007808    00000090   00000090    r-- .cinit
20000000    20000000    00000714   00000000    rw-
  20000000    20000000    000000e4   00000000    rw- .vtable
  200000e8    200000e8    00000400   00000000    rw- .sysmem
  200004e8    200004e8    000001a1   00000000    rw- .bss
  2000068c    2000068c    00000088   00000000    rw- .data
2000fe00    2000fe00    00000200   00000000    rw-
  2000fe00    2000fe00    00000200   00000000    rw- .stack


SECTION ALLOCATION MAP

 output                                  attributes/
section   page    origin      length       input sections
--------  ----  ----------  ----------   ----------------
.intvecs   0    00000000    000000e4     
                  00000000    000000e4     startup_msp432p401r_ccs.obj (.intvecs:retain)

.binit     0    00000000    00000000     

.text      0    000000e4    00006e16     
                  000000e4    00001398     ST7735.obj (.text)
                  0000147c    00001142     rtsv7M4_T_le_v4SPD16_eabi.lib : _printfi.obj (.text)
                  000025be    00000002                                   : mpu_init.obj (.text)
                  000025c0    00001098     Display.obj (.text)
                  00003658    00000598     MainSequence.obj (.text)
                  00003bf0    000003d0     rtsv7M4_T_le_v4SPD16_eabi.lib : memory.obj (.text)
                  00003fc0    000003b8     Alerts.obj (.text)
                  00004378    0000032c     system_msp432p401r.obj (.text)
                  000046a4    00000314     Keypad.obj (.text)
                  000049b8    000002b0     Wireless.obj (.text)
                  00004c68    00000290     RTC.obj (.text)
                  00004ef8    00000220     Motor.obj (.text)
                  00005118    000001f4     rtsv7M4_T_le_v4SPD16_eabi.lib : ull_div_t2.obj (.text)
                  0000530c    000001b6                                   : fd_add_t2.obj (.text)
                  000054c2    00000002                                   : startup.obj (.text)
                  000054c4    00000190     Flash.obj (.text)
                  00005654    00000136     rtsv7M4_T_le_v4SPD16_eabi.lib : fd_div_t2.obj (.text)
                  0000578a    00000002     --HOLE-- [fill = 0]
                  0000578c    00000124     UART.obj (.text)
                  000058b0    00000104     msp432p4xx_driverlib.lib : cs.o (.text:CS_getDCOFrequency)
                  000059b4    000000fc     rtsv7M4_T_le_v4SPD16_eabi.lib : fd_mul_t2.obj (.text)
                  00005ab0    000000fc                                   : s_scalbn.obj (.text)
                  00005bac    000000f2     RGB.obj (.text)
                  00005c9e    00000002     --HOLE-- [fill = 0]
                  00005ca0    000000f0     Clock.obj (.text)
                  00005d90    000000e4     Startup.obj (.text)
                  00005e74    000000e0     msp432p4xx_driverlib.lib : cs.o (.text:CS_initClockSignal)
                  00005f54    000000ac     Buzzer.obj (.text)
                  00006000    0000009c     msp432p4xx_driverlib.lib : cs.o (.text:CS_startHFXTWithTimeout)
                  0000609c    0000009c                              : cs.o (.text:_CSComputeCLKFrequency)
                  00006138    0000009c     rtsv7M4_T_le_v4SPD16_eabi.lib : memcpy_t2.obj (.text)
                  000061d4    00000098     AmbientLight.obj (.text)
                  0000626c    00000086     rtsv7M4_T_le_v4SPD16_eabi.lib : fd_cmp_t2.obj (.text:__aeabi_cdcmple)
                  000062f2    00000086                                   : fd_cmp_t2.obj (.text:__aeabi_cdrcmple)
                  00006378    0000007a                                   : memset_t2.obj (.text)
                  000063f2    00000002     --HOLE-- [fill = 0]
                  000063f4    00000070     msp432p4xx_driverlib.lib : cs.o (.text:_CSGetHFXTFrequency)
                  00006464    00000070     rtsv7M4_T_le_v4SPD16_eabi.lib : autoinit.obj (.text)
                  000064d4    00000068     ADC.obj (.text)
                  0000653c    00000066     rtsv7M4_T_le_v4SPD16_eabi.lib : copy_decompress_lzss.obj (.text:decompress:lzss)
                  000065a2    00000002     --HOLE-- [fill = 0]
                  000065a4    00000064                                   : s_frexp.obj (.text)
                  00006608    00000060                                   : sprintf.obj (.text)
                  00006668    0000005c     I2C.obj (.text)
                  000066c4    00000056     rtsv7M4_T_le_v4SPD16_eabi.lib : ltoa.obj (.text)
                  0000671a    00000002     --HOLE-- [fill = 0]
                  0000671c    00000054                                   : boot.obj (.text)
                  00006770    00000054                                   : exit.obj (.text)
                  000067c4    00000050     msp432p4xx_driverlib.lib : sysctl.o (.text:SysCtl_getTLVInfo)
                  00006814    0000004c                              : gpio.o (.text:GPIO_setAsPeripheralModuleFunctionOutputPin)
                  00006860    0000004c                              : cs.o (.text:_CSGetDOCFrequency)
                  000068ac    0000004c     rtsv7M4_T_le_v4SPD16_eabi.lib : atoi.obj (.text)
                  000068f8    0000004c                                   : cpy_tbl.obj (.text)
                  00006944    0000004a     HallEffect.obj (.text)
                  0000698e    00000002     --HOLE-- [fill = 0]
                  00006990    00000048     msp432p4xx_driverlib.lib : gpio.o (.text:GPIO_setAsPeripheralModuleFunctionInputPin)
                  000069d8    00000048                              : cs.o (.text:_CSGetDividerValue)
                  00006a20    00000048     rtsv7M4_T_le_v4SPD16_eabi.lib : fd_toi_t2.obj (.text)
                  00006a68    00000044                                   : fd_tou_t2.obj (.text)
                  00006aac    00000036                                   : strncpy.obj (.text)
                  00006ae2    00000002     --HOLE-- [fill = 0]
                  00006ae4    00000034     msp432p4xx_driverlib.lib : interrupt.o (.text:Interrupt_registerInterrupt)
                  00006b18    00000034     rtsv7M4_T_le_v4SPD16_eabi.lib : strstr.obj (.text)
                  00006b4c    00000030     msp432p4xx_driverlib.lib : gpio.o (.text:GPIO_setAsInputPinWithPullUpResistor)
                  00006b7c    0000002e     rtsv7M4_T_le_v4SPD16_eabi.lib : i_tofd_t2.obj (.text)
                  00006baa    00000002     --HOLE-- [fill = 0]
                  00006bac    0000002c     msp432p4xx_driverlib.lib : gpio.o (.text:GPIO_setAsInputPin)
                  00006bd8    00000028                              : flash.o (.text:FlashCtl_setWaitState)
                  00006c00    00000028     Proximity.obj (.text)
                  00006c28    00000024     msp432p4xx_driverlib.lib : cs.o (.text:CS_clearInterruptFlag)
                  00006c4c    00000024                              : gpio.o (.text:GPIO_setAsOutputPin)
                  00006c70    00000024                              : uart.o (.text:UART_receiveData)
                  00006c94    00000020                              : sysctl.o (.text:SysCtl_setWDTTimeoutResetType)
                  00006cb4    00000020     rtsv7M4_T_le_v4SPD16_eabi.lib : u_tofd_t2.obj (.text)
                  00006cd4    0000001e     Watchdog.obj (.text)
                  00006cf2    0000001c     rtsv7M4_T_le_v4SPD16_eabi.lib : memccpy.obj (.text)
                  00006d0e    00000002     --HOLE-- [fill = 0]
                  00006d10    00000018     msp432p4xx_driverlib.lib : cs.o (.text:CS_getACLK)
                  00006d28    00000018                              : cs.o (.text:CS_getMCLK)
                  00006d40    00000018                              : cs.o (.text:CS_getSMCLK)
                  00006d58    00000018                              : gpio.o (.text:GPIO_getInputPinValue)
                  00006d70    00000018                              : gpio.o (.text:GPIO_setOutputLowOnPin)
                  00006d88    00000018                              : wdt_a.o (.text:WDT_A_clearTimer)
                  00006da0    00000018     main.obj (.text)
                  00006db8    00000018     rtsv7M4_T_le_v4SPD16_eabi.lib : args_main.obj (.text)
                  00006dd0    00000016                                   : strchr.obj (.text)
                  00006de6    00000002     --HOLE-- [fill = 0]
                  00006de8    00000014     msp432p4xx_driverlib.lib : cs.o (.text:CS_setExternalClockSourceFrequency)
                  00006dfc    00000014                              : gpio.o (.text:GPIO_setOutputHighOnPin)
                  00006e10    00000014                              : gpio.o (.text:GPIO_toggleOutputOnPin)
                  00006e24    00000014                              : wdt_a.o (.text:WDT_A_initWatchdogTimer)
                  00006e38    00000014                              : wdt_a.o (.text:WDT_A_startTimer)
                  00006e4c    00000014     rtsv7M4_T_le_v4SPD16_eabi.lib : _lock.obj (.text)
                  00006e60    00000014                                   : s_copysign.obj (.text)
                  00006e74    00000014                                   : strcpy.obj (.text)
                  00006e88    00000014                                   : strlen.obj (.text)
                  00006e9c    00000010     msp432p4xx_driverlib.lib : sysctl.o (.text:SysCtl_disableNMISource)
                  00006eac    00000010                              : sysctl.o (.text:SysCtl_enableNMISource)
                  00006ebc    0000000e     rtsv7M4_T_le_v4SPD16_eabi.lib : copy_decompress_none.obj (.text:decompress:none)
                  00006eca    0000000e     startup_msp432p401r_ccs.obj (.text)
                  00006ed8    0000000c     msp432p4xx_driverlib.lib : sysctl.o (.text:SysCtl_getNMISourceStatus)
                  00006ee4    0000000c     rtsv7M4_T_le_v4SPD16_eabi.lib : copy_zero_init.obj (.text:decompress:ZI)
                  00006ef0    00000006     msp432p4xx_driverlib.lib : cs.o (.text:CS_startHFXT)
                  00006ef6    00000004     rtsv7M4_T_le_v4SPD16_eabi.lib : pre_init.obj (.text)

.const     0    00006efc    00000906     
                  00006efc    000004fb     ST7735.obj (.const:.string:Font)
                  000073f7    00000200     ST7735.obj (.const:.string:dBfs)
                  000075f7    00000101     rtsv7M4_T_le_v4SPD16_eabi.lib : ctype.obj (.const:.string:_ctypes_)
                  000076f8    00000067     ST7735.obj (.const:.string:Bcmd)
                  0000775f    0000003b     ST7735.obj (.const:.string:Rcmd1)
                  0000779a    0000002b     ST7735.obj (.const:.string:Rcmd3)
                  000077c5    00000003     --HOLE-- [fill = 0]
                  000077c8    00000014     I2C.obj (.const:i2cConfig)
                  000077dc    0000000d     ST7735.obj (.const:.string:Rcmd2green)
                  000077e9    0000000d     ST7735.obj (.const:.string:Rcmd2red)
                  000077f6    0000000c     Keypad.obj (.const:$P$T0$3)

.cinit     0    00007808    00000090     
                  00007808    0000005a     (.cinit..data.load) [load image, compression = lzss]
                  00007862    00000002     --HOLE-- [fill = 0]
                  00007864    0000000c     (__TI_handler_table)
                  00007870    00000008     (.cinit..bss.load) [load image, compression = zero_init]
                  00007878    00000008     (.cinit..vtable.load) [load image, compression = zero_init]
                  00007880    00000018     (__TI_cinit_table)

.init_array 
*          0    00000000    00000000     UNINITIALIZED

.vtable    0    20000000    000000e4     UNINITIALIZED
                  20000000    000000e4     msp432p4xx_driverlib.lib : interrupt.o (.vtable)

.sysmem    0    200000e8    00000400     UNINITIALIZED
                  200000e8    00000008     rtsv7M4_T_le_v4SPD16_eabi.lib : memory.obj (.sysmem)
                  200000f0    000003f8     --HOLE--

.bss       0    200004e8    000001a1     UNINITIALIZED
                  200004e8    000000f8     (.common:SensorReadings)
                  200005e0    0000004c     (.common:ClockRegisters)
                  2000062c    00000020     Wireless.obj (.bss:Stream$2)
                  2000064c    0000000c     Startup.obj (.bss)
                  20000658    0000000c     (.common:Message)
                  20000664    00000004     ST7735.obj (.bss)
                  20000668    00000004     (.common:KeypadState)
                  2000066c    00000004     (.common:Messageindex)
                  20000670    00000004     (.common:X)
                  20000674    00000004     (.common:Ymax)
                  20000678    00000004     (.common:Ymin)
                  2000067c    00000004     (.common:Yrange)
                  20000680    00000004     (.common:hfxtFreq)
                  20000684    00000004     (.common:lfxtFreq)
                  20000688    00000001     (.common:RefreshInterrupt)

.data      0    2000068c    00000088     UNINITIALIZED
                  2000068c    00000030     msp432p4xx_driverlib.lib : gpio.o (.data:GPIO_PORT_TO_BASE)
                  200006bc    00000014     ST7735.obj (.data)
                  200006d0    0000000c     rtsv7M4_T_le_v4SPD16_eabi.lib : exit.obj (.data:$O1$$)
                  200006dc    0000000c                                   : memory.obj (.data:$O1$$)
                  200006e8    0000000c     MainSequence.obj (.data)
                  200006f4    00000008     rtsv7M4_T_le_v4SPD16_eabi.lib : _lock.obj (.data:$O1$$)
                  200006fc    00000006     MainSequence.obj (.data:SetDateTime)
                  20000702    00000004     Keypad.obj (.data)
                  20000706    00000001     Alerts.obj (.data)
                  20000707    00000001     --HOLE--
                  20000708    00000004     rtsv7M4_T_le_v4SPD16_eabi.lib : errno.obj (.data)
                  2000070c    00000004                                   : stkdepth_vars.obj (.data)
                  20000710    00000004     system_msp432p401r.obj (.data)

.stack     0    2000fe00    00000200     UNINITIALIZED
                  2000fe00    00000200     --HOLE--

MODULE SUMMARY

       Module                        code    ro data   rw data
       ------                        ----    -------   -------
    .\
       system_msp432p401r.obj        812     0         8      
       main.obj                      24      0         658    
       startup_msp432p401r_ccs.obj   14      228       0      
    +--+-----------------------------+-------+---------+---------+
       Total:                        850     228       666    
                                                              
    .\Modules\
       ST7735.obj                    5016    2018      112    
       Display.obj                   4248    0         0      
       Keypad.obj                    788     12        8      
       Wireless.obj                  688     0         64     
       RTC.obj                       656     0         0      
       Motor.obj                     544     0         0      
       Flash.obj                     400     0         0      
       RGB.obj                       242     0         0      
       Clock.obj                     240     0         0      
       Buzzer.obj                    172     0         0      
       AmbientLight.obj              152     0         0      
       HallEffect.obj                74      0         0      
       Proximity.obj                 40      0         0      
       Watchdog.obj                  30      0         0      
    +--+-----------------------------+-------+---------+---------+
       Total:                        13290   2030      184    
                                                              
    .\Protocols\
       UART.obj                      292     0         0      
       I2C.obj                       92      20        0      
       ADC.obj                       104     0         0      
    +--+-----------------------------+-------+---------+---------+
       Total:                        488     20        0      
                                                              
    .\Sequences\
       MainSequence.obj              1432    0         36     
       Alerts.obj                    952     0         2      
       Startup.obj                   228     0         24     
    +--+-----------------------------+-------+---------+---------+
       Total:                        2612    0         62     
                                                              
    ../msp432p4xx_driverlib.lib
       cs.o                          1190    0         16     
       interrupt.o                   52      0         456    
       gpio.o                        364     0         96     
       sysctl.o                      156     0         0      
       wdt_a.o                       64      0         0      
       flash.o                       40      0         0      
       uart.o                        36      0         0      
    +--+-----------------------------+-------+---------+---------+
       Total:                        1902    0         568    
                                                              
    C:\ti\ccsv6\tools\compiler\ti-cgt-arm_16.6.0.STS\lib\rtsv7M4_T_le_v4SPD16_eabi.lib
       _printfi.obj                  4418    0         0      
       memory.obj                    976     0         24     
       ull_div_t2.obj                500     0         0      
       fd_add_t2.obj                 438     0         0      
       fd_div_t2.obj                 310     0         0      
       fd_cmp_t2.obj                 268     0         0      
       ctype.obj                     0       257       0      
       fd_mul_t2.obj                 252     0         0      
       s_scalbn.obj                  252     0         0      
       memcpy_t2.obj                 156     0         0      
       memset_t2.obj                 122     0         0      
       autoinit.obj                  112     0         0      
       exit.obj                      84      0         24     
       copy_decompress_lzss.obj      102     0         0      
       s_frexp.obj                   100     0         0      
       sprintf.obj                   96      0         0      
       ltoa.obj                      86      0         0      
       boot.obj                      84      0         0      
       atoi.obj                      76      0         0      
       cpy_tbl.obj                   76      0         0      
       fd_toi_t2.obj                 72      0         0      
       fd_tou_t2.obj                 68      0         0      
       strncpy.obj                   54      0         0      
       strstr.obj                    52      0         0      
       i_tofd_t2.obj                 46      0         0      
       _lock.obj                     20      0         16     
       u_tofd_t2.obj                 32      0         0      
       memccpy.obj                   28      0         0      
       args_main.obj                 24      0         0      
       strchr.obj                    22      0         0      
       s_copysign.obj                20      0         0      
       strcpy.obj                    20      0         0      
       strlen.obj                    20      0         0      
       copy_decompress_none.obj      14      0         0      
       copy_zero_init.obj            12      0         0      
       errno.obj                     0       0         8      
       stkdepth_vars.obj             0       0         8      
       pre_init.obj                  4       0         0      
       mpu_init.obj                  2       0         0      
       startup.obj                   2       0         0      
    +--+-----------------------------+-------+---------+---------+
       Total:                        9020    257       80     
                                                              
       Heap:                         0       0         2048   
       Stack:                        0       0         1024   
       Linker Generated:             0       142       0      
    +--+-----------------------------+-------+---------+---------+
       Grand Total:                  28162   2677      4632   


LINKER GENERATED COPY TABLES

__TI_cinit_table @ 00007880 records: 3, size/record: 8, table size: 24
	.data: load addr=00007808, load size=0000005a bytes, run addr=2000068c, run size=00000088 bytes, compression=lzss
	.bss: load addr=00007870, load size=00000008 bytes, run addr=200004e8, run size=000001a1 bytes, compression=zero_init
	.vtable: load addr=00007878, load size=00000008 bytes, run addr=20000000, run size=000000e4 bytes, compression=zero_init


LINKER GENERATED HANDLER TABLE

__TI_handler_table @ 00007864 records: 3, size/record: 4, table size: 12
	index: 0, handler: __TI_zero_init
	index: 1, handler: __TI_decompress_lzss
	index: 2, handler: __TI_decompress_none


GLOBAL SYMBOLS: SORTED ALPHABETICALLY BY Name 

address   name                                       
-------   ----                                       
00006ed7  ADC14_IRQHandler                           
000064d5  ADC_Init                                   
00006ed7  AES256_IRQHandler                          
00003fc1  Alerts                                     
00006233  AmbientLight_Module_Init                   
000061d5  AmbientLight_Module_Read                   
00006ed7  BusFault_Handler                           
00005f55  Buzzer_Init                                
00005f91  Buzzer_Module_Off                          
00005fb9  Buzzer_Module_On                           
00005fad  Buzzer_Module_SingleTone                   
00005fc5  Buzzer_Module_ToggleTone                   
00006771  C$$EXIT                                    
00006ed7  COMP_E0_IRQHandler                         
00006ed7  COMP_E1_IRQHandler                         
00006ed7  CS_IRQHandler                              
00006c29  CS_clearInterruptFlag                      
00006d11  CS_getACLK                                 
000058b1  CS_getDCOFrequency                         
00006d29  CS_getMCLK                                 
00006d41  CS_getSMCLK                                
00005e75  CS_initClockSignal                         
00006de9  CS_setExternalClockSourceFrequency         
00006ef1  CS_startHFXT                               
00006001  CS_startHFXTWithTimeout                    
200005e0  ClockRegisters                             
00005ca1  Clock_Init                                 
00003415  ConvertBCDToString                         
200006ec  CurrentDigit                               
00006ed7  DMA_ERR_IRQHandler                         
00006ed7  DMA_INT0_IRQHandler                        
00006ed7  DMA_INT1_IRQHandler                        
00006ed7  DMA_INT2_IRQHandler                        
00006ed7  DMA_INT3_IRQHandler                        
00006ed7  DebugMon_Handler                           
00006ed7  Default_Handler                            
0000015b  Delay1ms                                   
000027f1  Display_Clear_Screen                       
000033ff  Display_Init                               
00002819  Display_Menu                               
00003389  Display_Module_ArmingScreen                
000035b1  Display_Module_Backlight                   
000025c1  Display_Module_DrawString                  
00002619  Display_Module_DrawStringWithMarquee       
000029d1  Display_Module_EnterPIN                    
00003547  Display_Module_GreenMessage                
0000267d  Display_Module_MainScreen                  
000034eb  Display_Module_Message                     
00003595  Display_Module_RemoveWarning               
00002b1d  Display_Module_SetPIN                      
00002c6b  Display_Module_SetTime                     
000035e7  Display_Module_UpdateBacklight             
00002f19  Display_Module_ViewLogs                    
0000349d  Display_Module_Warning                     
00003451  Display_Splash_Screen                      
00006ed7  EUSCIA0_IRQHandler                         
00006ed7  EUSCIA1_IRQHandler                         
00006ed7  EUSCIA2_IRQHandler                         
00006ed7  EUSCIA3_IRQHandler                         
00006ed7  EUSCIB0_IRQHandler                         
00006ed7  EUSCIB1_IRQHandler                         
00006ed7  EUSCIB2_IRQHandler                         
00006ed7  EUSCIB3_IRQHandler                         
00003b6b  EqualPins                                  
00006ed7  FLCTL_IRQHandler                           
00006ed7  FPU_IRQHandler                             
00006bd9  FlashCtl_setWaitState                      
0000553d  Flash_Module_PushDateTimeUp                
000055b1  Flash_Module_PushDateTimeUpTrigger         
000054c5  Flash_Module_Read                          
000054d9  Flash_Module_SaveToFlash                   
00006d59  GPIO_getInputPinValue                      
00006bad  GPIO_setAsInputPin                         
00006b4d  GPIO_setAsInputPinWithPullUpResistor       
00006c4d  GPIO_setAsOutputPin                        
00006991  GPIO_setAsPeripheralModuleFunctionInputPin 
00006815  GPIO_setAsPeripheralModuleFunctionOutputPin
00006dfd  GPIO_setOutputHighOnPin                    
00006d71  GPIO_setOutputLowOnPin                     
00006e11  GPIO_toggleOutputOnPin                     
00003bab  GatherSensorData                           
00006945  HallEffect_Init                            
0000696d  HallEffect_Module_Read                     
00006ed7  HardFault_Handler                          
00006669  I2C_Init                                   
00006ae5  Interrupt_registerInterrupt                
20000668  KeypadState                                
000047ab  Keypad_Debounce                            
00004915  Keypad_Execute                             
00004939  Keypad_ExecuteForPinEnter                  
000046a5  Keypad_Init                                
000048cd  Keypad_InsertKeyCombo                      
000047df  Keypad_SaveButtonPress                     
000046b9  Keypad_Scan                                
00003659  Main_Sequence                              
00006ed7  MemManage_Handler                          
20000658  Message                                    
2000066c  Messageindex                               
00005005  Motor_RotateClockwise                      
00004ef9  Motor_RotateCounterClockwise               
00006ed7  NMI_Handler                                
0000141b  Output_Clear                               
00001435  Output_Color                               
0000140b  Output_Init                                
00001425  Output_Off                                 
0000142d  Output_On                                  
00006ed7  PCM_IRQHandler                             
00006ed7  PORT1_IRQHandler                           
00006ed7  PORT2_IRQHandler                           
00006ed7  PORT3_IRQHandler                           
00006ed7  PORT4_IRQHandler                           
00006ed7  PORT5_IRQHandler                           
00006ed7  PORT6_IRQHandler                           
00006ed7  PSS_IRQHandler                             
00004aa5  PatternCheck                               
00006ed7  PendSV_Handler                             
00006c01  Proximity_Init                             
00006c17  Proximity_Module_Read                      
00005bad  RGB_Init                                   
00005be7  RGB_Module_SetColor                        
00005bdb  RGB_Module_Toggle                          
00006ed7  RTC_C_IRQHandler                           
00004d15  RTC_Module_Read                            
00004c69  RTC_Module_Write                           
20000688  RefreshInterrupt                           
00006ecb  Reset_Handler                              
UNDEFED   SHT$$INIT_ARRAY$$Base                      
UNDEFED   SHT$$INIT_ARRAY$$Limit                     
0000073d  ST7735_Color565                            
000007a1  ST7735_DrawBitmap                          
00000b11  ST7735_DrawChar                            
0000099d  ST7735_DrawCharS                           
00000535  ST7735_DrawFastHLine                       
00000477  ST7735_DrawFastVLine                       
0000041d  ST7735_DrawPixel                           
00000c81  ST7735_DrawString                          
00000631  ST7735_FillRect                            
000005ed  ST7735_FillScreen                          
000002e9  ST7735_InitB                               
00000309  ST7735_InitR                               
00000eb3  ST7735_InvertDisplay                       
000012f1  ST7735_OutChar                             
000013ad  ST7735_OutString                           
00000d6d  ST7735_OutUDec                             
000011fd  ST7735_PlotBar                             
00000ecb  ST7735_PlotClear                           
00000fed  ST7735_PlotLine                            
0000129d  ST7735_PlotNext                            
000012b7  ST7735_PlotNextErase                       
00000f27  ST7735_PlotPoint                           
00001127  ST7735_PlotPoints                          
00001253  ST7735_PlotdBfs                            
00000d47  ST7735_SetCursor                           
00000de9  ST7735_SetRotation                         
000013cb  ST7735_SetTextColor                        
00000771  ST7735_SwapColor                           
00006ed7  SVC_Handler                                
00004a05  SendPostRequest                            
200004e8  SensorReadings                             
200006fc  SetDateTime                                
200006e8  SetTimeCounter                             
200006c4  StTextColor                                
200006bc  StX                                        
200006c0  StY                                        
00005d91  Startup_Sequence                           
00006e9d  SysCtl_disableNMISource                    
00006ead  SysCtl_enableNMISource                     
00006ed9  SysCtl_getNMISourceStatus                  
000067c5  SysCtl_getTLVInfo                          
00006c95  SysCtl_setWDTTimeoutResetType              
00006ed7  SysTick_Handler                            
00005d29  SysTick_Init                               
00005d45  SysTick_delay                              
20000710  SystemCoreClock                            
00004379  SystemCoreClockUpdate                      
000045ed  SystemInit                                 
00006ed7  T32_INT1_IRQHandler                        
00006ed7  T32_INT2_IRQHandler                        
00006ed7  T32_INTC_IRQHandler                        
00003b59  TA0_0_IRQHandler                           
00003b59  TA0_0_IRQHandler                           
00006ed7  TA0_N_IRQHandler                           
00006ed7  TA1_0_IRQHandler                           
00006ed7  TA1_N_IRQHandler                           
00006ed7  TA2_0_IRQHandler                           
00006ed7  TA2_N_IRQHandler                           
00006ed7  TA3_0_IRQHandler                           
00006ed7  TA3_N_IRQHandler                           
0000578d  UART_Init                                  
000057d3  UART_OutChar                               
0000581b  UART_OutString                             
00006c71  UART_receiveData                           
00006ed7  UsageFault_Handler                         
4000480c  WDTCTL_SYM                                 
00006ed7  WDT_A_IRQHandler                           
00006d89  WDT_A_clearTimer                           
00006e25  WDT_A_initWatchdogTimer                    
00006c95  WDT_A_setTimeoutReset                      
00006e39  WDT_A_startTimer                           
00006ceb  Watchdog_Clear                             
00006cd5  Watchdog_Init                              
0000580b  WireLess_In                                
000057ef  WireLess_Out                               
0000584d  WireLess_OutString                         
000049b9  Wireless_Init                              
20000670  X                                          
20000674  Ymax                                       
20000678  Ymin                                       
2000067c  Yrange                                     
20010000  __STACK_END                                
00000200  __STACK_SIZE                               
00000400  __SYSMEM_SIZE                              
00007880  __TI_CINIT_Base                            
00007898  __TI_CINIT_Limit                           
00007864  __TI_Handler_Table_Base                    
00007870  __TI_Handler_Table_Limit                   
00006465  __TI_auto_init                             
200006d0  __TI_cleanup_ptr                           
0000653d  __TI_decompress_lzss                       
00006ebd  __TI_decompress_none                       
200006d4  __TI_dtors_ptr                             
200006d8  __TI_enable_exit_profile_output            
ffffffff  __TI_pprof_out_hndl                        
00001cc5  __TI_printfi                               
ffffffff  __TI_prof_data_size                        
ffffffff  __TI_prof_data_start                       
00000000  __TI_static_base__                         
00006ee5  __TI_zero_init                             
0000626d  __aeabi_cdcmpeq                            
0000626d  __aeabi_cdcmple                            
000062f3  __aeabi_cdrcmple                           
00006a21  __aeabi_d2iz                               
00006a69  __aeabi_d2uiz                              
00005317  __aeabi_dadd                               
00005655  __aeabi_ddiv                               
000059b5  __aeabi_dmul                               
0000530d  __aeabi_dsub                               
00006b7d  __aeabi_i2d                                
00006379  __aeabi_memclr                             
00006379  __aeabi_memclr4                            
00006379  __aeabi_memclr8                            
00006139  __aeabi_memcpy                             
00006139  __aeabi_memcpy4                            
00006139  __aeabi_memcpy8                            
0000637b  __aeabi_memset                             
0000637b  __aeabi_memset4                            
0000637b  __aeabi_memset8                            
00006cb5  __aeabi_ui2d                               
00005119  __aeabi_uldivmod                           
ffffffff  __binit__                                  
ffffffff  __c_args__                                 
000025bf  __mpu_init                                 
2000fe00  __stack                                    
00006db9  _args_main                                 
0000671d  _c_int00                                   
000075f7  _ctypes_                                   
200006f4  _lock                                      
00006e5b  _nop                                       
00006e53  _register_lock                             
00006e4d  _register_unlock                           
200000e8  _sys_memory                                
000054c3  _system_post_cinit                         
00006ef7  _system_pre_init                           
200006f8  _unlock                                    
00006775  abort                                      
000068ad  atoi                                       
ffffffff  binit                                      
00003f91  calloc                                     
000068f9  copy_in                                    
00006e61  copysign                                   
00006e61  copysignl                                  
000073f7  dBfs                                       
20000708  errno                                      
0000677d  exit                                       
000013fd  ferror                                     
000013f1  fgetc                                      
00000d05  fillmessage                                
000013df  fputc                                      
00003cdb  free                                       
000065a5  frexp                                      
000065a5  frexpl                                     
20000000  g_pfnRAMVectors                            
000077c8  i2cConfig                                  
00000000  interruptVectors                           
200006cc  lastj                                      
00005ab1  ldexp                                      
00005ab1  ldexpl                                     
000066c5  ltoa                                       
00006da1  main                                       
2000070c  main_func_sp                               
00003c71  malloc                                     
00003ea5  memalign                                   
00006cf3  memccpy                                    
00006139  memcpy                                     
00006381  memset                                     
00003bf1  minit                                      
0000014d  parrotdelay                                
00003d9d  realloc                                    
00005ab1  scalbn                                     
00005ab1  scalbnl                                    
00006609  sprintf                                    
00006dd1  strchr                                     
00006e75  strcpy                                     
00006e89  strlen                                     
00006aad  strncpy                                    
00006b19  strstr                                     


GLOBAL SYMBOLS: SORTED BY Symbol Address 

address   name                                       
-------   ----                                       
00000000  __TI_static_base__                         
00000000  interruptVectors                           
0000014d  parrotdelay                                
0000015b  Delay1ms                                   
00000200  __STACK_SIZE                               
000002e9  ST7735_InitB                               
00000309  ST7735_InitR                               
00000400  __SYSMEM_SIZE                              
0000041d  ST7735_DrawPixel                           
00000477  ST7735_DrawFastVLine                       
00000535  ST7735_DrawFastHLine                       
000005ed  ST7735_FillScreen                          
00000631  ST7735_FillRect                            
0000073d  ST7735_Color565                            
00000771  ST7735_SwapColor                           
000007a1  ST7735_DrawBitmap                          
0000099d  ST7735_DrawCharS                           
00000b11  ST7735_DrawChar                            
00000c81  ST7735_DrawString                          
00000d05  fillmessage                                
00000d47  ST7735_SetCursor                           
00000d6d  ST7735_OutUDec                             
00000de9  ST7735_SetRotation                         
00000eb3  ST7735_InvertDisplay                       
00000ecb  ST7735_PlotClear                           
00000f27  ST7735_PlotPoint                           
00000fed  ST7735_PlotLine                            
00001127  ST7735_PlotPoints                          
000011fd  ST7735_PlotBar                             
00001253  ST7735_PlotdBfs                            
0000129d  ST7735_PlotNext                            
000012b7  ST7735_PlotNextErase                       
000012f1  ST7735_OutChar                             
000013ad  ST7735_OutString                           
000013cb  ST7735_SetTextColor                        
000013df  fputc                                      
000013f1  fgetc                                      
000013fd  ferror                                     
0000140b  Output_Init                                
0000141b  Output_Clear                               
00001425  Output_Off                                 
0000142d  Output_On                                  
00001435  Output_Color                               
00001cc5  __TI_printfi                               
000025bf  __mpu_init                                 
000025c1  Display_Module_DrawString                  
00002619  Display_Module_DrawStringWithMarquee       
0000267d  Display_Module_MainScreen                  
000027f1  Display_Clear_Screen                       
00002819  Display_Menu                               
000029d1  Display_Module_EnterPIN                    
00002b1d  Display_Module_SetPIN                      
00002c6b  Display_Module_SetTime                     
00002f19  Display_Module_ViewLogs                    
00003389  Display_Module_ArmingScreen                
000033ff  Display_Init                               
00003415  ConvertBCDToString                         
00003451  Display_Splash_Screen                      
0000349d  Display_Module_Warning                     
000034eb  Display_Module_Message                     
00003547  Display_Module_GreenMessage                
00003595  Display_Module_RemoveWarning               
000035b1  Display_Module_Backlight                   
000035e7  Display_Module_UpdateBacklight             
00003659  Main_Sequence                              
00003b59  TA0_0_IRQHandler                           
00003b59  TA0_0_IRQHandler                           
00003b6b  EqualPins                                  
00003bab  GatherSensorData                           
00003bf1  minit                                      
00003c71  malloc                                     
00003cdb  free                                       
00003d9d  realloc                                    
00003ea5  memalign                                   
00003f91  calloc                                     
00003fc1  Alerts                                     
00004379  SystemCoreClockUpdate                      
000045ed  SystemInit                                 
000046a5  Keypad_Init                                
000046b9  Keypad_Scan                                
000047ab  Keypad_Debounce                            
000047df  Keypad_SaveButtonPress                     
000048cd  Keypad_InsertKeyCombo                      
00004915  Keypad_Execute                             
00004939  Keypad_ExecuteForPinEnter                  
000049b9  Wireless_Init                              
00004a05  SendPostRequest                            
00004aa5  PatternCheck                               
00004c69  RTC_Module_Write                           
00004d15  RTC_Module_Read                            
00004ef9  Motor_RotateCounterClockwise               
00005005  Motor_RotateClockwise                      
00005119  __aeabi_uldivmod                           
0000530d  __aeabi_dsub                               
00005317  __aeabi_dadd                               
000054c3  _system_post_cinit                         
000054c5  Flash_Module_Read                          
000054d9  Flash_Module_SaveToFlash                   
0000553d  Flash_Module_PushDateTimeUp                
000055b1  Flash_Module_PushDateTimeUpTrigger         
00005655  __aeabi_ddiv                               
0000578d  UART_Init                                  
000057d3  UART_OutChar                               
000057ef  WireLess_Out                               
0000580b  WireLess_In                                
0000581b  UART_OutString                             
0000584d  WireLess_OutString                         
000058b1  CS_getDCOFrequency                         
000059b5  __aeabi_dmul                               
00005ab1  ldexp                                      
00005ab1  ldexpl                                     
00005ab1  scalbn                                     
00005ab1  scalbnl                                    
00005bad  RGB_Init                                   
00005bdb  RGB_Module_Toggle                          
00005be7  RGB_Module_SetColor                        
00005ca1  Clock_Init                                 
00005d29  SysTick_Init                               
00005d45  SysTick_delay                              
00005d91  Startup_Sequence                           
00005e75  CS_initClockSignal                         
00005f55  Buzzer_Init                                
00005f91  Buzzer_Module_Off                          
00005fad  Buzzer_Module_SingleTone                   
00005fb9  Buzzer_Module_On                           
00005fc5  Buzzer_Module_ToggleTone                   
00006001  CS_startHFXTWithTimeout                    
00006139  __aeabi_memcpy                             
00006139  __aeabi_memcpy4                            
00006139  __aeabi_memcpy8                            
00006139  memcpy                                     
000061d5  AmbientLight_Module_Read                   
00006233  AmbientLight_Module_Init                   
0000626d  __aeabi_cdcmpeq                            
0000626d  __aeabi_cdcmple                            
000062f3  __aeabi_cdrcmple                           
00006379  __aeabi_memclr                             
00006379  __aeabi_memclr4                            
00006379  __aeabi_memclr8                            
0000637b  __aeabi_memset                             
0000637b  __aeabi_memset4                            
0000637b  __aeabi_memset8                            
00006381  memset                                     
00006465  __TI_auto_init                             
000064d5  ADC_Init                                   
0000653d  __TI_decompress_lzss                       
000065a5  frexp                                      
000065a5  frexpl                                     
00006609  sprintf                                    
00006669  I2C_Init                                   
000066c5  ltoa                                       
0000671d  _c_int00                                   
00006771  C$$EXIT                                    
00006775  abort                                      
0000677d  exit                                       
000067c5  SysCtl_getTLVInfo                          
00006815  GPIO_setAsPeripheralModuleFunctionOutputPin
000068ad  atoi                                       
000068f9  copy_in                                    
00006945  HallEffect_Init                            
0000696d  HallEffect_Module_Read                     
00006991  GPIO_setAsPeripheralModuleFunctionInputPin 
00006a21  __aeabi_d2iz                               
00006a69  __aeabi_d2uiz                              
00006aad  strncpy                                    
00006ae5  Interrupt_registerInterrupt                
00006b19  strstr                                     
00006b4d  GPIO_setAsInputPinWithPullUpResistor       
00006b7d  __aeabi_i2d                                
00006bad  GPIO_setAsInputPin                         
00006bd9  FlashCtl_setWaitState                      
00006c01  Proximity_Init                             
00006c17  Proximity_Module_Read                      
00006c29  CS_clearInterruptFlag                      
00006c4d  GPIO_setAsOutputPin                        
00006c71  UART_receiveData                           
00006c95  SysCtl_setWDTTimeoutResetType              
00006c95  WDT_A_setTimeoutReset                      
00006cb5  __aeabi_ui2d                               
00006cd5  Watchdog_Init                              
00006ceb  Watchdog_Clear                             
00006cf3  memccpy                                    
00006d11  CS_getACLK                                 
00006d29  CS_getMCLK                                 
00006d41  CS_getSMCLK                                
00006d59  GPIO_getInputPinValue                      
00006d71  GPIO_setOutputLowOnPin                     
00006d89  WDT_A_clearTimer                           
00006da1  main                                       
00006db9  _args_main                                 
00006dd1  strchr                                     
00006de9  CS_setExternalClockSourceFrequency         
00006dfd  GPIO_setOutputHighOnPin                    
00006e11  GPIO_toggleOutputOnPin                     
00006e25  WDT_A_initWatchdogTimer                    
00006e39  WDT_A_startTimer                           
00006e4d  _register_unlock                           
00006e53  _register_lock                             
00006e5b  _nop                                       
00006e61  copysign                                   
00006e61  copysignl                                  
00006e75  strcpy                                     
00006e89  strlen                                     
00006e9d  SysCtl_disableNMISource                    
00006ead  SysCtl_enableNMISource                     
00006ebd  __TI_decompress_none                       
00006ecb  Reset_Handler                              
00006ed7  ADC14_IRQHandler                           
00006ed7  AES256_IRQHandler                          
00006ed7  BusFault_Handler                           
00006ed7  COMP_E0_IRQHandler                         
00006ed7  COMP_E1_IRQHandler                         
00006ed7  CS_IRQHandler                              
00006ed7  DMA_ERR_IRQHandler                         
00006ed7  DMA_INT0_IRQHandler                        
00006ed7  DMA_INT1_IRQHandler                        
00006ed7  DMA_INT2_IRQHandler                        
00006ed7  DMA_INT3_IRQHandler                        
00006ed7  DebugMon_Handler                           
00006ed7  Default_Handler                            
00006ed7  EUSCIA0_IRQHandler                         
00006ed7  EUSCIA1_IRQHandler                         
00006ed7  EUSCIA2_IRQHandler                         
00006ed7  EUSCIA3_IRQHandler                         
00006ed7  EUSCIB0_IRQHandler                         
00006ed7  EUSCIB1_IRQHandler                         
00006ed7  EUSCIB2_IRQHandler                         
00006ed7  EUSCIB3_IRQHandler                         
00006ed7  FLCTL_IRQHandler                           
00006ed7  FPU_IRQHandler                             
00006ed7  HardFault_Handler                          
00006ed7  MemManage_Handler                          
00006ed7  NMI_Handler                                
00006ed7  PCM_IRQHandler                             
00006ed7  PORT1_IRQHandler                           
00006ed7  PORT2_IRQHandler                           
00006ed7  PORT3_IRQHandler                           
00006ed7  PORT4_IRQHandler                           
00006ed7  PORT5_IRQHandler                           
00006ed7  PORT6_IRQHandler                           
00006ed7  PSS_IRQHandler                             
00006ed7  PendSV_Handler                             
00006ed7  RTC_C_IRQHandler                           
00006ed7  SVC_Handler                                
00006ed7  SysTick_Handler                            
00006ed7  T32_INT1_IRQHandler                        
00006ed7  T32_INT2_IRQHandler                        
00006ed7  T32_INTC_IRQHandler                        
00006ed7  TA0_N_IRQHandler                           
00006ed7  TA1_0_IRQHandler                           
00006ed7  TA1_N_IRQHandler                           
00006ed7  TA2_0_IRQHandler                           
00006ed7  TA2_N_IRQHandler                           
00006ed7  TA3_0_IRQHandler                           
00006ed7  TA3_N_IRQHandler                           
00006ed7  UsageFault_Handler                         
00006ed7  WDT_A_IRQHandler                           
00006ed9  SysCtl_getNMISourceStatus                  
00006ee5  __TI_zero_init                             
00006ef1  CS_startHFXT                               
00006ef7  _system_pre_init                           
000073f7  dBfs                                       
000075f7  _ctypes_                                   
000077c8  i2cConfig                                  
00007864  __TI_Handler_Table_Base                    
00007870  __TI_Handler_Table_Limit                   
00007880  __TI_CINIT_Base                            
00007898  __TI_CINIT_Limit                           
20000000  g_pfnRAMVectors                            
200000e8  _sys_memory                                
200004e8  SensorReadings                             
200005e0  ClockRegisters                             
20000658  Message                                    
20000668  KeypadState                                
2000066c  Messageindex                               
20000670  X                                          
20000674  Ymax                                       
20000678  Ymin                                       
2000067c  Yrange                                     
20000688  RefreshInterrupt                           
200006bc  StX                                        
200006c0  StY                                        
200006c4  StTextColor                                
200006cc  lastj                                      
200006d0  __TI_cleanup_ptr                           
200006d4  __TI_dtors_ptr                             
200006d8  __TI_enable_exit_profile_output            
200006e8  SetTimeCounter                             
200006ec  CurrentDigit                               
200006f4  _lock                                      
200006f8  _unlock                                    
200006fc  SetDateTime                                
20000708  errno                                      
2000070c  main_func_sp                               
20000710  SystemCoreClock                            
2000fe00  __stack                                    
20010000  __STACK_END                                
4000480c  WDTCTL_SYM                                 
ffffffff  __TI_pprof_out_hndl                        
ffffffff  __TI_prof_data_size                        
ffffffff  __TI_prof_data_start                       
ffffffff  __binit__                                  
ffffffff  __c_args__                                 
ffffffff  binit                                      
UNDEFED   SHT$$INIT_ARRAY$$Base                      
UNDEFED   SHT$$INIT_ARRAY$$Limit                     

[306 symbols]
