******************************************************************************
                  TI ARM Linker PC v16.6.0                     
******************************************************************************
>> Linked Fri Dec 02 00:44:13 2016

OUTPUT FILE NAME:   <SecuritySystem.out>
ENTRY POINT SYMBOL: "_c_int00"  address: 0000ead5


MEMORY CONFIGURATION

         name            origin    length      used     unused   attr    fill
----------------------  --------  ---------  --------  --------  ----  --------
  MAIN                  00000000   00040000  0000f0f4  00030f0c  R  X
  INFO                  00200000   00004000  00000000  00004000  R  X
  SRAM_CODE             01000000   00010000  000002fe  0000fd02  RW X
  SRAM_DATA             20000000   00010000  000002fe  0000fd02  RW  


SEGMENT ALLOCATION MAP

run origin  load origin   length   init length attrs members
----------  ----------- ---------- ----------- ----- -------
00000000    00000000    0000f0f8   0000f0f8    r-x
  00000000    00000000    000000e4   000000e4    r-- .intvecs
  000000e4    000000e4    0000a946   0000a946    r-- .const
  0000aa2c    0000aa2c    00004652   00004652    r-x .text
  0000f080    0000f080    00000078   00000078    r-- .cinit
20000000    20000000    00000100   00000000    rw-
  20000000    20000000    00000096   00000000    rw- .bss
  20000098    20000098    00000068   00000000    rw- .data
2000fe00    2000fe00    00000200   00000000    rw-
  2000fe00    2000fe00    00000200   00000000    rw- .stack


SECTION ALLOCATION MAP

 output                                  attributes/
section   page    origin      length       input sections
--------  ----  ----------  ----------   ----------------
.intvecs   0    00000000    000000e4     
                  00000000    000000e4     startup_msp432p401r_ccs.obj (.intvecs:retain)

.binit     0    00000000    00000000     

.const     0    000000e4    0000a946     
                  000000e4    0000a000     Display.obj (.const:MainMenuDesign)
                  0000a0e4    000004fb     ST7735.obj (.const:.string:Font)
                  0000a5df    00000200     ST7735.obj (.const:.string:dBfs)
                  0000a7df    00000101     rtsv7M4_T_le_v4SPD16_eabi.lib : ctype.obj (.const:.string:_ctypes_)
                  0000a8e0    00000067     ST7735.obj (.const:.string:Bcmd)
                  0000a947    00000001     --HOLE-- [fill = 0]
                  0000a948    00000040     msp432p4xx_driverlib.lib : interrupt.o (.const)
                  0000a988    0000003b     ST7735.obj (.const:.string:Rcmd1)
                  0000a9c3    0000002b     ST7735.obj (.const:.string:Rcmd3)
                  0000a9ee    00000002     --HOLE-- [fill = 0]
                  0000a9f0    00000014     I2C.obj (.const:i2cConfig)
                  0000aa04    0000000d     ST7735.obj (.const:.string:Rcmd2green)
                  0000aa11    0000000d     ST7735.obj (.const:.string:Rcmd2red)
                  0000aa1e    0000000c     Keypad.obj (.const:$P$T0$3)

.text      0    0000aa2c    00004652     
                  0000aa2c    00001398     ST7735.obj (.text)
                  0000bdc4    00001142     rtsv7M4_T_le_v4SPD16_eabi.lib : _printfi.obj (.text)
                  0000cf06    00000002                                   : mpu_init.obj (.text)
                  0000cf08    0000033c     RTC.obj (.text)
                  0000d244    0000032c     system_msp432p401r.obj (.text)
                  0000d570    0000024c     Keypad.obj (.text)
                  0000d7bc    00000204     Display.obj (.text)
                  0000d9c0    000001f4     rtsv7M4_T_le_v4SPD16_eabi.lib : ull_div_t2.obj (.text)
                  0000dbb4    000001b6                                   : fd_add_t2.obj (.text)
                  0000dd6a    00000136                                   : fd_div_t2.obj (.text)
                  0000dea0    00000104     msp432p4xx_driverlib.lib : cs.o (.text:CS_getDCOFrequency)
                  0000dfa4    000000fc     rtsv7M4_T_le_v4SPD16_eabi.lib : fd_mul_t2.obj (.text)
                  0000e0a0    000000fc                                   : s_scalbn.obj (.text)
                  0000e19c    000000f0     Clock.obj (.text)
                  0000e28c    000000e6     RGB.obj (.text)
                  0000e372    00000002     rtsv7M4_T_le_v4SPD16_eabi.lib : startup.obj (.text)
                  0000e374    000000e0     msp432p4xx_driverlib.lib : cs.o (.text:CS_initClockSignal)
                  0000e454    0000009c                              : cs.o (.text:CS_startHFXTWithTimeout)
                  0000e4f0    0000009c                              : cs.o (.text:_CSComputeCLKFrequency)
                  0000e58c    0000009c     rtsv7M4_T_le_v4SPD16_eabi.lib : memcpy_t2.obj (.text)
                  0000e628    00000086                                   : fd_cmp_t2.obj (.text:__aeabi_cdcmple)
                  0000e6ae    00000086                                   : fd_cmp_t2.obj (.text:__aeabi_cdrcmple)
                  0000e734    0000007a                                   : memset_t2.obj (.text)
                  0000e7ae    00000002     --HOLE-- [fill = 0]
                  0000e7b0    00000070     msp432p4xx_driverlib.lib : cs.o (.text:_CSGetHFXTFrequency)
                  0000e820    00000070     rtsv7M4_T_le_v4SPD16_eabi.lib : autoinit.obj (.text)
                  0000e890    00000066                                   : copy_decompress_lzss.obj (.text:decompress:lzss)
                  0000e8f6    00000002     --HOLE-- [fill = 0]
                  0000e8f8    00000064     msp432p4xx_driverlib.lib : interrupt.o (.text:Interrupt_enableInterrupt)
                  0000e95c    00000064     rtsv7M4_T_le_v4SPD16_eabi.lib : s_frexp.obj (.text)
                  0000e9c0    00000060                                   : sprintf.obj (.text)
                  0000ea20    0000005c     Startup.obj (.text)
                  0000ea7c    00000056     rtsv7M4_T_le_v4SPD16_eabi.lib : ltoa.obj (.text)
                  0000ead2    00000002     --HOLE-- [fill = 0]
                  0000ead4    00000054                                   : boot.obj (.text)
                  0000eb28    00000054                                   : exit.obj (.text)
                  0000eb7c    00000050     msp432p4xx_driverlib.lib : sysctl.o (.text:SysCtl_getTLVInfo)
                  0000ebcc    0000004c     I2C.obj (.text)
                  0000ec18    0000004c     msp432p4xx_driverlib.lib : cs.o (.text:_CSGetDOCFrequency)
                  0000ec64    0000004c     rtsv7M4_T_le_v4SPD16_eabi.lib : atoi.obj (.text)
                  0000ecb0    0000004c                                   : cpy_tbl.obj (.text)
                  0000ecfc    00000048     msp432p4xx_driverlib.lib : gpio.o (.text:GPIO_setAsPeripheralModuleFunctionInputPin)
                  0000ed44    00000048                              : cs.o (.text:_CSGetDividerValue)
                  0000ed8c    00000048     rtsv7M4_T_le_v4SPD16_eabi.lib : fd_toi_t2.obj (.text)
                  0000edd4    00000038     MainSequence.obj (.text)
                  0000ee0c    0000002e     rtsv7M4_T_le_v4SPD16_eabi.lib : i_tofd_t2.obj (.text)
                  0000ee3a    00000002     --HOLE-- [fill = 0]
                  0000ee3c    0000002c     msp432p4xx_driverlib.lib : gpio.o (.text:GPIO_setAsInputPin)
                  0000ee68    00000024                              : cs.o (.text:CS_clearInterruptFlag)
                  0000ee8c    00000024                              : gpio.o (.text:GPIO_setAsOutputPin)
                  0000eeb0    0000001c     rtsv7M4_T_le_v4SPD16_eabi.lib : memccpy.obj (.text)
                  0000eecc    00000018     msp432p4xx_driverlib.lib : cs.o (.text:CS_getACLK)
                  0000eee4    00000018                              : cs.o (.text:CS_getMCLK)
                  0000eefc    00000018                              : cs.o (.text:CS_getSMCLK)
                  0000ef14    00000018                              : gpio.o (.text:GPIO_clearInterruptFlag)
                  0000ef2c    00000018                              : gpio.o (.text:GPIO_setOutputLowOnPin)
                  0000ef44    00000018     main.obj (.text)
                  0000ef5c    00000018     rtsv7M4_T_le_v4SPD16_eabi.lib : args_main.obj (.text)
                  0000ef74    00000016                                   : strchr.obj (.text)
                  0000ef8a    00000002     --HOLE-- [fill = 0]
                  0000ef8c    00000014     msp432p4xx_driverlib.lib : cs.o (.text:CS_setExternalClockSourceFrequency)
                  0000efa0    00000014                              : gpio.o (.text:GPIO_setOutputHighOnPin)
                  0000efb4    00000014                              : gpio.o (.text:GPIO_toggleOutputOnPin)
                  0000efc8    00000014     rtsv7M4_T_le_v4SPD16_eabi.lib : _lock.obj (.text)
                  0000efdc    00000014                                   : s_copysign.obj (.text)
                  0000eff0    00000014                                   : strlen.obj (.text)
                  0000f004    00000010     msp432p4xx_driverlib.lib : interrupt.o (.text:Interrupt_enableMaster)
                  0000f014    00000010                              : sysctl.o (.text:SysCtl_disableNMISource)
                  0000f024    00000010                              : sysctl.o (.text:SysCtl_enableNMISource)
                  0000f034    0000000e     rtsv7M4_T_le_v4SPD16_eabi.lib : copy_decompress_none.obj (.text:decompress:none)
                  0000f042    0000000e     startup_msp432p401r_ccs.obj (.text)
                  0000f050    0000000c     msp432p4xx_driverlib.lib : cpu.o (.text:CPU_cpsie)
                  0000f05c    0000000c                              : sysctl.o (.text:SysCtl_getNMISourceStatus)
                  0000f068    0000000c     rtsv7M4_T_le_v4SPD16_eabi.lib : copy_zero_init.obj (.text:decompress:ZI)
                  0000f074    00000006     msp432p4xx_driverlib.lib : cs.o (.text:CS_startHFXT)
                  0000f07a    00000004     rtsv7M4_T_le_v4SPD16_eabi.lib : pre_init.obj (.text)

.cinit     0    0000f080    00000078     
                  0000f080    0000004d     (.cinit..data.load) [load image, compression = lzss]
                  0000f0cd    00000003     --HOLE-- [fill = 0]
                  0000f0d0    0000000c     (__TI_handler_table)
                  0000f0dc    00000004     --HOLE-- [fill = 0]
                  0000f0e0    00000008     (.cinit..bss.load) [load image, compression = zero_init]
                  0000f0e8    00000010     (__TI_cinit_table)

.init_array 
*          0    00000000    00000000     UNINITIALIZED

.bss       0    20000000    00000096     UNINITIALIZED
                  20000000    00000058     (.common:SensorReadings)
                  20000058    0000000c     Startup.obj (.bss)
                  20000064    0000000c     (.common:Message)
                  20000070    00000004     ST7735.obj (.bss)
                  20000074    00000004     (.common:KeypadState)
                  20000078    00000004     (.common:Messageindex)
                  2000007c    00000004     (.common:X)
                  20000080    00000004     (.common:Ymax)
                  20000084    00000004     (.common:Ymin)
                  20000088    00000004     (.common:Yrange)
                  2000008c    00000004     (.common:hfxtFreq)
                  20000090    00000004     (.common:lfxtFreq)
                  20000094    00000002     Display.obj (.bss)

.data      0    20000098    00000068     UNINITIALIZED
                  20000098    00000030     msp432p4xx_driverlib.lib : gpio.o (.data:GPIO_PORT_TO_BASE)
                  200000c8    00000014     ST7735.obj (.data)
                  200000dc    0000000c     rtsv7M4_T_le_v4SPD16_eabi.lib : exit.obj (.data:$O1$$)
                  200000e8    00000008                                   : _lock.obj (.data:$O1$$)
                  200000f0    00000004     Keypad.obj (.data)
                  200000f4    00000004     rtsv7M4_T_le_v4SPD16_eabi.lib : errno.obj (.data)
                  200000f8    00000004                                   : stkdepth_vars.obj (.data)
                  200000fc    00000004     system_msp432p401r.obj (.data)

.stack     0    2000fe00    00000200     UNINITIALIZED
                  2000fe00    00000200     --HOLE--

MODULE SUMMARY

       Module                        code    ro data   rw data
       ------                        ----    -------   -------
    .\
       system_msp432p401r.obj        812     0         8      
       startup_msp432p401r_ccs.obj   14      228       0      
       main.obj                      24      0         184    
    +--+-----------------------------+-------+---------+---------+
       Total:                        850     228       192    
                                                              
    .\Modules\
       Display.obj                   516     40960     4      
       ST7735.obj                    5016    2018      112    
       RTC.obj                       828     0         0      
       Keypad.obj                    588     12        8      
       Clock.obj                     240     0         0      
       RGB.obj                       230     0         0      
    +--+-----------------------------+-------+---------+---------+
       Total:                        7418    42990     124    
                                                              
    .\Protocols\
       I2C.obj                       76      20        0      
    +--+-----------------------------+-------+---------+---------+
       Total:                        76      20        0      
                                                              
    .\Sequences\
       Startup.obj                   92      0         24     
       MainSequence.obj              56      0         0      
    +--+-----------------------------+-------+---------+---------+
       Total:                        148     0         24     
                                                              
    ../msp432p4xx_driverlib.lib
       cs.o                          1190    0         16     
       gpio.o                        240     0         96     
       interrupt.o                   116     64        0      
       sysctl.o                      124     0         0      
       cpu.o                         12      0         0      
    +--+-----------------------------+-------+---------+---------+
       Total:                        1682    64        112    
                                                              
    C:\ti\ccsv6\tools\compiler\ti-cgt-arm_16.6.0.STS\lib\rtsv7M4_T_le_v4SPD16_eabi.lib
       _printfi.obj                  4418    0         0      
       ull_div_t2.obj                500     0         0      
       fd_add_t2.obj                 438     0         0      
       fd_div_t2.obj                 310     0         0      
       fd_cmp_t2.obj                 268     0         0      
       ctype.obj                     0       257       0      
       fd_mul_t2.obj                 252     0         0      
       s_scalbn.obj                  252     0         0      
       memcpy_t2.obj                 156     0         0      
       memset_t2.obj                 122     0         0      
       autoinit.obj                  112     0         0      
       exit.obj                      84      0         24     
       copy_decompress_lzss.obj      102     0         0      
       s_frexp.obj                   100     0         0      
       sprintf.obj                   96      0         0      
       ltoa.obj                      86      0         0      
       boot.obj                      84      0         0      
       atoi.obj                      76      0         0      
       cpy_tbl.obj                   76      0         0      
       fd_toi_t2.obj                 72      0         0      
       i_tofd_t2.obj                 46      0         0      
       _lock.obj                     20      0         16     
       memccpy.obj                   28      0         0      
       args_main.obj                 24      0         0      
       strchr.obj                    22      0         0      
       s_copysign.obj                20      0         0      
       strlen.obj                    20      0         0      
       copy_decompress_none.obj      14      0         0      
       copy_zero_init.obj            12      0         0      
       errno.obj                     0       0         8      
       stkdepth_vars.obj             0       0         8      
       pre_init.obj                  4       0         0      
       mpu_init.obj                  2       0         0      
       startup.obj                   2       0         0      
    +--+-----------------------------+-------+---------+---------+
       Total:                        7818    257       56     
                                                              
       Stack:                        0       0         1024   
       Linker Generated:             0       113       0      
    +--+-----------------------------+-------+---------+---------+
       Grand Total:                  17992   43672     1532   


LINKER GENERATED COPY TABLES

__TI_cinit_table @ 0000f0e8 records: 2, size/record: 8, table size: 16
	.data: load addr=0000f080, load size=0000004d bytes, run addr=20000098, run size=00000068 bytes, compression=lzss
	.bss: load addr=0000f0e0, load size=00000008 bytes, run addr=20000000, run size=00000096 bytes, compression=zero_init


LINKER GENERATED HANDLER TABLE

__TI_handler_table @ 0000f0d0 records: 3, size/record: 4, table size: 12
	index: 0, handler: __TI_decompress_lzss
	index: 1, handler: __TI_decompress_none
	index: 2, handler: __TI_zero_init


GLOBAL SYMBOLS: SORTED ALPHABETICALLY BY Name 

address   name                                      
-------   ----                                      
0000f04f  ADC14_IRQHandler                          
0000f04f  AES256_IRQHandler                         
0000f04f  BusFault_Handler                          
0000eb29  C$$EXIT                                   
0000f04f  COMP_E0_IRQHandler                        
0000f04f  COMP_E1_IRQHandler                        
0000f051  CPU_cpsie                                 
0000f04f  CS_IRQHandler                             
0000ee69  CS_clearInterruptFlag                     
0000eecd  CS_getACLK                                
0000dea1  CS_getDCOFrequency                        
0000eee5  CS_getMCLK                                
0000eefd  CS_getSMCLK                               
0000e375  CS_initClockSignal                        
0000ef8d  CS_setExternalClockSourceFrequency        
0000f075  CS_startHFXT                              
0000e455  CS_startHFXTWithTimeout                   
0000e19d  Clock_Init                                
0000f04f  DMA_ERR_IRQHandler                        
0000f04f  DMA_INT0_IRQHandler                       
0000f04f  DMA_INT1_IRQHandler                       
0000f04f  DMA_INT2_IRQHandler                       
0000f04f  DMA_INT3_IRQHandler                       
0000f04f  DebugMon_Handler                          
0000f04f  Default_Handler                           
0000aaa3  Delay1ms                                  
0000d905  Display_Init                              
0000d7bd  Display_Module_DrawString                 
0000d817  Display_Module_MainScreen                 
0000d841  Display_Module_MainScreen2                
0000d8d3  Display_Refresh                           
0000d91b  Display_Splash_Screen                     
0000f04f  EUSCIA0_IRQHandler                        
0000f04f  EUSCIA1_IRQHandler                        
0000f04f  EUSCIA2_IRQHandler                        
0000f04f  EUSCIA3_IRQHandler                        
0000f04f  EUSCIB0_IRQHandler                        
0000f04f  EUSCIB1_IRQHandler                        
0000f04f  EUSCIB2_IRQHandler                        
0000f04f  EUSCIB3_IRQHandler                        
0000f04f  FLCTL_IRQHandler                          
0000f04f  FPU_IRQHandler                            
0000ef15  GPIO_clearInterruptFlag                   
0000ee3d  GPIO_setAsInputPin                        
0000ee8d  GPIO_setAsOutputPin                       
0000ecfd  GPIO_setAsPeripheralModuleFunctionInputPin
0000efa1  GPIO_setOutputHighOnPin                   
0000ef2d  GPIO_setOutputLowOnPin                    
0000efb5  GPIO_toggleOutputOnPin                    
0000f04f  HardFault_Handler                         
0000ebcd  I2C_Init                                  
0000e8f9  Interrupt_enableInterrupt                 
0000f005  Interrupt_enableMaster                    
20000074  KeypadState                               
0000d665  Keypad_Debounce                           
0000d571  Keypad_Init                               
0000d763  Keypad_InsertKeyCombo                     
0000d68d  Keypad_SaveButtonPress                    
0000d57f  Keypad_Scan                               
000000e4  MainMenuDesign                            
0000edd5  Main_Sequence                             
0000f04f  MemManage_Handler                         
20000064  Message                                   
20000078  Messageindex                              
0000f04f  NMI_Handler                               
0000bd63  Output_Clear                              
0000bd7d  Output_Color                              
0000bd53  Output_Init                               
0000bd6d  Output_Off                                
0000bd75  Output_On                                 
0000f04f  PCM_IRQHandler                            
0000f04f  PORT1_IRQHandler                          
0000f04f  PORT2_IRQHandler                          
0000f04f  PORT3_IRQHandler                          
0000f04f  PORT4_IRQHandler                          
0000f04f  PORT5_IRQHandler                          
0000d213  PORT6_IRQHandler                          
0000d213  PORT6_IRQHandler                          
0000f04f  PSS_IRQHandler                            
0000f04f  PendSV_Handler                            
0000e28d  RGB_Init                                  
0000e2bb  RGB_Module_SetColor                       
0000f04f  RTC_C_IRQHandler                          
0000d1d5  RTC_ClearTimer_Interrupt_Flag             
0000d0f5  RTC_Init                                  
0000cfb5  RTC_Module_Read                           
0000cf09  RTC_Module_Write                          
0000d135  RTC_Setup_SecondInterrupts                
0000f043  Reset_Handler                             
UNDEFED   SHT$$INIT_ARRAY$$Base                     
UNDEFED   SHT$$INIT_ARRAY$$Limit                    
0000b085  ST7735_Color565                           
0000b0e9  ST7735_DrawBitmap                         
0000b459  ST7735_DrawChar                           
0000b2e5  ST7735_DrawCharS                          
0000ae7d  ST7735_DrawFastHLine                      
0000adbf  ST7735_DrawFastVLine                      
0000ad65  ST7735_DrawPixel                          
0000b5c9  ST7735_DrawString                         
0000af79  ST7735_FillRect                           
0000af35  ST7735_FillScreen                         
0000ac31  ST7735_InitB                              
0000ac51  ST7735_InitR                              
0000b7fb  ST7735_InvertDisplay                      
0000bc39  ST7735_OutChar                            
0000bcf5  ST7735_OutString                          
0000b6b5  ST7735_OutUDec                            
0000bb45  ST7735_PlotBar                            
0000b813  ST7735_PlotClear                          
0000b935  ST7735_PlotLine                           
0000bbe5  ST7735_PlotNext                           
0000bbff  ST7735_PlotNextErase                      
0000b86f  ST7735_PlotPoint                          
0000ba6f  ST7735_PlotPoints                         
0000bb9b  ST7735_PlotdBfs                           
0000b68f  ST7735_SetCursor                          
0000b731  ST7735_SetRotation                        
0000bd13  ST7735_SetTextColor                       
0000b0b9  ST7735_SwapColor                          
0000f04f  SVC_Handler                               
20000000  SensorReadings                            
200000d0  StTextColor                               
200000c8  StX                                       
200000cc  StY                                       
0000ea21  Startup_Sequence                          
0000f015  SysCtl_disableNMISource                   
0000f025  SysCtl_enableNMISource                    
0000f05d  SysCtl_getNMISourceStatus                 
0000eb7d  SysCtl_getTLVInfo                         
0000f04f  SysTick_Handler                           
0000e225  SysTick_Init                              
0000e241  SysTick_delay                             
200000fc  SystemCoreClock                           
0000d245  SystemCoreClockUpdate                     
0000d4b9  SystemInit                                
0000f04f  T32_INT1_IRQHandler                       
0000f04f  T32_INT2_IRQHandler                       
0000f04f  T32_INTC_IRQHandler                       
0000f04f  TA0_0_IRQHandler                          
0000f04f  TA0_N_IRQHandler                          
0000f04f  TA1_0_IRQHandler                          
0000f04f  TA1_N_IRQHandler                          
0000f04f  TA2_0_IRQHandler                          
0000f04f  TA2_N_IRQHandler                          
0000f04f  TA3_0_IRQHandler                          
0000f04f  TA3_N_IRQHandler                          
0000f04f  UsageFault_Handler                        
4000480c  WDTCTL_SYM                                
0000f04f  WDT_A_IRQHandler                          
2000007c  X                                         
20000080  Ymax                                      
20000084  Ymin                                      
20000088  Yrange                                    
20010000  __STACK_END                               
00000200  __STACK_SIZE                              
0000f0e8  __TI_CINIT_Base                           
0000f0f8  __TI_CINIT_Limit                          
0000f0d0  __TI_Handler_Table_Base                   
0000f0dc  __TI_Handler_Table_Limit                  
0000e821  __TI_auto_init                            
200000dc  __TI_cleanup_ptr                          
0000e891  __TI_decompress_lzss                      
0000f035  __TI_decompress_none                      
200000e0  __TI_dtors_ptr                            
200000e4  __TI_enable_exit_profile_output           
ffffffff  __TI_pprof_out_hndl                       
0000c60d  __TI_printfi                              
ffffffff  __TI_prof_data_size                       
ffffffff  __TI_prof_data_start                      
00000000  __TI_static_base__                        
0000f069  __TI_zero_init                            
0000e629  __aeabi_cdcmpeq                           
0000e629  __aeabi_cdcmple                           
0000e6af  __aeabi_cdrcmple                          
0000ed8d  __aeabi_d2iz                              
0000dbbf  __aeabi_dadd                              
0000dd6b  __aeabi_ddiv                              
0000dfa5  __aeabi_dmul                              
0000dbb5  __aeabi_dsub                              
0000ee0d  __aeabi_i2d                               
0000e735  __aeabi_memclr                            
0000e735  __aeabi_memclr4                           
0000e735  __aeabi_memclr8                           
0000e58d  __aeabi_memcpy                            
0000e58d  __aeabi_memcpy4                           
0000e58d  __aeabi_memcpy8                           
0000e737  __aeabi_memset                            
0000e737  __aeabi_memset4                           
0000e737  __aeabi_memset8                           
0000d9c1  __aeabi_uldivmod                          
ffffffff  __binit__                                 
ffffffff  __c_args__                                
0000cf07  __mpu_init                                
2000fe00  __stack                                   
0000ef5d  _args_main                                
0000ead5  _c_int00                                  
0000a7df  _ctypes_                                  
200000e8  _lock                                     
0000efd7  _nop                                      
0000efcf  _register_lock                            
0000efc9  _register_unlock                          
0000e373  _system_post_cinit                        
0000f07b  _system_pre_init                          
200000ec  _unlock                                   
0000eb2d  abort                                     
0000ec65  atoi                                      
ffffffff  binit                                     
0000ecb1  copy_in                                   
0000efdd  copysign                                  
0000efdd  copysignl                                 
0000a5df  dBfs                                      
200000f4  errno                                     
0000eb35  exit                                      
0000bd45  ferror                                    
0000bd39  fgetc                                     
0000b64d  fillmessage                               
0000bd27  fputc                                     
0000e95d  frexp                                     
0000e95d  frexpl                                    
0000a9f0  i2cConfig                                 
00000000  interruptVectors                          
200000d8  lastj                                     
0000e0a1  ldexp                                     
0000e0a1  ldexpl                                    
0000ea7d  ltoa                                      
0000ef45  main                                      
200000f8  main_func_sp                              
0000eeb1  memccpy                                   
0000e58d  memcpy                                    
0000e73d  memset                                    
0000aa95  parrotdelay                               
0000e0a1  scalbn                                    
0000e0a1  scalbnl                                   
0000e9c1  sprintf                                   
0000ef75  strchr                                    
0000eff1  strlen                                    


GLOBAL SYMBOLS: SORTED BY Symbol Address 

address   name                                      
-------   ----                                      
00000000  __TI_static_base__                        
00000000  interruptVectors                          
000000e4  MainMenuDesign                            
00000200  __STACK_SIZE                              
0000a5df  dBfs                                      
0000a7df  _ctypes_                                  
0000a9f0  i2cConfig                                 
0000aa95  parrotdelay                               
0000aaa3  Delay1ms                                  
0000ac31  ST7735_InitB                              
0000ac51  ST7735_InitR                              
0000ad65  ST7735_DrawPixel                          
0000adbf  ST7735_DrawFastVLine                      
0000ae7d  ST7735_DrawFastHLine                      
0000af35  ST7735_FillScreen                         
0000af79  ST7735_FillRect                           
0000b085  ST7735_Color565                           
0000b0b9  ST7735_SwapColor                          
0000b0e9  ST7735_DrawBitmap                         
0000b2e5  ST7735_DrawCharS                          
0000b459  ST7735_DrawChar                           
0000b5c9  ST7735_DrawString                         
0000b64d  fillmessage                               
0000b68f  ST7735_SetCursor                          
0000b6b5  ST7735_OutUDec                            
0000b731  ST7735_SetRotation                        
0000b7fb  ST7735_InvertDisplay                      
0000b813  ST7735_PlotClear                          
0000b86f  ST7735_PlotPoint                          
0000b935  ST7735_PlotLine                           
0000ba6f  ST7735_PlotPoints                         
0000bb45  ST7735_PlotBar                            
0000bb9b  ST7735_PlotdBfs                           
0000bbe5  ST7735_PlotNext                           
0000bbff  ST7735_PlotNextErase                      
0000bc39  ST7735_OutChar                            
0000bcf5  ST7735_OutString                          
0000bd13  ST7735_SetTextColor                       
0000bd27  fputc                                     
0000bd39  fgetc                                     
0000bd45  ferror                                    
0000bd53  Output_Init                               
0000bd63  Output_Clear                              
0000bd6d  Output_Off                                
0000bd75  Output_On                                 
0000bd7d  Output_Color                              
0000c60d  __TI_printfi                              
0000cf07  __mpu_init                                
0000cf09  RTC_Module_Write                          
0000cfb5  RTC_Module_Read                           
0000d0f5  RTC_Init                                  
0000d135  RTC_Setup_SecondInterrupts                
0000d1d5  RTC_ClearTimer_Interrupt_Flag             
0000d213  PORT6_IRQHandler                          
0000d213  PORT6_IRQHandler                          
0000d245  SystemCoreClockUpdate                     
0000d4b9  SystemInit                                
0000d571  Keypad_Init                               
0000d57f  Keypad_Scan                               
0000d665  Keypad_Debounce                           
0000d68d  Keypad_SaveButtonPress                    
0000d763  Keypad_InsertKeyCombo                     
0000d7bd  Display_Module_DrawString                 
0000d817  Display_Module_MainScreen                 
0000d841  Display_Module_MainScreen2                
0000d8d3  Display_Refresh                           
0000d905  Display_Init                              
0000d91b  Display_Splash_Screen                     
0000d9c1  __aeabi_uldivmod                          
0000dbb5  __aeabi_dsub                              
0000dbbf  __aeabi_dadd                              
0000dd6b  __aeabi_ddiv                              
0000dea1  CS_getDCOFrequency                        
0000dfa5  __aeabi_dmul                              
0000e0a1  ldexp                                     
0000e0a1  ldexpl                                    
0000e0a1  scalbn                                    
0000e0a1  scalbnl                                   
0000e19d  Clock_Init                                
0000e225  SysTick_Init                              
0000e241  SysTick_delay                             
0000e28d  RGB_Init                                  
0000e2bb  RGB_Module_SetColor                       
0000e373  _system_post_cinit                        
0000e375  CS_initClockSignal                        
0000e455  CS_startHFXTWithTimeout                   
0000e58d  __aeabi_memcpy                            
0000e58d  __aeabi_memcpy4                           
0000e58d  __aeabi_memcpy8                           
0000e58d  memcpy                                    
0000e629  __aeabi_cdcmpeq                           
0000e629  __aeabi_cdcmple                           
0000e6af  __aeabi_cdrcmple                          
0000e735  __aeabi_memclr                            
0000e735  __aeabi_memclr4                           
0000e735  __aeabi_memclr8                           
0000e737  __aeabi_memset                            
0000e737  __aeabi_memset4                           
0000e737  __aeabi_memset8                           
0000e73d  memset                                    
0000e821  __TI_auto_init                            
0000e891  __TI_decompress_lzss                      
0000e8f9  Interrupt_enableInterrupt                 
0000e95d  frexp                                     
0000e95d  frexpl                                    
0000e9c1  sprintf                                   
0000ea21  Startup_Sequence                          
0000ea7d  ltoa                                      
0000ead5  _c_int00                                  
0000eb29  C$$EXIT                                   
0000eb2d  abort                                     
0000eb35  exit                                      
0000eb7d  SysCtl_getTLVInfo                         
0000ebcd  I2C_Init                                  
0000ec65  atoi                                      
0000ecb1  copy_in                                   
0000ecfd  GPIO_setAsPeripheralModuleFunctionInputPin
0000ed8d  __aeabi_d2iz                              
0000edd5  Main_Sequence                             
0000ee0d  __aeabi_i2d                               
0000ee3d  GPIO_setAsInputPin                        
0000ee69  CS_clearInterruptFlag                     
0000ee8d  GPIO_setAsOutputPin                       
0000eeb1  memccpy                                   
0000eecd  CS_getACLK                                
0000eee5  CS_getMCLK                                
0000eefd  CS_getSMCLK                               
0000ef15  GPIO_clearInterruptFlag                   
0000ef2d  GPIO_setOutputLowOnPin                    
0000ef45  main                                      
0000ef5d  _args_main                                
0000ef75  strchr                                    
0000ef8d  CS_setExternalClockSourceFrequency        
0000efa1  GPIO_setOutputHighOnPin                   
0000efb5  GPIO_toggleOutputOnPin                    
0000efc9  _register_unlock                          
0000efcf  _register_lock                            
0000efd7  _nop                                      
0000efdd  copysign                                  
0000efdd  copysignl                                 
0000eff1  strlen                                    
0000f005  Interrupt_enableMaster                    
0000f015  SysCtl_disableNMISource                   
0000f025  SysCtl_enableNMISource                    
0000f035  __TI_decompress_none                      
0000f043  Reset_Handler                             
0000f04f  ADC14_IRQHandler                          
0000f04f  AES256_IRQHandler                         
0000f04f  BusFault_Handler                          
0000f04f  COMP_E0_IRQHandler                        
0000f04f  COMP_E1_IRQHandler                        
0000f04f  CS_IRQHandler                             
0000f04f  DMA_ERR_IRQHandler                        
0000f04f  DMA_INT0_IRQHandler                       
0000f04f  DMA_INT1_IRQHandler                       
0000f04f  DMA_INT2_IRQHandler                       
0000f04f  DMA_INT3_IRQHandler                       
0000f04f  DebugMon_Handler                          
0000f04f  Default_Handler                           
0000f04f  EUSCIA0_IRQHandler                        
0000f04f  EUSCIA1_IRQHandler                        
0000f04f  EUSCIA2_IRQHandler                        
0000f04f  EUSCIA3_IRQHandler                        
0000f04f  EUSCIB0_IRQHandler                        
0000f04f  EUSCIB1_IRQHandler                        
0000f04f  EUSCIB2_IRQHandler                        
0000f04f  EUSCIB3_IRQHandler                        
0000f04f  FLCTL_IRQHandler                          
0000f04f  FPU_IRQHandler                            
0000f04f  HardFault_Handler                         
0000f04f  MemManage_Handler                         
0000f04f  NMI_Handler                               
0000f04f  PCM_IRQHandler                            
0000f04f  PORT1_IRQHandler                          
0000f04f  PORT2_IRQHandler                          
0000f04f  PORT3_IRQHandler                          
0000f04f  PORT4_IRQHandler                          
0000f04f  PORT5_IRQHandler                          
0000f04f  PSS_IRQHandler                            
0000f04f  PendSV_Handler                            
0000f04f  RTC_C_IRQHandler                          
0000f04f  SVC_Handler                               
0000f04f  SysTick_Handler                           
0000f04f  T32_INT1_IRQHandler                       
0000f04f  T32_INT2_IRQHandler                       
0000f04f  T32_INTC_IRQHandler                       
0000f04f  TA0_0_IRQHandler                          
0000f04f  TA0_N_IRQHandler                          
0000f04f  TA1_0_IRQHandler                          
0000f04f  TA1_N_IRQHandler                          
0000f04f  TA2_0_IRQHandler                          
0000f04f  TA2_N_IRQHandler                          
0000f04f  TA3_0_IRQHandler                          
0000f04f  TA3_N_IRQHandler                          
0000f04f  UsageFault_Handler                        
0000f04f  WDT_A_IRQHandler                          
0000f051  CPU_cpsie                                 
0000f05d  SysCtl_getNMISourceStatus                 
0000f069  __TI_zero_init                            
0000f075  CS_startHFXT                              
0000f07b  _system_pre_init                          
0000f0d0  __TI_Handler_Table_Base                   
0000f0dc  __TI_Handler_Table_Limit                  
0000f0e8  __TI_CINIT_Base                           
0000f0f8  __TI_CINIT_Limit                          
20000000  SensorReadings                            
20000064  Message                                   
20000074  KeypadState                               
20000078  Messageindex                              
2000007c  X                                         
20000080  Ymax                                      
20000084  Ymin                                      
20000088  Yrange                                    
200000c8  StX                                       
200000cc  StY                                       
200000d0  StTextColor                               
200000d8  lastj                                     
200000dc  __TI_cleanup_ptr                          
200000e0  __TI_dtors_ptr                            
200000e4  __TI_enable_exit_profile_output           
200000e8  _lock                                     
200000ec  _unlock                                   
200000f4  errno                                     
200000f8  main_func_sp                              
200000fc  SystemCoreClock                           
2000fe00  __stack                                   
20010000  __STACK_END                               
4000480c  WDTCTL_SYM                                
ffffffff  __TI_pprof_out_hndl                       
ffffffff  __TI_prof_data_size                       
ffffffff  __TI_prof_data_start                      
ffffffff  __binit__                                 
ffffffff  __c_args__                                
ffffffff  binit                                     
UNDEFED   SHT$$INIT_ARRAY$$Base                     
UNDEFED   SHT$$INIT_ARRAY$$Limit                    

[236 symbols]
