******************************************************************************
                  TI ARM Linker PC v16.6.0                     
******************************************************************************
>> Linked Tue Nov 29 21:35:57 2016

OUTPUT FILE NAME:   <SecuritySystem.out>
ENTRY POINT SYMBOL: "_c_int00"  address: 000102b5


MEMORY CONFIGURATION

         name            origin    length      used     unused   attr    fill
----------------------  --------  ---------  --------  --------  ----  --------
  MAIN                  00000000   00040000  00010628  0002f9d8  R  X
  INFO                  00200000   00004000  00000000  00004000  R  X
  SRAM_CODE             01000000   00010000  0000026a  0000fd96  RW X
  SRAM_DATA             20000000   00010000  0000026a  0000fd96  RW  


SEGMENT ALLOCATION MAP

run origin  load origin   length   init length attrs members
----------  ----------- ---------- ----------- ----- -------
00000000    00000000    00010630   00010630    r-x
  00000000    00000000    000000e4   000000e4    r-- .intvecs
  000000e4    000000e4    0000e3e2   0000e3e2    r-- .const
  0000e4c8    0000e4c8    0000211a   0000211a    r-x .text
  000105e8    000105e8    00000048   00000048    r-- .cinit
20000000    20000000    0000006c   00000000    rw-
  20000000    20000000    0000003a   00000000    rw- .bss
  2000003c    2000003c    00000030   00000000    rw- .data
2000fe00    2000fe00    00000200   00000000    rw-
  2000fe00    2000fe00    00000200   00000000    rw- .stack


SECTION ALLOCATION MAP

 output                                  attributes/
section   page    origin      length       input sections
--------  ----  ----------  ----------   ----------------
.intvecs   0    00000000    000000e4     
                  00000000    000000e4     startup_msp432p401r_ccs.obj (.intvecs:retain)

.binit     0    00000000    00000000     

.const     0    000000e4    0000e3e2     
                  000000e4    0000a000     Display.obj (.const:MainMenuDesign)
                  0000a0e4    00003c00     Display.obj (.const:Armed)
                  0000dce4    000004fb     ST7735.obj (.const:.string:Font)
                  0000e1df    00000200     ST7735.obj (.const:.string:dBfs)
                  0000e3df    00000067     ST7735.obj (.const:.string:Bcmd)
                  0000e446    0000003b     ST7735.obj (.const:.string:Rcmd1)
                  0000e481    0000002b     ST7735.obj (.const:.string:Rcmd3)
                  0000e4ac    0000000d     ST7735.obj (.const:.string:Rcmd2green)
                  0000e4b9    0000000d     ST7735.obj (.const:.string:Rcmd2red)

.text      0    0000e4c8    0000211a     
                  0000e4c8    00001398     ST7735.obj (.text)
                  0000f860    0000032c     system_msp432p401r.obj (.text)
                  0000fb8c    000001bc     Display.obj (.text)
                  0000fd48    00000104     msp432p4xx_driverlib.lib : cs.o (.text:CS_getDCOFrequency)
                  0000fe4c    000000d0     Clock.obj (.text)
                  0000ff1c    0000009c     msp432p4xx_driverlib.lib : cs.o (.text:CS_startHFXTWithTimeout)
                  0000ffb8    0000009c                              : cs.o (.text:_CSComputeCLKFrequency)
                  00010054    0000009c     rtsv7M4_T_le_v4SPD16_eabi.lib : memcpy_t2.obj (.text)
                  000100f0    0000007a                                   : memset_t2.obj (.text)
                  0001016a    00000002                                   : mpu_init.obj (.text)
                  0001016c    00000070     msp432p4xx_driverlib.lib : cs.o (.text:_CSGetHFXTFrequency)
                  000101dc    00000070     rtsv7M4_T_le_v4SPD16_eabi.lib : autoinit.obj (.text)
                  0001024c    00000066                                   : copy_decompress_lzss.obj (.text:decompress:lzss)
                  000102b2    00000002                                   : startup.obj (.text)
                  000102b4    00000054                                   : boot.obj (.text)
                  00010308    00000054                                   : exit.obj (.text)
                  0001035c    00000050     msp432p4xx_driverlib.lib : sysctl.o (.text:SysCtl_getTLVInfo)
                  000103ac    0000004c                              : cs.o (.text:_CSGetDOCFrequency)
                  000103f8    0000004c     rtsv7M4_T_le_v4SPD16_eabi.lib : cpy_tbl.obj (.text)
                  00010444    00000048     msp432p4xx_driverlib.lib : cs.o (.text:_CSGetDividerValue)
                  0001048c    00000038     main.obj (.text)
                  000104c4    00000024     msp432p4xx_driverlib.lib : cs.o (.text:CS_clearInterruptFlag)
                  000104e8    00000018                              : cs.o (.text:CS_getACLK)
                  00010500    00000018                              : cs.o (.text:CS_getMCLK)
                  00010518    00000018                              : cs.o (.text:CS_getSMCLK)
                  00010530    00000018     rtsv7M4_T_le_v4SPD16_eabi.lib : args_main.obj (.text)
                  00010548    00000014     msp432p4xx_driverlib.lib : cs.o (.text:CS_setExternalClockSourceFrequency)
                  0001055c    00000014     rtsv7M4_T_le_v4SPD16_eabi.lib : _lock.obj (.text)
                  00010570    00000014                                   : strlen.obj (.text)
                  00010584    00000010     msp432p4xx_driverlib.lib : sysctl.o (.text:SysCtl_disableNMISource)
                  00010594    00000010                              : sysctl.o (.text:SysCtl_enableNMISource)
                  000105a4    0000000e     rtsv7M4_T_le_v4SPD16_eabi.lib : copy_decompress_none.obj (.text:decompress:none)
                  000105b2    0000000e     startup_msp432p401r_ccs.obj (.text)
                  000105c0    0000000c     msp432p4xx_driverlib.lib : sysctl.o (.text:SysCtl_getNMISourceStatus)
                  000105cc    0000000c     rtsv7M4_T_le_v4SPD16_eabi.lib : copy_zero_init.obj (.text:decompress:ZI)
                  000105d8    00000006     msp432p4xx_driverlib.lib : cs.o (.text:CS_startHFXT)
                  000105de    00000004     rtsv7M4_T_le_v4SPD16_eabi.lib : pre_init.obj (.text)

.cinit     0    000105e8    00000048     
                  000105e8    00000023     (.cinit..data.load) [load image, compression = lzss]
                  0001060b    00000001     --HOLE-- [fill = 0]
                  0001060c    0000000c     (__TI_handler_table)
                  00010618    00000008     (.cinit..bss.load) [load image, compression = zero_init]
                  00010620    00000010     (__TI_cinit_table)

.init_array 
*          0    00000000    00000000     UNINITIALIZED

.bss       0    20000000    0000003a     UNINITIALIZED
                  20000000    0000000c     (.common:Message)
                  2000000c    00000004     ST7735.obj (.bss)
                  20000010    00000004     (.common:ACLKClockSpeed)
                  20000014    00000004     (.common:MCLKClockSpeed)
                  20000018    00000004     (.common:Messageindex)
                  2000001c    00000004     (.common:SMCLKClockSpeed)
                  20000020    00000004     (.common:X)
                  20000024    00000004     (.common:Ymax)
                  20000028    00000004     (.common:Ymin)
                  2000002c    00000004     (.common:Yrange)
                  20000030    00000004     (.common:hfxtFreq)
                  20000034    00000004     (.common:lfxtFreq)
                  20000038    00000002     Display.obj (.bss)

.data      0    2000003c    00000030     UNINITIALIZED
                  2000003c    00000014     ST7735.obj (.data)
                  20000050    0000000c     rtsv7M4_T_le_v4SPD16_eabi.lib : exit.obj (.data:$O1$$)
                  2000005c    00000008                                   : _lock.obj (.data:$O1$$)
                  20000064    00000004                                   : stkdepth_vars.obj (.data)
                  20000068    00000004     system_msp432p401r.obj (.data)

.stack     0    2000fe00    00000200     UNINITIALIZED
                  2000fe00    00000200     --HOLE--

MODULE SUMMARY

       Module                        code   ro data   rw data
       ------                        ----   -------   -------
    .\
       system_msp432p401r.obj        812    0         8      
       startup_msp432p401r_ccs.obj   14     228       0      
       main.obj                      56     0         24     
    +--+-----------------------------+------+---------+---------+
       Total:                        882    228       32     
                                                             
    .\Modules\
       Display.obj                   444    56320     4      
       ST7735.obj                    5016   2018      112    
       Clock.obj                     208    0         0      
    +--+-----------------------------+------+---------+---------+
       Total:                        5668   58338     116    
                                                             
    ../msp432p4xx_driverlib.lib
       cs.o                          966    0         16     
       sysctl.o                      124    0         0      
    +--+-----------------------------+------+---------+---------+
       Total:                        1090   0         16     
                                                             
    C:\ti\ccsv6\tools\compiler\ti-cgt-arm_16.6.0.STS\lib\rtsv7M4_T_le_v4SPD16_eabi.lib
       memcpy_t2.obj                 156    0         0      
       memset_t2.obj                 122    0         0      
       autoinit.obj                  112    0         0      
       exit.obj                      84     0         24     
       copy_decompress_lzss.obj      102    0         0      
       boot.obj                      84     0         0      
       cpy_tbl.obj                   76     0         0      
       _lock.obj                     20     0         16     
       args_main.obj                 24     0         0      
       strlen.obj                    20     0         0      
       copy_decompress_none.obj      14     0         0      
       copy_zero_init.obj            12     0         0      
       stkdepth_vars.obj             0      0         8      
       pre_init.obj                  4      0         0      
       mpu_init.obj                  2      0         0      
       startup.obj                   2      0         0      
    +--+-----------------------------+------+---------+---------+
       Total:                        834    0         48     
                                                             
       Stack:                        0      0         1024   
       Linker Generated:             0      71        0      
    +--+-----------------------------+------+---------+---------+
       Grand Total:                  8474   58637     1236   


LINKER GENERATED COPY TABLES

__TI_cinit_table @ 00010620 records: 2, size/record: 8, table size: 16
	.data: load addr=000105e8, load size=00000023 bytes, run addr=2000003c, run size=00000030 bytes, compression=lzss
	.bss: load addr=00010618, load size=00000008 bytes, run addr=20000000, run size=0000003a bytes, compression=zero_init


LINKER GENERATED HANDLER TABLE

__TI_handler_table @ 0001060c records: 3, size/record: 4, table size: 12
	index: 0, handler: __TI_decompress_lzss
	index: 1, handler: __TI_decompress_none
	index: 2, handler: __TI_zero_init


GLOBAL SYMBOLS: SORTED ALPHABETICALLY BY Name 

address   name                              
-------   ----                              
20000010  ACLKClockSpeed                    
000105bf  ADC14_IRQHandler                  
000105bf  AES256_IRQHandler                 
0000a0e4  Armed                             
000105bf  BusFault_Handler                  
00010309  C$$EXIT                           
000105bf  COMP_E0_IRQHandler                
000105bf  COMP_E1_IRQHandler                
000105bf  CS_IRQHandler                     
000104c5  CS_clearInterruptFlag             
000104e9  CS_getACLK                        
0000fd49  CS_getDCOFrequency                
00010501  CS_getMCLK                        
00010519  CS_getSMCLK                       
00010549  CS_setExternalClockSourceFrequency
000105d9  CS_startHFXT                      
0000ff1d  CS_startHFXTWithTimeout           
0000fe4d  Clock_Init48MHz                   
000105bf  DMA_ERR_IRQHandler                
000105bf  DMA_INT0_IRQHandler               
000105bf  DMA_INT1_IRQHandler               
000105bf  DMA_INT2_IRQHandler               
000105bf  DMA_INT3_IRQHandler               
000105bf  DebugMon_Handler                  
000105bf  Default_Handler                   
0000e53f  Delay1ms                          
0000fc99  Display_Init                      
0000fb8d  Display_Module_DrawString         
0000fbe7  Display_Module_MainScreen         
0000fcaf  Display_Splash_Screen             
000105bf  EUSCIA0_IRQHandler                
000105bf  EUSCIA1_IRQHandler                
000105bf  EUSCIA2_IRQHandler                
000105bf  EUSCIA3_IRQHandler                
000105bf  EUSCIB0_IRQHandler                
000105bf  EUSCIB1_IRQHandler                
000105bf  EUSCIB2_IRQHandler                
000105bf  EUSCIB3_IRQHandler                
000105bf  FLCTL_IRQHandler                  
000105bf  FPU_IRQHandler                    
000105bf  HardFault_Handler                 
00010491  InitializeModules                 
20000014  MCLKClockSpeed                    
000000e4  MainMenuDesign                    
000105bf  MemManage_Handler                 
20000000  Message                           
20000018  Messageindex                      
000105bf  NMI_Handler                       
0000f7ff  Output_Clear                      
0000f819  Output_Color                      
0000f7ef  Output_Init                       
0000f809  Output_Off                        
0000f811  Output_On                         
000105bf  PCM_IRQHandler                    
000105bf  PORT1_IRQHandler                  
000105bf  PORT2_IRQHandler                  
000105bf  PORT3_IRQHandler                  
000105bf  PORT4_IRQHandler                  
000105bf  PORT5_IRQHandler                  
000105bf  PORT6_IRQHandler                  
000105bf  PSS_IRQHandler                    
000105bf  PendSV_Handler                    
000105bf  RTC_C_IRQHandler                  
000105b3  Reset_Handler                     
UNDEFED   SHT$$INIT_ARRAY$$Base             
UNDEFED   SHT$$INIT_ARRAY$$Limit            
2000001c  SMCLKClockSpeed                   
0000eb21  ST7735_Color565                   
0000eb85  ST7735_DrawBitmap                 
0000eef5  ST7735_DrawChar                   
0000ed81  ST7735_DrawCharS                  
0000e919  ST7735_DrawFastHLine              
0000e85b  ST7735_DrawFastVLine              
0000e801  ST7735_DrawPixel                  
0000f065  ST7735_DrawString                 
0000ea15  ST7735_FillRect                   
0000e9d1  ST7735_FillScreen                 
0000e6cd  ST7735_InitB                      
0000e6ed  ST7735_InitR                      
0000f297  ST7735_InvertDisplay              
0000f6d5  ST7735_OutChar                    
0000f791  ST7735_OutString                  
0000f151  ST7735_OutUDec                    
0000f5e1  ST7735_PlotBar                    
0000f2af  ST7735_PlotClear                  
0000f3d1  ST7735_PlotLine                   
0000f681  ST7735_PlotNext                   
0000f69b  ST7735_PlotNextErase              
0000f30b  ST7735_PlotPoint                  
0000f50b  ST7735_PlotPoints                 
0000f637  ST7735_PlotdBfs                   
0000f12b  ST7735_SetCursor                  
0000f1cd  ST7735_SetRotation                
0000f7af  ST7735_SetTextColor               
0000eb55  ST7735_SwapColor                  
000105bf  SVC_Handler                       
20000044  StTextColor                       
2000003c  StX                               
20000040  StY                               
00010585  SysCtl_disableNMISource           
00010595  SysCtl_enableNMISource            
000105c1  SysCtl_getNMISourceStatus         
0001035d  SysCtl_getTLVInfo                 
000105bf  SysTick_Handler                   
0000feb7  SysTick_Init                      
0000fed3  SysTick_delay                     
20000068  SystemCoreClock                   
0000f861  SystemCoreClockUpdate             
0000fad5  SystemInit                        
000105bf  T32_INT1_IRQHandler               
000105bf  T32_INT2_IRQHandler               
000105bf  T32_INTC_IRQHandler               
000105bf  TA0_0_IRQHandler                  
000105bf  TA0_N_IRQHandler                  
000105bf  TA1_0_IRQHandler                  
000105bf  TA1_N_IRQHandler                  
000105bf  TA2_0_IRQHandler                  
000105bf  TA2_N_IRQHandler                  
000105bf  TA3_0_IRQHandler                  
000105bf  TA3_N_IRQHandler                  
000105bf  UsageFault_Handler                
4000480c  WDTCTL_SYM                        
000105bf  WDT_A_IRQHandler                  
20000020  X                                 
20000024  Ymax                              
20000028  Ymin                              
2000002c  Yrange                            
20010000  __STACK_END                       
00000200  __STACK_SIZE                      
00010620  __TI_CINIT_Base                   
00010630  __TI_CINIT_Limit                  
0001060c  __TI_Handler_Table_Base           
00010618  __TI_Handler_Table_Limit          
000101dd  __TI_auto_init                    
20000050  __TI_cleanup_ptr                  
0001024d  __TI_decompress_lzss              
000105a5  __TI_decompress_none              
20000054  __TI_dtors_ptr                    
20000058  __TI_enable_exit_profile_output   
ffffffff  __TI_pprof_out_hndl               
ffffffff  __TI_prof_data_size               
ffffffff  __TI_prof_data_start              
00000000  __TI_static_base__                
000105cd  __TI_zero_init                    
000100f1  __aeabi_memclr                    
000100f1  __aeabi_memclr4                   
000100f1  __aeabi_memclr8                   
00010055  __aeabi_memcpy                    
00010055  __aeabi_memcpy4                   
00010055  __aeabi_memcpy8                   
000100f3  __aeabi_memset                    
000100f3  __aeabi_memset4                   
000100f3  __aeabi_memset8                   
ffffffff  __binit__                         
ffffffff  __c_args__                        
0001016b  __mpu_init                        
2000fe00  __stack                           
00010531  _args_main                        
000102b5  _c_int00                          
2000005c  _lock                             
0001056b  _nop                              
00010563  _register_lock                    
0001055d  _register_unlock                  
000102b3  _system_post_cinit                
000105df  _system_pre_init                  
20000060  _unlock                           
0001030d  abort                             
ffffffff  binit                             
000103f9  copy_in                           
0000e1df  dBfs                              
00010315  exit                              
0000f7e1  ferror                            
0000f7d5  fgetc                             
0000f0e9  fillmessage                       
0000f7c3  fputc                             
00000000  interruptVectors                  
2000004c  lastj                             
0001048d  main                              
20000064  main_func_sp                      
00010055  memcpy                            
000100f9  memset                            
0000e531  parrotdelay                       
00010571  strlen                            


GLOBAL SYMBOLS: SORTED BY Symbol Address 

address   name                              
-------   ----                              
00000000  __TI_static_base__                
00000000  interruptVectors                  
000000e4  MainMenuDesign                    
00000200  __STACK_SIZE                      
0000a0e4  Armed                             
0000e1df  dBfs                              
0000e531  parrotdelay                       
0000e53f  Delay1ms                          
0000e6cd  ST7735_InitB                      
0000e6ed  ST7735_InitR                      
0000e801  ST7735_DrawPixel                  
0000e85b  ST7735_DrawFastVLine              
0000e919  ST7735_DrawFastHLine              
0000e9d1  ST7735_FillScreen                 
0000ea15  ST7735_FillRect                   
0000eb21  ST7735_Color565                   
0000eb55  ST7735_SwapColor                  
0000eb85  ST7735_DrawBitmap                 
0000ed81  ST7735_DrawCharS                  
0000eef5  ST7735_DrawChar                   
0000f065  ST7735_DrawString                 
0000f0e9  fillmessage                       
0000f12b  ST7735_SetCursor                  
0000f151  ST7735_OutUDec                    
0000f1cd  ST7735_SetRotation                
0000f297  ST7735_InvertDisplay              
0000f2af  ST7735_PlotClear                  
0000f30b  ST7735_PlotPoint                  
0000f3d1  ST7735_PlotLine                   
0000f50b  ST7735_PlotPoints                 
0000f5e1  ST7735_PlotBar                    
0000f637  ST7735_PlotdBfs                   
0000f681  ST7735_PlotNext                   
0000f69b  ST7735_PlotNextErase              
0000f6d5  ST7735_OutChar                    
0000f791  ST7735_OutString                  
0000f7af  ST7735_SetTextColor               
0000f7c3  fputc                             
0000f7d5  fgetc                             
0000f7e1  ferror                            
0000f7ef  Output_Init                       
0000f7ff  Output_Clear                      
0000f809  Output_Off                        
0000f811  Output_On                         
0000f819  Output_Color                      
0000f861  SystemCoreClockUpdate             
0000fad5  SystemInit                        
0000fb8d  Display_Module_DrawString         
0000fbe7  Display_Module_MainScreen         
0000fc99  Display_Init                      
0000fcaf  Display_Splash_Screen             
0000fd49  CS_getDCOFrequency                
0000fe4d  Clock_Init48MHz                   
0000feb7  SysTick_Init                      
0000fed3  SysTick_delay                     
0000ff1d  CS_startHFXTWithTimeout           
00010055  __aeabi_memcpy                    
00010055  __aeabi_memcpy4                   
00010055  __aeabi_memcpy8                   
00010055  memcpy                            
000100f1  __aeabi_memclr                    
000100f1  __aeabi_memclr4                   
000100f1  __aeabi_memclr8                   
000100f3  __aeabi_memset                    
000100f3  __aeabi_memset4                   
000100f3  __aeabi_memset8                   
000100f9  memset                            
0001016b  __mpu_init                        
000101dd  __TI_auto_init                    
0001024d  __TI_decompress_lzss              
000102b3  _system_post_cinit                
000102b5  _c_int00                          
00010309  C$$EXIT                           
0001030d  abort                             
00010315  exit                              
0001035d  SysCtl_getTLVInfo                 
000103f9  copy_in                           
0001048d  main                              
00010491  InitializeModules                 
000104c5  CS_clearInterruptFlag             
000104e9  CS_getACLK                        
00010501  CS_getMCLK                        
00010519  CS_getSMCLK                       
00010531  _args_main                        
00010549  CS_setExternalClockSourceFrequency
0001055d  _register_unlock                  
00010563  _register_lock                    
0001056b  _nop                              
00010571  strlen                            
00010585  SysCtl_disableNMISource           
00010595  SysCtl_enableNMISource            
000105a5  __TI_decompress_none              
000105b3  Reset_Handler                     
000105bf  ADC14_IRQHandler                  
000105bf  AES256_IRQHandler                 
000105bf  BusFault_Handler                  
000105bf  COMP_E0_IRQHandler                
000105bf  COMP_E1_IRQHandler                
000105bf  CS_IRQHandler                     
000105bf  DMA_ERR_IRQHandler                
000105bf  DMA_INT0_IRQHandler               
000105bf  DMA_INT1_IRQHandler               
000105bf  DMA_INT2_IRQHandler               
000105bf  DMA_INT3_IRQHandler               
000105bf  DebugMon_Handler                  
000105bf  Default_Handler                   
000105bf  EUSCIA0_IRQHandler                
000105bf  EUSCIA1_IRQHandler                
000105bf  EUSCIA2_IRQHandler                
000105bf  EUSCIA3_IRQHandler                
000105bf  EUSCIB0_IRQHandler                
000105bf  EUSCIB1_IRQHandler                
000105bf  EUSCIB2_IRQHandler                
000105bf  EUSCIB3_IRQHandler                
000105bf  FLCTL_IRQHandler                  
000105bf  FPU_IRQHandler                    
000105bf  HardFault_Handler                 
000105bf  MemManage_Handler                 
000105bf  NMI_Handler                       
000105bf  PCM_IRQHandler                    
000105bf  PORT1_IRQHandler                  
000105bf  PORT2_IRQHandler                  
000105bf  PORT3_IRQHandler                  
000105bf  PORT4_IRQHandler                  
000105bf  PORT5_IRQHandler                  
000105bf  PORT6_IRQHandler                  
000105bf  PSS_IRQHandler                    
000105bf  PendSV_Handler                    
000105bf  RTC_C_IRQHandler                  
000105bf  SVC_Handler                       
000105bf  SysTick_Handler                   
000105bf  T32_INT1_IRQHandler               
000105bf  T32_INT2_IRQHandler               
000105bf  T32_INTC_IRQHandler               
000105bf  TA0_0_IRQHandler                  
000105bf  TA0_N_IRQHandler                  
000105bf  TA1_0_IRQHandler                  
000105bf  TA1_N_IRQHandler                  
000105bf  TA2_0_IRQHandler                  
000105bf  TA2_N_IRQHandler                  
000105bf  TA3_0_IRQHandler                  
000105bf  TA3_N_IRQHandler                  
000105bf  UsageFault_Handler                
000105bf  WDT_A_IRQHandler                  
000105c1  SysCtl_getNMISourceStatus         
000105cd  __TI_zero_init                    
000105d9  CS_startHFXT                      
000105df  _system_pre_init                  
0001060c  __TI_Handler_Table_Base           
00010618  __TI_Handler_Table_Limit          
00010620  __TI_CINIT_Base                   
00010630  __TI_CINIT_Limit                  
20000000  Message                           
20000010  ACLKClockSpeed                    
20000014  MCLKClockSpeed                    
20000018  Messageindex                      
2000001c  SMCLKClockSpeed                   
20000020  X                                 
20000024  Ymax                              
20000028  Ymin                              
2000002c  Yrange                            
2000003c  StX                               
20000040  StY                               
20000044  StTextColor                       
2000004c  lastj                             
20000050  __TI_cleanup_ptr                  
20000054  __TI_dtors_ptr                    
20000058  __TI_enable_exit_profile_output   
2000005c  _lock                             
20000060  _unlock                           
20000064  main_func_sp                      
20000068  SystemCoreClock                   
2000fe00  __stack                           
20010000  __STACK_END                       
4000480c  WDTCTL_SYM                        
ffffffff  __TI_pprof_out_hndl               
ffffffff  __TI_prof_data_size               
ffffffff  __TI_prof_data_start              
ffffffff  __binit__                         
ffffffff  __c_args__                        
ffffffff  binit                             
UNDEFED   SHT$$INIT_ARRAY$$Base             
UNDEFED   SHT$$INIT_ARRAY$$Limit            

[183 symbols]
