******************************************************************************
                  TI ARM Linker PC v16.6.0                     
******************************************************************************
>> Linked Sat Dec 03 20:08:28 2016

OUTPUT FILE NAME:   <SecuritySystem.out>
ENTRY POINT SYMBOL: "_c_int00"  address: 00004611


MEMORY CONFIGURATION

         name            origin    length      used     unused   attr    fill
----------------------  --------  ---------  --------  --------  ----  --------
  MAIN                  00000000   00040000  000054d4  0003ab2c  R  X
  INFO                  00200000   00004000  00000000  00004000  R  X
  SRAM_CODE             01000000   00010000  00000861  0000f79f  RW X
  SRAM_DATA             20000000   00010000  00000861  0000f79f  RW  


SEGMENT ALLOCATION MAP

run origin  load origin   length   init length attrs members
----------  ----------- ---------- ----------- ----- -------
00000000    00000000    000054d8   000054d8    r-x
  00000000    00000000    000000e4   000000e4    r-- .intvecs
  000000e4    000000e4    00004a5a   00004a5a    r-x .text
  00004b40    00004b40    00000906   00000906    r-- .const
  00005448    00005448    00000090   00000090    r-- .cinit
20000000    20000000    00000668   00000000    rw-
  20000000    20000000    000000e4   00000000    rw- .vtable
  200000e8    200000e8    00000400   00000000    rw- .sysmem
  200004e8    200004e8    00000109   00000000    rw- .bss
  200005f4    200005f4    00000074   00000000    rw- .data
2000fe00    2000fe00    00000200   00000000    rw-
  2000fe00    2000fe00    00000200   00000000    rw- .stack


SECTION ALLOCATION MAP

 output                                  attributes/
section   page    origin      length       input sections
--------  ----  ----------  ----------   ----------------
.intvecs   0    00000000    000000e4     
                  00000000    000000e4     startup_msp432p401r_ccs.obj (.intvecs:retain)

.binit     0    00000000    00000000     

.text      0    000000e4    00004a5a     
                  000000e4    00001398     ST7735.obj (.text)
                  0000147c    00001142     rtsv7M4_T_le_v4SPD16_eabi.lib : _printfi.obj (.text)
                  000025be    00000002                                   : mpu_init.obj (.text)
                  000025c0    000003d0                                   : memory.obj (.text)
                  00002990    0000032c     system_msp432p401r.obj (.text)
                  00002cbc    00000290     RTC.obj (.text)
                  00002f4c    00000278     Keypad.obj (.text)
                  000031c4    00000248     Display.obj (.text)
                  0000340c    000001f4     rtsv7M4_T_le_v4SPD16_eabi.lib : ull_div_t2.obj (.text)
                  00003600    000001b6                                   : fd_add_t2.obj (.text)
                  000037b6    00000136                                   : fd_div_t2.obj (.text)
                  000038ec    00000104     msp432p4xx_driverlib.lib : cs.o (.text:CS_getDCOFrequency)
                  000039f0    000000fc     rtsv7M4_T_le_v4SPD16_eabi.lib : fd_mul_t2.obj (.text)
                  00003aec    000000fc                                   : s_scalbn.obj (.text)
                  00003be8    000000f0     Clock.obj (.text)
                  00003cd8    000000e6     RGB.obj (.text)
                  00003dbe    00000002     rtsv7M4_T_le_v4SPD16_eabi.lib : startup.obj (.text)
                  00003dc0    000000e0     msp432p4xx_driverlib.lib : cs.o (.text:CS_initClockSignal)
                  00003ea0    000000c0     MainSequence.obj (.text)
                  00003f60    0000009c     msp432p4xx_driverlib.lib : cs.o (.text:CS_startHFXTWithTimeout)
                  00003ffc    0000009c                              : cs.o (.text:_CSComputeCLKFrequency)
                  00004098    0000009c     rtsv7M4_T_le_v4SPD16_eabi.lib : memcpy_t2.obj (.text)
                  00004134    00000094     Startup.obj (.text)
                  000041c8    00000086     rtsv7M4_T_le_v4SPD16_eabi.lib : fd_cmp_t2.obj (.text:__aeabi_cdcmple)
                  0000424e    00000086                                   : fd_cmp_t2.obj (.text:__aeabi_cdrcmple)
                  000042d4    0000007a                                   : memset_t2.obj (.text)
                  0000434e    00000002     --HOLE-- [fill = 0]
                  00004350    00000070     msp432p4xx_driverlib.lib : cs.o (.text:_CSGetHFXTFrequency)
                  000043c0    00000070     rtsv7M4_T_le_v4SPD16_eabi.lib : autoinit.obj (.text)
                  00004430    00000066                                   : copy_decompress_lzss.obj (.text:decompress:lzss)
                  00004496    00000002     --HOLE-- [fill = 0]
                  00004498    00000064                                   : s_frexp.obj (.text)
                  000044fc    00000060                                   : sprintf.obj (.text)
                  0000455c    0000005c     I2C.obj (.text)
                  000045b8    00000056     rtsv7M4_T_le_v4SPD16_eabi.lib : ltoa.obj (.text)
                  0000460e    00000002     --HOLE-- [fill = 0]
                  00004610    00000054                                   : boot.obj (.text)
                  00004664    00000054                                   : exit.obj (.text)
                  000046b8    00000050     msp432p4xx_driverlib.lib : sysctl.o (.text:SysCtl_getTLVInfo)
                  00004708    0000004c                              : cs.o (.text:_CSGetDOCFrequency)
                  00004754    0000004c     rtsv7M4_T_le_v4SPD16_eabi.lib : atoi.obj (.text)
                  000047a0    0000004c                                   : cpy_tbl.obj (.text)
                  000047ec    00000048     msp432p4xx_driverlib.lib : gpio.o (.text:GPIO_setAsPeripheralModuleFunctionInputPin)
                  00004834    00000048                              : cs.o (.text:_CSGetDividerValue)
                  0000487c    00000048     rtsv7M4_T_le_v4SPD16_eabi.lib : fd_toi_t2.obj (.text)
                  000048c4    00000034     msp432p4xx_driverlib.lib : interrupt.o (.text:Interrupt_registerInterrupt)
                  000048f8    0000002e     rtsv7M4_T_le_v4SPD16_eabi.lib : i_tofd_t2.obj (.text)
                  00004926    00000002     --HOLE-- [fill = 0]
                  00004928    0000002c     msp432p4xx_driverlib.lib : gpio.o (.text:GPIO_setAsInputPin)
                  00004954    00000024                              : cs.o (.text:CS_clearInterruptFlag)
                  00004978    00000024                              : gpio.o (.text:GPIO_setAsOutputPin)
                  0000499c    0000001c     main.obj (.text)
                  000049b8    0000001c     rtsv7M4_T_le_v4SPD16_eabi.lib : memccpy.obj (.text)
                  000049d4    00000018     msp432p4xx_driverlib.lib : cs.o (.text:CS_getACLK)
                  000049ec    00000018                              : cs.o (.text:CS_getMCLK)
                  00004a04    00000018                              : cs.o (.text:CS_getSMCLK)
                  00004a1c    00000018                              : gpio.o (.text:GPIO_setOutputLowOnPin)
                  00004a34    00000018                              : wdt_a.o (.text:WDT_A_holdTimer)
                  00004a4c    00000018     rtsv7M4_T_le_v4SPD16_eabi.lib : args_main.obj (.text)
                  00004a64    00000016                                   : strchr.obj (.text)
                  00004a7a    00000002     --HOLE-- [fill = 0]
                  00004a7c    00000014     msp432p4xx_driverlib.lib : cs.o (.text:CS_setExternalClockSourceFrequency)
                  00004a90    00000014                              : gpio.o (.text:GPIO_setOutputHighOnPin)
                  00004aa4    00000014     rtsv7M4_T_le_v4SPD16_eabi.lib : _lock.obj (.text)
                  00004ab8    00000014                                   : s_copysign.obj (.text)
                  00004acc    00000014                                   : strlen.obj (.text)
                  00004ae0    00000010     msp432p4xx_driverlib.lib : sysctl.o (.text:SysCtl_disableNMISource)
                  00004af0    00000010                              : sysctl.o (.text:SysCtl_enableNMISource)
                  00004b00    0000000e     rtsv7M4_T_le_v4SPD16_eabi.lib : copy_decompress_none.obj (.text:decompress:none)
                  00004b0e    0000000e     startup_msp432p401r_ccs.obj (.text)
                  00004b1c    0000000c     msp432p4xx_driverlib.lib : sysctl.o (.text:SysCtl_getNMISourceStatus)
                  00004b28    0000000c     rtsv7M4_T_le_v4SPD16_eabi.lib : copy_zero_init.obj (.text:decompress:ZI)
                  00004b34    00000006     msp432p4xx_driverlib.lib : cs.o (.text:CS_startHFXT)
                  00004b3a    00000004     rtsv7M4_T_le_v4SPD16_eabi.lib : pre_init.obj (.text)

.const     0    00004b40    00000906     
                  00004b40    000004fb     ST7735.obj (.const:.string:Font)
                  0000503b    00000200     ST7735.obj (.const:.string:dBfs)
                  0000523b    00000101     rtsv7M4_T_le_v4SPD16_eabi.lib : ctype.obj (.const:.string:_ctypes_)
                  0000533c    00000067     ST7735.obj (.const:.string:Bcmd)
                  000053a3    0000003b     ST7735.obj (.const:.string:Rcmd1)
                  000053de    0000002b     ST7735.obj (.const:.string:Rcmd3)
                  00005409    00000003     --HOLE-- [fill = 0]
                  0000540c    00000014     I2C.obj (.const:i2cConfig)
                  00005420    0000000d     ST7735.obj (.const:.string:Rcmd2green)
                  0000542d    0000000d     ST7735.obj (.const:.string:Rcmd2red)
                  0000543a    0000000c     Keypad.obj (.const:$P$T0$3)

.cinit     0    00005448    00000090     
                  00005448    00000057     (.cinit..data.load) [load image, compression = lzss]
                  0000549f    00000001     --HOLE-- [fill = 0]
                  000054a0    0000000c     (__TI_handler_table)
                  000054ac    00000004     --HOLE-- [fill = 0]
                  000054b0    00000008     (.cinit..bss.load) [load image, compression = zero_init]
                  000054b8    00000008     (.cinit..vtable.load) [load image, compression = zero_init]
                  000054c0    00000018     (__TI_cinit_table)

.init_array 
*          0    00000000    00000000     UNINITIALIZED

.vtable    0    20000000    000000e4     UNINITIALIZED
                  20000000    000000e4     msp432p4xx_driverlib.lib : interrupt.o (.vtable)

.sysmem    0    200000e8    00000400     UNINITIALIZED
                  200000e8    00000008     rtsv7M4_T_le_v4SPD16_eabi.lib : memory.obj (.sysmem)
                  200000f0    000003f8     --HOLE--

.bss       0    200004e8    00000109     UNINITIALIZED
                  200004e8    00000080     (.common:SensorReadings)
                  20000568    0000004c     (.common:ClockRegisters)
                  200005b4    0000000c     Startup.obj (.bss)
                  200005c0    0000000c     (.common:Message)
                  200005cc    00000004     ST7735.obj (.bss)
                  200005d0    00000004     (.common:KeypadState)
                  200005d4    00000004     (.common:Messageindex)
                  200005d8    00000004     (.common:X)
                  200005dc    00000004     (.common:Ymax)
                  200005e0    00000004     (.common:Ymin)
                  200005e4    00000004     (.common:Yrange)
                  200005e8    00000004     (.common:hfxtFreq)
                  200005ec    00000004     (.common:lfxtFreq)
                  200005f0    00000001     (.common:RefreshInterrupt)

.data      0    200005f4    00000074     UNINITIALIZED
                  200005f4    00000030     msp432p4xx_driverlib.lib : gpio.o (.data:GPIO_PORT_TO_BASE)
                  20000624    00000014     ST7735.obj (.data)
                  20000638    0000000c     rtsv7M4_T_le_v4SPD16_eabi.lib : exit.obj (.data:$O1$$)
                  20000644    0000000c                                   : memory.obj (.data:$O1$$)
                  20000650    00000008                                   : _lock.obj (.data:$O1$$)
                  20000658    00000004     Keypad.obj (.data)
                  2000065c    00000004     rtsv7M4_T_le_v4SPD16_eabi.lib : errno.obj (.data)
                  20000660    00000004                                   : stkdepth_vars.obj (.data)
                  20000664    00000004     system_msp432p401r.obj (.data)

.stack     0    2000fe00    00000200     UNINITIALIZED
                  2000fe00    00000200     --HOLE--

MODULE SUMMARY

       Module                        code    ro data   rw data
       ------                        ----    -------   -------
    .\
       system_msp432p401r.obj        812     0         8      
       main.obj                      28      0         418    
       startup_msp432p401r_ccs.obj   14      228       0      
    +--+-----------------------------+-------+---------+---------+
       Total:                        854     228       426    
                                                              
    .\Modules\
       ST7735.obj                    5016    2018      112    
       RTC.obj                       656     0         0      
       Keypad.obj                    632     12        8      
       Display.obj                   584     0         0      
       Clock.obj                     240     0         0      
       RGB.obj                       230     0         0      
    +--+-----------------------------+-------+---------+---------+
       Total:                        7358    2030      120    
                                                              
    .\Protocols\
       I2C.obj                       92      20        0      
    +--+-----------------------------+-------+---------+---------+
       Total:                        92      20        0      
                                                              
    .\Sequences\
       MainSequence.obj              192     0         0      
       Startup.obj                   148     0         24     
    +--+-----------------------------+-------+---------+---------+
       Total:                        340     0         24     
                                                              
    ../msp432p4xx_driverlib.lib
       cs.o                          1190    0         16     
       interrupt.o                   52      0         456    
       gpio.o                        196     0         96     
       sysctl.o                      124     0         0      
       wdt_a.o                       24      0         0      
    +--+-----------------------------+-------+---------+---------+
       Total:                        1586    0         568    
                                                              
    C:\ti\ccsv6\tools\compiler\ti-cgt-arm_16.6.0.STS\lib\rtsv7M4_T_le_v4SPD16_eabi.lib
       _printfi.obj                  4418    0         0      
       memory.obj                    976     0         24     
       ull_div_t2.obj                500     0         0      
       fd_add_t2.obj                 438     0         0      
       fd_div_t2.obj                 310     0         0      
       fd_cmp_t2.obj                 268     0         0      
       ctype.obj                     0       257       0      
       fd_mul_t2.obj                 252     0         0      
       s_scalbn.obj                  252     0         0      
       memcpy_t2.obj                 156     0         0      
       memset_t2.obj                 122     0         0      
       autoinit.obj                  112     0         0      
       exit.obj                      84      0         24     
       copy_decompress_lzss.obj      102     0         0      
       s_frexp.obj                   100     0         0      
       sprintf.obj                   96      0         0      
       ltoa.obj                      86      0         0      
       boot.obj                      84      0         0      
       atoi.obj                      76      0         0      
       cpy_tbl.obj                   76      0         0      
       fd_toi_t2.obj                 72      0         0      
       i_tofd_t2.obj                 46      0         0      
       _lock.obj                     20      0         16     
       memccpy.obj                   28      0         0      
       args_main.obj                 24      0         0      
       strchr.obj                    22      0         0      
       s_copysign.obj                20      0         0      
       strlen.obj                    20      0         0      
       copy_decompress_none.obj      14      0         0      
       copy_zero_init.obj            12      0         0      
       errno.obj                     0       0         8      
       stkdepth_vars.obj             0       0         8      
       pre_init.obj                  4       0         0      
       mpu_init.obj                  2       0         0      
       startup.obj                   2       0         0      
    +--+-----------------------------+-------+---------+---------+
       Total:                        8794    257       80     
                                                              
       Heap:                         0       0         2048   
       Stack:                        0       0         1024   
       Linker Generated:             0       139       0      
    +--+-----------------------------+-------+---------+---------+
       Grand Total:                  19024   2674      4290   


LINKER GENERATED COPY TABLES

__TI_cinit_table @ 000054c0 records: 3, size/record: 8, table size: 24
	.data: load addr=00005448, load size=00000057 bytes, run addr=200005f4, run size=00000074 bytes, compression=lzss
	.bss: load addr=000054b0, load size=00000008 bytes, run addr=200004e8, run size=00000109 bytes, compression=zero_init
	.vtable: load addr=000054b8, load size=00000008 bytes, run addr=20000000, run size=000000e4 bytes, compression=zero_init


LINKER GENERATED HANDLER TABLE

__TI_handler_table @ 000054a0 records: 3, size/record: 4, table size: 12
	index: 0, handler: __TI_zero_init
	index: 1, handler: __TI_decompress_lzss
	index: 2, handler: __TI_decompress_none


GLOBAL SYMBOLS: SORTED ALPHABETICALLY BY Name 

address   name                                      
-------   ----                                      
00004b1b  ADC14_IRQHandler                          
00004b1b  AES256_IRQHandler                         
00004b1b  BusFault_Handler                          
00004665  C$$EXIT                                   
00004b1b  COMP_E0_IRQHandler                        
00004b1b  COMP_E1_IRQHandler                        
00004b1b  CS_IRQHandler                             
00004955  CS_clearInterruptFlag                     
000049d5  CS_getACLK                                
000038ed  CS_getDCOFrequency                        
000049ed  CS_getMCLK                                
00004a05  CS_getSMCLK                               
00003dc1  CS_initClockSignal                        
00004a7d  CS_setExternalClockSourceFrequency        
00004b35  CS_startHFXT                              
00003f61  CS_startHFXTWithTimeout                   
20000568  ClockRegisters                            
00003be9  Clock_Init                                
00003351  ConvertBCDToString                        
00004b1b  DMA_ERR_IRQHandler                        
00004b1b  DMA_INT0_IRQHandler                       
00004b1b  DMA_INT1_IRQHandler                       
00004b1b  DMA_INT2_IRQHandler                       
00004b1b  DMA_INT3_IRQHandler                       
00004b1b  DebugMon_Handler                          
00004b1b  Default_Handler                           
0000015b  Delay1ms                                  
000032c5  Display_Clear_Screen                      
0000333b  Display_Init                              
000032cf  Display_Menu                              
000031c5  Display_Module_DrawString                 
0000321d  Display_Module_MainScreen                 
00003305  Display_Refresh                           
00003385  Display_Splash_Screen                     
00004b1b  EUSCIA0_IRQHandler                        
00004b1b  EUSCIA1_IRQHandler                        
00004b1b  EUSCIA2_IRQHandler                        
00004b1b  EUSCIA3_IRQHandler                        
00004b1b  EUSCIB0_IRQHandler                        
00004b1b  EUSCIB1_IRQHandler                        
00004b1b  EUSCIB2_IRQHandler                        
00004b1b  EUSCIB3_IRQHandler                        
00004b1b  FLCTL_IRQHandler                          
00004b1b  FPU_IRQHandler                            
00004929  GPIO_setAsInputPin                        
00004979  GPIO_setAsOutputPin                       
000047ed  GPIO_setAsPeripheralModuleFunctionInputPin
00004a91  GPIO_setOutputHighOnPin                   
00004a1d  GPIO_setOutputLowOnPin                    
00004b1b  HardFault_Handler                         
0000455d  I2C_Init                                  
000048c5  Interrupt_registerInterrupt               
200005d0  KeypadState                               
0000304d  Keypad_Debounce                           
00003189  Keypad_Execute                            
00002f4d  Keypad_Init                               
0000314f  Keypad_InsertKeyCombo                     
00003079  Keypad_SaveButtonPress                    
00002f5b  Keypad_Scan                               
00003ea1  Main_Sequence                             
00004b1b  MemManage_Handler                         
200005c0  Message                                   
200005d4  Messageindex                              
00004b1b  NMI_Handler                               
0000141b  Output_Clear                              
00001435  Output_Color                              
0000140b  Output_Init                               
00001425  Output_Off                                
0000142d  Output_On                                 
00004b1b  PCM_IRQHandler                            
00004b1b  PORT1_IRQHandler                          
00004b1b  PORT2_IRQHandler                          
00004b1b  PORT3_IRQHandler                          
00004b1b  PORT4_IRQHandler                          
00004b1b  PORT5_IRQHandler                          
00004b1b  PORT6_IRQHandler                          
00004b1b  PSS_IRQHandler                            
00004b1b  PendSV_Handler                            
00003cd9  RGB_Init                                  
00003d07  RGB_Module_SetColor                       
00004b1b  RTC_C_IRQHandler                          
00002d69  RTC_Module_Read                           
00002cbd  RTC_Module_Write                          
200005f0  RefreshInterrupt                          
00004b0f  Reset_Handler                             
UNDEFED   SHT$$INIT_ARRAY$$Base                     
UNDEFED   SHT$$INIT_ARRAY$$Limit                    
0000073d  ST7735_Color565                           
000007a1  ST7735_DrawBitmap                         
00000b11  ST7735_DrawChar                           
0000099d  ST7735_DrawCharS                          
00000535  ST7735_DrawFastHLine                      
00000477  ST7735_DrawFastVLine                      
0000041d  ST7735_DrawPixel                          
00000c81  ST7735_DrawString                         
00000631  ST7735_FillRect                           
000005ed  ST7735_FillScreen                         
000002e9  ST7735_InitB                              
00000309  ST7735_InitR                              
00000eb3  ST7735_InvertDisplay                      
000012f1  ST7735_OutChar                            
000013ad  ST7735_OutString                          
00000d6d  ST7735_OutUDec                            
000011fd  ST7735_PlotBar                            
00000ecb  ST7735_PlotClear                          
00000fed  ST7735_PlotLine                           
0000129d  ST7735_PlotNext                           
000012b7  ST7735_PlotNextErase                      
00000f27  ST7735_PlotPoint                          
00001127  ST7735_PlotPoints                         
00001253  ST7735_PlotdBfs                           
00000d47  ST7735_SetCursor                          
00000de9  ST7735_SetRotation                        
000013cb  ST7735_SetTextColor                       
00000771  ST7735_SwapColor                          
00004b1b  SVC_Handler                               
200004e8  SensorReadings                            
2000062c  StTextColor                               
20000624  StX                                       
20000628  StY                                       
00004135  Startup_Sequence                          
00004ae1  SysCtl_disableNMISource                   
00004af1  SysCtl_enableNMISource                    
00004b1d  SysCtl_getNMISourceStatus                 
000046b9  SysCtl_getTLVInfo                         
00004b1b  SysTick_Handler                           
00003c71  SysTick_Init                              
00003c8d  SysTick_delay                             
20000664  SystemCoreClock                           
00002991  SystemCoreClockUpdate                     
00002c05  SystemInit                                
00004b1b  T32_INT1_IRQHandler                       
00004b1b  T32_INT2_IRQHandler                       
00004b1b  T32_INTC_IRQHandler                       
00003f39  TA0_0_IRQHandler                          
00003f39  TA0_0_IRQHandler                          
00004b1b  TA0_N_IRQHandler                          
00004b1b  TA1_0_IRQHandler                          
00004b1b  TA1_N_IRQHandler                          
00004b1b  TA2_0_IRQHandler                          
00004b1b  TA2_N_IRQHandler                          
00004b1b  TA3_0_IRQHandler                          
00004b1b  TA3_N_IRQHandler                          
00004b1b  UsageFault_Handler                        
4000480c  WDTCTL_SYM                                
00004b1b  WDT_A_IRQHandler                          
00004a35  WDT_A_holdTimer                           
200005d8  X                                         
200005dc  Ymax                                      
200005e0  Ymin                                      
200005e4  Yrange                                    
20010000  __STACK_END                               
00000200  __STACK_SIZE                              
00000400  __SYSMEM_SIZE                             
000054c0  __TI_CINIT_Base                           
000054d8  __TI_CINIT_Limit                          
000054a0  __TI_Handler_Table_Base                   
000054ac  __TI_Handler_Table_Limit                  
000043c1  __TI_auto_init                            
20000638  __TI_cleanup_ptr                          
00004431  __TI_decompress_lzss                      
00004b01  __TI_decompress_none                      
2000063c  __TI_dtors_ptr                            
20000640  __TI_enable_exit_profile_output           
ffffffff  __TI_pprof_out_hndl                       
00001cc5  __TI_printfi                              
ffffffff  __TI_prof_data_size                       
ffffffff  __TI_prof_data_start                      
00000000  __TI_static_base__                        
00004b29  __TI_zero_init                            
000041c9  __aeabi_cdcmpeq                           
000041c9  __aeabi_cdcmple                           
0000424f  __aeabi_cdrcmple                          
0000487d  __aeabi_d2iz                              
0000360b  __aeabi_dadd                              
000037b7  __aeabi_ddiv                              
000039f1  __aeabi_dmul                              
00003601  __aeabi_dsub                              
000048f9  __aeabi_i2d                               
000042d5  __aeabi_memclr                            
000042d5  __aeabi_memclr4                           
000042d5  __aeabi_memclr8                           
00004099  __aeabi_memcpy                            
00004099  __aeabi_memcpy4                           
00004099  __aeabi_memcpy8                           
000042d7  __aeabi_memset                            
000042d7  __aeabi_memset4                           
000042d7  __aeabi_memset8                           
0000340d  __aeabi_uldivmod                          
ffffffff  __binit__                                 
ffffffff  __c_args__                                
000025bf  __mpu_init                                
2000fe00  __stack                                   
00004a4d  _args_main                                
00004611  _c_int00                                  
0000523b  _ctypes_                                  
20000650  _lock                                     
00004ab3  _nop                                      
00004aab  _register_lock                            
00004aa5  _register_unlock                          
200000e8  _sys_memory                               
00003dbf  _system_post_cinit                        
00004b3b  _system_pre_init                          
20000654  _unlock                                   
00004669  abort                                     
00004755  atoi                                      
ffffffff  binit                                     
00002961  calloc                                    
000047a1  copy_in                                   
00004ab9  copysign                                  
00004ab9  copysignl                                 
0000503b  dBfs                                      
2000065c  errno                                     
00004671  exit                                      
000013fd  ferror                                    
000013f1  fgetc                                     
00000d05  fillmessage                               
000013df  fputc                                     
000026ab  free                                      
00004499  frexp                                     
00004499  frexpl                                    
20000000  g_pfnRAMVectors                           
0000540c  i2cConfig                                 
00000000  interruptVectors                          
20000634  lastj                                     
00003aed  ldexp                                     
00003aed  ldexpl                                    
000045b9  ltoa                                      
0000499d  main                                      
20000660  main_func_sp                              
00002641  malloc                                    
00002875  memalign                                  
000049b9  memccpy                                   
00004099  memcpy                                    
000042dd  memset                                    
000025c1  minit                                     
0000014d  parrotdelay                               
0000276d  realloc                                   
00003aed  scalbn                                    
00003aed  scalbnl                                   
000044fd  sprintf                                   
00004a65  strchr                                    
00004acd  strlen                                    


GLOBAL SYMBOLS: SORTED BY Symbol Address 

address   name                                      
-------   ----                                      
00000000  __TI_static_base__                        
00000000  interruptVectors                          
0000014d  parrotdelay                               
0000015b  Delay1ms                                  
00000200  __STACK_SIZE                              
000002e9  ST7735_InitB                              
00000309  ST7735_InitR                              
00000400  __SYSMEM_SIZE                             
0000041d  ST7735_DrawPixel                          
00000477  ST7735_DrawFastVLine                      
00000535  ST7735_DrawFastHLine                      
000005ed  ST7735_FillScreen                         
00000631  ST7735_FillRect                           
0000073d  ST7735_Color565                           
00000771  ST7735_SwapColor                          
000007a1  ST7735_DrawBitmap                         
0000099d  ST7735_DrawCharS                          
00000b11  ST7735_DrawChar                           
00000c81  ST7735_DrawString                         
00000d05  fillmessage                               
00000d47  ST7735_SetCursor                          
00000d6d  ST7735_OutUDec                            
00000de9  ST7735_SetRotation                        
00000eb3  ST7735_InvertDisplay                      
00000ecb  ST7735_PlotClear                          
00000f27  ST7735_PlotPoint                          
00000fed  ST7735_PlotLine                           
00001127  ST7735_PlotPoints                         
000011fd  ST7735_PlotBar                            
00001253  ST7735_PlotdBfs                           
0000129d  ST7735_PlotNext                           
000012b7  ST7735_PlotNextErase                      
000012f1  ST7735_OutChar                            
000013ad  ST7735_OutString                          
000013cb  ST7735_SetTextColor                       
000013df  fputc                                     
000013f1  fgetc                                     
000013fd  ferror                                    
0000140b  Output_Init                               
0000141b  Output_Clear                              
00001425  Output_Off                                
0000142d  Output_On                                 
00001435  Output_Color                              
00001cc5  __TI_printfi                              
000025bf  __mpu_init                                
000025c1  minit                                     
00002641  malloc                                    
000026ab  free                                      
0000276d  realloc                                   
00002875  memalign                                  
00002961  calloc                                    
00002991  SystemCoreClockUpdate                     
00002c05  SystemInit                                
00002cbd  RTC_Module_Write                          
00002d69  RTC_Module_Read                           
00002f4d  Keypad_Init                               
00002f5b  Keypad_Scan                               
0000304d  Keypad_Debounce                           
00003079  Keypad_SaveButtonPress                    
0000314f  Keypad_InsertKeyCombo                     
00003189  Keypad_Execute                            
000031c5  Display_Module_DrawString                 
0000321d  Display_Module_MainScreen                 
000032c5  Display_Clear_Screen                      
000032cf  Display_Menu                              
00003305  Display_Refresh                           
0000333b  Display_Init                              
00003351  ConvertBCDToString                        
00003385  Display_Splash_Screen                     
0000340d  __aeabi_uldivmod                          
00003601  __aeabi_dsub                              
0000360b  __aeabi_dadd                              
000037b7  __aeabi_ddiv                              
000038ed  CS_getDCOFrequency                        
000039f1  __aeabi_dmul                              
00003aed  ldexp                                     
00003aed  ldexpl                                    
00003aed  scalbn                                    
00003aed  scalbnl                                   
00003be9  Clock_Init                                
00003c71  SysTick_Init                              
00003c8d  SysTick_delay                             
00003cd9  RGB_Init                                  
00003d07  RGB_Module_SetColor                       
00003dbf  _system_post_cinit                        
00003dc1  CS_initClockSignal                        
00003ea1  Main_Sequence                             
00003f39  TA0_0_IRQHandler                          
00003f39  TA0_0_IRQHandler                          
00003f61  CS_startHFXTWithTimeout                   
00004099  __aeabi_memcpy                            
00004099  __aeabi_memcpy4                           
00004099  __aeabi_memcpy8                           
00004099  memcpy                                    
00004135  Startup_Sequence                          
000041c9  __aeabi_cdcmpeq                           
000041c9  __aeabi_cdcmple                           
0000424f  __aeabi_cdrcmple                          
000042d5  __aeabi_memclr                            
000042d5  __aeabi_memclr4                           
000042d5  __aeabi_memclr8                           
000042d7  __aeabi_memset                            
000042d7  __aeabi_memset4                           
000042d7  __aeabi_memset8                           
000042dd  memset                                    
000043c1  __TI_auto_init                            
00004431  __TI_decompress_lzss                      
00004499  frexp                                     
00004499  frexpl                                    
000044fd  sprintf                                   
0000455d  I2C_Init                                  
000045b9  ltoa                                      
00004611  _c_int00                                  
00004665  C$$EXIT                                   
00004669  abort                                     
00004671  exit                                      
000046b9  SysCtl_getTLVInfo                         
00004755  atoi                                      
000047a1  copy_in                                   
000047ed  GPIO_setAsPeripheralModuleFunctionInputPin
0000487d  __aeabi_d2iz                              
000048c5  Interrupt_registerInterrupt               
000048f9  __aeabi_i2d                               
00004929  GPIO_setAsInputPin                        
00004955  CS_clearInterruptFlag                     
00004979  GPIO_setAsOutputPin                       
0000499d  main                                      
000049b9  memccpy                                   
000049d5  CS_getACLK                                
000049ed  CS_getMCLK                                
00004a05  CS_getSMCLK                               
00004a1d  GPIO_setOutputLowOnPin                    
00004a35  WDT_A_holdTimer                           
00004a4d  _args_main                                
00004a65  strchr                                    
00004a7d  CS_setExternalClockSourceFrequency        
00004a91  GPIO_setOutputHighOnPin                   
00004aa5  _register_unlock                          
00004aab  _register_lock                            
00004ab3  _nop                                      
00004ab9  copysign                                  
00004ab9  copysignl                                 
00004acd  strlen                                    
00004ae1  SysCtl_disableNMISource                   
00004af1  SysCtl_enableNMISource                    
00004b01  __TI_decompress_none                      
00004b0f  Reset_Handler                             
00004b1b  ADC14_IRQHandler                          
00004b1b  AES256_IRQHandler                         
00004b1b  BusFault_Handler                          
00004b1b  COMP_E0_IRQHandler                        
00004b1b  COMP_E1_IRQHandler                        
00004b1b  CS_IRQHandler                             
00004b1b  DMA_ERR_IRQHandler                        
00004b1b  DMA_INT0_IRQHandler                       
00004b1b  DMA_INT1_IRQHandler                       
00004b1b  DMA_INT2_IRQHandler                       
00004b1b  DMA_INT3_IRQHandler                       
00004b1b  DebugMon_Handler                          
00004b1b  Default_Handler                           
00004b1b  EUSCIA0_IRQHandler                        
00004b1b  EUSCIA1_IRQHandler                        
00004b1b  EUSCIA2_IRQHandler                        
00004b1b  EUSCIA3_IRQHandler                        
00004b1b  EUSCIB0_IRQHandler                        
00004b1b  EUSCIB1_IRQHandler                        
00004b1b  EUSCIB2_IRQHandler                        
00004b1b  EUSCIB3_IRQHandler                        
00004b1b  FLCTL_IRQHandler                          
00004b1b  FPU_IRQHandler                            
00004b1b  HardFault_Handler                         
00004b1b  MemManage_Handler                         
00004b1b  NMI_Handler                               
00004b1b  PCM_IRQHandler                            
00004b1b  PORT1_IRQHandler                          
00004b1b  PORT2_IRQHandler                          
00004b1b  PORT3_IRQHandler                          
00004b1b  PORT4_IRQHandler                          
00004b1b  PORT5_IRQHandler                          
00004b1b  PORT6_IRQHandler                          
00004b1b  PSS_IRQHandler                            
00004b1b  PendSV_Handler                            
00004b1b  RTC_C_IRQHandler                          
00004b1b  SVC_Handler                               
00004b1b  SysTick_Handler                           
00004b1b  T32_INT1_IRQHandler                       
00004b1b  T32_INT2_IRQHandler                       
00004b1b  T32_INTC_IRQHandler                       
00004b1b  TA0_N_IRQHandler                          
00004b1b  TA1_0_IRQHandler                          
00004b1b  TA1_N_IRQHandler                          
00004b1b  TA2_0_IRQHandler                          
00004b1b  TA2_N_IRQHandler                          
00004b1b  TA3_0_IRQHandler                          
00004b1b  TA3_N_IRQHandler                          
00004b1b  UsageFault_Handler                        
00004b1b  WDT_A_IRQHandler                          
00004b1d  SysCtl_getNMISourceStatus                 
00004b29  __TI_zero_init                            
00004b35  CS_startHFXT                              
00004b3b  _system_pre_init                          
0000503b  dBfs                                      
0000523b  _ctypes_                                  
0000540c  i2cConfig                                 
000054a0  __TI_Handler_Table_Base                   
000054ac  __TI_Handler_Table_Limit                  
000054c0  __TI_CINIT_Base                           
000054d8  __TI_CINIT_Limit                          
20000000  g_pfnRAMVectors                           
200000e8  _sys_memory                               
200004e8  SensorReadings                            
20000568  ClockRegisters                            
200005c0  Message                                   
200005d0  KeypadState                               
200005d4  Messageindex                              
200005d8  X                                         
200005dc  Ymax                                      
200005e0  Ymin                                      
200005e4  Yrange                                    
200005f0  RefreshInterrupt                          
20000624  StX                                       
20000628  StY                                       
2000062c  StTextColor                               
20000634  lastj                                     
20000638  __TI_cleanup_ptr                          
2000063c  __TI_dtors_ptr                            
20000640  __TI_enable_exit_profile_output           
20000650  _lock                                     
20000654  _unlock                                   
2000065c  errno                                     
20000660  main_func_sp                              
20000664  SystemCoreClock                           
2000fe00  __stack                                   
20010000  __STACK_END                               
4000480c  WDTCTL_SYM                                
ffffffff  __TI_pprof_out_hndl                       
ffffffff  __TI_prof_data_size                       
ffffffff  __TI_prof_data_start                      
ffffffff  __binit__                                 
ffffffff  __c_args__                                
ffffffff  binit                                     
UNDEFED   SHT$$INIT_ARRAY$$Base                     
UNDEFED   SHT$$INIT_ARRAY$$Limit                    

[243 symbols]
