******************************************************************************
                  TI ARM Linker PC v16.6.0                     
******************************************************************************
>> Linked Sat Dec 03 23:32:17 2016

OUTPUT FILE NAME:   <SecuritySystem.out>
ENTRY POINT SYMBOL: "_c_int00"  address: 0000498d


MEMORY CONFIGURATION

         name            origin    length      used     unused   attr    fill
----------------------  --------  ---------  --------  --------  ----  --------
  MAIN                  00000000   00040000  00005868  0003a798  R  X
  INFO                  00200000   00004000  00000000  00004000  R  X
  SRAM_CODE             01000000   00010000  0000086d  0000f793  RW X
  SRAM_DATA             20000000   00010000  0000086d  0000f793  RW  


SEGMENT ALLOCATION MAP

run origin  load origin   length   init length attrs members
----------  ----------- ---------- ----------- ----- -------
00000000    00000000    00005870   00005870    r-x
  00000000    00000000    000000e4   000000e4    r-- .intvecs
  000000e4    000000e4    00004dee   00004dee    r-x .text
  00004ed4    00004ed4    00000906   00000906    r-- .const
  000057e0    000057e0    00000090   00000090    r-- .cinit
20000000    20000000    00000674   00000000    rw-
  20000000    20000000    000000e4   00000000    rw- .vtable
  200000e8    200000e8    00000400   00000000    rw- .sysmem
  200004e8    200004e8    00000111   00000000    rw- .bss
  200005fc    200005fc    00000078   00000000    rw- .data
2000fe00    2000fe00    00000200   00000000    rw-
  2000fe00    2000fe00    00000200   00000000    rw- .stack


SECTION ALLOCATION MAP

 output                                  attributes/
section   page    origin      length       input sections
--------  ----  ----------  ----------   ----------------
.intvecs   0    00000000    000000e4     
                  00000000    000000e4     startup_msp432p401r_ccs.obj (.intvecs:retain)

.binit     0    00000000    00000000     

.text      0    000000e4    00004dee     
                  000000e4    00001398     ST7735.obj (.text)
                  0000147c    00001142     rtsv7M4_T_le_v4SPD16_eabi.lib : _printfi.obj (.text)
                  000025be    00000002                                   : mpu_init.obj (.text)
                  000025c0    00000464     Display.obj (.text)
                  00002a24    000003d0     rtsv7M4_T_le_v4SPD16_eabi.lib : memory.obj (.text)
                  00002df4    0000032c     system_msp432p401r.obj (.text)
                  00003120    000002e8     Keypad.obj (.text)
                  00003408    00000290     RTC.obj (.text)
                  00003698    000001f4     rtsv7M4_T_le_v4SPD16_eabi.lib : ull_div_t2.obj (.text)
                  0000388c    000001b6                                   : fd_add_t2.obj (.text)
                  00003a42    00000002                                   : startup.obj (.text)
                  00003a44    0000018c     MainSequence.obj (.text)
                  00003bd0    00000136     rtsv7M4_T_le_v4SPD16_eabi.lib : fd_div_t2.obj (.text)
                  00003d06    00000002     --HOLE-- [fill = 0]
                  00003d08    00000104     msp432p4xx_driverlib.lib : cs.o (.text:CS_getDCOFrequency)
                  00003e0c    000000fc     rtsv7M4_T_le_v4SPD16_eabi.lib : fd_mul_t2.obj (.text)
                  00003f08    000000fc                                   : s_scalbn.obj (.text)
                  00004004    000000f0     Clock.obj (.text)
                  000040f4    000000e6     RGB.obj (.text)
                  000041da    00000002     --HOLE-- [fill = 0]
                  000041dc    000000e0     msp432p4xx_driverlib.lib : cs.o (.text:CS_initClockSignal)
                  000042bc    000000b4     Startup.obj (.text)
                  00004370    0000009c     msp432p4xx_driverlib.lib : cs.o (.text:CS_startHFXTWithTimeout)
                  0000440c    0000009c                              : cs.o (.text:_CSComputeCLKFrequency)
                  000044a8    0000009c     rtsv7M4_T_le_v4SPD16_eabi.lib : memcpy_t2.obj (.text)
                  00004544    00000086                                   : fd_cmp_t2.obj (.text:__aeabi_cdcmple)
                  000045ca    00000086                                   : fd_cmp_t2.obj (.text:__aeabi_cdrcmple)
                  00004650    0000007a                                   : memset_t2.obj (.text)
                  000046ca    00000002     --HOLE-- [fill = 0]
                  000046cc    00000070     msp432p4xx_driverlib.lib : cs.o (.text:_CSGetHFXTFrequency)
                  0000473c    00000070     rtsv7M4_T_le_v4SPD16_eabi.lib : autoinit.obj (.text)
                  000047ac    00000066                                   : copy_decompress_lzss.obj (.text:decompress:lzss)
                  00004812    00000002     --HOLE-- [fill = 0]
                  00004814    00000064                                   : s_frexp.obj (.text)
                  00004878    00000060                                   : sprintf.obj (.text)
                  000048d8    0000005c     I2C.obj (.text)
                  00004934    00000056     rtsv7M4_T_le_v4SPD16_eabi.lib : ltoa.obj (.text)
                  0000498a    00000002     --HOLE-- [fill = 0]
                  0000498c    00000054                                   : boot.obj (.text)
                  000049e0    00000054                                   : exit.obj (.text)
                  00004a34    00000050     msp432p4xx_driverlib.lib : sysctl.o (.text:SysCtl_getTLVInfo)
                  00004a84    0000004c                              : cs.o (.text:_CSGetDOCFrequency)
                  00004ad0    0000004c     rtsv7M4_T_le_v4SPD16_eabi.lib : atoi.obj (.text)
                  00004b1c    0000004c                                   : cpy_tbl.obj (.text)
                  00004b68    00000048     msp432p4xx_driverlib.lib : gpio.o (.text:GPIO_setAsPeripheralModuleFunctionInputPin)
                  00004bb0    00000048                              : cs.o (.text:_CSGetDividerValue)
                  00004bf8    00000048     rtsv7M4_T_le_v4SPD16_eabi.lib : fd_toi_t2.obj (.text)
                  00004c40    00000034     msp432p4xx_driverlib.lib : interrupt.o (.text:Interrupt_registerInterrupt)
                  00004c74    0000002e     rtsv7M4_T_le_v4SPD16_eabi.lib : i_tofd_t2.obj (.text)
                  00004ca2    00000002     --HOLE-- [fill = 0]
                  00004ca4    0000002c     msp432p4xx_driverlib.lib : gpio.o (.text:GPIO_setAsInputPin)
                  00004cd0    00000024                              : cs.o (.text:CS_clearInterruptFlag)
                  00004cf4    00000024                              : gpio.o (.text:GPIO_setAsOutputPin)
                  00004d18    0000001c     main.obj (.text)
                  00004d34    0000001c     rtsv7M4_T_le_v4SPD16_eabi.lib : memccpy.obj (.text)
                  00004d50    00000018     msp432p4xx_driverlib.lib : cs.o (.text:CS_getACLK)
                  00004d68    00000018                              : cs.o (.text:CS_getMCLK)
                  00004d80    00000018                              : cs.o (.text:CS_getSMCLK)
                  00004d98    00000018                              : gpio.o (.text:GPIO_setOutputLowOnPin)
                  00004db0    00000018                              : wdt_a.o (.text:WDT_A_holdTimer)
                  00004dc8    00000018     rtsv7M4_T_le_v4SPD16_eabi.lib : args_main.obj (.text)
                  00004de0    00000018                                   : strcmp.obj (.text)
                  00004df8    00000016                                   : strchr.obj (.text)
                  00004e0e    00000002     --HOLE-- [fill = 0]
                  00004e10    00000014     msp432p4xx_driverlib.lib : cs.o (.text:CS_setExternalClockSourceFrequency)
                  00004e24    00000014                              : gpio.o (.text:GPIO_setOutputHighOnPin)
                  00004e38    00000014     rtsv7M4_T_le_v4SPD16_eabi.lib : _lock.obj (.text)
                  00004e4c    00000014                                   : s_copysign.obj (.text)
                  00004e60    00000014                                   : strlen.obj (.text)
                  00004e74    00000010     msp432p4xx_driverlib.lib : sysctl.o (.text:SysCtl_disableNMISource)
                  00004e84    00000010                              : sysctl.o (.text:SysCtl_enableNMISource)
                  00004e94    0000000e     rtsv7M4_T_le_v4SPD16_eabi.lib : copy_decompress_none.obj (.text:decompress:none)
                  00004ea2    0000000e     startup_msp432p401r_ccs.obj (.text)
                  00004eb0    0000000c     msp432p4xx_driverlib.lib : sysctl.o (.text:SysCtl_getNMISourceStatus)
                  00004ebc    0000000c     rtsv7M4_T_le_v4SPD16_eabi.lib : copy_zero_init.obj (.text:decompress:ZI)
                  00004ec8    00000006     msp432p4xx_driverlib.lib : cs.o (.text:CS_startHFXT)
                  00004ece    00000004     rtsv7M4_T_le_v4SPD16_eabi.lib : pre_init.obj (.text)

.const     0    00004ed4    00000906     
                  00004ed4    000004fb     ST7735.obj (.const:.string:Font)
                  000053cf    00000200     ST7735.obj (.const:.string:dBfs)
                  000055cf    00000101     rtsv7M4_T_le_v4SPD16_eabi.lib : ctype.obj (.const:.string:_ctypes_)
                  000056d0    00000067     ST7735.obj (.const:.string:Bcmd)
                  00005737    0000003b     ST7735.obj (.const:.string:Rcmd1)
                  00005772    0000002b     ST7735.obj (.const:.string:Rcmd3)
                  0000579d    00000003     --HOLE-- [fill = 0]
                  000057a0    00000014     I2C.obj (.const:i2cConfig)
                  000057b4    0000000d     ST7735.obj (.const:.string:Rcmd2green)
                  000057c1    0000000d     ST7735.obj (.const:.string:Rcmd2red)
                  000057ce    0000000c     Keypad.obj (.const:$P$T0$3)

.cinit     0    000057e0    00000090     
                  000057e0    00000058     (.cinit..data.load) [load image, compression = lzss]
                  00005838    0000000c     (__TI_handler_table)
                  00005844    00000004     --HOLE-- [fill = 0]
                  00005848    00000008     (.cinit..bss.load) [load image, compression = zero_init]
                  00005850    00000008     (.cinit..vtable.load) [load image, compression = zero_init]
                  00005858    00000018     (__TI_cinit_table)

.init_array 
*          0    00000000    00000000     UNINITIALIZED

.vtable    0    20000000    000000e4     UNINITIALIZED
                  20000000    000000e4     msp432p4xx_driverlib.lib : interrupt.o (.vtable)

.sysmem    0    200000e8    00000400     UNINITIALIZED
                  200000e8    00000008     rtsv7M4_T_le_v4SPD16_eabi.lib : memory.obj (.sysmem)
                  200000f0    000003f8     --HOLE--

.bss       0    200004e8    00000111     UNINITIALIZED
                  200004e8    00000088     (.common:SensorReadings)
                  20000570    0000004c     (.common:ClockRegisters)
                  200005bc    0000000c     Startup.obj (.bss)
                  200005c8    0000000c     (.common:Message)
                  200005d4    00000004     ST7735.obj (.bss)
                  200005d8    00000004     (.common:KeypadState)
                  200005dc    00000004     (.common:Messageindex)
                  200005e0    00000004     (.common:X)
                  200005e4    00000004     (.common:Ymax)
                  200005e8    00000004     (.common:Ymin)
                  200005ec    00000004     (.common:Yrange)
                  200005f0    00000004     (.common:hfxtFreq)
                  200005f4    00000004     (.common:lfxtFreq)
                  200005f8    00000001     (.common:RefreshInterrupt)

.data      0    200005fc    00000078     UNINITIALIZED
                  200005fc    00000030     msp432p4xx_driverlib.lib : gpio.o (.data:GPIO_PORT_TO_BASE)
                  2000062c    00000014     ST7735.obj (.data)
                  20000640    0000000c     rtsv7M4_T_le_v4SPD16_eabi.lib : exit.obj (.data:$O1$$)
                  2000064c    0000000c                                   : memory.obj (.data:$O1$$)
                  20000658    00000008                                   : _lock.obj (.data:$O1$$)
                  20000660    00000004     Keypad.obj (.data)
                  20000664    00000004     MainSequence.obj (.data)
                  20000668    00000004     rtsv7M4_T_le_v4SPD16_eabi.lib : errno.obj (.data)
                  2000066c    00000004                                   : stkdepth_vars.obj (.data)
                  20000670    00000004     system_msp432p401r.obj (.data)

.stack     0    2000fe00    00000200     UNINITIALIZED
                  2000fe00    00000200     --HOLE--

MODULE SUMMARY

       Module                        code    ro data   rw data
       ------                        ----    -------   -------
    .\
       system_msp432p401r.obj        812     0         8      
       main.obj                      28      0         434    
       startup_msp432p401r_ccs.obj   14      228       0      
    +--+-----------------------------+-------+---------+---------+
       Total:                        854     228       442    
                                                              
    .\Modules\
       ST7735.obj                    5016    2018      112    
       Display.obj                   1124    0         0      
       Keypad.obj                    744     12        8      
       RTC.obj                       656     0         0      
       Clock.obj                     240     0         0      
       RGB.obj                       230     0         0      
    +--+-----------------------------+-------+---------+---------+
       Total:                        8010    2030      120    
                                                              
    .\Protocols\
       I2C.obj                       92      20        0      
    +--+-----------------------------+-------+---------+---------+
       Total:                        92      20        0      
                                                              
    .\Sequences\
       MainSequence.obj              396     0         8      
       Startup.obj                   180     0         24     
    +--+-----------------------------+-------+---------+---------+
       Total:                        576     0         32     
                                                              
    ../msp432p4xx_driverlib.lib
       cs.o                          1190    0         16     
       interrupt.o                   52      0         456    
       gpio.o                        196     0         96     
       sysctl.o                      124     0         0      
       wdt_a.o                       24      0         0      
    +--+-----------------------------+-------+---------+---------+
       Total:                        1586    0         568    
                                                              
    C:\ti\ccsv6\tools\compiler\ti-cgt-arm_16.6.0.STS\lib\rtsv7M4_T_le_v4SPD16_eabi.lib
       _printfi.obj                  4418    0         0      
       memory.obj                    976     0         24     
       ull_div_t2.obj                500     0         0      
       fd_add_t2.obj                 438     0         0      
       fd_div_t2.obj                 310     0         0      
       fd_cmp_t2.obj                 268     0         0      
       ctype.obj                     0       257       0      
       fd_mul_t2.obj                 252     0         0      
       s_scalbn.obj                  252     0         0      
       memcpy_t2.obj                 156     0         0      
       memset_t2.obj                 122     0         0      
       autoinit.obj                  112     0         0      
       exit.obj                      84      0         24     
       copy_decompress_lzss.obj      102     0         0      
       s_frexp.obj                   100     0         0      
       sprintf.obj                   96      0         0      
       ltoa.obj                      86      0         0      
       boot.obj                      84      0         0      
       atoi.obj                      76      0         0      
       cpy_tbl.obj                   76      0         0      
       fd_toi_t2.obj                 72      0         0      
       i_tofd_t2.obj                 46      0         0      
       _lock.obj                     20      0         16     
       memccpy.obj                   28      0         0      
       args_main.obj                 24      0         0      
       strcmp.obj                    24      0         0      
       strchr.obj                    22      0         0      
       s_copysign.obj                20      0         0      
       strlen.obj                    20      0         0      
       copy_decompress_none.obj      14      0         0      
       copy_zero_init.obj            12      0         0      
       errno.obj                     0       0         8      
       stkdepth_vars.obj             0       0         8      
       pre_init.obj                  4       0         0      
       mpu_init.obj                  2       0         0      
       startup.obj                   2       0         0      
    +--+-----------------------------+-------+---------+---------+
       Total:                        8818    257       80     
                                                              
       Heap:                         0       0         2048   
       Stack:                        0       0         1024   
       Linker Generated:             0       140       0      
    +--+-----------------------------+-------+---------+---------+
       Grand Total:                  19936   2675      4314   


LINKER GENERATED COPY TABLES

__TI_cinit_table @ 00005858 records: 3, size/record: 8, table size: 24
	.data: load addr=000057e0, load size=00000058 bytes, run addr=200005fc, run size=00000078 bytes, compression=lzss
	.bss: load addr=00005848, load size=00000008 bytes, run addr=200004e8, run size=00000111 bytes, compression=zero_init
	.vtable: load addr=00005850, load size=00000008 bytes, run addr=20000000, run size=000000e4 bytes, compression=zero_init


LINKER GENERATED HANDLER TABLE

__TI_handler_table @ 00005838 records: 3, size/record: 4, table size: 12
	index: 0, handler: __TI_zero_init
	index: 1, handler: __TI_decompress_lzss
	index: 2, handler: __TI_decompress_none


GLOBAL SYMBOLS: SORTED ALPHABETICALLY BY Name 

address   name                                      
-------   ----                                      
00004eaf  ADC14_IRQHandler                          
00004eaf  AES256_IRQHandler                         
00004eaf  BusFault_Handler                          
000049e1  C$$EXIT                                   
00004eaf  COMP_E0_IRQHandler                        
00004eaf  COMP_E1_IRQHandler                        
00004eaf  CS_IRQHandler                             
00004cd1  CS_clearInterruptFlag                     
00004d51  CS_getACLK                                
00003d09  CS_getDCOFrequency                        
00004d69  CS_getMCLK                                
00004d81  CS_getSMCLK                               
000041dd  CS_initClockSignal                        
00004e11  CS_setExternalClockSourceFrequency        
00004ec9  CS_startHFXT                              
00004371  CS_startHFXTWithTimeout                   
20000570  ClockRegisters                            
00004005  Clock_Init                                
0000292b  ConvertBCDToString                        
20000664  CurrentDigit                              
00004eaf  DMA_ERR_IRQHandler                        
00004eaf  DMA_INT0_IRQHandler                       
00004eaf  DMA_INT1_IRQHandler                       
00004eaf  DMA_INT2_IRQHandler                       
00004eaf  DMA_INT3_IRQHandler                       
00004eaf  DebugMon_Handler                          
00004eaf  Default_Handler                           
0000015b  Delay1ms                                  
000026c1  Display_Clear_Screen                      
00002915  Display_Init                              
000026cb  Display_Menu                              
000025c1  Display_Module_DrawString                 
000027b9  Display_Module_EnterPIN                   
00002619  Display_Module_MainScreen                 
000028d5  Display_Refresh                           
0000296b  Display_Splash_Screen                     
00004eaf  EUSCIA0_IRQHandler                        
00004eaf  EUSCIA1_IRQHandler                        
00004eaf  EUSCIA2_IRQHandler                        
00004eaf  EUSCIA3_IRQHandler                        
00004eaf  EUSCIB0_IRQHandler                        
00004eaf  EUSCIB1_IRQHandler                        
00004eaf  EUSCIB2_IRQHandler                        
00004eaf  EUSCIB3_IRQHandler                        
00004eaf  FLCTL_IRQHandler                          
00004eaf  FPU_IRQHandler                            
00004ca5  GPIO_setAsInputPin                        
00004cf5  GPIO_setAsOutputPin                       
00004b69  GPIO_setAsPeripheralModuleFunctionInputPin
00004e25  GPIO_setOutputHighOnPin                   
00004d99  GPIO_setOutputLowOnPin                    
00004eaf  HardFault_Handler                         
000048d9  I2C_Init                                  
00004c41  Interrupt_registerInterrupt               
200005d8  KeypadState                               
00003221  Keypad_Debounce                           
00003383  Keypad_Execute                            
0000339d  Keypad_ExecuteForPinEnter                 
00003121  Keypad_Init                               
0000333b  Keypad_InsertKeyCombo                     
0000324d  Keypad_SaveButtonPress                    
0000312f  Keypad_Scan                               
00003a45  Main_Sequence                             
00004eaf  MemManage_Handler                         
200005c8  Message                                   
200005dc  Messageindex                              
00004eaf  NMI_Handler                               
0000141b  Output_Clear                              
00001435  Output_Color                              
0000140b  Output_Init                               
00001425  Output_Off                                
0000142d  Output_On                                 
00004eaf  PCM_IRQHandler                            
00004eaf  PORT1_IRQHandler                          
00004eaf  PORT2_IRQHandler                          
00004eaf  PORT3_IRQHandler                          
00004eaf  PORT4_IRQHandler                          
00004eaf  PORT5_IRQHandler                          
00004eaf  PORT6_IRQHandler                          
00004eaf  PSS_IRQHandler                            
00004eaf  PendSV_Handler                            
000040f5  RGB_Init                                  
00004123  RGB_Module_SetColor                       
00004eaf  RTC_C_IRQHandler                          
000034b5  RTC_Module_Read                           
00003409  RTC_Module_Write                          
200005f8  RefreshInterrupt                          
00004ea3  Reset_Handler                             
UNDEFED   SHT$$INIT_ARRAY$$Base                     
UNDEFED   SHT$$INIT_ARRAY$$Limit                    
0000073d  ST7735_Color565                           
000007a1  ST7735_DrawBitmap                         
00000b11  ST7735_DrawChar                           
0000099d  ST7735_DrawCharS                          
00000535  ST7735_DrawFastHLine                      
00000477  ST7735_DrawFastVLine                      
0000041d  ST7735_DrawPixel                          
00000c81  ST7735_DrawString                         
00000631  ST7735_FillRect                           
000005ed  ST7735_FillScreen                         
000002e9  ST7735_InitB                              
00000309  ST7735_InitR                              
00000eb3  ST7735_InvertDisplay                      
000012f1  ST7735_OutChar                            
000013ad  ST7735_OutString                          
00000d6d  ST7735_OutUDec                            
000011fd  ST7735_PlotBar                            
00000ecb  ST7735_PlotClear                          
00000fed  ST7735_PlotLine                           
0000129d  ST7735_PlotNext                           
000012b7  ST7735_PlotNextErase                      
00000f27  ST7735_PlotPoint                          
00001127  ST7735_PlotPoints                         
00001253  ST7735_PlotdBfs                           
00000d47  ST7735_SetCursor                          
00000de9  ST7735_SetRotation                        
000013cb  ST7735_SetTextColor                       
00000771  ST7735_SwapColor                          
00004eaf  SVC_Handler                               
200004e8  SensorReadings                            
20000634  StTextColor                               
2000062c  StX                                       
20000630  StY                                       
000042bd  Startup_Sequence                          
00004e75  SysCtl_disableNMISource                   
00004e85  SysCtl_enableNMISource                    
00004eb1  SysCtl_getNMISourceStatus                 
00004a35  SysCtl_getTLVInfo                         
00004eaf  SysTick_Handler                           
0000408d  SysTick_Init                              
000040a9  SysTick_delay                             
20000670  SystemCoreClock                           
00002df5  SystemCoreClockUpdate                     
00003069  SystemInit                                
00004eaf  T32_INT1_IRQHandler                       
00004eaf  T32_INT2_IRQHandler                       
00004eaf  T32_INTC_IRQHandler                       
00003ba5  TA0_0_IRQHandler                          
00003ba5  TA0_0_IRQHandler                          
00004eaf  TA0_N_IRQHandler                          
00004eaf  TA1_0_IRQHandler                          
00004eaf  TA1_N_IRQHandler                          
00004eaf  TA2_0_IRQHandler                          
00004eaf  TA2_N_IRQHandler                          
00004eaf  TA3_0_IRQHandler                          
00004eaf  TA3_N_IRQHandler                          
00004eaf  UsageFault_Handler                        
4000480c  WDTCTL_SYM                                
00004eaf  WDT_A_IRQHandler                          
00004db1  WDT_A_holdTimer                           
200005e0  X                                         
200005e4  Ymax                                      
200005e8  Ymin                                      
200005ec  Yrange                                    
20010000  __STACK_END                               
00000200  __STACK_SIZE                              
00000400  __SYSMEM_SIZE                             
00005858  __TI_CINIT_Base                           
00005870  __TI_CINIT_Limit                          
00005838  __TI_Handler_Table_Base                   
00005844  __TI_Handler_Table_Limit                  
0000473d  __TI_auto_init                            
20000640  __TI_cleanup_ptr                          
000047ad  __TI_decompress_lzss                      
00004e95  __TI_decompress_none                      
20000644  __TI_dtors_ptr                            
20000648  __TI_enable_exit_profile_output           
ffffffff  __TI_pprof_out_hndl                       
00001cc5  __TI_printfi                              
ffffffff  __TI_prof_data_size                       
ffffffff  __TI_prof_data_start                      
00000000  __TI_static_base__                        
00004ebd  __TI_zero_init                            
00004545  __aeabi_cdcmpeq                           
00004545  __aeabi_cdcmple                           
000045cb  __aeabi_cdrcmple                          
00004bf9  __aeabi_d2iz                              
00003897  __aeabi_dadd                              
00003bd1  __aeabi_ddiv                              
00003e0d  __aeabi_dmul                              
0000388d  __aeabi_dsub                              
00004c75  __aeabi_i2d                               
00004651  __aeabi_memclr                            
00004651  __aeabi_memclr4                           
00004651  __aeabi_memclr8                           
000044a9  __aeabi_memcpy                            
000044a9  __aeabi_memcpy4                           
000044a9  __aeabi_memcpy8                           
00004653  __aeabi_memset                            
00004653  __aeabi_memset4                           
00004653  __aeabi_memset8                           
00003699  __aeabi_uldivmod                          
ffffffff  __binit__                                 
ffffffff  __c_args__                                
000025bf  __mpu_init                                
2000fe00  __stack                                   
00004dc9  _args_main                                
0000498d  _c_int00                                  
000055cf  _ctypes_                                  
20000658  _lock                                     
00004e47  _nop                                      
00004e3f  _register_lock                            
00004e39  _register_unlock                          
200000e8  _sys_memory                               
00003a43  _system_post_cinit                        
00004ecf  _system_pre_init                          
2000065c  _unlock                                   
000049e5  abort                                     
00004ad1  atoi                                      
ffffffff  binit                                     
00002dc5  calloc                                    
00004b1d  copy_in                                   
00004e4d  copysign                                  
00004e4d  copysignl                                 
000053cf  dBfs                                      
20000668  errno                                     
000049ed  exit                                      
000013fd  ferror                                    
000013f1  fgetc                                     
00000d05  fillmessage                               
000013df  fputc                                     
00002b0f  free                                      
00004815  frexp                                     
00004815  frexpl                                    
20000000  g_pfnRAMVectors                           
000057a0  i2cConfig                                 
00000000  interruptVectors                          
2000063c  lastj                                     
00003f09  ldexp                                     
00003f09  ldexpl                                    
00004935  ltoa                                      
00004d19  main                                      
2000066c  main_func_sp                              
00002aa5  malloc                                    
00002cd9  memalign                                  
00004d35  memccpy                                   
000044a9  memcpy                                    
00004659  memset                                    
00002a25  minit                                     
0000014d  parrotdelay                               
00002bd1  realloc                                   
00003f09  scalbn                                    
00003f09  scalbnl                                   
00004879  sprintf                                   
00004df9  strchr                                    
00004de1  strcmp                                    
00004e61  strlen                                    


GLOBAL SYMBOLS: SORTED BY Symbol Address 

address   name                                      
-------   ----                                      
00000000  __TI_static_base__                        
00000000  interruptVectors                          
0000014d  parrotdelay                               
0000015b  Delay1ms                                  
00000200  __STACK_SIZE                              
000002e9  ST7735_InitB                              
00000309  ST7735_InitR                              
00000400  __SYSMEM_SIZE                             
0000041d  ST7735_DrawPixel                          
00000477  ST7735_DrawFastVLine                      
00000535  ST7735_DrawFastHLine                      
000005ed  ST7735_FillScreen                         
00000631  ST7735_FillRect                           
0000073d  ST7735_Color565                           
00000771  ST7735_SwapColor                          
000007a1  ST7735_DrawBitmap                         
0000099d  ST7735_DrawCharS                          
00000b11  ST7735_DrawChar                           
00000c81  ST7735_DrawString                         
00000d05  fillmessage                               
00000d47  ST7735_SetCursor                          
00000d6d  ST7735_OutUDec                            
00000de9  ST7735_SetRotation                        
00000eb3  ST7735_InvertDisplay                      
00000ecb  ST7735_PlotClear                          
00000f27  ST7735_PlotPoint                          
00000fed  ST7735_PlotLine                           
00001127  ST7735_PlotPoints                         
000011fd  ST7735_PlotBar                            
00001253  ST7735_PlotdBfs                           
0000129d  ST7735_PlotNext                           
000012b7  ST7735_PlotNextErase                      
000012f1  ST7735_OutChar                            
000013ad  ST7735_OutString                          
000013cb  ST7735_SetTextColor                       
000013df  fputc                                     
000013f1  fgetc                                     
000013fd  ferror                                    
0000140b  Output_Init                               
0000141b  Output_Clear                              
00001425  Output_Off                                
0000142d  Output_On                                 
00001435  Output_Color                              
00001cc5  __TI_printfi                              
000025bf  __mpu_init                                
000025c1  Display_Module_DrawString                 
00002619  Display_Module_MainScreen                 
000026c1  Display_Clear_Screen                      
000026cb  Display_Menu                              
000027b9  Display_Module_EnterPIN                   
000028d5  Display_Refresh                           
00002915  Display_Init                              
0000292b  ConvertBCDToString                        
0000296b  Display_Splash_Screen                     
00002a25  minit                                     
00002aa5  malloc                                    
00002b0f  free                                      
00002bd1  realloc                                   
00002cd9  memalign                                  
00002dc5  calloc                                    
00002df5  SystemCoreClockUpdate                     
00003069  SystemInit                                
00003121  Keypad_Init                               
0000312f  Keypad_Scan                               
00003221  Keypad_Debounce                           
0000324d  Keypad_SaveButtonPress                    
0000333b  Keypad_InsertKeyCombo                     
00003383  Keypad_Execute                            
0000339d  Keypad_ExecuteForPinEnter                 
00003409  RTC_Module_Write                          
000034b5  RTC_Module_Read                           
00003699  __aeabi_uldivmod                          
0000388d  __aeabi_dsub                              
00003897  __aeabi_dadd                              
00003a43  _system_post_cinit                        
00003a45  Main_Sequence                             
00003ba5  TA0_0_IRQHandler                          
00003ba5  TA0_0_IRQHandler                          
00003bd1  __aeabi_ddiv                              
00003d09  CS_getDCOFrequency                        
00003e0d  __aeabi_dmul                              
00003f09  ldexp                                     
00003f09  ldexpl                                    
00003f09  scalbn                                    
00003f09  scalbnl                                   
00004005  Clock_Init                                
0000408d  SysTick_Init                              
000040a9  SysTick_delay                             
000040f5  RGB_Init                                  
00004123  RGB_Module_SetColor                       
000041dd  CS_initClockSignal                        
000042bd  Startup_Sequence                          
00004371  CS_startHFXTWithTimeout                   
000044a9  __aeabi_memcpy                            
000044a9  __aeabi_memcpy4                           
000044a9  __aeabi_memcpy8                           
000044a9  memcpy                                    
00004545  __aeabi_cdcmpeq                           
00004545  __aeabi_cdcmple                           
000045cb  __aeabi_cdrcmple                          
00004651  __aeabi_memclr                            
00004651  __aeabi_memclr4                           
00004651  __aeabi_memclr8                           
00004653  __aeabi_memset                            
00004653  __aeabi_memset4                           
00004653  __aeabi_memset8                           
00004659  memset                                    
0000473d  __TI_auto_init                            
000047ad  __TI_decompress_lzss                      
00004815  frexp                                     
00004815  frexpl                                    
00004879  sprintf                                   
000048d9  I2C_Init                                  
00004935  ltoa                                      
0000498d  _c_int00                                  
000049e1  C$$EXIT                                   
000049e5  abort                                     
000049ed  exit                                      
00004a35  SysCtl_getTLVInfo                         
00004ad1  atoi                                      
00004b1d  copy_in                                   
00004b69  GPIO_setAsPeripheralModuleFunctionInputPin
00004bf9  __aeabi_d2iz                              
00004c41  Interrupt_registerInterrupt               
00004c75  __aeabi_i2d                               
00004ca5  GPIO_setAsInputPin                        
00004cd1  CS_clearInterruptFlag                     
00004cf5  GPIO_setAsOutputPin                       
00004d19  main                                      
00004d35  memccpy                                   
00004d51  CS_getACLK                                
00004d69  CS_getMCLK                                
00004d81  CS_getSMCLK                               
00004d99  GPIO_setOutputLowOnPin                    
00004db1  WDT_A_holdTimer                           
00004dc9  _args_main                                
00004de1  strcmp                                    
00004df9  strchr                                    
00004e11  CS_setExternalClockSourceFrequency        
00004e25  GPIO_setOutputHighOnPin                   
00004e39  _register_unlock                          
00004e3f  _register_lock                            
00004e47  _nop                                      
00004e4d  copysign                                  
00004e4d  copysignl                                 
00004e61  strlen                                    
00004e75  SysCtl_disableNMISource                   
00004e85  SysCtl_enableNMISource                    
00004e95  __TI_decompress_none                      
00004ea3  Reset_Handler                             
00004eaf  ADC14_IRQHandler                          
00004eaf  AES256_IRQHandler                         
00004eaf  BusFault_Handler                          
00004eaf  COMP_E0_IRQHandler                        
00004eaf  COMP_E1_IRQHandler                        
00004eaf  CS_IRQHandler                             
00004eaf  DMA_ERR_IRQHandler                        
00004eaf  DMA_INT0_IRQHandler                       
00004eaf  DMA_INT1_IRQHandler                       
00004eaf  DMA_INT2_IRQHandler                       
00004eaf  DMA_INT3_IRQHandler                       
00004eaf  DebugMon_Handler                          
00004eaf  Default_Handler                           
00004eaf  EUSCIA0_IRQHandler                        
00004eaf  EUSCIA1_IRQHandler                        
00004eaf  EUSCIA2_IRQHandler                        
00004eaf  EUSCIA3_IRQHandler                        
00004eaf  EUSCIB0_IRQHandler                        
00004eaf  EUSCIB1_IRQHandler                        
00004eaf  EUSCIB2_IRQHandler                        
00004eaf  EUSCIB3_IRQHandler                        
00004eaf  FLCTL_IRQHandler                          
00004eaf  FPU_IRQHandler                            
00004eaf  HardFault_Handler                         
00004eaf  MemManage_Handler                         
00004eaf  NMI_Handler                               
00004eaf  PCM_IRQHandler                            
00004eaf  PORT1_IRQHandler                          
00004eaf  PORT2_IRQHandler                          
00004eaf  PORT3_IRQHandler                          
00004eaf  PORT4_IRQHandler                          
00004eaf  PORT5_IRQHandler                          
00004eaf  PORT6_IRQHandler                          
00004eaf  PSS_IRQHandler                            
00004eaf  PendSV_Handler                            
00004eaf  RTC_C_IRQHandler                          
00004eaf  SVC_Handler                               
00004eaf  SysTick_Handler                           
00004eaf  T32_INT1_IRQHandler                       
00004eaf  T32_INT2_IRQHandler                       
00004eaf  T32_INTC_IRQHandler                       
00004eaf  TA0_N_IRQHandler                          
00004eaf  TA1_0_IRQHandler                          
00004eaf  TA1_N_IRQHandler                          
00004eaf  TA2_0_IRQHandler                          
00004eaf  TA2_N_IRQHandler                          
00004eaf  TA3_0_IRQHandler                          
00004eaf  TA3_N_IRQHandler                          
00004eaf  UsageFault_Handler                        
00004eaf  WDT_A_IRQHandler                          
00004eb1  SysCtl_getNMISourceStatus                 
00004ebd  __TI_zero_init                            
00004ec9  CS_startHFXT                              
00004ecf  _system_pre_init                          
000053cf  dBfs                                      
000055cf  _ctypes_                                  
000057a0  i2cConfig                                 
00005838  __TI_Handler_Table_Base                   
00005844  __TI_Handler_Table_Limit                  
00005858  __TI_CINIT_Base                           
00005870  __TI_CINIT_Limit                          
20000000  g_pfnRAMVectors                           
200000e8  _sys_memory                               
200004e8  SensorReadings                            
20000570  ClockRegisters                            
200005c8  Message                                   
200005d8  KeypadState                               
200005dc  Messageindex                              
200005e0  X                                         
200005e4  Ymax                                      
200005e8  Ymin                                      
200005ec  Yrange                                    
200005f8  RefreshInterrupt                          
2000062c  StX                                       
20000630  StY                                       
20000634  StTextColor                               
2000063c  lastj                                     
20000640  __TI_cleanup_ptr                          
20000644  __TI_dtors_ptr                            
20000648  __TI_enable_exit_profile_output           
20000658  _lock                                     
2000065c  _unlock                                   
20000664  CurrentDigit                              
20000668  errno                                     
2000066c  main_func_sp                              
20000670  SystemCoreClock                           
2000fe00  __stack                                   
20010000  __STACK_END                               
4000480c  WDTCTL_SYM                                
ffffffff  __TI_pprof_out_hndl                       
ffffffff  __TI_prof_data_size                       
ffffffff  __TI_prof_data_start                      
ffffffff  __binit__                                 
ffffffff  __c_args__                                
ffffffff  binit                                     
UNDEFED   SHT$$INIT_ARRAY$$Base                     
UNDEFED   SHT$$INIT_ARRAY$$Limit                    

[247 symbols]
