******************************************************************************
                  TI ARM Linker PC v16.6.0                     
******************************************************************************
>> Linked Wed Nov 30 22:33:45 2016

OUTPUT FILE NAME:   <SecuritySystem.out>
ENTRY POINT SYMBOL: "_c_int00"  address: 00010675


MEMORY CONFIGURATION

         name            origin    length      used     unused   attr    fill
----------------------  --------  ---------  --------  --------  ----  --------
  MAIN                  00000000   00040000  00010b0a  0002f4f6  R  X
  INFO                  00200000   00004000  00000000  00004000  R  X
  SRAM_CODE             01000000   00010000  000002ea  0000fd16  RW X
  SRAM_DATA             20000000   00010000  000002ea  0000fd16  RW  


SEGMENT ALLOCATION MAP

run origin  load origin   length   init length attrs members
----------  ----------- ---------- ----------- ----- -------
00000000    00000000    00010b10   00010b10    r-x
  00000000    00000000    000000e4   000000e4    r-- .intvecs
  000000e4    000000e4    0000e424   0000e424    r-- .const
  0000e508    0000e508    00002592   00002592    r-x .text
  00010aa0    00010aa0    00000070   00000070    r-- .cinit
20000000    20000000    000000ec   00000000    rw-
  20000000    20000000    0000008a   00000000    rw- .bss
  2000008c    2000008c    00000060   00000000    rw- .data
2000fe00    2000fe00    00000200   00000000    rw-
  2000fe00    2000fe00    00000200   00000000    rw- .stack


SECTION ALLOCATION MAP

 output                                  attributes/
section   page    origin      length       input sections
--------  ----  ----------  ----------   ----------------
.intvecs   0    00000000    000000e4     
                  00000000    000000e4     startup_msp432p401r_ccs.obj (.intvecs:retain)

.binit     0    00000000    00000000     

.const     0    000000e4    0000e424     
                  000000e4    0000a000     Display.obj (.const:MainMenuDesign)
                  0000a0e4    00003c00     Display.obj (.const:Armed)
                  0000dce4    000004fb     ST7735.obj (.const:.string:Font)
                  0000e1df    00000200     ST7735.obj (.const:.string:dBfs)
                  0000e3df    00000067     ST7735.obj (.const:.string:Bcmd)
                  0000e446    00000002     --HOLE-- [fill = 0]
                  0000e448    00000040     msp432p4xx_driverlib.lib : interrupt.o (.const)
                  0000e488    0000003b     ST7735.obj (.const:.string:Rcmd1)
                  0000e4c3    0000002b     ST7735.obj (.const:.string:Rcmd3)
                  0000e4ee    0000000d     ST7735.obj (.const:.string:Rcmd2green)
                  0000e4fb    0000000d     ST7735.obj (.const:.string:Rcmd2red)

.text      0    0000e508    00002592     
                  0000e508    00001398     ST7735.obj (.text)
                  0000f8a0    0000032c     system_msp432p401r.obj (.text)
                  0000fbcc    000001bc     Display.obj (.text)
                  0000fd88    00000104     msp432p4xx_driverlib.lib : cs.o (.text:CS_getDCOFrequency)
                  0000fe8c    000000fc     Keypad.obj (.text)
                  0000ff88    000000e0     msp432p4xx_driverlib.lib : cs.o (.text:CS_initClockSignal)
                  00010068    000000de     RGB.obj (.text)
                  00010146    00000002     rtsv7M4_T_le_v4SPD16_eabi.lib : mpu_init.obj (.text)
                  00010148    000000dc     Clock.obj (.text)
                  00010224    0000009c     msp432p4xx_driverlib.lib : cs.o (.text:CS_startHFXTWithTimeout)
                  000102c0    0000009c                              : cs.o (.text:_CSComputeCLKFrequency)
                  0001035c    0000009c     rtsv7M4_T_le_v4SPD16_eabi.lib : memcpy_t2.obj (.text)
                  000103f8    0000007a                                   : memset_t2.obj (.text)
                  00010472    00000002                                   : startup.obj (.text)
                  00010474    00000070     msp432p4xx_driverlib.lib : cs.o (.text:_CSGetHFXTFrequency)
                  000104e4    00000070     rtsv7M4_T_le_v4SPD16_eabi.lib : autoinit.obj (.text)
                  00010554    00000066                                   : copy_decompress_lzss.obj (.text:decompress:lzss)
                  000105ba    00000002     --HOLE-- [fill = 0]
                  000105bc    00000064     msp432p4xx_driverlib.lib : interrupt.o (.text:Interrupt_enableInterrupt)
                  00010620    00000054     Startup.obj (.text)
                  00010674    00000054     rtsv7M4_T_le_v4SPD16_eabi.lib : boot.obj (.text)
                  000106c8    00000054                                   : exit.obj (.text)
                  0001071c    00000050     msp432p4xx_driverlib.lib : sysctl.o (.text:SysCtl_getTLVInfo)
                  0001076c    0000004c                              : cs.o (.text:_CSGetDOCFrequency)
                  000107b8    0000004c     rtsv7M4_T_le_v4SPD16_eabi.lib : cpy_tbl.obj (.text)
                  00010804    00000048     msp432p4xx_driverlib.lib : gpio.o (.text:GPIO_setAsPeripheralModuleFunctionInputPin)
                  0001084c    00000048                              : cs.o (.text:_CSGetDividerValue)
                  00010894    0000002c                              : gpio.o (.text:GPIO_setAsInputPin)
                  000108c0    00000024                              : cs.o (.text:CS_clearInterruptFlag)
                  000108e4    00000024                              : gpio.o (.text:GPIO_setAsOutputPin)
                  00010908    00000018                              : cs.o (.text:CS_getACLK)
                  00010920    00000018                              : cs.o (.text:CS_getMCLK)
                  00010938    00000018                              : cs.o (.text:CS_getSMCLK)
                  00010950    00000018                              : gpio.o (.text:GPIO_clearInterruptFlag)
                  00010968    00000018                              : gpio.o (.text:GPIO_setOutputLowOnPin)
                  00010980    00000018     main.obj (.text)
                  00010998    00000018     rtsv7M4_T_le_v4SPD16_eabi.lib : args_main.obj (.text)
                  000109b0    00000014     msp432p4xx_driverlib.lib : cs.o (.text:CS_setExternalClockSourceFrequency)
                  000109c4    00000014                              : gpio.o (.text:GPIO_setOutputHighOnPin)
                  000109d8    00000014                              : gpio.o (.text:GPIO_toggleOutputOnPin)
                  000109ec    00000014     rtsv7M4_T_le_v4SPD16_eabi.lib : _lock.obj (.text)
                  00010a00    00000014                                   : strlen.obj (.text)
                  00010a14    00000010     msp432p4xx_driverlib.lib : interrupt.o (.text:Interrupt_enableMaster)
                  00010a24    00000010                              : sysctl.o (.text:SysCtl_disableNMISource)
                  00010a34    00000010                              : sysctl.o (.text:SysCtl_enableNMISource)
                  00010a44    0000000e     rtsv7M4_T_le_v4SPD16_eabi.lib : copy_decompress_none.obj (.text:decompress:none)
                  00010a52    0000000e     startup_msp432p401r_ccs.obj (.text)
                  00010a60    0000000c     msp432p4xx_driverlib.lib : cpu.o (.text:CPU_cpsie)
                  00010a6c    0000000c     MainSequence.obj (.text)
                  00010a78    0000000c     msp432p4xx_driverlib.lib : sysctl.o (.text:SysCtl_getNMISourceStatus)
                  00010a84    0000000c     rtsv7M4_T_le_v4SPD16_eabi.lib : copy_zero_init.obj (.text:decompress:ZI)
                  00010a90    00000006     msp432p4xx_driverlib.lib : cs.o (.text:CS_startHFXT)
                  00010a96    00000004     rtsv7M4_T_le_v4SPD16_eabi.lib : pre_init.obj (.text)

.cinit     0    00010aa0    00000070     
                  00010aa0    0000004c     (.cinit..data.load) [load image, compression = lzss]
                  00010aec    0000000c     (__TI_handler_table)
                  00010af8    00000008     (.cinit..bss.load) [load image, compression = zero_init]
                  00010b00    00000010     (__TI_cinit_table)

.init_array 
*          0    00000000    00000000     UNINITIALIZED

.bss       0    20000000    0000008a     UNINITIALIZED
                  20000000    00000050     (.common:SensorReadings)
                  20000050    0000000c     Startup.obj (.bss)
                  2000005c    0000000c     (.common:Message)
                  20000068    00000004     ST7735.obj (.bss)
                  2000006c    00000004     (.common:Messageindex)
                  20000070    00000004     (.common:X)
                  20000074    00000004     (.common:Ymax)
                  20000078    00000004     (.common:Ymin)
                  2000007c    00000004     (.common:Yrange)
                  20000080    00000004     (.common:hfxtFreq)
                  20000084    00000004     (.common:lfxtFreq)
                  20000088    00000002     Display.obj (.bss)

.data      0    2000008c    00000060     UNINITIALIZED
                  2000008c    00000030     msp432p4xx_driverlib.lib : gpio.o (.data:GPIO_PORT_TO_BASE)
                  200000bc    00000014     ST7735.obj (.data)
                  200000d0    0000000c     rtsv7M4_T_le_v4SPD16_eabi.lib : exit.obj (.data:$O1$$)
                  200000dc    00000008                                   : _lock.obj (.data:$O1$$)
                  200000e4    00000004                                   : stkdepth_vars.obj (.data)
                  200000e8    00000004     system_msp432p401r.obj (.data)

.stack     0    2000fe00    00000200     UNINITIALIZED
                  2000fe00    00000200     --HOLE--

MODULE SUMMARY

       Module                        code   ro data   rw data
       ------                        ----   -------   -------
    .\
       system_msp432p401r.obj        812    0         8      
       startup_msp432p401r_ccs.obj   14     228       0      
       main.obj                      24     0         160    
    +--+-----------------------------+------+---------+---------+
       Total:                        850    228       168    
                                                             
    .\Modules\
       Display.obj                   444    56320     4      
       ST7735.obj                    5016   2018      112    
       Keypad.obj                    252    0         0      
       RGB.obj                       222    0         0      
       Clock.obj                     220    0         0      
    +--+-----------------------------+------+---------+---------+
       Total:                        6154   58338     116    
                                                             
    .\Sequences\
       Startup.obj                   84     0         24     
       MainSequence.obj              12     0         0      
    +--+-----------------------------+------+---------+---------+
       Total:                        96     0         24     
                                                             
    ../msp432p4xx_driverlib.lib
       cs.o                          1190   0         16     
       gpio.o                        240    0         96     
       interrupt.o                   116    64        0      
       sysctl.o                      124    0         0      
       cpu.o                         12     0         0      
    +--+-----------------------------+------+---------+---------+
       Total:                        1682   64        112    
                                                             
    C:\ti\ccsv6\tools\compiler\ti-cgt-arm_16.6.0.STS\lib\rtsv7M4_T_le_v4SPD16_eabi.lib
       memcpy_t2.obj                 156    0         0      
       memset_t2.obj                 122    0         0      
       autoinit.obj                  112    0         0      
       exit.obj                      84     0         24     
       copy_decompress_lzss.obj      102    0         0      
       boot.obj                      84     0         0      
       cpy_tbl.obj                   76     0         0      
       _lock.obj                     20     0         16     
       args_main.obj                 24     0         0      
       strlen.obj                    20     0         0      
       copy_decompress_none.obj      14     0         0      
       copy_zero_init.obj            12     0         0      
       stkdepth_vars.obj             0      0         8      
       pre_init.obj                  4      0         0      
       mpu_init.obj                  2      0         0      
       startup.obj                   2      0         0      
    +--+-----------------------------+------+---------+---------+
       Total:                        834    0         48     
                                                             
       Stack:                        0      0         1024   
       Linker Generated:             0      112       0      
    +--+-----------------------------+------+---------+---------+
       Grand Total:                  9616   58742     1492   


LINKER GENERATED COPY TABLES

__TI_cinit_table @ 00010b00 records: 2, size/record: 8, table size: 16
	.data: load addr=00010aa0, load size=0000004c bytes, run addr=2000008c, run size=00000060 bytes, compression=lzss
	.bss: load addr=00010af8, load size=00000008 bytes, run addr=20000000, run size=0000008a bytes, compression=zero_init


LINKER GENERATED HANDLER TABLE

__TI_handler_table @ 00010aec records: 3, size/record: 4, table size: 12
	index: 0, handler: __TI_decompress_lzss
	index: 1, handler: __TI_decompress_none
	index: 2, handler: __TI_zero_init


GLOBAL SYMBOLS: SORTED ALPHABETICALLY BY Name 

address   name                                      
-------   ----                                      
00010a5f  ADC14_IRQHandler                          
00010a5f  AES256_IRQHandler                         
0000a0e4  Armed                                     
00010a5f  BusFault_Handler                          
000106c9  C$$EXIT                                   
00010a5f  COMP_E0_IRQHandler                        
00010a5f  COMP_E1_IRQHandler                        
00010a61  CPU_cpsie                                 
00010a5f  CS_IRQHandler                             
000108c1  CS_clearInterruptFlag                     
00010909  CS_getACLK                                
0000fd89  CS_getDCOFrequency                        
00010921  CS_getMCLK                                
00010939  CS_getSMCLK                               
0000ff89  CS_initClockSignal                        
000109b1  CS_setExternalClockSourceFrequency        
00010a91  CS_startHFXT                              
00010225  CS_startHFXTWithTimeout                   
00010149  Clock_Init                                
00010a5f  DMA_ERR_IRQHandler                        
00010a5f  DMA_INT0_IRQHandler                       
00010a5f  DMA_INT1_IRQHandler                       
00010a5f  DMA_INT2_IRQHandler                       
00010a5f  DMA_INT3_IRQHandler                       
00010a5f  DebugMon_Handler                          
00010a5f  Default_Handler                           
0000e57f  Delay1ms                                  
0000fcd9  Display_Init                              
0000fbcd  Display_Module_DrawString                 
0000fc27  Display_Module_MainScreen                 
0000fcef  Display_Splash_Screen                     
00010a5f  EUSCIA0_IRQHandler                        
00010a5f  EUSCIA1_IRQHandler                        
00010a5f  EUSCIA2_IRQHandler                        
00010a5f  EUSCIA3_IRQHandler                        
00010a5f  EUSCIB0_IRQHandler                        
00010a5f  EUSCIB1_IRQHandler                        
00010a5f  EUSCIB2_IRQHandler                        
00010a5f  EUSCIB3_IRQHandler                        
00010a5f  FLCTL_IRQHandler                          
00010a5f  FPU_IRQHandler                            
00010951  GPIO_clearInterruptFlag                   
00010895  GPIO_setAsInputPin                        
000108e5  GPIO_setAsOutputPin                       
00010805  GPIO_setAsPeripheralModuleFunctionInputPin
000109c5  GPIO_setOutputHighOnPin                   
00010969  GPIO_setOutputLowOnPin                    
000109d9  GPIO_toggleOutputOnPin                    
00010a5f  HardFault_Handler                         
000105bd  Interrupt_enableInterrupt                 
00010a15  Interrupt_enableMaster                    
0000fe8d  Keypad_Init                               
0000fec9  Keypad_Scan                               
000000e4  MainMenuDesign                            
00010a6d  Main_Sequence                             
00010a5f  MemManage_Handler                         
2000005c  Message                                   
2000006c  Messageindex                              
00010a5f  NMI_Handler                               
0000f83f  Output_Clear                              
0000f859  Output_Color                              
0000f82f  Output_Init                               
0000f849  Output_Off                                
0000f851  Output_On                                 
00010a5f  PCM_IRQHandler                            
00010a5f  PORT1_IRQHandler                          
0000ff49  PORT2_IRQHandler                          
0000ff49  PORT2_IRQHandler                          
00010a5f  PORT3_IRQHandler                          
00010a5f  PORT4_IRQHandler                          
00010a5f  PORT5_IRQHandler                          
00010a5f  PORT6_IRQHandler                          
00010a5f  PSS_IRQHandler                            
00010a5f  PendSV_Handler                            
00010069  RGB_Init                                  
0001008f  RGB_Module_SetColor                       
00010a5f  RTC_C_IRQHandler                          
00010a53  Reset_Handler                             
UNDEFED   SHT$$INIT_ARRAY$$Base                     
UNDEFED   SHT$$INIT_ARRAY$$Limit                    
0000eb61  ST7735_Color565                           
0000ebc5  ST7735_DrawBitmap                         
0000ef35  ST7735_DrawChar                           
0000edc1  ST7735_DrawCharS                          
0000e959  ST7735_DrawFastHLine                      
0000e89b  ST7735_DrawFastVLine                      
0000e841  ST7735_DrawPixel                          
0000f0a5  ST7735_DrawString                         
0000ea55  ST7735_FillRect                           
0000ea11  ST7735_FillScreen                         
0000e70d  ST7735_InitB                              
0000e72d  ST7735_InitR                              
0000f2d7  ST7735_InvertDisplay                      
0000f715  ST7735_OutChar                            
0000f7d1  ST7735_OutString                          
0000f191  ST7735_OutUDec                            
0000f621  ST7735_PlotBar                            
0000f2ef  ST7735_PlotClear                          
0000f411  ST7735_PlotLine                           
0000f6c1  ST7735_PlotNext                           
0000f6db  ST7735_PlotNextErase                      
0000f34b  ST7735_PlotPoint                          
0000f54b  ST7735_PlotPoints                         
0000f677  ST7735_PlotdBfs                           
0000f16b  ST7735_SetCursor                          
0000f20d  ST7735_SetRotation                        
0000f7ef  ST7735_SetTextColor                       
0000eb95  ST7735_SwapColor                          
00010a5f  SVC_Handler                               
20000000  SensorReadings                            
200000c4  StTextColor                               
200000bc  StX                                       
200000c0  StY                                       
00010621  Startup_Sequence                          
00010a25  SysCtl_disableNMISource                   
00010a35  SysCtl_enableNMISource                    
00010a79  SysCtl_getNMISourceStatus                 
0001071d  SysCtl_getTLVInfo                         
00010a5f  SysTick_Handler                           
000101bf  SysTick_Init                              
000101db  SysTick_delay                             
200000e8  SystemCoreClock                           
0000f8a1  SystemCoreClockUpdate                     
0000fb15  SystemInit                                
00010a5f  T32_INT1_IRQHandler                       
00010a5f  T32_INT2_IRQHandler                       
00010a5f  T32_INTC_IRQHandler                       
00010a5f  TA0_0_IRQHandler                          
00010a5f  TA0_N_IRQHandler                          
00010a5f  TA1_0_IRQHandler                          
00010a5f  TA1_N_IRQHandler                          
00010a5f  TA2_0_IRQHandler                          
00010a5f  TA2_N_IRQHandler                          
00010a5f  TA3_0_IRQHandler                          
00010a5f  TA3_N_IRQHandler                          
00010a5f  UsageFault_Handler                        
4000480c  WDTCTL_SYM                                
00010a5f  WDT_A_IRQHandler                          
20000070  X                                         
20000074  Ymax                                      
20000078  Ymin                                      
2000007c  Yrange                                    
20010000  __STACK_END                               
00000200  __STACK_SIZE                              
00010b00  __TI_CINIT_Base                           
00010b10  __TI_CINIT_Limit                          
00010aec  __TI_Handler_Table_Base                   
00010af8  __TI_Handler_Table_Limit                  
000104e5  __TI_auto_init                            
200000d0  __TI_cleanup_ptr                          
00010555  __TI_decompress_lzss                      
00010a45  __TI_decompress_none                      
200000d4  __TI_dtors_ptr                            
200000d8  __TI_enable_exit_profile_output           
ffffffff  __TI_pprof_out_hndl                       
ffffffff  __TI_prof_data_size                       
ffffffff  __TI_prof_data_start                      
00000000  __TI_static_base__                        
00010a85  __TI_zero_init                            
000103f9  __aeabi_memclr                            
000103f9  __aeabi_memclr4                           
000103f9  __aeabi_memclr8                           
0001035d  __aeabi_memcpy                            
0001035d  __aeabi_memcpy4                           
0001035d  __aeabi_memcpy8                           
000103fb  __aeabi_memset                            
000103fb  __aeabi_memset4                           
000103fb  __aeabi_memset8                           
ffffffff  __binit__                                 
ffffffff  __c_args__                                
00010147  __mpu_init                                
2000fe00  __stack                                   
00010999  _args_main                                
00010675  _c_int00                                  
200000dc  _lock                                     
000109fb  _nop                                      
000109f3  _register_lock                            
000109ed  _register_unlock                          
00010473  _system_post_cinit                        
00010a97  _system_pre_init                          
200000e0  _unlock                                   
000106cd  abort                                     
ffffffff  binit                                     
000107b9  copy_in                                   
0000e1df  dBfs                                      
000106d5  exit                                      
0000f821  ferror                                    
0000f815  fgetc                                     
0000f129  fillmessage                               
0000f803  fputc                                     
00000000  interruptVectors                          
200000cc  lastj                                     
00010981  main                                      
200000e4  main_func_sp                              
0001035d  memcpy                                    
00010401  memset                                    
0000e571  parrotdelay                               
00010a01  strlen                                    


GLOBAL SYMBOLS: SORTED BY Symbol Address 

address   name                                      
-------   ----                                      
00000000  __TI_static_base__                        
00000000  interruptVectors                          
000000e4  MainMenuDesign                            
00000200  __STACK_SIZE                              
0000a0e4  Armed                                     
0000e1df  dBfs                                      
0000e571  parrotdelay                               
0000e57f  Delay1ms                                  
0000e70d  ST7735_InitB                              
0000e72d  ST7735_InitR                              
0000e841  ST7735_DrawPixel                          
0000e89b  ST7735_DrawFastVLine                      
0000e959  ST7735_DrawFastHLine                      
0000ea11  ST7735_FillScreen                         
0000ea55  ST7735_FillRect                           
0000eb61  ST7735_Color565                           
0000eb95  ST7735_SwapColor                          
0000ebc5  ST7735_DrawBitmap                         
0000edc1  ST7735_DrawCharS                          
0000ef35  ST7735_DrawChar                           
0000f0a5  ST7735_DrawString                         
0000f129  fillmessage                               
0000f16b  ST7735_SetCursor                          
0000f191  ST7735_OutUDec                            
0000f20d  ST7735_SetRotation                        
0000f2d7  ST7735_InvertDisplay                      
0000f2ef  ST7735_PlotClear                          
0000f34b  ST7735_PlotPoint                          
0000f411  ST7735_PlotLine                           
0000f54b  ST7735_PlotPoints                         
0000f621  ST7735_PlotBar                            
0000f677  ST7735_PlotdBfs                           
0000f6c1  ST7735_PlotNext                           
0000f6db  ST7735_PlotNextErase                      
0000f715  ST7735_OutChar                            
0000f7d1  ST7735_OutString                          
0000f7ef  ST7735_SetTextColor                       
0000f803  fputc                                     
0000f815  fgetc                                     
0000f821  ferror                                    
0000f82f  Output_Init                               
0000f83f  Output_Clear                              
0000f849  Output_Off                                
0000f851  Output_On                                 
0000f859  Output_Color                              
0000f8a1  SystemCoreClockUpdate                     
0000fb15  SystemInit                                
0000fbcd  Display_Module_DrawString                 
0000fc27  Display_Module_MainScreen                 
0000fcd9  Display_Init                              
0000fcef  Display_Splash_Screen                     
0000fd89  CS_getDCOFrequency                        
0000fe8d  Keypad_Init                               
0000fec9  Keypad_Scan                               
0000ff49  PORT2_IRQHandler                          
0000ff49  PORT2_IRQHandler                          
0000ff89  CS_initClockSignal                        
00010069  RGB_Init                                  
0001008f  RGB_Module_SetColor                       
00010147  __mpu_init                                
00010149  Clock_Init                                
000101bf  SysTick_Init                              
000101db  SysTick_delay                             
00010225  CS_startHFXTWithTimeout                   
0001035d  __aeabi_memcpy                            
0001035d  __aeabi_memcpy4                           
0001035d  __aeabi_memcpy8                           
0001035d  memcpy                                    
000103f9  __aeabi_memclr                            
000103f9  __aeabi_memclr4                           
000103f9  __aeabi_memclr8                           
000103fb  __aeabi_memset                            
000103fb  __aeabi_memset4                           
000103fb  __aeabi_memset8                           
00010401  memset                                    
00010473  _system_post_cinit                        
000104e5  __TI_auto_init                            
00010555  __TI_decompress_lzss                      
000105bd  Interrupt_enableInterrupt                 
00010621  Startup_Sequence                          
00010675  _c_int00                                  
000106c9  C$$EXIT                                   
000106cd  abort                                     
000106d5  exit                                      
0001071d  SysCtl_getTLVInfo                         
000107b9  copy_in                                   
00010805  GPIO_setAsPeripheralModuleFunctionInputPin
00010895  GPIO_setAsInputPin                        
000108c1  CS_clearInterruptFlag                     
000108e5  GPIO_setAsOutputPin                       
00010909  CS_getACLK                                
00010921  CS_getMCLK                                
00010939  CS_getSMCLK                               
00010951  GPIO_clearInterruptFlag                   
00010969  GPIO_setOutputLowOnPin                    
00010981  main                                      
00010999  _args_main                                
000109b1  CS_setExternalClockSourceFrequency        
000109c5  GPIO_setOutputHighOnPin                   
000109d9  GPIO_toggleOutputOnPin                    
000109ed  _register_unlock                          
000109f3  _register_lock                            
000109fb  _nop                                      
00010a01  strlen                                    
00010a15  Interrupt_enableMaster                    
00010a25  SysCtl_disableNMISource                   
00010a35  SysCtl_enableNMISource                    
00010a45  __TI_decompress_none                      
00010a53  Reset_Handler                             
00010a5f  ADC14_IRQHandler                          
00010a5f  AES256_IRQHandler                         
00010a5f  BusFault_Handler                          
00010a5f  COMP_E0_IRQHandler                        
00010a5f  COMP_E1_IRQHandler                        
00010a5f  CS_IRQHandler                             
00010a5f  DMA_ERR_IRQHandler                        
00010a5f  DMA_INT0_IRQHandler                       
00010a5f  DMA_INT1_IRQHandler                       
00010a5f  DMA_INT2_IRQHandler                       
00010a5f  DMA_INT3_IRQHandler                       
00010a5f  DebugMon_Handler                          
00010a5f  Default_Handler                           
00010a5f  EUSCIA0_IRQHandler                        
00010a5f  EUSCIA1_IRQHandler                        
00010a5f  EUSCIA2_IRQHandler                        
00010a5f  EUSCIA3_IRQHandler                        
00010a5f  EUSCIB0_IRQHandler                        
00010a5f  EUSCIB1_IRQHandler                        
00010a5f  EUSCIB2_IRQHandler                        
00010a5f  EUSCIB3_IRQHandler                        
00010a5f  FLCTL_IRQHandler                          
00010a5f  FPU_IRQHandler                            
00010a5f  HardFault_Handler                         
00010a5f  MemManage_Handler                         
00010a5f  NMI_Handler                               
00010a5f  PCM_IRQHandler                            
00010a5f  PORT1_IRQHandler                          
00010a5f  PORT3_IRQHandler                          
00010a5f  PORT4_IRQHandler                          
00010a5f  PORT5_IRQHandler                          
00010a5f  PORT6_IRQHandler                          
00010a5f  PSS_IRQHandler                            
00010a5f  PendSV_Handler                            
00010a5f  RTC_C_IRQHandler                          
00010a5f  SVC_Handler                               
00010a5f  SysTick_Handler                           
00010a5f  T32_INT1_IRQHandler                       
00010a5f  T32_INT2_IRQHandler                       
00010a5f  T32_INTC_IRQHandler                       
00010a5f  TA0_0_IRQHandler                          
00010a5f  TA0_N_IRQHandler                          
00010a5f  TA1_0_IRQHandler                          
00010a5f  TA1_N_IRQHandler                          
00010a5f  TA2_0_IRQHandler                          
00010a5f  TA2_N_IRQHandler                          
00010a5f  TA3_0_IRQHandler                          
00010a5f  TA3_N_IRQHandler                          
00010a5f  UsageFault_Handler                        
00010a5f  WDT_A_IRQHandler                          
00010a61  CPU_cpsie                                 
00010a6d  Main_Sequence                             
00010a79  SysCtl_getNMISourceStatus                 
00010a85  __TI_zero_init                            
00010a91  CS_startHFXT                              
00010a97  _system_pre_init                          
00010aec  __TI_Handler_Table_Base                   
00010af8  __TI_Handler_Table_Limit                  
00010b00  __TI_CINIT_Base                           
00010b10  __TI_CINIT_Limit                          
20000000  SensorReadings                            
2000005c  Message                                   
2000006c  Messageindex                              
20000070  X                                         
20000074  Ymax                                      
20000078  Ymin                                      
2000007c  Yrange                                    
200000bc  StX                                       
200000c0  StY                                       
200000c4  StTextColor                               
200000cc  lastj                                     
200000d0  __TI_cleanup_ptr                          
200000d4  __TI_dtors_ptr                            
200000d8  __TI_enable_exit_profile_output           
200000dc  _lock                                     
200000e0  _unlock                                   
200000e4  main_func_sp                              
200000e8  SystemCoreClock                           
2000fe00  __stack                                   
20010000  __STACK_END                               
4000480c  WDTCTL_SYM                                
ffffffff  __TI_pprof_out_hndl                       
ffffffff  __TI_prof_data_size                       
ffffffff  __TI_prof_data_start                      
ffffffff  __binit__                                 
ffffffff  __c_args__                                
ffffffff  binit                                     
UNDEFED   SHT$$INIT_ARRAY$$Base                     
UNDEFED   SHT$$INIT_ARRAY$$Limit                    

[198 symbols]
