******************************************************************************
                  TI ARM Linker PC v16.6.0                     
******************************************************************************
>> Linked Thu Dec 08 15:40:06 2016

OUTPUT FILE NAME:   <SecuritySystem.out>
ENTRY POINT SYMBOL: "_c_int00"  address: 00006595


MEMORY CONFIGURATION

         name            origin    length      used     unused   attr    fill
----------------------  --------  ---------  --------  --------  ----  --------
  MAIN                  00000000   00040000  00007724  000388dc  R  X
  INFO                  00200000   00004000  00000000  00004000  R  X
  SRAM_CODE             01000000   00010000  00000911  0000f6ef  RW X
  SRAM_DATA             20000000   00010000  00000911  0000f6ef  RW  


SEGMENT ALLOCATION MAP

run origin  load origin   length   init length attrs members
----------  ----------- ---------- ----------- ----- -------
00000000    00000000    00007728   00007728    r-x
  00000000    00000000    000000e4   000000e4    r-- .intvecs
  000000e4    000000e4    00006caa   00006caa    r-x .text
  00006d90    00006d90    00000906   00000906    r-- .const
  00007698    00007698    00000090   00000090    r-- .cinit
20000000    20000000    00000718   00000000    rw-
  20000000    20000000    000000e4   00000000    rw- .vtable
  200000e8    200000e8    00000400   00000000    rw- .sysmem
  200004e8    200004e8    000001a1   00000000    rw- .bss
  2000068c    2000068c    0000008c   00000000    rw- .data
2000fe00    2000fe00    00000200   00000000    rw-
  2000fe00    2000fe00    00000200   00000000    rw- .stack


SECTION ALLOCATION MAP

 output                                  attributes/
section   page    origin      length       input sections
--------  ----  ----------  ----------   ----------------
.intvecs   0    00000000    000000e4     
                  00000000    000000e4     startup_msp432p401r_ccs.obj (.intvecs:retain)

.binit     0    00000000    00000000     

.text      0    000000e4    00006caa     
                  000000e4    00001398     ST7735.obj (.text)
                  0000147c    00001142     rtsv7M4_T_le_v4SPD16_eabi.lib : _printfi.obj (.text)
                  000025be    00000002                                   : mpu_init.obj (.text)
                  000025c0    0000104c     Display.obj (.text)
                  0000360c    00000534     MainSequence.obj (.text)
                  00003b40    000003d0     rtsv7M4_T_le_v4SPD16_eabi.lib : memory.obj (.text)
                  00003f10    0000032c     system_msp432p401r.obj (.text)
                  0000423c    00000310     Alerts.obj (.text)
                  0000454c    00000300     Keypad.obj (.text)
                  0000484c    000002b0     Wireless.obj (.text)
                  00004afc    00000290     RTC.obj (.text)
                  00004d8c    00000208     Motor.obj (.text)
                  00004f94    000001f4     rtsv7M4_T_le_v4SPD16_eabi.lib : ull_div_t2.obj (.text)
                  00005188    000001b6                                   : fd_add_t2.obj (.text)
                  0000533e    00000002                                   : startup.obj (.text)
                  00005340    00000190     Flash.obj (.text)
                  000054d0    00000136     rtsv7M4_T_le_v4SPD16_eabi.lib : fd_div_t2.obj (.text)
                  00005606    00000002     --HOLE-- [fill = 0]
                  00005608    00000124     UART.obj (.text)
                  0000572c    00000104     msp432p4xx_driverlib.lib : cs.o (.text:CS_getDCOFrequency)
                  00005830    000000fc     rtsv7M4_T_le_v4SPD16_eabi.lib : fd_mul_t2.obj (.text)
                  0000592c    000000fc                                   : s_scalbn.obj (.text)
                  00005a28    000000f2     RGB.obj (.text)
                  00005b1a    00000002     --HOLE-- [fill = 0]
                  00005b1c    000000f0     Clock.obj (.text)
                  00005c0c    000000e0     msp432p4xx_driverlib.lib : cs.o (.text:CS_initClockSignal)
                  00005cec    000000e0     Startup.obj (.text)
                  00005dcc    000000ac     Buzzer.obj (.text)
                  00005e78    0000009c     msp432p4xx_driverlib.lib : cs.o (.text:CS_startHFXTWithTimeout)
                  00005f14    0000009c                              : cs.o (.text:_CSComputeCLKFrequency)
                  00005fb0    0000009c     rtsv7M4_T_le_v4SPD16_eabi.lib : memcpy_t2.obj (.text)
                  0000604c    00000098     AmbientLight.obj (.text)
                  000060e4    00000086     rtsv7M4_T_le_v4SPD16_eabi.lib : fd_cmp_t2.obj (.text:__aeabi_cdcmple)
                  0000616a    00000086                                   : fd_cmp_t2.obj (.text:__aeabi_cdrcmple)
                  000061f0    0000007a                                   : memset_t2.obj (.text)
                  0000626a    00000002     --HOLE-- [fill = 0]
                  0000626c    00000070     msp432p4xx_driverlib.lib : cs.o (.text:_CSGetHFXTFrequency)
                  000062dc    00000070     rtsv7M4_T_le_v4SPD16_eabi.lib : autoinit.obj (.text)
                  0000634c    00000068     ADC.obj (.text)
                  000063b4    00000066     rtsv7M4_T_le_v4SPD16_eabi.lib : copy_decompress_lzss.obj (.text:decompress:lzss)
                  0000641a    00000002     --HOLE-- [fill = 0]
                  0000641c    00000064                                   : s_frexp.obj (.text)
                  00006480    00000060                                   : sprintf.obj (.text)
                  000064e0    0000005c     I2C.obj (.text)
                  0000653c    00000056     rtsv7M4_T_le_v4SPD16_eabi.lib : ltoa.obj (.text)
                  00006592    00000002     --HOLE-- [fill = 0]
                  00006594    00000054                                   : boot.obj (.text)
                  000065e8    00000054                                   : exit.obj (.text)
                  0000663c    00000050     msp432p4xx_driverlib.lib : sysctl.o (.text:SysCtl_getTLVInfo)
                  0000668c    0000004c                              : gpio.o (.text:GPIO_setAsPeripheralModuleFunctionOutputPin)
                  000066d8    0000004c                              : cs.o (.text:_CSGetDOCFrequency)
                  00006724    0000004c     rtsv7M4_T_le_v4SPD16_eabi.lib : atoi.obj (.text)
                  00006770    0000004c                                   : cpy_tbl.obj (.text)
                  000067bc    0000004a     HallEffect.obj (.text)
                  00006806    00000002     --HOLE-- [fill = 0]
                  00006808    00000048     msp432p4xx_driverlib.lib : gpio.o (.text:GPIO_setAsPeripheralModuleFunctionInputPin)
                  00006850    00000048                              : cs.o (.text:_CSGetDividerValue)
                  00006898    00000048     rtsv7M4_T_le_v4SPD16_eabi.lib : fd_toi_t2.obj (.text)
                  000068e0    00000044                                   : fd_tou_t2.obj (.text)
                  00006924    00000036                                   : strncpy.obj (.text)
                  0000695a    00000002     --HOLE-- [fill = 0]
                  0000695c    00000034     msp432p4xx_driverlib.lib : interrupt.o (.text:Interrupt_registerInterrupt)
                  00006990    00000034     rtsv7M4_T_le_v4SPD16_eabi.lib : strstr.obj (.text)
                  000069c4    00000030     msp432p4xx_driverlib.lib : gpio.o (.text:GPIO_setAsInputPinWithPullUpResistor)
                  000069f4    0000002e     rtsv7M4_T_le_v4SPD16_eabi.lib : i_tofd_t2.obj (.text)
                  00006a22    00000002     --HOLE-- [fill = 0]
                  00006a24    0000002c     msp432p4xx_driverlib.lib : gpio.o (.text:GPIO_setAsInputPin)
                  00006a50    00000028                              : flash.o (.text:FlashCtl_setWaitState)
                  00006a78    00000028     Proximity.obj (.text)
                  00006aa0    00000024     msp432p4xx_driverlib.lib : cs.o (.text:CS_clearInterruptFlag)
                  00006ac4    00000024                              : gpio.o (.text:GPIO_setAsOutputPin)
                  00006ae8    00000024                              : uart.o (.text:UART_receiveData)
                  00006b0c    00000020                              : sysctl.o (.text:SysCtl_setWDTTimeoutResetType)
                  00006b2c    00000020     rtsv7M4_T_le_v4SPD16_eabi.lib : u_tofd_t2.obj (.text)
                  00006b4c    0000001e     Watchdog.obj (.text)
                  00006b6a    00000002     --HOLE-- [fill = 0]
                  00006b6c    0000001c     main.obj (.text)
                  00006b88    0000001c     rtsv7M4_T_le_v4SPD16_eabi.lib : memccpy.obj (.text)
                  00006ba4    00000018     msp432p4xx_driverlib.lib : cs.o (.text:CS_getACLK)
                  00006bbc    00000018                              : cs.o (.text:CS_getMCLK)
                  00006bd4    00000018                              : cs.o (.text:CS_getSMCLK)
                  00006bec    00000018                              : gpio.o (.text:GPIO_getInputPinValue)
                  00006c04    00000018                              : gpio.o (.text:GPIO_setOutputLowOnPin)
                  00006c1c    00000018                              : wdt_a.o (.text:WDT_A_clearTimer)
                  00006c34    00000018                              : wdt_a.o (.text:WDT_A_holdTimer)
                  00006c4c    00000018     rtsv7M4_T_le_v4SPD16_eabi.lib : args_main.obj (.text)
                  00006c64    00000016                                   : strchr.obj (.text)
                  00006c7a    00000002     --HOLE-- [fill = 0]
                  00006c7c    00000014     msp432p4xx_driverlib.lib : cs.o (.text:CS_setExternalClockSourceFrequency)
                  00006c90    00000014                              : gpio.o (.text:GPIO_setOutputHighOnPin)
                  00006ca4    00000014                              : gpio.o (.text:GPIO_toggleOutputOnPin)
                  00006cb8    00000014                              : wdt_a.o (.text:WDT_A_initWatchdogTimer)
                  00006ccc    00000014                              : wdt_a.o (.text:WDT_A_startTimer)
                  00006ce0    00000014     rtsv7M4_T_le_v4SPD16_eabi.lib : _lock.obj (.text)
                  00006cf4    00000014                                   : s_copysign.obj (.text)
                  00006d08    00000014                                   : strcpy.obj (.text)
                  00006d1c    00000014                                   : strlen.obj (.text)
                  00006d30    00000010     msp432p4xx_driverlib.lib : sysctl.o (.text:SysCtl_disableNMISource)
                  00006d40    00000010                              : sysctl.o (.text:SysCtl_enableNMISource)
                  00006d50    0000000e     rtsv7M4_T_le_v4SPD16_eabi.lib : copy_decompress_none.obj (.text:decompress:none)
                  00006d5e    0000000e     startup_msp432p401r_ccs.obj (.text)
                  00006d6c    0000000c     msp432p4xx_driverlib.lib : sysctl.o (.text:SysCtl_getNMISourceStatus)
                  00006d78    0000000c     rtsv7M4_T_le_v4SPD16_eabi.lib : copy_zero_init.obj (.text:decompress:ZI)
                  00006d84    00000006     msp432p4xx_driverlib.lib : cs.o (.text:CS_startHFXT)
                  00006d8a    00000004     rtsv7M4_T_le_v4SPD16_eabi.lib : pre_init.obj (.text)

.const     0    00006d90    00000906     
                  00006d90    000004fb     ST7735.obj (.const:.string:Font)
                  0000728b    00000200     ST7735.obj (.const:.string:dBfs)
                  0000748b    00000101     rtsv7M4_T_le_v4SPD16_eabi.lib : ctype.obj (.const:.string:_ctypes_)
                  0000758c    00000067     ST7735.obj (.const:.string:Bcmd)
                  000075f3    0000003b     ST7735.obj (.const:.string:Rcmd1)
                  0000762e    0000002b     ST7735.obj (.const:.string:Rcmd3)
                  00007659    00000003     --HOLE-- [fill = 0]
                  0000765c    00000014     I2C.obj (.const:i2cConfig)
                  00007670    0000000d     ST7735.obj (.const:.string:Rcmd2green)
                  0000767d    0000000d     ST7735.obj (.const:.string:Rcmd2red)
                  0000768a    0000000c     Keypad.obj (.const:$P$T0$3)

.cinit     0    00007698    00000090     
                  00007698    00000059     (.cinit..data.load) [load image, compression = lzss]
                  000076f1    00000003     --HOLE-- [fill = 0]
                  000076f4    0000000c     (__TI_handler_table)
                  00007700    00000008     (.cinit..bss.load) [load image, compression = zero_init]
                  00007708    00000008     (.cinit..vtable.load) [load image, compression = zero_init]
                  00007710    00000018     (__TI_cinit_table)

.init_array 
*          0    00000000    00000000     UNINITIALIZED

.vtable    0    20000000    000000e4     UNINITIALIZED
                  20000000    000000e4     msp432p4xx_driverlib.lib : interrupt.o (.vtable)

.sysmem    0    200000e8    00000400     UNINITIALIZED
                  200000e8    00000008     rtsv7M4_T_le_v4SPD16_eabi.lib : memory.obj (.sysmem)
                  200000f0    000003f8     --HOLE--

.bss       0    200004e8    000001a1     UNINITIALIZED
                  200004e8    000000f8     (.common:SensorReadings)
                  200005e0    0000004c     (.common:ClockRegisters)
                  2000062c    00000020     Wireless.obj (.bss:Stream$2)
                  2000064c    0000000c     Startup.obj (.bss)
                  20000658    0000000c     (.common:Message)
                  20000664    00000004     ST7735.obj (.bss)
                  20000668    00000004     (.common:KeypadState)
                  2000066c    00000004     (.common:Messageindex)
                  20000670    00000004     (.common:X)
                  20000674    00000004     (.common:Ymax)
                  20000678    00000004     (.common:Ymin)
                  2000067c    00000004     (.common:Yrange)
                  20000680    00000004     (.common:hfxtFreq)
                  20000684    00000004     (.common:lfxtFreq)
                  20000688    00000001     (.common:RefreshInterrupt)

.data      0    2000068c    0000008c     UNINITIALIZED
                  2000068c    00000030     msp432p4xx_driverlib.lib : gpio.o (.data:GPIO_PORT_TO_BASE)
                  200006bc    00000014     ST7735.obj (.data)
                  200006d0    00000010     MainSequence.obj (.data)
                  200006e0    0000000c     rtsv7M4_T_le_v4SPD16_eabi.lib : exit.obj (.data:$O1$$)
                  200006ec    0000000c                                   : memory.obj (.data:$O1$$)
                  200006f8    00000008                                   : _lock.obj (.data:$O1$$)
                  20000700    00000006     MainSequence.obj (.data:SetDateTime)
                  20000706    00000004     Keypad.obj (.data)
                  2000070a    00000001     Alerts.obj (.data)
                  2000070b    00000001     --HOLE--
                  2000070c    00000004     rtsv7M4_T_le_v4SPD16_eabi.lib : errno.obj (.data)
                  20000710    00000004                                   : stkdepth_vars.obj (.data)
                  20000714    00000004     system_msp432p401r.obj (.data)

.stack     0    2000fe00    00000200     UNINITIALIZED
                  2000fe00    00000200     --HOLE--

MODULE SUMMARY

       Module                        code    ro data   rw data
       ------                        ----    -------   -------
    .\
       system_msp432p401r.obj        812     0         8      
       main.obj                      28      0         658    
       startup_msp432p401r_ccs.obj   14      228       0      
    +--+-----------------------------+-------+---------+---------+
       Total:                        854     228       666    
                                                              
    .\Modules\
       ST7735.obj                    5016    2018      112    
       Display.obj                   4172    0         0      
       Keypad.obj                    768     12        8      
       Wireless.obj                  688     0         64     
       RTC.obj                       656     0         0      
       Motor.obj                     520     0         0      
       Flash.obj                     400     0         0      
       RGB.obj                       242     0         0      
       Clock.obj                     240     0         0      
       Buzzer.obj                    172     0         0      
       AmbientLight.obj              152     0         0      
       HallEffect.obj                74      0         0      
       Proximity.obj                 40      0         0      
       Watchdog.obj                  30      0         0      
    +--+-----------------------------+-------+---------+---------+
       Total:                        13170   2030      184    
                                                              
    .\Protocols\
       UART.obj                      292     0         0      
       I2C.obj                       92      20        0      
       ADC.obj                       104     0         0      
    +--+-----------------------------+-------+---------+---------+
       Total:                        488     20        0      
                                                              
    .\Sequences\
       MainSequence.obj              1332    0         44     
       Alerts.obj                    784     0         2      
       Startup.obj                   224     0         24     
    +--+-----------------------------+-------+---------+---------+
       Total:                        2340    0         70     
                                                              
    ../msp432p4xx_driverlib.lib
       cs.o                          1190    0         16     
       interrupt.o                   52      0         456    
       gpio.o                        364     0         96     
       sysctl.o                      156     0         0      
       wdt_a.o                       88      0         0      
       flash.o                       40      0         0      
       uart.o                        36      0         0      
    +--+-----------------------------+-------+---------+---------+
       Total:                        1926    0         568    
                                                              
    C:\ti\ccsv6\tools\compiler\ti-cgt-arm_16.6.0.STS\lib\rtsv7M4_T_le_v4SPD16_eabi.lib
       _printfi.obj                  4418    0         0      
       memory.obj                    976     0         24     
       ull_div_t2.obj                500     0         0      
       fd_add_t2.obj                 438     0         0      
       fd_div_t2.obj                 310     0         0      
       fd_cmp_t2.obj                 268     0         0      
       ctype.obj                     0       257       0      
       fd_mul_t2.obj                 252     0         0      
       s_scalbn.obj                  252     0         0      
       memcpy_t2.obj                 156     0         0      
       memset_t2.obj                 122     0         0      
       autoinit.obj                  112     0         0      
       exit.obj                      84      0         24     
       copy_decompress_lzss.obj      102     0         0      
       s_frexp.obj                   100     0         0      
       sprintf.obj                   96      0         0      
       ltoa.obj                      86      0         0      
       boot.obj                      84      0         0      
       atoi.obj                      76      0         0      
       cpy_tbl.obj                   76      0         0      
       fd_toi_t2.obj                 72      0         0      
       fd_tou_t2.obj                 68      0         0      
       strncpy.obj                   54      0         0      
       strstr.obj                    52      0         0      
       i_tofd_t2.obj                 46      0         0      
       _lock.obj                     20      0         16     
       u_tofd_t2.obj                 32      0         0      
       memccpy.obj                   28      0         0      
       args_main.obj                 24      0         0      
       strchr.obj                    22      0         0      
       s_copysign.obj                20      0         0      
       strcpy.obj                    20      0         0      
       strlen.obj                    20      0         0      
       copy_decompress_none.obj      14      0         0      
       copy_zero_init.obj            12      0         0      
       errno.obj                     0       0         8      
       stkdepth_vars.obj             0       0         8      
       pre_init.obj                  4       0         0      
       mpu_init.obj                  2       0         0      
       startup.obj                   2       0         0      
    +--+-----------------------------+-------+---------+---------+
       Total:                        9020    257       80     
                                                              
       Heap:                         0       0         2048   
       Stack:                        0       0         1024   
       Linker Generated:             0       141       0      
    +--+-----------------------------+-------+---------+---------+
       Grand Total:                  27798   2676      4640   


LINKER GENERATED COPY TABLES

__TI_cinit_table @ 00007710 records: 3, size/record: 8, table size: 24
	.data: load addr=00007698, load size=00000059 bytes, run addr=2000068c, run size=0000008c bytes, compression=lzss
	.bss: load addr=00007700, load size=00000008 bytes, run addr=200004e8, run size=000001a1 bytes, compression=zero_init
	.vtable: load addr=00007708, load size=00000008 bytes, run addr=20000000, run size=000000e4 bytes, compression=zero_init


LINKER GENERATED HANDLER TABLE

__TI_handler_table @ 000076f4 records: 3, size/record: 4, table size: 12
	index: 0, handler: __TI_zero_init
	index: 1, handler: __TI_decompress_lzss
	index: 2, handler: __TI_decompress_none


GLOBAL SYMBOLS: SORTED ALPHABETICALLY BY Name 

address   name                                       
-------   ----                                       
00006d6b  ADC14_IRQHandler                           
0000634d  ADC_Init                                   
00006d6b  AES256_IRQHandler                          
0000423d  Alerts                                     
000060ab  AmbientLight_Module_Init                   
0000604d  AmbientLight_Module_Read                   
00006d6b  BusFault_Handler                           
00005dcd  Buzzer_Init                                
00005e09  Buzzer_Module_Off                          
00005e25  Buzzer_Module_SingleTone                   
00005e31  Buzzer_Module_ToggleTone                   
000065e9  C$$EXIT                                    
00006d6b  COMP_E0_IRQHandler                         
00006d6b  COMP_E1_IRQHandler                         
00006d6b  CS_IRQHandler                              
00006aa1  CS_clearInterruptFlag                      
00006ba5  CS_getACLK                                 
0000572d  CS_getDCOFrequency                         
00006bbd  CS_getMCLK                                 
00006bd5  CS_getSMCLK                                
00005c0d  CS_initClockSignal                         
00006c7d  CS_setExternalClockSourceFrequency         
00006d85  CS_startHFXT                               
00005e79  CS_startHFXTWithTimeout                    
200005e0  ClockRegisters                             
00005b1d  Clock_Init                                 
000033bf  ConvertBCDToString                         
200006d0  CurrentDigit                               
00006d6b  DMA_ERR_IRQHandler                         
00006d6b  DMA_INT0_IRQHandler                        
00006d6b  DMA_INT1_IRQHandler                        
00006d6b  DMA_INT2_IRQHandler                        
00006d6b  DMA_INT3_IRQHandler                        
00006d6b  DebugMon_Handler                           
00006d6b  Default_Handler                            
0000015b  Delay1ms                                   
000027f1  Display_Clear_Screen                       
000033a9  Display_Init                               
00002819  Display_Menu                               
0000356f  Display_Module_Backlight                   
000025c1  Display_Module_DrawString                  
00002619  Display_Module_DrawStringWithMarquee       
000029d1  Display_Module_EnterPIN                    
000034f5  Display_Module_GreenMessage                
0000267d  Display_Module_MainScreen                  
000034a7  Display_Module_Message                     
00003543  Display_Module_RemoveWarning               
00002b3f  Display_Module_SetPIN                      
00002ca1  Display_Module_SetTime                     
000035a5  Display_Module_UpdateBacklight             
00002f49  Display_Module_ViewLogs                    
00003459  Display_Module_Warning                     
0000340d  Display_Splash_Screen                      
00006d6b  EUSCIA0_IRQHandler                         
00006d6b  EUSCIA1_IRQHandler                         
00006d6b  EUSCIA2_IRQHandler                         
00006d6b  EUSCIA3_IRQHandler                         
00006d6b  EUSCIB0_IRQHandler                         
00006d6b  EUSCIB1_IRQHandler                         
00006d6b  EUSCIB2_IRQHandler                         
00006d6b  EUSCIB3_IRQHandler                         
00003abb  EqualPins                                  
00006d6b  FLCTL_IRQHandler                           
00006d6b  FPU_IRQHandler                             
00006a51  FlashCtl_setWaitState                      
000053b9  Flash_Module_PushDateTimeUp                
0000542d  Flash_Module_PushDateTimeUpTrigger         
00005341  Flash_Module_Read                          
00005355  Flash_Module_SaveToFlash                   
00006bed  GPIO_getInputPinValue                      
00006a25  GPIO_setAsInputPin                         
000069c5  GPIO_setAsInputPinWithPullUpResistor       
00006ac5  GPIO_setAsOutputPin                        
00006809  GPIO_setAsPeripheralModuleFunctionInputPin 
0000668d  GPIO_setAsPeripheralModuleFunctionOutputPin
00006c91  GPIO_setOutputHighOnPin                    
00006c05  GPIO_setOutputLowOnPin                     
00006ca5  GPIO_toggleOutputOnPin                     
00003afb  GatherSensorData                           
000067bd  HallEffect_Init                            
000067e5  HallEffect_Module_Read                     
00006d6b  HardFault_Handler                          
000064e1  I2C_Init                                   
0000695d  Interrupt_registerInterrupt                
20000668  KeypadState                                
00004653  Keypad_Debounce                            
000047bd  Keypad_Execute                             
000047e1  Keypad_ExecuteForPinEnter                  
0000454d  Keypad_Init                                
00004775  Keypad_InsertKeyCombo                      
00004687  Keypad_SaveButtonPress                     
00004561  Keypad_Scan                                
0000360d  Main_Sequence                              
00006d6b  MemManage_Handler                          
20000658  Message                                    
2000066c  Messageindex                               
00004e8f  Motor_RotateClockwise                      
00004d8d  Motor_RotateCounterClockwise               
00006d6b  NMI_Handler                                
0000141b  Output_Clear                               
00001435  Output_Color                               
0000140b  Output_Init                                
00001425  Output_Off                                 
0000142d  Output_On                                  
00006d6b  PCM_IRQHandler                             
00006d6b  PORT1_IRQHandler                           
00006d6b  PORT2_IRQHandler                           
00006d6b  PORT3_IRQHandler                           
00006d6b  PORT4_IRQHandler                           
00006d6b  PORT5_IRQHandler                           
00006d6b  PORT6_IRQHandler                           
00006d6b  PSS_IRQHandler                             
00004939  PatternCheck                               
00006d6b  PendSV_Handler                             
200006d8  PreviousDigit                              
00006a79  Proximity_Init                             
00006a8f  Proximity_Module_Read                      
00005a29  RGB_Init                                   
00005a63  RGB_Module_SetColor                        
00005a57  RGB_Module_Toggle                          
00006d6b  RTC_C_IRQHandler                           
00004ba9  RTC_Module_Read                            
00004afd  RTC_Module_Write                           
20000688  RefreshInterrupt                           
00006d5f  Reset_Handler                              
UNDEFED   SHT$$INIT_ARRAY$$Base                      
UNDEFED   SHT$$INIT_ARRAY$$Limit                     
0000073d  ST7735_Color565                            
000007a1  ST7735_DrawBitmap                          
00000b11  ST7735_DrawChar                            
0000099d  ST7735_DrawCharS                           
00000535  ST7735_DrawFastHLine                       
00000477  ST7735_DrawFastVLine                       
0000041d  ST7735_DrawPixel                           
00000c81  ST7735_DrawString                          
00000631  ST7735_FillRect                            
000005ed  ST7735_FillScreen                          
000002e9  ST7735_InitB                               
00000309  ST7735_InitR                               
00000eb3  ST7735_InvertDisplay                       
000012f1  ST7735_OutChar                             
000013ad  ST7735_OutString                           
00000d6d  ST7735_OutUDec                             
000011fd  ST7735_PlotBar                             
00000ecb  ST7735_PlotClear                           
00000fed  ST7735_PlotLine                            
0000129d  ST7735_PlotNext                            
000012b7  ST7735_PlotNextErase                       
00000f27  ST7735_PlotPoint                           
00001127  ST7735_PlotPoints                          
00001253  ST7735_PlotdBfs                            
00000d47  ST7735_SetCursor                           
00000de9  ST7735_SetRotation                         
000013cb  ST7735_SetTextColor                        
00000771  ST7735_SwapColor                           
00006d6b  SVC_Handler                                
00004899  SendPostRequest                            
200004e8  SensorReadings                             
20000700  SetDateTime                                
200006d4  SetTimeCounter                             
200006c4  StTextColor                                
200006bc  StX                                        
200006c0  StY                                        
00005ced  Startup_Sequence                           
00006d31  SysCtl_disableNMISource                    
00006d41  SysCtl_enableNMISource                     
00006d6d  SysCtl_getNMISourceStatus                  
0000663d  SysCtl_getTLVInfo                          
00006b0d  SysCtl_setWDTTimeoutResetType              
00006d6b  SysTick_Handler                            
00005ba5  SysTick_Init                               
00005bc1  SysTick_delay                              
20000714  SystemCoreClock                            
00003f11  SystemCoreClockUpdate                      
00004185  SystemInit                                 
00006d6b  T32_INT1_IRQHandler                        
00006d6b  T32_INT2_IRQHandler                        
00006d6b  T32_INTC_IRQHandler                        
00003aa1  TA0_0_IRQHandler                           
00003aa1  TA0_0_IRQHandler                           
00006d6b  TA0_N_IRQHandler                           
00006d6b  TA1_0_IRQHandler                           
00006d6b  TA1_N_IRQHandler                           
00006d6b  TA2_0_IRQHandler                           
00006d6b  TA2_N_IRQHandler                           
00006d6b  TA3_0_IRQHandler                           
00006d6b  TA3_N_IRQHandler                           
00005609  UART_Init                                  
0000564f  UART_OutChar                               
00005697  UART_OutString                             
00006ae9  UART_receiveData                           
00006d6b  UsageFault_Handler                         
4000480c  WDTCTL_SYM                                 
00006d6b  WDT_A_IRQHandler                           
00006c1d  WDT_A_clearTimer                           
00006c35  WDT_A_holdTimer                            
00006cb9  WDT_A_initWatchdogTimer                    
00006b0d  WDT_A_setTimeoutReset                      
00006ccd  WDT_A_startTimer                           
00006b63  Watchdog_Clear                             
00006b4d  Watchdog_Init                              
00005687  WireLess_In                                
0000566b  WireLess_Out                               
000056c9  WireLess_OutString                         
0000484d  Wireless_Init                              
20000670  X                                          
20000674  Ymax                                       
20000678  Ymin                                       
2000067c  Yrange                                     
20010000  __STACK_END                                
00000200  __STACK_SIZE                               
00000400  __SYSMEM_SIZE                              
00007710  __TI_CINIT_Base                            
00007728  __TI_CINIT_Limit                           
000076f4  __TI_Handler_Table_Base                    
00007700  __TI_Handler_Table_Limit                   
000062dd  __TI_auto_init                             
200006e0  __TI_cleanup_ptr                           
000063b5  __TI_decompress_lzss                       
00006d51  __TI_decompress_none                       
200006e4  __TI_dtors_ptr                             
200006e8  __TI_enable_exit_profile_output            
ffffffff  __TI_pprof_out_hndl                        
00001cc5  __TI_printfi                               
ffffffff  __TI_prof_data_size                        
ffffffff  __TI_prof_data_start                       
00000000  __TI_static_base__                         
00006d79  __TI_zero_init                             
000060e5  __aeabi_cdcmpeq                            
000060e5  __aeabi_cdcmple                            
0000616b  __aeabi_cdrcmple                           
00006899  __aeabi_d2iz                               
000068e1  __aeabi_d2uiz                              
00005193  __aeabi_dadd                               
000054d1  __aeabi_ddiv                               
00005831  __aeabi_dmul                               
00005189  __aeabi_dsub                               
000069f5  __aeabi_i2d                                
000061f1  __aeabi_memclr                             
000061f1  __aeabi_memclr4                            
000061f1  __aeabi_memclr8                            
00005fb1  __aeabi_memcpy                             
00005fb1  __aeabi_memcpy4                            
00005fb1  __aeabi_memcpy8                            
000061f3  __aeabi_memset                             
000061f3  __aeabi_memset4                            
000061f3  __aeabi_memset8                            
00006b2d  __aeabi_ui2d                               
00004f95  __aeabi_uldivmod                           
ffffffff  __binit__                                  
ffffffff  __c_args__                                 
000025bf  __mpu_init                                 
2000fe00  __stack                                    
00006c4d  _args_main                                 
00006595  _c_int00                                   
0000748b  _ctypes_                                   
200006f8  _lock                                      
00006cef  _nop                                       
00006ce7  _register_lock                             
00006ce1  _register_unlock                           
200000e8  _sys_memory                                
0000533f  _system_post_cinit                         
00006d8b  _system_pre_init                           
200006fc  _unlock                                    
000065ed  abort                                      
00006725  atoi                                       
ffffffff  binit                                      
00003ee1  calloc                                     
00006771  copy_in                                    
00006cf5  copysign                                   
00006cf5  copysignl                                  
0000728b  dBfs                                       
2000070c  errno                                      
000065f5  exit                                       
000013fd  ferror                                     
000013f1  fgetc                                      
00000d05  fillmessage                                
000013df  fputc                                      
00003c2b  free                                       
0000641d  frexp                                      
0000641d  frexpl                                     
20000000  g_pfnRAMVectors                            
0000765c  i2cConfig                                  
00000000  interruptVectors                           
200006cc  lastj                                      
0000592d  ldexp                                      
0000592d  ldexpl                                     
0000653d  ltoa                                       
00006b6d  main                                       
20000710  main_func_sp                               
00003bc1  malloc                                     
00003df5  memalign                                   
00006b89  memccpy                                    
00005fb1  memcpy                                     
000061f9  memset                                     
00003b41  minit                                      
0000014d  parrotdelay                                
00003ced  realloc                                    
0000592d  scalbn                                     
0000592d  scalbnl                                    
00006481  sprintf                                    
00006c65  strchr                                     
00006d09  strcpy                                     
00006d1d  strlen                                     
00006925  strncpy                                    
00006991  strstr                                     


GLOBAL SYMBOLS: SORTED BY Symbol Address 

address   name                                       
-------   ----                                       
00000000  __TI_static_base__                         
00000000  interruptVectors                           
0000014d  parrotdelay                                
0000015b  Delay1ms                                   
00000200  __STACK_SIZE                               
000002e9  ST7735_InitB                               
00000309  ST7735_InitR                               
00000400  __SYSMEM_SIZE                              
0000041d  ST7735_DrawPixel                           
00000477  ST7735_DrawFastVLine                       
00000535  ST7735_DrawFastHLine                       
000005ed  ST7735_FillScreen                          
00000631  ST7735_FillRect                            
0000073d  ST7735_Color565                            
00000771  ST7735_SwapColor                           
000007a1  ST7735_DrawBitmap                          
0000099d  ST7735_DrawCharS                           
00000b11  ST7735_DrawChar                            
00000c81  ST7735_DrawString                          
00000d05  fillmessage                                
00000d47  ST7735_SetCursor                           
00000d6d  ST7735_OutUDec                             
00000de9  ST7735_SetRotation                         
00000eb3  ST7735_InvertDisplay                       
00000ecb  ST7735_PlotClear                           
00000f27  ST7735_PlotPoint                           
00000fed  ST7735_PlotLine                            
00001127  ST7735_PlotPoints                          
000011fd  ST7735_PlotBar                             
00001253  ST7735_PlotdBfs                            
0000129d  ST7735_PlotNext                            
000012b7  ST7735_PlotNextErase                       
000012f1  ST7735_OutChar                             
000013ad  ST7735_OutString                           
000013cb  ST7735_SetTextColor                        
000013df  fputc                                      
000013f1  fgetc                                      
000013fd  ferror                                     
0000140b  Output_Init                                
0000141b  Output_Clear                               
00001425  Output_Off                                 
0000142d  Output_On                                  
00001435  Output_Color                               
00001cc5  __TI_printfi                               
000025bf  __mpu_init                                 
000025c1  Display_Module_DrawString                  
00002619  Display_Module_DrawStringWithMarquee       
0000267d  Display_Module_MainScreen                  
000027f1  Display_Clear_Screen                       
00002819  Display_Menu                               
000029d1  Display_Module_EnterPIN                    
00002b3f  Display_Module_SetPIN                      
00002ca1  Display_Module_SetTime                     
00002f49  Display_Module_ViewLogs                    
000033a9  Display_Init                               
000033bf  ConvertBCDToString                         
0000340d  Display_Splash_Screen                      
00003459  Display_Module_Warning                     
000034a7  Display_Module_Message                     
000034f5  Display_Module_GreenMessage                
00003543  Display_Module_RemoveWarning               
0000356f  Display_Module_Backlight                   
000035a5  Display_Module_UpdateBacklight             
0000360d  Main_Sequence                              
00003aa1  TA0_0_IRQHandler                           
00003aa1  TA0_0_IRQHandler                           
00003abb  EqualPins                                  
00003afb  GatherSensorData                           
00003b41  minit                                      
00003bc1  malloc                                     
00003c2b  free                                       
00003ced  realloc                                    
00003df5  memalign                                   
00003ee1  calloc                                     
00003f11  SystemCoreClockUpdate                      
00004185  SystemInit                                 
0000423d  Alerts                                     
0000454d  Keypad_Init                                
00004561  Keypad_Scan                                
00004653  Keypad_Debounce                            
00004687  Keypad_SaveButtonPress                     
00004775  Keypad_InsertKeyCombo                      
000047bd  Keypad_Execute                             
000047e1  Keypad_ExecuteForPinEnter                  
0000484d  Wireless_Init                              
00004899  SendPostRequest                            
00004939  PatternCheck                               
00004afd  RTC_Module_Write                           
00004ba9  RTC_Module_Read                            
00004d8d  Motor_RotateCounterClockwise               
00004e8f  Motor_RotateClockwise                      
00004f95  __aeabi_uldivmod                           
00005189  __aeabi_dsub                               
00005193  __aeabi_dadd                               
0000533f  _system_post_cinit                         
00005341  Flash_Module_Read                          
00005355  Flash_Module_SaveToFlash                   
000053b9  Flash_Module_PushDateTimeUp                
0000542d  Flash_Module_PushDateTimeUpTrigger         
000054d1  __aeabi_ddiv                               
00005609  UART_Init                                  
0000564f  UART_OutChar                               
0000566b  WireLess_Out                               
00005687  WireLess_In                                
00005697  UART_OutString                             
000056c9  WireLess_OutString                         
0000572d  CS_getDCOFrequency                         
00005831  __aeabi_dmul                               
0000592d  ldexp                                      
0000592d  ldexpl                                     
0000592d  scalbn                                     
0000592d  scalbnl                                    
00005a29  RGB_Init                                   
00005a57  RGB_Module_Toggle                          
00005a63  RGB_Module_SetColor                        
00005b1d  Clock_Init                                 
00005ba5  SysTick_Init                               
00005bc1  SysTick_delay                              
00005c0d  CS_initClockSignal                         
00005ced  Startup_Sequence                           
00005dcd  Buzzer_Init                                
00005e09  Buzzer_Module_Off                          
00005e25  Buzzer_Module_SingleTone                   
00005e31  Buzzer_Module_ToggleTone                   
00005e79  CS_startHFXTWithTimeout                    
00005fb1  __aeabi_memcpy                             
00005fb1  __aeabi_memcpy4                            
00005fb1  __aeabi_memcpy8                            
00005fb1  memcpy                                     
0000604d  AmbientLight_Module_Read                   
000060ab  AmbientLight_Module_Init                   
000060e5  __aeabi_cdcmpeq                            
000060e5  __aeabi_cdcmple                            
0000616b  __aeabi_cdrcmple                           
000061f1  __aeabi_memclr                             
000061f1  __aeabi_memclr4                            
000061f1  __aeabi_memclr8                            
000061f3  __aeabi_memset                             
000061f3  __aeabi_memset4                            
000061f3  __aeabi_memset8                            
000061f9  memset                                     
000062dd  __TI_auto_init                             
0000634d  ADC_Init                                   
000063b5  __TI_decompress_lzss                       
0000641d  frexp                                      
0000641d  frexpl                                     
00006481  sprintf                                    
000064e1  I2C_Init                                   
0000653d  ltoa                                       
00006595  _c_int00                                   
000065e9  C$$EXIT                                    
000065ed  abort                                      
000065f5  exit                                       
0000663d  SysCtl_getTLVInfo                          
0000668d  GPIO_setAsPeripheralModuleFunctionOutputPin
00006725  atoi                                       
00006771  copy_in                                    
000067bd  HallEffect_Init                            
000067e5  HallEffect_Module_Read                     
00006809  GPIO_setAsPeripheralModuleFunctionInputPin 
00006899  __aeabi_d2iz                               
000068e1  __aeabi_d2uiz                              
00006925  strncpy                                    
0000695d  Interrupt_registerInterrupt                
00006991  strstr                                     
000069c5  GPIO_setAsInputPinWithPullUpResistor       
000069f5  __aeabi_i2d                                
00006a25  GPIO_setAsInputPin                         
00006a51  FlashCtl_setWaitState                      
00006a79  Proximity_Init                             
00006a8f  Proximity_Module_Read                      
00006aa1  CS_clearInterruptFlag                      
00006ac5  GPIO_setAsOutputPin                        
00006ae9  UART_receiveData                           
00006b0d  SysCtl_setWDTTimeoutResetType              
00006b0d  WDT_A_setTimeoutReset                      
00006b2d  __aeabi_ui2d                               
00006b4d  Watchdog_Init                              
00006b63  Watchdog_Clear                             
00006b6d  main                                       
00006b89  memccpy                                    
00006ba5  CS_getACLK                                 
00006bbd  CS_getMCLK                                 
00006bd5  CS_getSMCLK                                
00006bed  GPIO_getInputPinValue                      
00006c05  GPIO_setOutputLowOnPin                     
00006c1d  WDT_A_clearTimer                           
00006c35  WDT_A_holdTimer                            
00006c4d  _args_main                                 
00006c65  strchr                                     
00006c7d  CS_setExternalClockSourceFrequency         
00006c91  GPIO_setOutputHighOnPin                    
00006ca5  GPIO_toggleOutputOnPin                     
00006cb9  WDT_A_initWatchdogTimer                    
00006ccd  WDT_A_startTimer                           
00006ce1  _register_unlock                           
00006ce7  _register_lock                             
00006cef  _nop                                       
00006cf5  copysign                                   
00006cf5  copysignl                                  
00006d09  strcpy                                     
00006d1d  strlen                                     
00006d31  SysCtl_disableNMISource                    
00006d41  SysCtl_enableNMISource                     
00006d51  __TI_decompress_none                       
00006d5f  Reset_Handler                              
00006d6b  ADC14_IRQHandler                           
00006d6b  AES256_IRQHandler                          
00006d6b  BusFault_Handler                           
00006d6b  COMP_E0_IRQHandler                         
00006d6b  COMP_E1_IRQHandler                         
00006d6b  CS_IRQHandler                              
00006d6b  DMA_ERR_IRQHandler                         
00006d6b  DMA_INT0_IRQHandler                        
00006d6b  DMA_INT1_IRQHandler                        
00006d6b  DMA_INT2_IRQHandler                        
00006d6b  DMA_INT3_IRQHandler                        
00006d6b  DebugMon_Handler                           
00006d6b  Default_Handler                            
00006d6b  EUSCIA0_IRQHandler                         
00006d6b  EUSCIA1_IRQHandler                         
00006d6b  EUSCIA2_IRQHandler                         
00006d6b  EUSCIA3_IRQHandler                         
00006d6b  EUSCIB0_IRQHandler                         
00006d6b  EUSCIB1_IRQHandler                         
00006d6b  EUSCIB2_IRQHandler                         
00006d6b  EUSCIB3_IRQHandler                         
00006d6b  FLCTL_IRQHandler                           
00006d6b  FPU_IRQHandler                             
00006d6b  HardFault_Handler                          
00006d6b  MemManage_Handler                          
00006d6b  NMI_Handler                                
00006d6b  PCM_IRQHandler                             
00006d6b  PORT1_IRQHandler                           
00006d6b  PORT2_IRQHandler                           
00006d6b  PORT3_IRQHandler                           
00006d6b  PORT4_IRQHandler                           
00006d6b  PORT5_IRQHandler                           
00006d6b  PORT6_IRQHandler                           
00006d6b  PSS_IRQHandler                             
00006d6b  PendSV_Handler                             
00006d6b  RTC_C_IRQHandler                           
00006d6b  SVC_Handler                                
00006d6b  SysTick_Handler                            
00006d6b  T32_INT1_IRQHandler                        
00006d6b  T32_INT2_IRQHandler                        
00006d6b  T32_INTC_IRQHandler                        
00006d6b  TA0_N_IRQHandler                           
00006d6b  TA1_0_IRQHandler                           
00006d6b  TA1_N_IRQHandler                           
00006d6b  TA2_0_IRQHandler                           
00006d6b  TA2_N_IRQHandler                           
00006d6b  TA3_0_IRQHandler                           
00006d6b  TA3_N_IRQHandler                           
00006d6b  UsageFault_Handler                         
00006d6b  WDT_A_IRQHandler                           
00006d6d  SysCtl_getNMISourceStatus                  
00006d79  __TI_zero_init                             
00006d85  CS_startHFXT                               
00006d8b  _system_pre_init                           
0000728b  dBfs                                       
0000748b  _ctypes_                                   
0000765c  i2cConfig                                  
000076f4  __TI_Handler_Table_Base                    
00007700  __TI_Handler_Table_Limit                   
00007710  __TI_CINIT_Base                            
00007728  __TI_CINIT_Limit                           
20000000  g_pfnRAMVectors                            
200000e8  _sys_memory                                
200004e8  SensorReadings                             
200005e0  ClockRegisters                             
20000658  Message                                    
20000668  KeypadState                                
2000066c  Messageindex                               
20000670  X                                          
20000674  Ymax                                       
20000678  Ymin                                       
2000067c  Yrange                                     
20000688  RefreshInterrupt                           
200006bc  StX                                        
200006c0  StY                                        
200006c4  StTextColor                                
200006cc  lastj                                      
200006d0  CurrentDigit                               
200006d4  SetTimeCounter                             
200006d8  PreviousDigit                              
200006e0  __TI_cleanup_ptr                           
200006e4  __TI_dtors_ptr                             
200006e8  __TI_enable_exit_profile_output            
200006f8  _lock                                      
200006fc  _unlock                                    
20000700  SetDateTime                                
2000070c  errno                                      
20000710  main_func_sp                               
20000714  SystemCoreClock                            
2000fe00  __stack                                    
20010000  __STACK_END                                
4000480c  WDTCTL_SYM                                 
ffffffff  __TI_pprof_out_hndl                        
ffffffff  __TI_prof_data_size                        
ffffffff  __TI_prof_data_start                       
ffffffff  __binit__                                  
ffffffff  __c_args__                                 
ffffffff  binit                                      
UNDEFED   SHT$$INIT_ARRAY$$Base                      
UNDEFED   SHT$$INIT_ARRAY$$Limit                     

[306 symbols]
