******************************************************************************
                  TI ARM Linker PC v16.6.0                     
******************************************************************************
>> Linked Mon Dec 05 02:28:22 2016

OUTPUT FILE NAME:   <SecuritySystem.out>
ENTRY POINT SYMBOL: "_c_int00"  address: 00005419


MEMORY CONFIGURATION

         name            origin    length      used     unused   attr    fill
----------------------  --------  ---------  --------  --------  ----  --------
  MAIN                  00000000   00040000  0000644c  00039bb4  R  X
  INFO                  00200000   00004000  00000000  00004000  R  X
  SRAM_CODE             01000000   00010000  0000089e  0000f762  RW X
  SRAM_DATA             20000000   00010000  0000089e  0000f762  RW  


SEGMENT ALLOCATION MAP

run origin  load origin   length   init length attrs members
----------  ----------- ---------- ----------- ----- -------
00000000    00000000    00006450   00006450    r-x
  00000000    00000000    000000e4   000000e4    r-- .intvecs
  000000e4    000000e4    000059d2   000059d2    r-x .text
  00005ab8    00005ab8    00000906   00000906    r-- .const
  000063c0    000063c0    00000090   00000090    r-- .cinit
20000000    20000000    000006a4   00000000    rw-
  20000000    20000000    000000e4   00000000    rw- .vtable
  200000e8    200000e8    00000400   00000000    rw- .sysmem
  200004e8    200004e8    00000132   00000000    rw- .bss
  2000061c    2000061c    00000088   00000000    rw- .data
2000fe00    2000fe00    00000200   00000000    rw-
  2000fe00    2000fe00    00000200   00000000    rw- .stack


SECTION ALLOCATION MAP

 output                                  attributes/
section   page    origin      length       input sections
--------  ----  ----------  ----------   ----------------
.intvecs   0    00000000    000000e4     
                  00000000    000000e4     startup_msp432p401r_ccs.obj (.intvecs:retain)

.binit     0    00000000    00000000     

.text      0    000000e4    000059d2     
                  000000e4    00001398     ST7735.obj (.text)
                  0000147c    00001142     rtsv7M4_T_le_v4SPD16_eabi.lib : _printfi.obj (.text)
                  000025be    00000002                                   : mpu_init.obj (.text)
                  000025c0    00000b2c     Display.obj (.text)
                  000030ec    00000438     MainSequence.obj (.text)
                  00003524    000003d0     rtsv7M4_T_le_v4SPD16_eabi.lib : memory.obj (.text)
                  000038f4    0000032c     system_msp432p401r.obj (.text)
                  00003c20    000002e0     Keypad.obj (.text)
                  00003f00    00000290     RTC.obj (.text)
                  00004190    000001f4     rtsv7M4_T_le_v4SPD16_eabi.lib : ull_div_t2.obj (.text)
                  00004384    000001b6                                   : fd_add_t2.obj (.text)
                  0000453a    00000136                                   : fd_div_t2.obj (.text)
                  00004670    00000110     Flash.obj (.text)
                  00004780    00000104     msp432p4xx_driverlib.lib : cs.o (.text:CS_getDCOFrequency)
                  00004884    000000fc     rtsv7M4_T_le_v4SPD16_eabi.lib : fd_mul_t2.obj (.text)
                  00004980    000000fc                                   : s_scalbn.obj (.text)
                  00004a7c    000000f0     Clock.obj (.text)
                  00004b6c    000000e6     RGB.obj (.text)
                  00004c52    00000002     rtsv7M4_T_le_v4SPD16_eabi.lib : startup.obj (.text)
                  00004c54    000000e0     msp432p4xx_driverlib.lib : cs.o (.text:CS_initClockSignal)
                  00004d34    000000c8     Startup.obj (.text)
                  00004dfc    0000009c     msp432p4xx_driverlib.lib : cs.o (.text:CS_startHFXTWithTimeout)
                  00004e98    0000009c                              : cs.o (.text:_CSComputeCLKFrequency)
                  00004f34    0000009c     rtsv7M4_T_le_v4SPD16_eabi.lib : memcpy_t2.obj (.text)
                  00004fd0    00000086                                   : fd_cmp_t2.obj (.text:__aeabi_cdcmple)
                  00005056    00000086                                   : fd_cmp_t2.obj (.text:__aeabi_cdrcmple)
                  000050dc    0000007a                                   : memset_t2.obj (.text)
                  00005156    00000002     --HOLE-- [fill = 0]
                  00005158    00000070     msp432p4xx_driverlib.lib : cs.o (.text:_CSGetHFXTFrequency)
                  000051c8    00000070     rtsv7M4_T_le_v4SPD16_eabi.lib : autoinit.obj (.text)
                  00005238    00000066                                   : copy_decompress_lzss.obj (.text:decompress:lzss)
                  0000529e    00000002     --HOLE-- [fill = 0]
                  000052a0    00000064                                   : s_frexp.obj (.text)
                  00005304    00000060                                   : sprintf.obj (.text)
                  00005364    0000005c     I2C.obj (.text)
                  000053c0    00000056     rtsv7M4_T_le_v4SPD16_eabi.lib : ltoa.obj (.text)
                  00005416    00000002     --HOLE-- [fill = 0]
                  00005418    00000054                                   : boot.obj (.text)
                  0000546c    00000054                                   : exit.obj (.text)
                  000054c0    00000050     msp432p4xx_driverlib.lib : sysctl.o (.text:SysCtl_getTLVInfo)
                  00005510    0000004c                              : cs.o (.text:_CSGetDOCFrequency)
                  0000555c    0000004c     rtsv7M4_T_le_v4SPD16_eabi.lib : atoi.obj (.text)
                  000055a8    0000004c                                   : cpy_tbl.obj (.text)
                  000055f4    0000004a     HallEffect.obj (.text)
                  0000563e    00000002     --HOLE-- [fill = 0]
                  00005640    00000048     msp432p4xx_driverlib.lib : gpio.o (.text:GPIO_setAsPeripheralModuleFunctionInputPin)
                  00005688    00000048                              : cs.o (.text:_CSGetDividerValue)
                  000056d0    00000048     rtsv7M4_T_le_v4SPD16_eabi.lib : fd_toi_t2.obj (.text)
                  00005718    00000036                                   : strncpy.obj (.text)
                  0000574e    00000002     --HOLE-- [fill = 0]
                  00005750    00000034     msp432p4xx_driverlib.lib : interrupt.o (.text:Interrupt_registerInterrupt)
                  00005784    00000030                              : gpio.o (.text:GPIO_setAsInputPinWithPullUpResistor)
                  000057b4    0000002e     rtsv7M4_T_le_v4SPD16_eabi.lib : i_tofd_t2.obj (.text)
                  000057e2    0000002c     Buzzer.obj (.text)
                  0000580e    00000002     --HOLE-- [fill = 0]
                  00005810    0000002c     msp432p4xx_driverlib.lib : gpio.o (.text:GPIO_setAsInputPin)
                  0000583c    00000028                              : flash.o (.text:FlashCtl_setWaitState)
                  00005864    00000028     Proximity.obj (.text)
                  0000588c    00000024     msp432p4xx_driverlib.lib : cs.o (.text:CS_clearInterruptFlag)
                  000058b0    00000024                              : gpio.o (.text:GPIO_setAsOutputPin)
                  000058d4    0000001c     main.obj (.text)
                  000058f0    0000001c     rtsv7M4_T_le_v4SPD16_eabi.lib : memccpy.obj (.text)
                  0000590c    00000018     msp432p4xx_driverlib.lib : cs.o (.text:CS_getACLK)
                  00005924    00000018                              : cs.o (.text:CS_getMCLK)
                  0000593c    00000018                              : cs.o (.text:CS_getSMCLK)
                  00005954    00000018                              : gpio.o (.text:GPIO_getInputPinValue)
                  0000596c    00000018                              : gpio.o (.text:GPIO_setOutputLowOnPin)
                  00005984    00000018                              : wdt_a.o (.text:WDT_A_holdTimer)
                  0000599c    00000018     rtsv7M4_T_le_v4SPD16_eabi.lib : args_main.obj (.text)
                  000059b4    00000016                                   : strchr.obj (.text)
                  000059ca    00000002     --HOLE-- [fill = 0]
                  000059cc    00000014     msp432p4xx_driverlib.lib : cs.o (.text:CS_setExternalClockSourceFrequency)
                  000059e0    00000014                              : gpio.o (.text:GPIO_setOutputHighOnPin)
                  000059f4    00000014                              : gpio.o (.text:GPIO_toggleOutputOnPin)
                  00005a08    00000014     rtsv7M4_T_le_v4SPD16_eabi.lib : _lock.obj (.text)
                  00005a1c    00000014                                   : s_copysign.obj (.text)
                  00005a30    00000014                                   : strcpy.obj (.text)
                  00005a44    00000014                                   : strlen.obj (.text)
                  00005a58    00000010     msp432p4xx_driverlib.lib : sysctl.o (.text:SysCtl_disableNMISource)
                  00005a68    00000010                              : sysctl.o (.text:SysCtl_enableNMISource)
                  00005a78    0000000e     rtsv7M4_T_le_v4SPD16_eabi.lib : copy_decompress_none.obj (.text:decompress:none)
                  00005a86    0000000e     startup_msp432p401r_ccs.obj (.text)
                  00005a94    0000000c     msp432p4xx_driverlib.lib : sysctl.o (.text:SysCtl_getNMISourceStatus)
                  00005aa0    0000000c     rtsv7M4_T_le_v4SPD16_eabi.lib : copy_zero_init.obj (.text:decompress:ZI)
                  00005aac    00000006     msp432p4xx_driverlib.lib : cs.o (.text:CS_startHFXT)
                  00005ab2    00000004     rtsv7M4_T_le_v4SPD16_eabi.lib : pre_init.obj (.text)

.const     0    00005ab8    00000906     
                  00005ab8    000004fb     ST7735.obj (.const:.string:Font)
                  00005fb3    00000200     ST7735.obj (.const:.string:dBfs)
                  000061b3    00000101     rtsv7M4_T_le_v4SPD16_eabi.lib : ctype.obj (.const:.string:_ctypes_)
                  000062b4    00000067     ST7735.obj (.const:.string:Bcmd)
                  0000631b    0000003b     ST7735.obj (.const:.string:Rcmd1)
                  00006356    0000002b     ST7735.obj (.const:.string:Rcmd3)
                  00006381    00000003     --HOLE-- [fill = 0]
                  00006384    00000014     I2C.obj (.const:i2cConfig)
                  00006398    0000000d     ST7735.obj (.const:.string:Rcmd2green)
                  000063a5    0000000d     ST7735.obj (.const:.string:Rcmd2red)
                  000063b2    0000000c     Keypad.obj (.const:$P$T0$3)

.cinit     0    000063c0    00000090     
                  000063c0    0000005a     (.cinit..data.load) [load image, compression = lzss]
                  0000641a    00000002     --HOLE-- [fill = 0]
                  0000641c    0000000c     (__TI_handler_table)
                  00006428    00000008     (.cinit..bss.load) [load image, compression = zero_init]
                  00006430    00000008     (.cinit..vtable.load) [load image, compression = zero_init]
                  00006438    00000018     (__TI_cinit_table)

.init_array 
*          0    00000000    00000000     UNINITIALIZED

.vtable    0    20000000    000000e4     UNINITIALIZED
                  20000000    000000e4     msp432p4xx_driverlib.lib : interrupt.o (.vtable)

.sysmem    0    200000e8    00000400     UNINITIALIZED
                  200000e8    00000008     rtsv7M4_T_le_v4SPD16_eabi.lib : memory.obj (.sysmem)
                  200000f0    000003f8     --HOLE--

.bss       0    200004e8    00000132     UNINITIALIZED
                  200004e8    000000a8     (.common:SensorReadings)
                  20000590    0000004c     (.common:ClockRegisters)
                  200005dc    0000000c     Startup.obj (.bss)
                  200005e8    0000000c     (.common:Message)
                  200005f4    00000004     ST7735.obj (.bss)
                  200005f8    00000004     (.common:KeypadState)
                  200005fc    00000004     (.common:Messageindex)
                  20000600    00000004     (.common:X)
                  20000604    00000004     (.common:Ymax)
                  20000608    00000004     (.common:Ymin)
                  2000060c    00000004     (.common:Yrange)
                  20000610    00000004     (.common:hfxtFreq)
                  20000614    00000004     (.common:lfxtFreq)
                  20000618    00000001     (.common:RefreshInterrupt)
                  20000619    00000001     (.common:RefreshInterruptCounter)

.data      0    2000061c    00000088     UNINITIALIZED
                  2000061c    00000030     msp432p4xx_driverlib.lib : gpio.o (.data:GPIO_PORT_TO_BASE)
                  2000064c    00000014     ST7735.obj (.data)
                  20000660    0000000c     rtsv7M4_T_le_v4SPD16_eabi.lib : exit.obj (.data:$O1$$)
                  2000066c    0000000c                                   : memory.obj (.data:$O1$$)
                  20000678    0000000c     MainSequence.obj (.data)
                  20000684    00000008     rtsv7M4_T_le_v4SPD16_eabi.lib : _lock.obj (.data:$O1$$)
                  2000068c    00000006     MainSequence.obj (.data:SetDateTime)
                  20000692    00000004     Keypad.obj (.data)
                  20000696    00000002     --HOLE--
                  20000698    00000004     rtsv7M4_T_le_v4SPD16_eabi.lib : errno.obj (.data)
                  2000069c    00000004                                   : stkdepth_vars.obj (.data)
                  200006a0    00000004     system_msp432p401r.obj (.data)

.stack     0    2000fe00    00000200     UNINITIALIZED
                  2000fe00    00000200     --HOLE--

MODULE SUMMARY

       Module                        code    ro data   rw data
       ------                        ----    -------   -------
    .\
       system_msp432p401r.obj        812     0         8      
       main.obj                      28      0         500    
       startup_msp432p401r_ccs.obj   14      228       0      
    +--+-----------------------------+-------+---------+---------+
       Total:                        854     228       508    
                                                              
    .\Modules\
       ST7735.obj                    5016    2018      112    
       Display.obj                   2860    0         0      
       Keypad.obj                    736     12        8      
       RTC.obj                       656     0         0      
       Flash.obj                     272     0         0      
       Clock.obj                     240     0         0      
       RGB.obj                       230     0         0      
       HallEffect.obj                74      0         0      
       Buzzer.obj                    44      0         0      
       Proximity.obj                 40      0         0      
    +--+-----------------------------+-------+---------+---------+
       Total:                        10168   2030      120    
                                                              
    .\Protocols\
       I2C.obj                       92      20        0      
    +--+-----------------------------+-------+---------+---------+
       Total:                        92      20        0      
                                                              
    .\Sequences\
       MainSequence.obj              1080    0         36     
       Startup.obj                   200     0         24     
    +--+-----------------------------+-------+---------+---------+
       Total:                        1280    0         60     
                                                              
    ../msp432p4xx_driverlib.lib
       cs.o                          1190    0         16     
       interrupt.o                   52      0         456    
       gpio.o                        288     0         96     
       sysctl.o                      124     0         0      
       flash.o                       40      0         0      
       wdt_a.o                       24      0         0      
    +--+-----------------------------+-------+---------+---------+
       Total:                        1718    0         568    
                                                              
    C:\ti\ccsv6\tools\compiler\ti-cgt-arm_16.6.0.STS\lib\rtsv7M4_T_le_v4SPD16_eabi.lib
       _printfi.obj                  4418    0         0      
       memory.obj                    976     0         24     
       ull_div_t2.obj                500     0         0      
       fd_add_t2.obj                 438     0         0      
       fd_div_t2.obj                 310     0         0      
       fd_cmp_t2.obj                 268     0         0      
       ctype.obj                     0       257       0      
       fd_mul_t2.obj                 252     0         0      
       s_scalbn.obj                  252     0         0      
       memcpy_t2.obj                 156     0         0      
       memset_t2.obj                 122     0         0      
       autoinit.obj                  112     0         0      
       exit.obj                      84      0         24     
       copy_decompress_lzss.obj      102     0         0      
       s_frexp.obj                   100     0         0      
       sprintf.obj                   96      0         0      
       ltoa.obj                      86      0         0      
       boot.obj                      84      0         0      
       atoi.obj                      76      0         0      
       cpy_tbl.obj                   76      0         0      
       fd_toi_t2.obj                 72      0         0      
       strncpy.obj                   54      0         0      
       i_tofd_t2.obj                 46      0         0      
       _lock.obj                     20      0         16     
       memccpy.obj                   28      0         0      
       args_main.obj                 24      0         0      
       strchr.obj                    22      0         0      
       s_copysign.obj                20      0         0      
       strcpy.obj                    20      0         0      
       strlen.obj                    20      0         0      
       copy_decompress_none.obj      14      0         0      
       copy_zero_init.obj            12      0         0      
       errno.obj                     0       0         8      
       stkdepth_vars.obj             0       0         8      
       pre_init.obj                  4       0         0      
       mpu_init.obj                  2       0         0      
       startup.obj                   2       0         0      
    +--+-----------------------------+-------+---------+---------+
       Total:                        8868    257       80     
                                                              
       Heap:                         0       0         2048   
       Stack:                        0       0         1024   
       Linker Generated:             0       142       0      
    +--+-----------------------------+-------+---------+---------+
       Grand Total:                  22980   2677      4408   


LINKER GENERATED COPY TABLES

__TI_cinit_table @ 00006438 records: 3, size/record: 8, table size: 24
	.data: load addr=000063c0, load size=0000005a bytes, run addr=2000061c, run size=00000088 bytes, compression=lzss
	.bss: load addr=00006428, load size=00000008 bytes, run addr=200004e8, run size=00000132 bytes, compression=zero_init
	.vtable: load addr=00006430, load size=00000008 bytes, run addr=20000000, run size=000000e4 bytes, compression=zero_init


LINKER GENERATED HANDLER TABLE

__TI_handler_table @ 0000641c records: 3, size/record: 4, table size: 12
	index: 0, handler: __TI_zero_init
	index: 1, handler: __TI_decompress_lzss
	index: 2, handler: __TI_decompress_none


GLOBAL SYMBOLS: SORTED ALPHABETICALLY BY Name 

address   name                                      
-------   ----                                      
00005a93  ADC14_IRQHandler                          
00005a93  AES256_IRQHandler                         
000034d5  Alerts                                    
00005a93  BusFault_Handler                          
000057e3  Buzzer_Init                               
000057f7  Buzzer_Module_SingleTone                  
00005803  Buzzer_Module_ToggleTone                  
0000546d  C$$EXIT                                   
00005a93  COMP_E0_IRQHandler                        
00005a93  COMP_E1_IRQHandler                        
00005a93  CS_IRQHandler                             
0000588d  CS_clearInterruptFlag                     
0000590d  CS_getACLK                                
00004781  CS_getDCOFrequency                        
00005925  CS_getMCLK                                
0000593d  CS_getSMCLK                               
00004c55  CS_initClockSignal                        
000059cd  CS_setExternalClockSourceFrequency        
00005aad  CS_startHFXT                              
00004dfd  CS_startHFXTWithTimeout                   
20000590  ClockRegisters                            
00004a7d  Clock_Init                                
00002f7d  ConvertBCDToString                        
00002fc5  ConvertStringToBCD                        
20000678  CurrentDigit                              
00005a93  DMA_ERR_IRQHandler                        
00005a93  DMA_INT0_IRQHandler                       
00005a93  DMA_INT1_IRQHandler                       
00005a93  DMA_INT2_IRQHandler                       
00005a93  DMA_INT3_IRQHandler                       
00005a93  DebugMon_Handler                          
00005a93  Default_Handler                           
0000015b  Delay1ms                                  
00002781  Display_Clear_Screen                      
00002f51  Display_Init                              
0000278b  Display_Menu                              
00003067  Display_Module_Backlight                  
000025c1  Display_Module_DrawString                 
000028ed  Display_Module_EnterPIN                   
00002625  Display_Module_MainScreen                 
00002a25  Display_Module_SetPIN                     
00002b95  Display_Module_SetTime                    
00002da3  Display_Module_ViewLogs                   
00002f07  Display_Refresh                           
00002fed  Display_Splash_Screen                     
00005a93  EUSCIA0_IRQHandler                        
00005a93  EUSCIA1_IRQHandler                        
00005a93  EUSCIA2_IRQHandler                        
00005a93  EUSCIA3_IRQHandler                        
00005a93  EUSCIB0_IRQHandler                        
00005a93  EUSCIB1_IRQHandler                        
00005a93  EUSCIB2_IRQHandler                        
00005a93  EUSCIB3_IRQHandler                        
00003483  EqualPins                                 
00005a93  FLCTL_IRQHandler                          
00005a93  FPU_IRQHandler                            
0000583d  FlashCtl_setWaitState                     
000046e9  Flash_Module_PushDateTimeUp               
00004671  Flash_Module_Read                         
00004685  Flash_Module_SaveToFlash                  
00005955  GPIO_getInputPinValue                     
00005811  GPIO_setAsInputPin                        
00005785  GPIO_setAsInputPinWithPullUpResistor      
000058b1  GPIO_setAsOutputPin                       
00005641  GPIO_setAsPeripheralModuleFunctionInputPin
000059e1  GPIO_setOutputHighOnPin                   
0000596d  GPIO_setOutputLowOnPin                    
000059f5  GPIO_toggleOutputOnPin                    
000034c3  GatherSensorData                          
000055f5  HallEffect_Init                           
0000561d  HallEffect_Module_Read                    
00005a93  HardFault_Handler                         
00005365  I2C_Init                                  
00005751  Interrupt_registerInterrupt               
200005f8  KeypadState                               
00003d23  Keypad_Debounce                           
00003e85  Keypad_Execute                            
00003e9f  Keypad_ExecuteForPinEnter                 
00003c21  Keypad_Init                               
00003e3d  Keypad_InsertKeyCombo                     
00003d4f  Keypad_SaveButtonPress                    
00003c37  Keypad_Scan                               
000030ed  Main_Sequence                             
00005a93  MemManage_Handler                         
200005e8  Message                                   
200005fc  Messageindex                              
00005a93  NMI_Handler                               
0000141b  Output_Clear                              
00001435  Output_Color                              
0000140b  Output_Init                               
00001425  Output_Off                                
0000142d  Output_On                                 
00005a93  PCM_IRQHandler                            
00005a93  PORT1_IRQHandler                          
00005a93  PORT2_IRQHandler                          
00005a93  PORT3_IRQHandler                          
00005a93  PORT4_IRQHandler                          
00005a93  PORT5_IRQHandler                          
00005a93  PORT6_IRQHandler                          
00005a93  PSS_IRQHandler                            
00005a93  PendSV_Handler                            
20000680  PreviousDigit                             
00005865  Proximity_Init                            
0000587b  Proximity_Module_Read                     
00004b6d  RGB_Init                                  
00004b9b  RGB_Module_SetColor                       
00005a93  RTC_C_IRQHandler                          
00003fad  RTC_Module_Read                           
00003f01  RTC_Module_Write                          
20000618  RefreshInterrupt                          
20000619  RefreshInterruptCounter                   
00005a87  Reset_Handler                             
UNDEFED   SHT$$INIT_ARRAY$$Base                     
UNDEFED   SHT$$INIT_ARRAY$$Limit                    
0000073d  ST7735_Color565                           
000007a1  ST7735_DrawBitmap                         
00000b11  ST7735_DrawChar                           
0000099d  ST7735_DrawCharS                          
00000535  ST7735_DrawFastHLine                      
00000477  ST7735_DrawFastVLine                      
0000041d  ST7735_DrawPixel                          
00000c81  ST7735_DrawString                         
00000631  ST7735_FillRect                           
000005ed  ST7735_FillScreen                         
000002e9  ST7735_InitB                              
00000309  ST7735_InitR                              
00000eb3  ST7735_InvertDisplay                      
000012f1  ST7735_OutChar                            
000013ad  ST7735_OutString                          
00000d6d  ST7735_OutUDec                            
000011fd  ST7735_PlotBar                            
00000ecb  ST7735_PlotClear                          
00000fed  ST7735_PlotLine                           
0000129d  ST7735_PlotNext                           
000012b7  ST7735_PlotNextErase                      
00000f27  ST7735_PlotPoint                          
00001127  ST7735_PlotPoints                         
00001253  ST7735_PlotdBfs                           
00000d47  ST7735_SetCursor                          
00000de9  ST7735_SetRotation                        
000013cb  ST7735_SetTextColor                       
00000771  ST7735_SwapColor                          
00005a93  SVC_Handler                               
200004e8  SensorReadings                            
2000068c  SetDateTime                               
2000067c  SetTimeCounter                            
20000654  StTextColor                               
2000064c  StX                                       
20000650  StY                                       
00004d35  Startup_Sequence                          
00005a59  SysCtl_disableNMISource                   
00005a69  SysCtl_enableNMISource                    
00005a95  SysCtl_getNMISourceStatus                 
000054c1  SysCtl_getTLVInfo                         
00005a93  SysTick_Handler                           
00004b05  SysTick_Init                              
00004b21  SysTick_delay                             
200006a0  SystemCoreClock                           
000038f5  SystemCoreClockUpdate                     
00003b69  SystemInit                                
00005a93  T32_INT1_IRQHandler                       
00005a93  T32_INT2_IRQHandler                       
00005a93  T32_INTC_IRQHandler                       
00003453  TA0_0_IRQHandler                          
00003453  TA0_0_IRQHandler                          
00005a93  TA0_N_IRQHandler                          
00005a93  TA1_0_IRQHandler                          
00005a93  TA1_N_IRQHandler                          
00005a93  TA2_0_IRQHandler                          
00005a93  TA2_N_IRQHandler                          
00005a93  TA3_0_IRQHandler                          
00005a93  TA3_N_IRQHandler                          
00005a93  UsageFault_Handler                        
4000480c  WDTCTL_SYM                                
00005a93  WDT_A_IRQHandler                          
00005985  WDT_A_holdTimer                           
20000600  X                                         
20000604  Ymax                                      
20000608  Ymin                                      
2000060c  Yrange                                    
20010000  __STACK_END                               
00000200  __STACK_SIZE                              
00000400  __SYSMEM_SIZE                             
00006438  __TI_CINIT_Base                           
00006450  __TI_CINIT_Limit                          
0000641c  __TI_Handler_Table_Base                   
00006428  __TI_Handler_Table_Limit                  
000051c9  __TI_auto_init                            
20000660  __TI_cleanup_ptr                          
00005239  __TI_decompress_lzss                      
00005a79  __TI_decompress_none                      
20000664  __TI_dtors_ptr                            
20000668  __TI_enable_exit_profile_output           
ffffffff  __TI_pprof_out_hndl                       
00001cc5  __TI_printfi                              
ffffffff  __TI_prof_data_size                       
ffffffff  __TI_prof_data_start                      
00000000  __TI_static_base__                        
00005aa1  __TI_zero_init                            
00004fd1  __aeabi_cdcmpeq                           
00004fd1  __aeabi_cdcmple                           
00005057  __aeabi_cdrcmple                          
000056d1  __aeabi_d2iz                              
0000438f  __aeabi_dadd                              
0000453b  __aeabi_ddiv                              
00004885  __aeabi_dmul                              
00004385  __aeabi_dsub                              
000057b5  __aeabi_i2d                               
000050dd  __aeabi_memclr                            
000050dd  __aeabi_memclr4                           
000050dd  __aeabi_memclr8                           
00004f35  __aeabi_memcpy                            
00004f35  __aeabi_memcpy4                           
00004f35  __aeabi_memcpy8                           
000050df  __aeabi_memset                            
000050df  __aeabi_memset4                           
000050df  __aeabi_memset8                           
00004191  __aeabi_uldivmod                          
ffffffff  __binit__                                 
ffffffff  __c_args__                                
000025bf  __mpu_init                                
2000fe00  __stack                                   
0000599d  _args_main                                
00005419  _c_int00                                  
000061b3  _ctypes_                                  
20000684  _lock                                     
00005a17  _nop                                      
00005a0f  _register_lock                            
00005a09  _register_unlock                          
200000e8  _sys_memory                               
00004c53  _system_post_cinit                        
00005ab3  _system_pre_init                          
20000688  _unlock                                   
00005471  abort                                     
0000555d  atoi                                      
ffffffff  binit                                     
000038c5  calloc                                    
000055a9  copy_in                                   
00005a1d  copysign                                  
00005a1d  copysignl                                 
00005fb3  dBfs                                      
20000698  errno                                     
00005479  exit                                      
000013fd  ferror                                    
000013f1  fgetc                                     
00000d05  fillmessage                               
000013df  fputc                                     
0000360f  free                                      
000052a1  frexp                                     
000052a1  frexpl                                    
20000000  g_pfnRAMVectors                           
00006384  i2cConfig                                 
00000000  interruptVectors                          
2000065c  lastj                                     
00004981  ldexp                                     
00004981  ldexpl                                    
000053c1  ltoa                                      
000058d5  main                                      
2000069c  main_func_sp                              
000035a5  malloc                                    
000037d9  memalign                                  
000058f1  memccpy                                   
00004f35  memcpy                                    
000050e5  memset                                    
00003525  minit                                     
0000014d  parrotdelay                               
000036d1  realloc                                   
00004981  scalbn                                    
00004981  scalbnl                                   
00005305  sprintf                                   
000059b5  strchr                                    
00005a31  strcpy                                    
00005a45  strlen                                    
00005719  strncpy                                   


GLOBAL SYMBOLS: SORTED BY Symbol Address 

address   name                                      
-------   ----                                      
00000000  __TI_static_base__                        
00000000  interruptVectors                          
0000014d  parrotdelay                               
0000015b  Delay1ms                                  
00000200  __STACK_SIZE                              
000002e9  ST7735_InitB                              
00000309  ST7735_InitR                              
00000400  __SYSMEM_SIZE                             
0000041d  ST7735_DrawPixel                          
00000477  ST7735_DrawFastVLine                      
00000535  ST7735_DrawFastHLine                      
000005ed  ST7735_FillScreen                         
00000631  ST7735_FillRect                           
0000073d  ST7735_Color565                           
00000771  ST7735_SwapColor                          
000007a1  ST7735_DrawBitmap                         
0000099d  ST7735_DrawCharS                          
00000b11  ST7735_DrawChar                           
00000c81  ST7735_DrawString                         
00000d05  fillmessage                               
00000d47  ST7735_SetCursor                          
00000d6d  ST7735_OutUDec                            
00000de9  ST7735_SetRotation                        
00000eb3  ST7735_InvertDisplay                      
00000ecb  ST7735_PlotClear                          
00000f27  ST7735_PlotPoint                          
00000fed  ST7735_PlotLine                           
00001127  ST7735_PlotPoints                         
000011fd  ST7735_PlotBar                            
00001253  ST7735_PlotdBfs                           
0000129d  ST7735_PlotNext                           
000012b7  ST7735_PlotNextErase                      
000012f1  ST7735_OutChar                            
000013ad  ST7735_OutString                          
000013cb  ST7735_SetTextColor                       
000013df  fputc                                     
000013f1  fgetc                                     
000013fd  ferror                                    
0000140b  Output_Init                               
0000141b  Output_Clear                              
00001425  Output_Off                                
0000142d  Output_On                                 
00001435  Output_Color                              
00001cc5  __TI_printfi                              
000025bf  __mpu_init                                
000025c1  Display_Module_DrawString                 
00002625  Display_Module_MainScreen                 
00002781  Display_Clear_Screen                      
0000278b  Display_Menu                              
000028ed  Display_Module_EnterPIN                   
00002a25  Display_Module_SetPIN                     
00002b95  Display_Module_SetTime                    
00002da3  Display_Module_ViewLogs                   
00002f07  Display_Refresh                           
00002f51  Display_Init                              
00002f7d  ConvertBCDToString                        
00002fc5  ConvertStringToBCD                        
00002fed  Display_Splash_Screen                     
00003067  Display_Module_Backlight                  
000030ed  Main_Sequence                             
00003453  TA0_0_IRQHandler                          
00003453  TA0_0_IRQHandler                          
00003483  EqualPins                                 
000034c3  GatherSensorData                          
000034d5  Alerts                                    
00003525  minit                                     
000035a5  malloc                                    
0000360f  free                                      
000036d1  realloc                                   
000037d9  memalign                                  
000038c5  calloc                                    
000038f5  SystemCoreClockUpdate                     
00003b69  SystemInit                                
00003c21  Keypad_Init                               
00003c37  Keypad_Scan                               
00003d23  Keypad_Debounce                           
00003d4f  Keypad_SaveButtonPress                    
00003e3d  Keypad_InsertKeyCombo                     
00003e85  Keypad_Execute                            
00003e9f  Keypad_ExecuteForPinEnter                 
00003f01  RTC_Module_Write                          
00003fad  RTC_Module_Read                           
00004191  __aeabi_uldivmod                          
00004385  __aeabi_dsub                              
0000438f  __aeabi_dadd                              
0000453b  __aeabi_ddiv                              
00004671  Flash_Module_Read                         
00004685  Flash_Module_SaveToFlash                  
000046e9  Flash_Module_PushDateTimeUp               
00004781  CS_getDCOFrequency                        
00004885  __aeabi_dmul                              
00004981  ldexp                                     
00004981  ldexpl                                    
00004981  scalbn                                    
00004981  scalbnl                                   
00004a7d  Clock_Init                                
00004b05  SysTick_Init                              
00004b21  SysTick_delay                             
00004b6d  RGB_Init                                  
00004b9b  RGB_Module_SetColor                       
00004c53  _system_post_cinit                        
00004c55  CS_initClockSignal                        
00004d35  Startup_Sequence                          
00004dfd  CS_startHFXTWithTimeout                   
00004f35  __aeabi_memcpy                            
00004f35  __aeabi_memcpy4                           
00004f35  __aeabi_memcpy8                           
00004f35  memcpy                                    
00004fd1  __aeabi_cdcmpeq                           
00004fd1  __aeabi_cdcmple                           
00005057  __aeabi_cdrcmple                          
000050dd  __aeabi_memclr                            
000050dd  __aeabi_memclr4                           
000050dd  __aeabi_memclr8                           
000050df  __aeabi_memset                            
000050df  __aeabi_memset4                           
000050df  __aeabi_memset8                           
000050e5  memset                                    
000051c9  __TI_auto_init                            
00005239  __TI_decompress_lzss                      
000052a1  frexp                                     
000052a1  frexpl                                    
00005305  sprintf                                   
00005365  I2C_Init                                  
000053c1  ltoa                                      
00005419  _c_int00                                  
0000546d  C$$EXIT                                   
00005471  abort                                     
00005479  exit                                      
000054c1  SysCtl_getTLVInfo                         
0000555d  atoi                                      
000055a9  copy_in                                   
000055f5  HallEffect_Init                           
0000561d  HallEffect_Module_Read                    
00005641  GPIO_setAsPeripheralModuleFunctionInputPin
000056d1  __aeabi_d2iz                              
00005719  strncpy                                   
00005751  Interrupt_registerInterrupt               
00005785  GPIO_setAsInputPinWithPullUpResistor      
000057b5  __aeabi_i2d                               
000057e3  Buzzer_Init                               
000057f7  Buzzer_Module_SingleTone                  
00005803  Buzzer_Module_ToggleTone                  
00005811  GPIO_setAsInputPin                        
0000583d  FlashCtl_setWaitState                     
00005865  Proximity_Init                            
0000587b  Proximity_Module_Read                     
0000588d  CS_clearInterruptFlag                     
000058b1  GPIO_setAsOutputPin                       
000058d5  main                                      
000058f1  memccpy                                   
0000590d  CS_getACLK                                
00005925  CS_getMCLK                                
0000593d  CS_getSMCLK                               
00005955  GPIO_getInputPinValue                     
0000596d  GPIO_setOutputLowOnPin                    
00005985  WDT_A_holdTimer                           
0000599d  _args_main                                
000059b5  strchr                                    
000059cd  CS_setExternalClockSourceFrequency        
000059e1  GPIO_setOutputHighOnPin                   
000059f5  GPIO_toggleOutputOnPin                    
00005a09  _register_unlock                          
00005a0f  _register_lock                            
00005a17  _nop                                      
00005a1d  copysign                                  
00005a1d  copysignl                                 
00005a31  strcpy                                    
00005a45  strlen                                    
00005a59  SysCtl_disableNMISource                   
00005a69  SysCtl_enableNMISource                    
00005a79  __TI_decompress_none                      
00005a87  Reset_Handler                             
00005a93  ADC14_IRQHandler                          
00005a93  AES256_IRQHandler                         
00005a93  BusFault_Handler                          
00005a93  COMP_E0_IRQHandler                        
00005a93  COMP_E1_IRQHandler                        
00005a93  CS_IRQHandler                             
00005a93  DMA_ERR_IRQHandler                        
00005a93  DMA_INT0_IRQHandler                       
00005a93  DMA_INT1_IRQHandler                       
00005a93  DMA_INT2_IRQHandler                       
00005a93  DMA_INT3_IRQHandler                       
00005a93  DebugMon_Handler                          
00005a93  Default_Handler                           
00005a93  EUSCIA0_IRQHandler                        
00005a93  EUSCIA1_IRQHandler                        
00005a93  EUSCIA2_IRQHandler                        
00005a93  EUSCIA3_IRQHandler                        
00005a93  EUSCIB0_IRQHandler                        
00005a93  EUSCIB1_IRQHandler                        
00005a93  EUSCIB2_IRQHandler                        
00005a93  EUSCIB3_IRQHandler                        
00005a93  FLCTL_IRQHandler                          
00005a93  FPU_IRQHandler                            
00005a93  HardFault_Handler                         
00005a93  MemManage_Handler                         
00005a93  NMI_Handler                               
00005a93  PCM_IRQHandler                            
00005a93  PORT1_IRQHandler                          
00005a93  PORT2_IRQHandler                          
00005a93  PORT3_IRQHandler                          
00005a93  PORT4_IRQHandler                          
00005a93  PORT5_IRQHandler                          
00005a93  PORT6_IRQHandler                          
00005a93  PSS_IRQHandler                            
00005a93  PendSV_Handler                            
00005a93  RTC_C_IRQHandler                          
00005a93  SVC_Handler                               
00005a93  SysTick_Handler                           
00005a93  T32_INT1_IRQHandler                       
00005a93  T32_INT2_IRQHandler                       
00005a93  T32_INTC_IRQHandler                       
00005a93  TA0_N_IRQHandler                          
00005a93  TA1_0_IRQHandler                          
00005a93  TA1_N_IRQHandler                          
00005a93  TA2_0_IRQHandler                          
00005a93  TA2_N_IRQHandler                          
00005a93  TA3_0_IRQHandler                          
00005a93  TA3_N_IRQHandler                          
00005a93  UsageFault_Handler                        
00005a93  WDT_A_IRQHandler                          
00005a95  SysCtl_getNMISourceStatus                 
00005aa1  __TI_zero_init                            
00005aad  CS_startHFXT                              
00005ab3  _system_pre_init                          
00005fb3  dBfs                                      
000061b3  _ctypes_                                  
00006384  i2cConfig                                 
0000641c  __TI_Handler_Table_Base                   
00006428  __TI_Handler_Table_Limit                  
00006438  __TI_CINIT_Base                           
00006450  __TI_CINIT_Limit                          
20000000  g_pfnRAMVectors                           
200000e8  _sys_memory                               
200004e8  SensorReadings                            
20000590  ClockRegisters                            
200005e8  Message                                   
200005f8  KeypadState                               
200005fc  Messageindex                              
20000600  X                                         
20000604  Ymax                                      
20000608  Ymin                                      
2000060c  Yrange                                    
20000618  RefreshInterrupt                          
20000619  RefreshInterruptCounter                   
2000064c  StX                                       
20000650  StY                                       
20000654  StTextColor                               
2000065c  lastj                                     
20000660  __TI_cleanup_ptr                          
20000664  __TI_dtors_ptr                            
20000668  __TI_enable_exit_profile_output           
20000678  CurrentDigit                              
2000067c  SetTimeCounter                            
20000680  PreviousDigit                             
20000684  _lock                                     
20000688  _unlock                                   
2000068c  SetDateTime                               
20000698  errno                                     
2000069c  main_func_sp                              
200006a0  SystemCoreClock                           
2000fe00  __stack                                   
20010000  __STACK_END                               
4000480c  WDTCTL_SYM                                
ffffffff  __TI_pprof_out_hndl                       
ffffffff  __TI_prof_data_size                       
ffffffff  __TI_prof_data_start                      
ffffffff  __binit__                                 
ffffffff  __c_args__                                
ffffffff  binit                                     
UNDEFED   SHT$$INIT_ARRAY$$Base                     
UNDEFED   SHT$$INIT_ARRAY$$Limit                    

[274 symbols]
