******************************************************************************
                  TI ARM Linker PC v16.6.0                     
******************************************************************************
>> Linked Mon Dec 12 17:27:52 2016

OUTPUT FILE NAME:   <SecuritySystem.out>
ENTRY POINT SYMBOL: "_c_int00"  address: 00006715


MEMORY CONFIGURATION

         name            origin    length      used     unused   attr    fill
----------------------  --------  ---------  --------  --------  ----  --------
  MAIN                  00000000   00040000  0000787c  00038784  R  X
  INFO                  00200000   00004000  00000000  00004000  R  X
  SRAM_CODE             01000000   00010000  0000090d  0000f6f3  RW X
  SRAM_DATA             20000000   00010000  0000090d  0000f6f3  RW  


SEGMENT ALLOCATION MAP

run origin  load origin   length   init length attrs members
----------  ----------- ---------- ----------- ----- -------
00000000    00000000    00007880   00007880    r-x
  00000000    00000000    000000e4   000000e4    r-- .intvecs
  000000e4    000000e4    00006e0e   00006e0e    r-x .text
  00006ef4    00006ef4    000008fa   000008fa    r-- .const
  000077f0    000077f0    00000090   00000090    r-- .cinit
20000000    20000000    00000714   00000000    rw-
  20000000    20000000    000000e4   00000000    rw- .vtable
  200000e8    200000e8    00000400   00000000    rw- .sysmem
  200004e8    200004e8    000001a1   00000000    rw- .bss
  2000068c    2000068c    00000088   00000000    rw- .data
2000fe00    2000fe00    00000200   00000000    rw-
  2000fe00    2000fe00    00000200   00000000    rw- .stack


SECTION ALLOCATION MAP

 output                                  attributes/
section   page    origin      length       input sections
--------  ----  ----------  ----------   ----------------
.intvecs   0    00000000    000000e4     
                  00000000    000000e4     startup_msp432p401r_ccs.obj (.intvecs:retain)

.binit     0    00000000    00000000     

.text      0    000000e4    00006e0e     
                  000000e4    00001398     ST7735.obj (.text)
                  0000147c    00001142     rtsv7M4_T_le_v4SPD16_eabi.lib : _printfi.obj (.text)
                  000025be    00000002                                   : mpu_init.obj (.text)
                  000025c0    000010a4     Display.obj (.text)
                  00003664    00000598     MainSequence.obj (.text)
                  00003bfc    000003d0     rtsv7M4_T_le_v4SPD16_eabi.lib : memory.obj (.text)
                  00003fcc    000003b8     Alerts.obj (.text)
                  00004384    0000032c     system_msp432p401r.obj (.text)
                  000046b0    00000304     Keypad.obj (.text)
                  000049b4    000002b0     Wireless.obj (.text)
                  00004c64    00000290     RTC.obj (.text)
                  00004ef4    00000220     Motor.obj (.text)
                  00005114    000001f4     rtsv7M4_T_le_v4SPD16_eabi.lib : ull_div_t2.obj (.text)
                  00005308    000001b6                                   : fd_add_t2.obj (.text)
                  000054be    00000002                                   : startup.obj (.text)
                  000054c0    00000190     Flash.obj (.text)
                  00005650    00000136     rtsv7M4_T_le_v4SPD16_eabi.lib : fd_div_t2.obj (.text)
                  00005786    00000002     --HOLE-- [fill = 0]
                  00005788    00000124     UART.obj (.text)
                  000058ac    00000104     msp432p4xx_driverlib.lib : cs.o (.text:CS_getDCOFrequency)
                  000059b0    000000fc     rtsv7M4_T_le_v4SPD16_eabi.lib : fd_mul_t2.obj (.text)
                  00005aac    000000fc                                   : s_scalbn.obj (.text)
                  00005ba8    000000f2     RGB.obj (.text)
                  00005c9a    00000002     --HOLE-- [fill = 0]
                  00005c9c    000000f0     Clock.obj (.text)
                  00005d8c    000000e4     Startup.obj (.text)
                  00005e70    000000e0     msp432p4xx_driverlib.lib : cs.o (.text:CS_initClockSignal)
                  00005f50    000000a8     Buzzer.obj (.text)
                  00005ff8    0000009c     msp432p4xx_driverlib.lib : cs.o (.text:CS_startHFXTWithTimeout)
                  00006094    0000009c                              : cs.o (.text:_CSComputeCLKFrequency)
                  00006130    0000009c     rtsv7M4_T_le_v4SPD16_eabi.lib : memcpy_t2.obj (.text)
                  000061cc    00000098     AmbientLight.obj (.text)
                  00006264    00000086     rtsv7M4_T_le_v4SPD16_eabi.lib : fd_cmp_t2.obj (.text:__aeabi_cdcmple)
                  000062ea    00000086                                   : fd_cmp_t2.obj (.text:__aeabi_cdrcmple)
                  00006370    0000007a                                   : memset_t2.obj (.text)
                  000063ea    00000002     --HOLE-- [fill = 0]
                  000063ec    00000070     msp432p4xx_driverlib.lib : cs.o (.text:_CSGetHFXTFrequency)
                  0000645c    00000070     rtsv7M4_T_le_v4SPD16_eabi.lib : autoinit.obj (.text)
                  000064cc    00000068     ADC.obj (.text)
                  00006534    00000066     rtsv7M4_T_le_v4SPD16_eabi.lib : copy_decompress_lzss.obj (.text:decompress:lzss)
                  0000659a    00000002     --HOLE-- [fill = 0]
                  0000659c    00000064                                   : s_frexp.obj (.text)
                  00006600    00000060                                   : sprintf.obj (.text)
                  00006660    0000005c     I2C.obj (.text)
                  000066bc    00000056     rtsv7M4_T_le_v4SPD16_eabi.lib : ltoa.obj (.text)
                  00006712    00000002     --HOLE-- [fill = 0]
                  00006714    00000054                                   : boot.obj (.text)
                  00006768    00000054                                   : exit.obj (.text)
                  000067bc    00000050     msp432p4xx_driverlib.lib : sysctl.o (.text:SysCtl_getTLVInfo)
                  0000680c    0000004c                              : gpio.o (.text:GPIO_setAsPeripheralModuleFunctionOutputPin)
                  00006858    0000004c                              : cs.o (.text:_CSGetDOCFrequency)
                  000068a4    0000004c     rtsv7M4_T_le_v4SPD16_eabi.lib : atoi.obj (.text)
                  000068f0    0000004c                                   : cpy_tbl.obj (.text)
                  0000693c    0000004a     HallEffect.obj (.text)
                  00006986    00000002     --HOLE-- [fill = 0]
                  00006988    00000048     msp432p4xx_driverlib.lib : gpio.o (.text:GPIO_setAsPeripheralModuleFunctionInputPin)
                  000069d0    00000048                              : cs.o (.text:_CSGetDividerValue)
                  00006a18    00000048     rtsv7M4_T_le_v4SPD16_eabi.lib : fd_toi_t2.obj (.text)
                  00006a60    00000044                                   : fd_tou_t2.obj (.text)
                  00006aa4    00000036                                   : strncpy.obj (.text)
                  00006ada    00000002     --HOLE-- [fill = 0]
                  00006adc    00000034     msp432p4xx_driverlib.lib : interrupt.o (.text:Interrupt_registerInterrupt)
                  00006b10    00000034     rtsv7M4_T_le_v4SPD16_eabi.lib : strstr.obj (.text)
                  00006b44    00000030     msp432p4xx_driverlib.lib : gpio.o (.text:GPIO_setAsInputPinWithPullUpResistor)
                  00006b74    0000002e     rtsv7M4_T_le_v4SPD16_eabi.lib : i_tofd_t2.obj (.text)
                  00006ba2    00000002     --HOLE-- [fill = 0]
                  00006ba4    0000002c     msp432p4xx_driverlib.lib : gpio.o (.text:GPIO_setAsInputPin)
                  00006bd0    00000028                              : flash.o (.text:FlashCtl_setWaitState)
                  00006bf8    00000028     Proximity.obj (.text)
                  00006c20    00000024     msp432p4xx_driverlib.lib : cs.o (.text:CS_clearInterruptFlag)
                  00006c44    00000024                              : gpio.o (.text:GPIO_setAsOutputPin)
                  00006c68    00000024                              : uart.o (.text:UART_receiveData)
                  00006c8c    00000020                              : sysctl.o (.text:SysCtl_setWDTTimeoutResetType)
                  00006cac    00000020     rtsv7M4_T_le_v4SPD16_eabi.lib : u_tofd_t2.obj (.text)
                  00006ccc    0000001e     Watchdog.obj (.text)
                  00006cea    0000001c     rtsv7M4_T_le_v4SPD16_eabi.lib : memccpy.obj (.text)
                  00006d06    00000002     --HOLE-- [fill = 0]
                  00006d08    00000018     msp432p4xx_driverlib.lib : cs.o (.text:CS_getACLK)
                  00006d20    00000018                              : cs.o (.text:CS_getMCLK)
                  00006d38    00000018                              : cs.o (.text:CS_getSMCLK)
                  00006d50    00000018                              : gpio.o (.text:GPIO_getInputPinValue)
                  00006d68    00000018                              : gpio.o (.text:GPIO_setOutputLowOnPin)
                  00006d80    00000018                              : wdt_a.o (.text:WDT_A_clearTimer)
                  00006d98    00000018     main.obj (.text)
                  00006db0    00000018     rtsv7M4_T_le_v4SPD16_eabi.lib : args_main.obj (.text)
                  00006dc8    00000016                                   : strchr.obj (.text)
                  00006dde    00000002     --HOLE-- [fill = 0]
                  00006de0    00000014     msp432p4xx_driverlib.lib : cs.o (.text:CS_setExternalClockSourceFrequency)
                  00006df4    00000014                              : gpio.o (.text:GPIO_setOutputHighOnPin)
                  00006e08    00000014                              : gpio.o (.text:GPIO_toggleOutputOnPin)
                  00006e1c    00000014                              : wdt_a.o (.text:WDT_A_initWatchdogTimer)
                  00006e30    00000014                              : wdt_a.o (.text:WDT_A_startTimer)
                  00006e44    00000014     rtsv7M4_T_le_v4SPD16_eabi.lib : _lock.obj (.text)
                  00006e58    00000014                                   : s_copysign.obj (.text)
                  00006e6c    00000014                                   : strcpy.obj (.text)
                  00006e80    00000014                                   : strlen.obj (.text)
                  00006e94    00000010     msp432p4xx_driverlib.lib : sysctl.o (.text:SysCtl_disableNMISource)
                  00006ea4    00000010                              : sysctl.o (.text:SysCtl_enableNMISource)
                  00006eb4    0000000e     rtsv7M4_T_le_v4SPD16_eabi.lib : copy_decompress_none.obj (.text:decompress:none)
                  00006ec2    0000000e     startup_msp432p401r_ccs.obj (.text)
                  00006ed0    0000000c     msp432p4xx_driverlib.lib : sysctl.o (.text:SysCtl_getNMISourceStatus)
                  00006edc    0000000c     rtsv7M4_T_le_v4SPD16_eabi.lib : copy_zero_init.obj (.text:decompress:ZI)
                  00006ee8    00000006     msp432p4xx_driverlib.lib : cs.o (.text:CS_startHFXT)
                  00006eee    00000004     rtsv7M4_T_le_v4SPD16_eabi.lib : pre_init.obj (.text)

.const     0    00006ef4    000008fa     
                  00006ef4    000004fb     ST7735.obj (.const:.string:Font)
                  000073ef    00000200     ST7735.obj (.const:.string:dBfs)
                  000075ef    00000101     rtsv7M4_T_le_v4SPD16_eabi.lib : ctype.obj (.const:.string:_ctypes_)
                  000076f0    00000067     ST7735.obj (.const:.string:Bcmd)
                  00007757    0000003b     ST7735.obj (.const:.string:Rcmd1)
                  00007792    0000002b     ST7735.obj (.const:.string:Rcmd3)
                  000077bd    00000003     --HOLE-- [fill = 0]
                  000077c0    00000014     I2C.obj (.const:i2cConfig)
                  000077d4    0000000d     ST7735.obj (.const:.string:Rcmd2green)
                  000077e1    0000000d     ST7735.obj (.const:.string:Rcmd2red)

.cinit     0    000077f0    00000090     
                  000077f0    0000005a     (.cinit..data.load) [load image, compression = lzss]
                  0000784a    00000002     --HOLE-- [fill = 0]
                  0000784c    0000000c     (__TI_handler_table)
                  00007858    00000008     (.cinit..bss.load) [load image, compression = zero_init]
                  00007860    00000008     (.cinit..vtable.load) [load image, compression = zero_init]
                  00007868    00000018     (__TI_cinit_table)

.init_array 
*          0    00000000    00000000     UNINITIALIZED

.vtable    0    20000000    000000e4     UNINITIALIZED
                  20000000    000000e4     msp432p4xx_driverlib.lib : interrupt.o (.vtable)

.sysmem    0    200000e8    00000400     UNINITIALIZED
                  200000e8    00000008     rtsv7M4_T_le_v4SPD16_eabi.lib : memory.obj (.sysmem)
                  200000f0    000003f8     --HOLE--

.bss       0    200004e8    000001a1     UNINITIALIZED
                  200004e8    000000f8     (.common:SensorReadings)
                  200005e0    0000004c     (.common:ClockRegisters)
                  2000062c    00000020     Wireless.obj (.bss:Stream$1)
                  2000064c    0000000c     Startup.obj (.bss)
                  20000658    0000000c     (.common:Message)
                  20000664    00000004     ST7735.obj (.bss)
                  20000668    00000004     (.common:KeypadState)
                  2000066c    00000004     (.common:Messageindex)
                  20000670    00000004     (.common:X)
                  20000674    00000004     (.common:Ymax)
                  20000678    00000004     (.common:Ymin)
                  2000067c    00000004     (.common:Yrange)
                  20000680    00000004     (.common:hfxtFreq)
                  20000684    00000004     (.common:lfxtFreq)
                  20000688    00000001     (.common:RefreshInterrupt)

.data      0    2000068c    00000088     UNINITIALIZED
                  2000068c    00000030     msp432p4xx_driverlib.lib : gpio.o (.data:GPIO_PORT_TO_BASE)
                  200006bc    00000014     ST7735.obj (.data)
                  200006d0    0000000c     rtsv7M4_T_le_v4SPD16_eabi.lib : exit.obj (.data:$O1$$)
                  200006dc    0000000c                                   : memory.obj (.data:$O1$$)
                  200006e8    0000000c     MainSequence.obj (.data)
                  200006f4    00000008     rtsv7M4_T_le_v4SPD16_eabi.lib : _lock.obj (.data:$O1$$)
                  200006fc    00000006     MainSequence.obj (.data:SetDateTime)
                  20000702    00000004     Keypad.obj (.data)
                  20000706    00000001     Alerts.obj (.data)
                  20000707    00000001     --HOLE--
                  20000708    00000004     rtsv7M4_T_le_v4SPD16_eabi.lib : errno.obj (.data)
                  2000070c    00000004                                   : stkdepth_vars.obj (.data)
                  20000710    00000004     system_msp432p401r.obj (.data)

.stack     0    2000fe00    00000200     UNINITIALIZED
                  2000fe00    00000200     --HOLE--

MODULE SUMMARY

       Module                        code    ro data   rw data
       ------                        ----    -------   -------
    .\
       system_msp432p401r.obj        812     0         8      
       main.obj                      24      0         658    
       startup_msp432p401r_ccs.obj   14      228       0      
    +--+-----------------------------+-------+---------+---------+
       Total:                        850     228       666    
                                                              
    .\Modules\
       ST7735.obj                    5016    2018      112    
       Display.obj                   4260    0         0      
       Keypad.obj                    772     0         8      
       Wireless.obj                  688     0         64     
       RTC.obj                       656     0         0      
       Motor.obj                     544     0         0      
       Flash.obj                     400     0         0      
       RGB.obj                       242     0         0      
       Clock.obj                     240     0         0      
       Buzzer.obj                    168     0         0      
       AmbientLight.obj              152     0         0      
       HallEffect.obj                74      0         0      
       Proximity.obj                 40      0         0      
       Watchdog.obj                  30      0         0      
    +--+-----------------------------+-------+---------+---------+
       Total:                        13282   2018      184    
                                                              
    .\Protocols\
       UART.obj                      292     0         0      
       I2C.obj                       92      20        0      
       ADC.obj                       104     0         0      
    +--+-----------------------------+-------+---------+---------+
       Total:                        488     20        0      
                                                              
    .\Sequences\
       MainSequence.obj              1432    0         36     
       Alerts.obj                    952     0         2      
       Startup.obj                   228     0         24     
    +--+-----------------------------+-------+---------+---------+
       Total:                        2612    0         62     
                                                              
    ../msp432p4xx_driverlib.lib
       cs.o                          1190    0         16     
       interrupt.o                   52      0         456    
       gpio.o                        364     0         96     
       sysctl.o                      156     0         0      
       wdt_a.o                       64      0         0      
       flash.o                       40      0         0      
       uart.o                        36      0         0      
    +--+-----------------------------+-------+---------+---------+
       Total:                        1902    0         568    
                                                              
    C:\ti\ccsv6\tools\compiler\ti-cgt-arm_16.6.0.STS\lib\rtsv7M4_T_le_v4SPD16_eabi.lib
       _printfi.obj                  4418    0         0      
       memory.obj                    976     0         24     
       ull_div_t2.obj                500     0         0      
       fd_add_t2.obj                 438     0         0      
       fd_div_t2.obj                 310     0         0      
       fd_cmp_t2.obj                 268     0         0      
       ctype.obj                     0       257       0      
       fd_mul_t2.obj                 252     0         0      
       s_scalbn.obj                  252     0         0      
       memcpy_t2.obj                 156     0         0      
       memset_t2.obj                 122     0         0      
       autoinit.obj                  112     0         0      
       exit.obj                      84      0         24     
       copy_decompress_lzss.obj      102     0         0      
       s_frexp.obj                   100     0         0      
       sprintf.obj                   96      0         0      
       ltoa.obj                      86      0         0      
       boot.obj                      84      0         0      
       atoi.obj                      76      0         0      
       cpy_tbl.obj                   76      0         0      
       fd_toi_t2.obj                 72      0         0      
       fd_tou_t2.obj                 68      0         0      
       strncpy.obj                   54      0         0      
       strstr.obj                    52      0         0      
       i_tofd_t2.obj                 46      0         0      
       _lock.obj                     20      0         16     
       u_tofd_t2.obj                 32      0         0      
       memccpy.obj                   28      0         0      
       args_main.obj                 24      0         0      
       strchr.obj                    22      0         0      
       s_copysign.obj                20      0         0      
       strcpy.obj                    20      0         0      
       strlen.obj                    20      0         0      
       copy_decompress_none.obj      14      0         0      
       copy_zero_init.obj            12      0         0      
       errno.obj                     0       0         8      
       stkdepth_vars.obj             0       0         8      
       pre_init.obj                  4       0         0      
       mpu_init.obj                  2       0         0      
       startup.obj                   2       0         0      
    +--+-----------------------------+-------+---------+---------+
       Total:                        9020    257       80     
                                                              
       Heap:                         0       0         2048   
       Stack:                        0       0         1024   
       Linker Generated:             0       142       0      
    +--+-----------------------------+-------+---------+---------+
       Grand Total:                  28154   2665      4632   


LINKER GENERATED COPY TABLES

__TI_cinit_table @ 00007868 records: 3, size/record: 8, table size: 24
	.data: load addr=000077f0, load size=0000005a bytes, run addr=2000068c, run size=00000088 bytes, compression=lzss
	.bss: load addr=00007858, load size=00000008 bytes, run addr=200004e8, run size=000001a1 bytes, compression=zero_init
	.vtable: load addr=00007860, load size=00000008 bytes, run addr=20000000, run size=000000e4 bytes, compression=zero_init


LINKER GENERATED HANDLER TABLE

__TI_handler_table @ 0000784c records: 3, size/record: 4, table size: 12
	index: 0, handler: __TI_zero_init
	index: 1, handler: __TI_decompress_lzss
	index: 2, handler: __TI_decompress_none


GLOBAL SYMBOLS: SORTED ALPHABETICALLY BY Name 

address   name                                       
-------   ----                                       
00006ecf  ADC14_IRQHandler                           
000064cd  ADC_Init                                   
00006ecf  AES256_IRQHandler                          
00003fcd  Alerts                                     
000061cd  AmbientLight_Module_Init                   
000061e3  AmbientLight_Module_Read                   
00006ecf  BusFault_Handler                           
00005f51  Buzzer_Init                                
00005f8d  Buzzer_Module_Off                          
00005fb5  Buzzer_Module_On                           
00005fa9  Buzzer_Module_SingleTone                   
00005fc1  Buzzer_Module_ToggleTone                   
00006769  C$$EXIT                                    
00006ecf  COMP_E0_IRQHandler                         
00006ecf  COMP_E1_IRQHandler                         
00006ecf  CS_IRQHandler                              
00006c21  CS_clearInterruptFlag                      
00006d09  CS_getACLK                                 
000058ad  CS_getDCOFrequency                         
00006d21  CS_getMCLK                                 
00006d39  CS_getSMCLK                                
00005e71  CS_initClockSignal                         
00006de1  CS_setExternalClockSourceFrequency         
00006ee9  CS_startHFXT                               
00005ff9  CS_startHFXTWithTimeout                    
200005e0  ClockRegisters                             
00005c9d  Clock_Init                                 
00003421  ConvertBCDToString                         
200006ec  CurrentDigit                               
00006ecf  DMA_ERR_IRQHandler                         
00006ecf  DMA_INT0_IRQHandler                        
00006ecf  DMA_INT1_IRQHandler                        
00006ecf  DMA_INT2_IRQHandler                        
00006ecf  DMA_INT3_IRQHandler                        
00006ecf  DebugMon_Handler                           
00006ecf  Default_Handler                            
0000015b  Delay1ms                                   
000027ff  Display_Clear_Screen                       
0000340b  Display_Init                               
00002825  Display_Menu                               
00003395  Display_Module_ArmingScreen                
000035bd  Display_Module_Backlight                   
000025c1  Display_Module_DrawString                  
00002619  Display_Module_DrawStringWithMarquee       
000029dd  Display_Module_EnterPIN                    
00003553  Display_Module_GreenMessage                
0000267d  Display_Module_MainScreen                  
000034f7  Display_Module_Message                     
000035a1  Display_Module_RemoveWarning               
00002b29  Display_Module_SetPIN                      
00002c77  Display_Module_SetTime                     
000035f3  Display_Module_UpdateBacklight             
00002f25  Display_Module_ViewLogs                    
000034a9  Display_Module_Warning                     
0000345d  Display_Splash_Screen                      
00006ecf  EUSCIA0_IRQHandler                         
00006ecf  EUSCIA1_IRQHandler                         
00006ecf  EUSCIA2_IRQHandler                         
00006ecf  EUSCIA3_IRQHandler                         
00006ecf  EUSCIB0_IRQHandler                         
00006ecf  EUSCIB1_IRQHandler                         
00006ecf  EUSCIB2_IRQHandler                         
00006ecf  EUSCIB3_IRQHandler                         
00003b77  EqualPins                                  
00006ecf  FLCTL_IRQHandler                           
00006ecf  FPU_IRQHandler                             
00006bd1  FlashCtl_setWaitState                      
00005539  Flash_Module_PushDateTimeUp                
000055ad  Flash_Module_PushDateTimeUpTrigger         
000054c1  Flash_Module_Read                          
000054d5  Flash_Module_SaveToFlash                   
00006d51  GPIO_getInputPinValue                      
00006ba5  GPIO_setAsInputPin                         
00006b45  GPIO_setAsInputPinWithPullUpResistor       
00006c45  GPIO_setAsOutputPin                        
00006989  GPIO_setAsPeripheralModuleFunctionInputPin 
0000680d  GPIO_setAsPeripheralModuleFunctionOutputPin
00006df5  GPIO_setOutputHighOnPin                    
00006d69  GPIO_setOutputLowOnPin                     
00006e09  GPIO_toggleOutputOnPin                     
00003bb7  GatherSensorData                           
0000693d  HallEffect_Init                            
00006965  HallEffect_Module_Read                     
00006ecf  HardFault_Handler                          
00006661  I2C_Init                                   
00006add  Interrupt_registerInterrupt                
20000668  KeypadState                                
000047b7  Keypad_Debounce                            
00004915  Keypad_Execute                             
00004939  Keypad_ExecuteForPinEnter                  
000046b1  Keypad_Init                                
000048d9  Keypad_InsertKeyCombo                      
000047eb  Keypad_SaveButtonPress                     
000046c5  Keypad_Scan                                
00003665  Main_Sequence                              
00006ecf  MemManage_Handler                          
20000658  Message                                    
2000066c  Messageindex                               
00005001  Motor_RotateClockwise                      
00004ef5  Motor_RotateCounterClockwise               
00006ecf  NMI_Handler                                
0000141b  Output_Clear                               
00001435  Output_Color                               
0000140b  Output_Init                                
00001425  Output_Off                                 
0000142d  Output_On                                  
00006ecf  PCM_IRQHandler                             
00006ecf  PORT1_IRQHandler                           
00006ecf  PORT2_IRQHandler                           
00006ecf  PORT3_IRQHandler                           
00006ecf  PORT4_IRQHandler                           
00006ecf  PORT5_IRQHandler                           
00006ecf  PORT6_IRQHandler                           
00006ecf  PSS_IRQHandler                             
00004aa1  PatternCheck                               
00006ecf  PendSV_Handler                             
00006bf9  Proximity_Init                             
00006c0f  Proximity_Module_Read                      
00005ba9  RGB_Init                                   
00005be3  RGB_Module_SetColor                        
00005bd7  RGB_Module_Toggle                          
00006ecf  RTC_C_IRQHandler                           
00004d11  RTC_Module_Read                            
00004c65  RTC_Module_Write                           
20000688  RefreshInterrupt                           
00006ec3  Reset_Handler                              
UNDEFED   SHT$$INIT_ARRAY$$Base                      
UNDEFED   SHT$$INIT_ARRAY$$Limit                     
0000073d  ST7735_Color565                            
000007a1  ST7735_DrawBitmap                          
00000b11  ST7735_DrawChar                            
0000099d  ST7735_DrawCharS                           
00000535  ST7735_DrawFastHLine                       
00000477  ST7735_DrawFastVLine                       
0000041d  ST7735_DrawPixel                           
00000c81  ST7735_DrawString                          
00000631  ST7735_FillRect                            
000005ed  ST7735_FillScreen                          
000002e9  ST7735_InitB                               
00000309  ST7735_InitR                               
00000eb3  ST7735_InvertDisplay                       
000012f1  ST7735_OutChar                             
000013ad  ST7735_OutString                           
00000d6d  ST7735_OutUDec                             
000011fd  ST7735_PlotBar                             
00000ecb  ST7735_PlotClear                           
00000fed  ST7735_PlotLine                            
0000129d  ST7735_PlotNext                            
000012b7  ST7735_PlotNextErase                       
00000f27  ST7735_PlotPoint                           
00001127  ST7735_PlotPoints                          
00001253  ST7735_PlotdBfs                            
00000d47  ST7735_SetCursor                           
00000de9  ST7735_SetRotation                         
000013cb  ST7735_SetTextColor                        
00000771  ST7735_SwapColor                           
00006ecf  SVC_Handler                                
00004a01  SendPostRequest                            
200004e8  SensorReadings                             
200006fc  SetDateTime                                
200006e8  SetTimeCounter                             
200006c4  StTextColor                                
200006bc  StX                                        
200006c0  StY                                        
00005d8d  Startup_Sequence                           
00006e95  SysCtl_disableNMISource                    
00006ea5  SysCtl_enableNMISource                     
00006ed1  SysCtl_getNMISourceStatus                  
000067bd  SysCtl_getTLVInfo                          
00006c8d  SysCtl_setWDTTimeoutResetType              
00006ecf  SysTick_Handler                            
00005d25  SysTick_Init                               
00005d41  SysTick_delay                              
20000710  SystemCoreClock                            
00004385  SystemCoreClockUpdate                      
000045f9  SystemInit                                 
00006ecf  T32_INT1_IRQHandler                        
00006ecf  T32_INT2_IRQHandler                        
00006ecf  T32_INTC_IRQHandler                        
00003b65  TA0_0_IRQHandler                           
00003b65  TA0_0_IRQHandler                           
00006ecf  TA0_N_IRQHandler                           
00006ecf  TA1_0_IRQHandler                           
00006ecf  TA1_N_IRQHandler                           
00006ecf  TA2_0_IRQHandler                           
00006ecf  TA2_N_IRQHandler                           
00006ecf  TA3_0_IRQHandler                           
00006ecf  TA3_N_IRQHandler                           
00005789  UART_Init                                  
000057cf  UART_OutChar                               
00005817  UART_OutString                             
00006c69  UART_receiveData                           
00006ecf  UsageFault_Handler                         
4000480c  WDTCTL_SYM                                 
00006ecf  WDT_A_IRQHandler                           
00006d81  WDT_A_clearTimer                           
00006e1d  WDT_A_initWatchdogTimer                    
00006c8d  WDT_A_setTimeoutReset                      
00006e31  WDT_A_startTimer                           
00006ce3  Watchdog_Clear                             
00006ccd  Watchdog_Init                              
00005807  WireLess_In                                
000057eb  WireLess_Out                               
00005849  WireLess_OutString                         
000049b5  Wireless_Init                              
20000670  X                                          
20000674  Ymax                                       
20000678  Ymin                                       
2000067c  Yrange                                     
20010000  __STACK_END                                
00000200  __STACK_SIZE                               
00000400  __SYSMEM_SIZE                              
00007868  __TI_CINIT_Base                            
00007880  __TI_CINIT_Limit                           
0000784c  __TI_Handler_Table_Base                    
00007858  __TI_Handler_Table_Limit                   
0000645d  __TI_auto_init                             
200006d0  __TI_cleanup_ptr                           
00006535  __TI_decompress_lzss                       
00006eb5  __TI_decompress_none                       
200006d4  __TI_dtors_ptr                             
200006d8  __TI_enable_exit_profile_output            
ffffffff  __TI_pprof_out_hndl                        
00001cc5  __TI_printfi                               
ffffffff  __TI_prof_data_size                        
ffffffff  __TI_prof_data_start                       
00000000  __TI_static_base__                         
00006edd  __TI_zero_init                             
00006265  __aeabi_cdcmpeq                            
00006265  __aeabi_cdcmple                            
000062eb  __aeabi_cdrcmple                           
00006a19  __aeabi_d2iz                               
00006a61  __aeabi_d2uiz                              
00005313  __aeabi_dadd                               
00005651  __aeabi_ddiv                               
000059b1  __aeabi_dmul                               
00005309  __aeabi_dsub                               
00006b75  __aeabi_i2d                                
00006371  __aeabi_memclr                             
00006371  __aeabi_memclr4                            
00006371  __aeabi_memclr8                            
00006131  __aeabi_memcpy                             
00006131  __aeabi_memcpy4                            
00006131  __aeabi_memcpy8                            
00006373  __aeabi_memset                             
00006373  __aeabi_memset4                            
00006373  __aeabi_memset8                            
00006cad  __aeabi_ui2d                               
00005115  __aeabi_uldivmod                           
ffffffff  __binit__                                  
ffffffff  __c_args__                                 
000025bf  __mpu_init                                 
2000fe00  __stack                                    
00006db1  _args_main                                 
00006715  _c_int00                                   
000075ef  _ctypes_                                   
200006f4  _lock                                      
00006e53  _nop                                       
00006e4b  _register_lock                             
00006e45  _register_unlock                           
200000e8  _sys_memory                                
000054bf  _system_post_cinit                         
00006eef  _system_pre_init                           
200006f8  _unlock                                    
0000676d  abort                                      
000068a5  atoi                                       
ffffffff  binit                                      
00003f9d  calloc                                     
000068f1  copy_in                                    
00006e59  copysign                                   
00006e59  copysignl                                  
000073ef  dBfs                                       
20000708  errno                                      
00006775  exit                                       
000013fd  ferror                                     
000013f1  fgetc                                      
00000d05  fillmessage                                
000013df  fputc                                      
00003ce7  free                                       
0000659d  frexp                                      
0000659d  frexpl                                     
20000000  g_pfnRAMVectors                            
000077c0  i2cConfig                                  
00000000  interruptVectors                           
200006cc  lastj                                      
00005aad  ldexp                                      
00005aad  ldexpl                                     
000066bd  ltoa                                       
00006d99  main                                       
2000070c  main_func_sp                               
00003c7d  malloc                                     
00003eb1  memalign                                   
00006ceb  memccpy                                    
00006131  memcpy                                     
00006379  memset                                     
00003bfd  minit                                      
0000014d  parrotdelay                                
00003da9  realloc                                    
00005aad  scalbn                                     
00005aad  scalbnl                                    
00006601  sprintf                                    
00006dc9  strchr                                     
00006e6d  strcpy                                     
00006e81  strlen                                     
00006aa5  strncpy                                    
00006b11  strstr                                     


GLOBAL SYMBOLS: SORTED BY Symbol Address 

address   name                                       
-------   ----                                       
00000000  __TI_static_base__                         
00000000  interruptVectors                           
0000014d  parrotdelay                                
0000015b  Delay1ms                                   
00000200  __STACK_SIZE                               
000002e9  ST7735_InitB                               
00000309  ST7735_InitR                               
00000400  __SYSMEM_SIZE                              
0000041d  ST7735_DrawPixel                           
00000477  ST7735_DrawFastVLine                       
00000535  ST7735_DrawFastHLine                       
000005ed  ST7735_FillScreen                          
00000631  ST7735_FillRect                            
0000073d  ST7735_Color565                            
00000771  ST7735_SwapColor                           
000007a1  ST7735_DrawBitmap                          
0000099d  ST7735_DrawCharS                           
00000b11  ST7735_DrawChar                            
00000c81  ST7735_DrawString                          
00000d05  fillmessage                                
00000d47  ST7735_SetCursor                           
00000d6d  ST7735_OutUDec                             
00000de9  ST7735_SetRotation                         
00000eb3  ST7735_InvertDisplay                       
00000ecb  ST7735_PlotClear                           
00000f27  ST7735_PlotPoint                           
00000fed  ST7735_PlotLine                            
00001127  ST7735_PlotPoints                          
000011fd  ST7735_PlotBar                             
00001253  ST7735_PlotdBfs                            
0000129d  ST7735_PlotNext                            
000012b7  ST7735_PlotNextErase                       
000012f1  ST7735_OutChar                             
000013ad  ST7735_OutString                           
000013cb  ST7735_SetTextColor                        
000013df  fputc                                      
000013f1  fgetc                                      
000013fd  ferror                                     
0000140b  Output_Init                                
0000141b  Output_Clear                               
00001425  Output_Off                                 
0000142d  Output_On                                  
00001435  Output_Color                               
00001cc5  __TI_printfi                               
000025bf  __mpu_init                                 
000025c1  Display_Module_DrawString                  
00002619  Display_Module_DrawStringWithMarquee       
0000267d  Display_Module_MainScreen                  
000027ff  Display_Clear_Screen                       
00002825  Display_Menu                               
000029dd  Display_Module_EnterPIN                    
00002b29  Display_Module_SetPIN                      
00002c77  Display_Module_SetTime                     
00002f25  Display_Module_ViewLogs                    
00003395  Display_Module_ArmingScreen                
0000340b  Display_Init                               
00003421  ConvertBCDToString                         
0000345d  Display_Splash_Screen                      
000034a9  Display_Module_Warning                     
000034f7  Display_Module_Message                     
00003553  Display_Module_GreenMessage                
000035a1  Display_Module_RemoveWarning               
000035bd  Display_Module_Backlight                   
000035f3  Display_Module_UpdateBacklight             
00003665  Main_Sequence                              
00003b65  TA0_0_IRQHandler                           
00003b65  TA0_0_IRQHandler                           
00003b77  EqualPins                                  
00003bb7  GatherSensorData                           
00003bfd  minit                                      
00003c7d  malloc                                     
00003ce7  free                                       
00003da9  realloc                                    
00003eb1  memalign                                   
00003f9d  calloc                                     
00003fcd  Alerts                                     
00004385  SystemCoreClockUpdate                      
000045f9  SystemInit                                 
000046b1  Keypad_Init                                
000046c5  Keypad_Scan                                
000047b7  Keypad_Debounce                            
000047eb  Keypad_SaveButtonPress                     
000048d9  Keypad_InsertKeyCombo                      
00004915  Keypad_Execute                             
00004939  Keypad_ExecuteForPinEnter                  
000049b5  Wireless_Init                              
00004a01  SendPostRequest                            
00004aa1  PatternCheck                               
00004c65  RTC_Module_Write                           
00004d11  RTC_Module_Read                            
00004ef5  Motor_RotateCounterClockwise               
00005001  Motor_RotateClockwise                      
00005115  __aeabi_uldivmod                           
00005309  __aeabi_dsub                               
00005313  __aeabi_dadd                               
000054bf  _system_post_cinit                         
000054c1  Flash_Module_Read                          
000054d5  Flash_Module_SaveToFlash                   
00005539  Flash_Module_PushDateTimeUp                
000055ad  Flash_Module_PushDateTimeUpTrigger         
00005651  __aeabi_ddiv                               
00005789  UART_Init                                  
000057cf  UART_OutChar                               
000057eb  WireLess_Out                               
00005807  WireLess_In                                
00005817  UART_OutString                             
00005849  WireLess_OutString                         
000058ad  CS_getDCOFrequency                         
000059b1  __aeabi_dmul                               
00005aad  ldexp                                      
00005aad  ldexpl                                     
00005aad  scalbn                                     
00005aad  scalbnl                                    
00005ba9  RGB_Init                                   
00005bd7  RGB_Module_Toggle                          
00005be3  RGB_Module_SetColor                        
00005c9d  Clock_Init                                 
00005d25  SysTick_Init                               
00005d41  SysTick_delay                              
00005d8d  Startup_Sequence                           
00005e71  CS_initClockSignal                         
00005f51  Buzzer_Init                                
00005f8d  Buzzer_Module_Off                          
00005fa9  Buzzer_Module_SingleTone                   
00005fb5  Buzzer_Module_On                           
00005fc1  Buzzer_Module_ToggleTone                   
00005ff9  CS_startHFXTWithTimeout                    
00006131  __aeabi_memcpy                             
00006131  __aeabi_memcpy4                            
00006131  __aeabi_memcpy8                            
00006131  memcpy                                     
000061cd  AmbientLight_Module_Init                   
000061e3  AmbientLight_Module_Read                   
00006265  __aeabi_cdcmpeq                            
00006265  __aeabi_cdcmple                            
000062eb  __aeabi_cdrcmple                           
00006371  __aeabi_memclr                             
00006371  __aeabi_memclr4                            
00006371  __aeabi_memclr8                            
00006373  __aeabi_memset                             
00006373  __aeabi_memset4                            
00006373  __aeabi_memset8                            
00006379  memset                                     
0000645d  __TI_auto_init                             
000064cd  ADC_Init                                   
00006535  __TI_decompress_lzss                       
0000659d  frexp                                      
0000659d  frexpl                                     
00006601  sprintf                                    
00006661  I2C_Init                                   
000066bd  ltoa                                       
00006715  _c_int00                                   
00006769  C$$EXIT                                    
0000676d  abort                                      
00006775  exit                                       
000067bd  SysCtl_getTLVInfo                          
0000680d  GPIO_setAsPeripheralModuleFunctionOutputPin
000068a5  atoi                                       
000068f1  copy_in                                    
0000693d  HallEffect_Init                            
00006965  HallEffect_Module_Read                     
00006989  GPIO_setAsPeripheralModuleFunctionInputPin 
00006a19  __aeabi_d2iz                               
00006a61  __aeabi_d2uiz                              
00006aa5  strncpy                                    
00006add  Interrupt_registerInterrupt                
00006b11  strstr                                     
00006b45  GPIO_setAsInputPinWithPullUpResistor       
00006b75  __aeabi_i2d                                
00006ba5  GPIO_setAsInputPin                         
00006bd1  FlashCtl_setWaitState                      
00006bf9  Proximity_Init                             
00006c0f  Proximity_Module_Read                      
00006c21  CS_clearInterruptFlag                      
00006c45  GPIO_setAsOutputPin                        
00006c69  UART_receiveData                           
00006c8d  SysCtl_setWDTTimeoutResetType              
00006c8d  WDT_A_setTimeoutReset                      
00006cad  __aeabi_ui2d                               
00006ccd  Watchdog_Init                              
00006ce3  Watchdog_Clear                             
00006ceb  memccpy                                    
00006d09  CS_getACLK                                 
00006d21  CS_getMCLK                                 
00006d39  CS_getSMCLK                                
00006d51  GPIO_getInputPinValue                      
00006d69  GPIO_setOutputLowOnPin                     
00006d81  WDT_A_clearTimer                           
00006d99  main                                       
00006db1  _args_main                                 
00006dc9  strchr                                     
00006de1  CS_setExternalClockSourceFrequency         
00006df5  GPIO_setOutputHighOnPin                    
00006e09  GPIO_toggleOutputOnPin                     
00006e1d  WDT_A_initWatchdogTimer                    
00006e31  WDT_A_startTimer                           
00006e45  _register_unlock                           
00006e4b  _register_lock                             
00006e53  _nop                                       
00006e59  copysign                                   
00006e59  copysignl                                  
00006e6d  strcpy                                     
00006e81  strlen                                     
00006e95  SysCtl_disableNMISource                    
00006ea5  SysCtl_enableNMISource                     
00006eb5  __TI_decompress_none                       
00006ec3  Reset_Handler                              
00006ecf  ADC14_IRQHandler                           
00006ecf  AES256_IRQHandler                          
00006ecf  BusFault_Handler                           
00006ecf  COMP_E0_IRQHandler                         
00006ecf  COMP_E1_IRQHandler                         
00006ecf  CS_IRQHandler                              
00006ecf  DMA_ERR_IRQHandler                         
00006ecf  DMA_INT0_IRQHandler                        
00006ecf  DMA_INT1_IRQHandler                        
00006ecf  DMA_INT2_IRQHandler                        
00006ecf  DMA_INT3_IRQHandler                        
00006ecf  DebugMon_Handler                           
00006ecf  Default_Handler                            
00006ecf  EUSCIA0_IRQHandler                         
00006ecf  EUSCIA1_IRQHandler                         
00006ecf  EUSCIA2_IRQHandler                         
00006ecf  EUSCIA3_IRQHandler                         
00006ecf  EUSCIB0_IRQHandler                         
00006ecf  EUSCIB1_IRQHandler                         
00006ecf  EUSCIB2_IRQHandler                         
00006ecf  EUSCIB3_IRQHandler                         
00006ecf  FLCTL_IRQHandler                           
00006ecf  FPU_IRQHandler                             
00006ecf  HardFault_Handler                          
00006ecf  MemManage_Handler                          
00006ecf  NMI_Handler                                
00006ecf  PCM_IRQHandler                             
00006ecf  PORT1_IRQHandler                           
00006ecf  PORT2_IRQHandler                           
00006ecf  PORT3_IRQHandler                           
00006ecf  PORT4_IRQHandler                           
00006ecf  PORT5_IRQHandler                           
00006ecf  PORT6_IRQHandler                           
00006ecf  PSS_IRQHandler                             
00006ecf  PendSV_Handler                             
00006ecf  RTC_C_IRQHandler                           
00006ecf  SVC_Handler                                
00006ecf  SysTick_Handler                            
00006ecf  T32_INT1_IRQHandler                        
00006ecf  T32_INT2_IRQHandler                        
00006ecf  T32_INTC_IRQHandler                        
00006ecf  TA0_N_IRQHandler                           
00006ecf  TA1_0_IRQHandler                           
00006ecf  TA1_N_IRQHandler                           
00006ecf  TA2_0_IRQHandler                           
00006ecf  TA2_N_IRQHandler                           
00006ecf  TA3_0_IRQHandler                           
00006ecf  TA3_N_IRQHandler                           
00006ecf  UsageFault_Handler                         
00006ecf  WDT_A_IRQHandler                           
00006ed1  SysCtl_getNMISourceStatus                  
00006edd  __TI_zero_init                             
00006ee9  CS_startHFXT                               
00006eef  _system_pre_init                           
000073ef  dBfs                                       
000075ef  _ctypes_                                   
000077c0  i2cConfig                                  
0000784c  __TI_Handler_Table_Base                    
00007858  __TI_Handler_Table_Limit                   
00007868  __TI_CINIT_Base                            
00007880  __TI_CINIT_Limit                           
20000000  g_pfnRAMVectors                            
200000e8  _sys_memory                                
200004e8  SensorReadings                             
200005e0  ClockRegisters                             
20000658  Message                                    
20000668  KeypadState                                
2000066c  Messageindex                               
20000670  X                                          
20000674  Ymax                                       
20000678  Ymin                                       
2000067c  Yrange                                     
20000688  RefreshInterrupt                           
200006bc  StX                                        
200006c0  StY                                        
200006c4  StTextColor                                
200006cc  lastj                                      
200006d0  __TI_cleanup_ptr                           
200006d4  __TI_dtors_ptr                             
200006d8  __TI_enable_exit_profile_output            
200006e8  SetTimeCounter                             
200006ec  CurrentDigit                               
200006f4  _lock                                      
200006f8  _unlock                                    
200006fc  SetDateTime                                
20000708  errno                                      
2000070c  main_func_sp                               
20000710  SystemCoreClock                            
2000fe00  __stack                                    
20010000  __STACK_END                                
4000480c  WDTCTL_SYM                                 
ffffffff  __TI_pprof_out_hndl                        
ffffffff  __TI_prof_data_size                        
ffffffff  __TI_prof_data_start                       
ffffffff  __binit__                                  
ffffffff  __c_args__                                 
ffffffff  binit                                      
UNDEFED   SHT$$INIT_ARRAY$$Base                      
UNDEFED   SHT$$INIT_ARRAY$$Limit                     

[306 symbols]
