******************************************************************************
                  TI ARM Linker PC v16.6.0                     
******************************************************************************
>> Linked Thu Dec 08 19:23:38 2016

OUTPUT FILE NAME:   <SecuritySystem.out>
ENTRY POINT SYMBOL: "_c_int00"  address: 00006751


MEMORY CONFIGURATION

         name            origin    length      used     unused   attr    fill
----------------------  --------  ---------  --------  --------  ----  --------
  MAIN                  00000000   00040000  000078e0  00038720  R  X
  INFO                  00200000   00004000  00000000  00004000  R  X
  SRAM_CODE             01000000   00010000  00000911  0000f6ef  RW X
  SRAM_DATA             20000000   00010000  00000911  0000f6ef  RW  


SEGMENT ALLOCATION MAP

run origin  load origin   length   init length attrs members
----------  ----------- ---------- ----------- ----- -------
00000000    00000000    000078e8   000078e8    r-x
  00000000    00000000    000000e4   000000e4    r-- .intvecs
  000000e4    000000e4    00006e66   00006e66    r-x .text
  00006f4c    00006f4c    00000906   00000906    r-- .const
  00007858    00007858    00000090   00000090    r-- .cinit
20000000    20000000    00000718   00000000    rw-
  20000000    20000000    000000e4   00000000    rw- .vtable
  200000e8    200000e8    00000400   00000000    rw- .sysmem
  200004e8    200004e8    000001a1   00000000    rw- .bss
  2000068c    2000068c    0000008c   00000000    rw- .data
2000fe00    2000fe00    00000200   00000000    rw-
  2000fe00    2000fe00    00000200   00000000    rw- .stack


SECTION ALLOCATION MAP

 output                                  attributes/
section   page    origin      length       input sections
--------  ----  ----------  ----------   ----------------
.intvecs   0    00000000    000000e4     
                  00000000    000000e4     startup_msp432p401r_ccs.obj (.intvecs:retain)

.binit     0    00000000    00000000     

.text      0    000000e4    00006e66     
                  000000e4    00001398     ST7735.obj (.text)
                  0000147c    00001142     rtsv7M4_T_le_v4SPD16_eabi.lib : _printfi.obj (.text)
                  000025be    00000002                                   : mpu_init.obj (.text)
                  000025c0    000010c8     Display.obj (.text)
                  00003688    000005a0     MainSequence.obj (.text)
                  00003c28    000003d0     rtsv7M4_T_le_v4SPD16_eabi.lib : memory.obj (.text)
                  00003ff8    000003c0     Alerts.obj (.text)
                  000043b8    0000032c     system_msp432p401r.obj (.text)
                  000046e4    00000300     Keypad.obj (.text)
                  000049e4    000002b0     Wireless.obj (.text)
                  00004c94    00000290     RTC.obj (.text)
                  00004f24    00000220     Motor.obj (.text)
                  00005144    000001f4     rtsv7M4_T_le_v4SPD16_eabi.lib : ull_div_t2.obj (.text)
                  00005338    000001b6                                   : fd_add_t2.obj (.text)
                  000054ee    00000002                                   : startup.obj (.text)
                  000054f0    00000190     Flash.obj (.text)
                  00005680    00000136     rtsv7M4_T_le_v4SPD16_eabi.lib : fd_div_t2.obj (.text)
                  000057b6    00000002     --HOLE-- [fill = 0]
                  000057b8    00000124     UART.obj (.text)
                  000058dc    00000104     msp432p4xx_driverlib.lib : cs.o (.text:CS_getDCOFrequency)
                  000059e0    000000fc     rtsv7M4_T_le_v4SPD16_eabi.lib : fd_mul_t2.obj (.text)
                  00005adc    000000fc                                   : s_scalbn.obj (.text)
                  00005bd8    000000f2     RGB.obj (.text)
                  00005cca    00000002     --HOLE-- [fill = 0]
                  00005ccc    000000f0     Clock.obj (.text)
                  00005dbc    000000ec     Startup.obj (.text)
                  00005ea8    000000e0     msp432p4xx_driverlib.lib : cs.o (.text:CS_initClockSignal)
                  00005f88    000000ac     Buzzer.obj (.text)
                  00006034    0000009c     msp432p4xx_driverlib.lib : cs.o (.text:CS_startHFXTWithTimeout)
                  000060d0    0000009c                              : cs.o (.text:_CSComputeCLKFrequency)
                  0000616c    0000009c     rtsv7M4_T_le_v4SPD16_eabi.lib : memcpy_t2.obj (.text)
                  00006208    00000098     AmbientLight.obj (.text)
                  000062a0    00000086     rtsv7M4_T_le_v4SPD16_eabi.lib : fd_cmp_t2.obj (.text:__aeabi_cdcmple)
                  00006326    00000086                                   : fd_cmp_t2.obj (.text:__aeabi_cdrcmple)
                  000063ac    0000007a                                   : memset_t2.obj (.text)
                  00006426    00000002     --HOLE-- [fill = 0]
                  00006428    00000070     msp432p4xx_driverlib.lib : cs.o (.text:_CSGetHFXTFrequency)
                  00006498    00000070     rtsv7M4_T_le_v4SPD16_eabi.lib : autoinit.obj (.text)
                  00006508    00000068     ADC.obj (.text)
                  00006570    00000066     rtsv7M4_T_le_v4SPD16_eabi.lib : copy_decompress_lzss.obj (.text:decompress:lzss)
                  000065d6    00000002     --HOLE-- [fill = 0]
                  000065d8    00000064                                   : s_frexp.obj (.text)
                  0000663c    00000060                                   : sprintf.obj (.text)
                  0000669c    0000005c     I2C.obj (.text)
                  000066f8    00000056     rtsv7M4_T_le_v4SPD16_eabi.lib : ltoa.obj (.text)
                  0000674e    00000002     --HOLE-- [fill = 0]
                  00006750    00000054                                   : boot.obj (.text)
                  000067a4    00000054                                   : exit.obj (.text)
                  000067f8    00000050     msp432p4xx_driverlib.lib : sysctl.o (.text:SysCtl_getTLVInfo)
                  00006848    0000004c                              : gpio.o (.text:GPIO_setAsPeripheralModuleFunctionOutputPin)
                  00006894    0000004c                              : cs.o (.text:_CSGetDOCFrequency)
                  000068e0    0000004c     rtsv7M4_T_le_v4SPD16_eabi.lib : atoi.obj (.text)
                  0000692c    0000004c                                   : cpy_tbl.obj (.text)
                  00006978    0000004a     HallEffect.obj (.text)
                  000069c2    00000002     --HOLE-- [fill = 0]
                  000069c4    00000048     msp432p4xx_driverlib.lib : gpio.o (.text:GPIO_setAsPeripheralModuleFunctionInputPin)
                  00006a0c    00000048                              : cs.o (.text:_CSGetDividerValue)
                  00006a54    00000048     rtsv7M4_T_le_v4SPD16_eabi.lib : fd_toi_t2.obj (.text)
                  00006a9c    00000044                                   : fd_tou_t2.obj (.text)
                  00006ae0    00000036                                   : strncpy.obj (.text)
                  00006b16    00000002     --HOLE-- [fill = 0]
                  00006b18    00000034     msp432p4xx_driverlib.lib : interrupt.o (.text:Interrupt_registerInterrupt)
                  00006b4c    00000034     rtsv7M4_T_le_v4SPD16_eabi.lib : strstr.obj (.text)
                  00006b80    00000030     msp432p4xx_driverlib.lib : gpio.o (.text:GPIO_setAsInputPinWithPullUpResistor)
                  00006bb0    0000002e     rtsv7M4_T_le_v4SPD16_eabi.lib : i_tofd_t2.obj (.text)
                  00006bde    00000002     --HOLE-- [fill = 0]
                  00006be0    0000002c     msp432p4xx_driverlib.lib : gpio.o (.text:GPIO_setAsInputPin)
                  00006c0c    00000028                              : flash.o (.text:FlashCtl_setWaitState)
                  00006c34    00000028     Proximity.obj (.text)
                  00006c5c    00000024     msp432p4xx_driverlib.lib : cs.o (.text:CS_clearInterruptFlag)
                  00006c80    00000024                              : gpio.o (.text:GPIO_setAsOutputPin)
                  00006ca4    00000024                              : uart.o (.text:UART_receiveData)
                  00006cc8    00000020                              : sysctl.o (.text:SysCtl_setWDTTimeoutResetType)
                  00006ce8    00000020     rtsv7M4_T_le_v4SPD16_eabi.lib : u_tofd_t2.obj (.text)
                  00006d08    0000001e     Watchdog.obj (.text)
                  00006d26    00000002     --HOLE-- [fill = 0]
                  00006d28    0000001c     main.obj (.text)
                  00006d44    0000001c     rtsv7M4_T_le_v4SPD16_eabi.lib : memccpy.obj (.text)
                  00006d60    00000018     msp432p4xx_driverlib.lib : cs.o (.text:CS_getACLK)
                  00006d78    00000018                              : cs.o (.text:CS_getMCLK)
                  00006d90    00000018                              : cs.o (.text:CS_getSMCLK)
                  00006da8    00000018                              : gpio.o (.text:GPIO_getInputPinValue)
                  00006dc0    00000018                              : gpio.o (.text:GPIO_setOutputLowOnPin)
                  00006dd8    00000018                              : wdt_a.o (.text:WDT_A_clearTimer)
                  00006df0    00000018                              : wdt_a.o (.text:WDT_A_holdTimer)
                  00006e08    00000018     rtsv7M4_T_le_v4SPD16_eabi.lib : args_main.obj (.text)
                  00006e20    00000016                                   : strchr.obj (.text)
                  00006e36    00000002     --HOLE-- [fill = 0]
                  00006e38    00000014     msp432p4xx_driverlib.lib : cs.o (.text:CS_setExternalClockSourceFrequency)
                  00006e4c    00000014                              : gpio.o (.text:GPIO_setOutputHighOnPin)
                  00006e60    00000014                              : gpio.o (.text:GPIO_toggleOutputOnPin)
                  00006e74    00000014                              : wdt_a.o (.text:WDT_A_initWatchdogTimer)
                  00006e88    00000014                              : wdt_a.o (.text:WDT_A_startTimer)
                  00006e9c    00000014     rtsv7M4_T_le_v4SPD16_eabi.lib : _lock.obj (.text)
                  00006eb0    00000014                                   : s_copysign.obj (.text)
                  00006ec4    00000014                                   : strcpy.obj (.text)
                  00006ed8    00000014                                   : strlen.obj (.text)
                  00006eec    00000010     msp432p4xx_driverlib.lib : sysctl.o (.text:SysCtl_disableNMISource)
                  00006efc    00000010                              : sysctl.o (.text:SysCtl_enableNMISource)
                  00006f0c    0000000e     rtsv7M4_T_le_v4SPD16_eabi.lib : copy_decompress_none.obj (.text:decompress:none)
                  00006f1a    0000000e     startup_msp432p401r_ccs.obj (.text)
                  00006f28    0000000c     msp432p4xx_driverlib.lib : sysctl.o (.text:SysCtl_getNMISourceStatus)
                  00006f34    0000000c     rtsv7M4_T_le_v4SPD16_eabi.lib : copy_zero_init.obj (.text:decompress:ZI)
                  00006f40    00000006     msp432p4xx_driverlib.lib : cs.o (.text:CS_startHFXT)
                  00006f46    00000004     rtsv7M4_T_le_v4SPD16_eabi.lib : pre_init.obj (.text)

.const     0    00006f4c    00000906     
                  00006f4c    000004fb     ST7735.obj (.const:.string:Font)
                  00007447    00000200     ST7735.obj (.const:.string:dBfs)
                  00007647    00000101     rtsv7M4_T_le_v4SPD16_eabi.lib : ctype.obj (.const:.string:_ctypes_)
                  00007748    00000067     ST7735.obj (.const:.string:Bcmd)
                  000077af    0000003b     ST7735.obj (.const:.string:Rcmd1)
                  000077ea    0000002b     ST7735.obj (.const:.string:Rcmd3)
                  00007815    00000003     --HOLE-- [fill = 0]
                  00007818    00000014     I2C.obj (.const:i2cConfig)
                  0000782c    0000000d     ST7735.obj (.const:.string:Rcmd2green)
                  00007839    0000000d     ST7735.obj (.const:.string:Rcmd2red)
                  00007846    0000000c     Keypad.obj (.const:$P$T0$3)

.cinit     0    00007858    00000090     
                  00007858    00000059     (.cinit..data.load) [load image, compression = lzss]
                  000078b1    00000003     --HOLE-- [fill = 0]
                  000078b4    0000000c     (__TI_handler_table)
                  000078c0    00000008     (.cinit..bss.load) [load image, compression = zero_init]
                  000078c8    00000008     (.cinit..vtable.load) [load image, compression = zero_init]
                  000078d0    00000018     (__TI_cinit_table)

.init_array 
*          0    00000000    00000000     UNINITIALIZED

.vtable    0    20000000    000000e4     UNINITIALIZED
                  20000000    000000e4     msp432p4xx_driverlib.lib : interrupt.o (.vtable)

.sysmem    0    200000e8    00000400     UNINITIALIZED
                  200000e8    00000008     rtsv7M4_T_le_v4SPD16_eabi.lib : memory.obj (.sysmem)
                  200000f0    000003f8     --HOLE--

.bss       0    200004e8    000001a1     UNINITIALIZED
                  200004e8    000000f8     (.common:SensorReadings)
                  200005e0    0000004c     (.common:ClockRegisters)
                  2000062c    00000020     Wireless.obj (.bss:Stream$2)
                  2000064c    0000000c     Startup.obj (.bss)
                  20000658    0000000c     (.common:Message)
                  20000664    00000004     ST7735.obj (.bss)
                  20000668    00000004     (.common:KeypadState)
                  2000066c    00000004     (.common:Messageindex)
                  20000670    00000004     (.common:X)
                  20000674    00000004     (.common:Ymax)
                  20000678    00000004     (.common:Ymin)
                  2000067c    00000004     (.common:Yrange)
                  20000680    00000004     (.common:hfxtFreq)
                  20000684    00000004     (.common:lfxtFreq)
                  20000688    00000001     (.common:RefreshInterrupt)

.data      0    2000068c    0000008c     UNINITIALIZED
                  2000068c    00000030     msp432p4xx_driverlib.lib : gpio.o (.data:GPIO_PORT_TO_BASE)
                  200006bc    00000014     ST7735.obj (.data)
                  200006d0    00000010     MainSequence.obj (.data)
                  200006e0    0000000c     rtsv7M4_T_le_v4SPD16_eabi.lib : exit.obj (.data:$O1$$)
                  200006ec    0000000c                                   : memory.obj (.data:$O1$$)
                  200006f8    00000008                                   : _lock.obj (.data:$O1$$)
                  20000700    00000006     MainSequence.obj (.data:SetDateTime)
                  20000706    00000004     Keypad.obj (.data)
                  2000070a    00000001     Alerts.obj (.data)
                  2000070b    00000001     --HOLE--
                  2000070c    00000004     rtsv7M4_T_le_v4SPD16_eabi.lib : errno.obj (.data)
                  20000710    00000004                                   : stkdepth_vars.obj (.data)
                  20000714    00000004     system_msp432p401r.obj (.data)

.stack     0    2000fe00    00000200     UNINITIALIZED
                  2000fe00    00000200     --HOLE--

MODULE SUMMARY

       Module                        code    ro data   rw data
       ------                        ----    -------   -------
    .\
       system_msp432p401r.obj        812     0         8      
       main.obj                      28      0         658    
       startup_msp432p401r_ccs.obj   14      228       0      
    +--+-----------------------------+-------+---------+---------+
       Total:                        854     228       666    
                                                              
    .\Modules\
       ST7735.obj                    5016    2018      112    
       Display.obj                   4296    0         0      
       Keypad.obj                    768     12        8      
       Wireless.obj                  688     0         64     
       RTC.obj                       656     0         0      
       Motor.obj                     544     0         0      
       Flash.obj                     400     0         0      
       RGB.obj                       242     0         0      
       Clock.obj                     240     0         0      
       Buzzer.obj                    172     0         0      
       AmbientLight.obj              152     0         0      
       HallEffect.obj                74      0         0      
       Proximity.obj                 40      0         0      
       Watchdog.obj                  30      0         0      
    +--+-----------------------------+-------+---------+---------+
       Total:                        13318   2030      184    
                                                              
    .\Protocols\
       UART.obj                      292     0         0      
       I2C.obj                       92      20        0      
       ADC.obj                       104     0         0      
    +--+-----------------------------+-------+---------+---------+
       Total:                        488     20        0      
                                                              
    .\Sequences\
       MainSequence.obj              1440    0         44     
       Alerts.obj                    960     0         2      
       Startup.obj                   236     0         24     
    +--+-----------------------------+-------+---------+---------+
       Total:                        2636    0         70     
                                                              
    ../msp432p4xx_driverlib.lib
       cs.o                          1190    0         16     
       interrupt.o                   52      0         456    
       gpio.o                        364     0         96     
       sysctl.o                      156     0         0      
       wdt_a.o                       88      0         0      
       flash.o                       40      0         0      
       uart.o                        36      0         0      
    +--+-----------------------------+-------+---------+---------+
       Total:                        1926    0         568    
                                                              
    C:\ti\ccsv6\tools\compiler\ti-cgt-arm_16.6.0.STS\lib\rtsv7M4_T_le_v4SPD16_eabi.lib
       _printfi.obj                  4418    0         0      
       memory.obj                    976     0         24     
       ull_div_t2.obj                500     0         0      
       fd_add_t2.obj                 438     0         0      
       fd_div_t2.obj                 310     0         0      
       fd_cmp_t2.obj                 268     0         0      
       ctype.obj                     0       257       0      
       fd_mul_t2.obj                 252     0         0      
       s_scalbn.obj                  252     0         0      
       memcpy_t2.obj                 156     0         0      
       memset_t2.obj                 122     0         0      
       autoinit.obj                  112     0         0      
       exit.obj                      84      0         24     
       copy_decompress_lzss.obj      102     0         0      
       s_frexp.obj                   100     0         0      
       sprintf.obj                   96      0         0      
       ltoa.obj                      86      0         0      
       boot.obj                      84      0         0      
       atoi.obj                      76      0         0      
       cpy_tbl.obj                   76      0         0      
       fd_toi_t2.obj                 72      0         0      
       fd_tou_t2.obj                 68      0         0      
       strncpy.obj                   54      0         0      
       strstr.obj                    52      0         0      
       i_tofd_t2.obj                 46      0         0      
       _lock.obj                     20      0         16     
       u_tofd_t2.obj                 32      0         0      
       memccpy.obj                   28      0         0      
       args_main.obj                 24      0         0      
       strchr.obj                    22      0         0      
       s_copysign.obj                20      0         0      
       strcpy.obj                    20      0         0      
       strlen.obj                    20      0         0      
       copy_decompress_none.obj      14      0         0      
       copy_zero_init.obj            12      0         0      
       errno.obj                     0       0         8      
       stkdepth_vars.obj             0       0         8      
       pre_init.obj                  4       0         0      
       mpu_init.obj                  2       0         0      
       startup.obj                   2       0         0      
    +--+-----------------------------+-------+---------+---------+
       Total:                        9020    257       80     
                                                              
       Heap:                         0       0         2048   
       Stack:                        0       0         1024   
       Linker Generated:             0       141       0      
    +--+-----------------------------+-------+---------+---------+
       Grand Total:                  28242   2676      4640   


LINKER GENERATED COPY TABLES

__TI_cinit_table @ 000078d0 records: 3, size/record: 8, table size: 24
	.data: load addr=00007858, load size=00000059 bytes, run addr=2000068c, run size=0000008c bytes, compression=lzss
	.bss: load addr=000078c0, load size=00000008 bytes, run addr=200004e8, run size=000001a1 bytes, compression=zero_init
	.vtable: load addr=000078c8, load size=00000008 bytes, run addr=20000000, run size=000000e4 bytes, compression=zero_init


LINKER GENERATED HANDLER TABLE

__TI_handler_table @ 000078b4 records: 3, size/record: 4, table size: 12
	index: 0, handler: __TI_zero_init
	index: 1, handler: __TI_decompress_lzss
	index: 2, handler: __TI_decompress_none


GLOBAL SYMBOLS: SORTED ALPHABETICALLY BY Name 

address   name                                       
-------   ----                                       
00006f27  ADC14_IRQHandler                           
00006509  ADC_Init                                   
00006f27  AES256_IRQHandler                          
00003ff9  Alerts                                     
00006267  AmbientLight_Module_Init                   
00006209  AmbientLight_Module_Read                   
00006f27  BusFault_Handler                           
00005f89  Buzzer_Init                                
00005fc5  Buzzer_Module_Off                          
00005fed  Buzzer_Module_On                           
00005fe1  Buzzer_Module_SingleTone                   
00005ff9  Buzzer_Module_ToggleTone                   
000067a5  C$$EXIT                                    
00006f27  COMP_E0_IRQHandler                         
00006f27  COMP_E1_IRQHandler                         
00006f27  CS_IRQHandler                              
00006c5d  CS_clearInterruptFlag                      
00006d61  CS_getACLK                                 
000058dd  CS_getDCOFrequency                         
00006d79  CS_getMCLK                                 
00006d91  CS_getSMCLK                                
00005ea9  CS_initClockSignal                         
00006e39  CS_setExternalClockSourceFrequency         
00006f41  CS_startHFXT                               
00006035  CS_startHFXTWithTimeout                    
200005e0  ClockRegisters                             
00005ccd  Clock_Init                                 
00003445  ConvertBCDToString                         
200006d0  CurrentDigit                               
00006f27  DMA_ERR_IRQHandler                         
00006f27  DMA_INT0_IRQHandler                        
00006f27  DMA_INT1_IRQHandler                        
00006f27  DMA_INT2_IRQHandler                        
00006f27  DMA_INT3_IRQHandler                        
00006f27  DebugMon_Handler                           
00006f27  Default_Handler                            
0000015b  Delay1ms                                   
000027f1  Display_Clear_Screen                       
0000342f  Display_Init                               
00002819  Display_Menu                               
000033b9  Display_Module_ArmingScreen                
000035e1  Display_Module_Backlight                   
000025c1  Display_Module_DrawString                  
00002619  Display_Module_DrawStringWithMarquee       
000029d1  Display_Module_EnterPIN                    
00003577  Display_Module_GreenMessage                
0000267d  Display_Module_MainScreen                  
0000351b  Display_Module_Message                     
000035c5  Display_Module_RemoveWarning               
00002b3f  Display_Module_SetPIN                      
00002ca1  Display_Module_SetTime                     
00003617  Display_Module_UpdateBacklight             
00002f49  Display_Module_ViewLogs                    
000034cd  Display_Module_Warning                     
00003481  Display_Splash_Screen                      
00006f27  EUSCIA0_IRQHandler                         
00006f27  EUSCIA1_IRQHandler                         
00006f27  EUSCIA2_IRQHandler                         
00006f27  EUSCIA3_IRQHandler                         
00006f27  EUSCIB0_IRQHandler                         
00006f27  EUSCIB1_IRQHandler                         
00006f27  EUSCIB2_IRQHandler                         
00006f27  EUSCIB3_IRQHandler                         
00003ba3  EqualPins                                  
00006f27  FLCTL_IRQHandler                           
00006f27  FPU_IRQHandler                             
00006c0d  FlashCtl_setWaitState                      
00005569  Flash_Module_PushDateTimeUp                
000055dd  Flash_Module_PushDateTimeUpTrigger         
000054f1  Flash_Module_Read                          
00005505  Flash_Module_SaveToFlash                   
00006da9  GPIO_getInputPinValue                      
00006be1  GPIO_setAsInputPin                         
00006b81  GPIO_setAsInputPinWithPullUpResistor       
00006c81  GPIO_setAsOutputPin                        
000069c5  GPIO_setAsPeripheralModuleFunctionInputPin 
00006849  GPIO_setAsPeripheralModuleFunctionOutputPin
00006e4d  GPIO_setOutputHighOnPin                    
00006dc1  GPIO_setOutputLowOnPin                     
00006e61  GPIO_toggleOutputOnPin                     
00003be3  GatherSensorData                           
00006979  HallEffect_Init                            
000069a1  HallEffect_Module_Read                     
00006f27  HardFault_Handler                          
0000669d  I2C_Init                                   
00006b19  Interrupt_registerInterrupt                
20000668  KeypadState                                
000047eb  Keypad_Debounce                            
00004955  Keypad_Execute                             
00004979  Keypad_ExecuteForPinEnter                  
000046e5  Keypad_Init                                
0000490d  Keypad_InsertKeyCombo                      
0000481f  Keypad_SaveButtonPress                     
000046f9  Keypad_Scan                                
00003689  Main_Sequence                              
00006f27  MemManage_Handler                          
20000658  Message                                    
2000066c  Messageindex                               
00005031  Motor_RotateClockwise                      
00004f25  Motor_RotateCounterClockwise               
00006f27  NMI_Handler                                
0000141b  Output_Clear                               
00001435  Output_Color                               
0000140b  Output_Init                                
00001425  Output_Off                                 
0000142d  Output_On                                  
00006f27  PCM_IRQHandler                             
00006f27  PORT1_IRQHandler                           
00006f27  PORT2_IRQHandler                           
00006f27  PORT3_IRQHandler                           
00006f27  PORT4_IRQHandler                           
00006f27  PORT5_IRQHandler                           
00006f27  PORT6_IRQHandler                           
00006f27  PSS_IRQHandler                             
00004ad1  PatternCheck                               
00006f27  PendSV_Handler                             
200006d8  PreviousDigit                              
00006c35  Proximity_Init                             
00006c4b  Proximity_Module_Read                      
00005bd9  RGB_Init                                   
00005c13  RGB_Module_SetColor                        
00005c07  RGB_Module_Toggle                          
00006f27  RTC_C_IRQHandler                           
00004d41  RTC_Module_Read                            
00004c95  RTC_Module_Write                           
20000688  RefreshInterrupt                           
00006f1b  Reset_Handler                              
UNDEFED   SHT$$INIT_ARRAY$$Base                      
UNDEFED   SHT$$INIT_ARRAY$$Limit                     
0000073d  ST7735_Color565                            
000007a1  ST7735_DrawBitmap                          
00000b11  ST7735_DrawChar                            
0000099d  ST7735_DrawCharS                           
00000535  ST7735_DrawFastHLine                       
00000477  ST7735_DrawFastVLine                       
0000041d  ST7735_DrawPixel                           
00000c81  ST7735_DrawString                          
00000631  ST7735_FillRect                            
000005ed  ST7735_FillScreen                          
000002e9  ST7735_InitB                               
00000309  ST7735_InitR                               
00000eb3  ST7735_InvertDisplay                       
000012f1  ST7735_OutChar                             
000013ad  ST7735_OutString                           
00000d6d  ST7735_OutUDec                             
000011fd  ST7735_PlotBar                             
00000ecb  ST7735_PlotClear                           
00000fed  ST7735_PlotLine                            
0000129d  ST7735_PlotNext                            
000012b7  ST7735_PlotNextErase                       
00000f27  ST7735_PlotPoint                           
00001127  ST7735_PlotPoints                          
00001253  ST7735_PlotdBfs                            
00000d47  ST7735_SetCursor                           
00000de9  ST7735_SetRotation                         
000013cb  ST7735_SetTextColor                        
00000771  ST7735_SwapColor                           
00006f27  SVC_Handler                                
00004a31  SendPostRequest                            
200004e8  SensorReadings                             
20000700  SetDateTime                                
200006d4  SetTimeCounter                             
200006c4  StTextColor                                
200006bc  StX                                        
200006c0  StY                                        
00005dbd  Startup_Sequence                           
00006eed  SysCtl_disableNMISource                    
00006efd  SysCtl_enableNMISource                     
00006f29  SysCtl_getNMISourceStatus                  
000067f9  SysCtl_getTLVInfo                          
00006cc9  SysCtl_setWDTTimeoutResetType              
00006f27  SysTick_Handler                            
00005d55  SysTick_Init                               
00005d71  SysTick_delay                              
20000714  SystemCoreClock                            
000043b9  SystemCoreClockUpdate                      
0000462d  SystemInit                                 
00006f27  T32_INT1_IRQHandler                        
00006f27  T32_INT2_IRQHandler                        
00006f27  T32_INTC_IRQHandler                        
00003b89  TA0_0_IRQHandler                           
00003b89  TA0_0_IRQHandler                           
00006f27  TA0_N_IRQHandler                           
00006f27  TA1_0_IRQHandler                           
00006f27  TA1_N_IRQHandler                           
00006f27  TA2_0_IRQHandler                           
00006f27  TA2_N_IRQHandler                           
00006f27  TA3_0_IRQHandler                           
00006f27  TA3_N_IRQHandler                           
000057b9  UART_Init                                  
000057ff  UART_OutChar                               
00005847  UART_OutString                             
00006ca5  UART_receiveData                           
00006f27  UsageFault_Handler                         
4000480c  WDTCTL_SYM                                 
00006f27  WDT_A_IRQHandler                           
00006dd9  WDT_A_clearTimer                           
00006df1  WDT_A_holdTimer                            
00006e75  WDT_A_initWatchdogTimer                    
00006cc9  WDT_A_setTimeoutReset                      
00006e89  WDT_A_startTimer                           
00006d1f  Watchdog_Clear                             
00006d09  Watchdog_Init                              
00005837  WireLess_In                                
0000581b  WireLess_Out                               
00005879  WireLess_OutString                         
000049e5  Wireless_Init                              
20000670  X                                          
20000674  Ymax                                       
20000678  Ymin                                       
2000067c  Yrange                                     
20010000  __STACK_END                                
00000200  __STACK_SIZE                               
00000400  __SYSMEM_SIZE                              
000078d0  __TI_CINIT_Base                            
000078e8  __TI_CINIT_Limit                           
000078b4  __TI_Handler_Table_Base                    
000078c0  __TI_Handler_Table_Limit                   
00006499  __TI_auto_init                             
200006e0  __TI_cleanup_ptr                           
00006571  __TI_decompress_lzss                       
00006f0d  __TI_decompress_none                       
200006e4  __TI_dtors_ptr                             
200006e8  __TI_enable_exit_profile_output            
ffffffff  __TI_pprof_out_hndl                        
00001cc5  __TI_printfi                               
ffffffff  __TI_prof_data_size                        
ffffffff  __TI_prof_data_start                       
00000000  __TI_static_base__                         
00006f35  __TI_zero_init                             
000062a1  __aeabi_cdcmpeq                            
000062a1  __aeabi_cdcmple                            
00006327  __aeabi_cdrcmple                           
00006a55  __aeabi_d2iz                               
00006a9d  __aeabi_d2uiz                              
00005343  __aeabi_dadd                               
00005681  __aeabi_ddiv                               
000059e1  __aeabi_dmul                               
00005339  __aeabi_dsub                               
00006bb1  __aeabi_i2d                                
000063ad  __aeabi_memclr                             
000063ad  __aeabi_memclr4                            
000063ad  __aeabi_memclr8                            
0000616d  __aeabi_memcpy                             
0000616d  __aeabi_memcpy4                            
0000616d  __aeabi_memcpy8                            
000063af  __aeabi_memset                             
000063af  __aeabi_memset4                            
000063af  __aeabi_memset8                            
00006ce9  __aeabi_ui2d                               
00005145  __aeabi_uldivmod                           
ffffffff  __binit__                                  
ffffffff  __c_args__                                 
000025bf  __mpu_init                                 
2000fe00  __stack                                    
00006e09  _args_main                                 
00006751  _c_int00                                   
00007647  _ctypes_                                   
200006f8  _lock                                      
00006eab  _nop                                       
00006ea3  _register_lock                             
00006e9d  _register_unlock                           
200000e8  _sys_memory                                
000054ef  _system_post_cinit                         
00006f47  _system_pre_init                           
200006fc  _unlock                                    
000067a9  abort                                      
000068e1  atoi                                       
ffffffff  binit                                      
00003fc9  calloc                                     
0000692d  copy_in                                    
00006eb1  copysign                                   
00006eb1  copysignl                                  
00007447  dBfs                                       
2000070c  errno                                      
000067b1  exit                                       
000013fd  ferror                                     
000013f1  fgetc                                      
00000d05  fillmessage                                
000013df  fputc                                      
00003d13  free                                       
000065d9  frexp                                      
000065d9  frexpl                                     
20000000  g_pfnRAMVectors                            
00007818  i2cConfig                                  
00000000  interruptVectors                           
200006cc  lastj                                      
00005add  ldexp                                      
00005add  ldexpl                                     
000066f9  ltoa                                       
00006d29  main                                       
20000710  main_func_sp                               
00003ca9  malloc                                     
00003edd  memalign                                   
00006d45  memccpy                                    
0000616d  memcpy                                     
000063b5  memset                                     
00003c29  minit                                      
0000014d  parrotdelay                                
00003dd5  realloc                                    
00005add  scalbn                                     
00005add  scalbnl                                    
0000663d  sprintf                                    
00006e21  strchr                                     
00006ec5  strcpy                                     
00006ed9  strlen                                     
00006ae1  strncpy                                    
00006b4d  strstr                                     


GLOBAL SYMBOLS: SORTED BY Symbol Address 

address   name                                       
-------   ----                                       
00000000  __TI_static_base__                         
00000000  interruptVectors                           
0000014d  parrotdelay                                
0000015b  Delay1ms                                   
00000200  __STACK_SIZE                               
000002e9  ST7735_InitB                               
00000309  ST7735_InitR                               
00000400  __SYSMEM_SIZE                              
0000041d  ST7735_DrawPixel                           
00000477  ST7735_DrawFastVLine                       
00000535  ST7735_DrawFastHLine                       
000005ed  ST7735_FillScreen                          
00000631  ST7735_FillRect                            
0000073d  ST7735_Color565                            
00000771  ST7735_SwapColor                           
000007a1  ST7735_DrawBitmap                          
0000099d  ST7735_DrawCharS                           
00000b11  ST7735_DrawChar                            
00000c81  ST7735_DrawString                          
00000d05  fillmessage                                
00000d47  ST7735_SetCursor                           
00000d6d  ST7735_OutUDec                             
00000de9  ST7735_SetRotation                         
00000eb3  ST7735_InvertDisplay                       
00000ecb  ST7735_PlotClear                           
00000f27  ST7735_PlotPoint                           
00000fed  ST7735_PlotLine                            
00001127  ST7735_PlotPoints                          
000011fd  ST7735_PlotBar                             
00001253  ST7735_PlotdBfs                            
0000129d  ST7735_PlotNext                            
000012b7  ST7735_PlotNextErase                       
000012f1  ST7735_OutChar                             
000013ad  ST7735_OutString                           
000013cb  ST7735_SetTextColor                        
000013df  fputc                                      
000013f1  fgetc                                      
000013fd  ferror                                     
0000140b  Output_Init                                
0000141b  Output_Clear                               
00001425  Output_Off                                 
0000142d  Output_On                                  
00001435  Output_Color                               
00001cc5  __TI_printfi                               
000025bf  __mpu_init                                 
000025c1  Display_Module_DrawString                  
00002619  Display_Module_DrawStringWithMarquee       
0000267d  Display_Module_MainScreen                  
000027f1  Display_Clear_Screen                       
00002819  Display_Menu                               
000029d1  Display_Module_EnterPIN                    
00002b3f  Display_Module_SetPIN                      
00002ca1  Display_Module_SetTime                     
00002f49  Display_Module_ViewLogs                    
000033b9  Display_Module_ArmingScreen                
0000342f  Display_Init                               
00003445  ConvertBCDToString                         
00003481  Display_Splash_Screen                      
000034cd  Display_Module_Warning                     
0000351b  Display_Module_Message                     
00003577  Display_Module_GreenMessage                
000035c5  Display_Module_RemoveWarning               
000035e1  Display_Module_Backlight                   
00003617  Display_Module_UpdateBacklight             
00003689  Main_Sequence                              
00003b89  TA0_0_IRQHandler                           
00003b89  TA0_0_IRQHandler                           
00003ba3  EqualPins                                  
00003be3  GatherSensorData                           
00003c29  minit                                      
00003ca9  malloc                                     
00003d13  free                                       
00003dd5  realloc                                    
00003edd  memalign                                   
00003fc9  calloc                                     
00003ff9  Alerts                                     
000043b9  SystemCoreClockUpdate                      
0000462d  SystemInit                                 
000046e5  Keypad_Init                                
000046f9  Keypad_Scan                                
000047eb  Keypad_Debounce                            
0000481f  Keypad_SaveButtonPress                     
0000490d  Keypad_InsertKeyCombo                      
00004955  Keypad_Execute                             
00004979  Keypad_ExecuteForPinEnter                  
000049e5  Wireless_Init                              
00004a31  SendPostRequest                            
00004ad1  PatternCheck                               
00004c95  RTC_Module_Write                           
00004d41  RTC_Module_Read                            
00004f25  Motor_RotateCounterClockwise               
00005031  Motor_RotateClockwise                      
00005145  __aeabi_uldivmod                           
00005339  __aeabi_dsub                               
00005343  __aeabi_dadd                               
000054ef  _system_post_cinit                         
000054f1  Flash_Module_Read                          
00005505  Flash_Module_SaveToFlash                   
00005569  Flash_Module_PushDateTimeUp                
000055dd  Flash_Module_PushDateTimeUpTrigger         
00005681  __aeabi_ddiv                               
000057b9  UART_Init                                  
000057ff  UART_OutChar                               
0000581b  WireLess_Out                               
00005837  WireLess_In                                
00005847  UART_OutString                             
00005879  WireLess_OutString                         
000058dd  CS_getDCOFrequency                         
000059e1  __aeabi_dmul                               
00005add  ldexp                                      
00005add  ldexpl                                     
00005add  scalbn                                     
00005add  scalbnl                                    
00005bd9  RGB_Init                                   
00005c07  RGB_Module_Toggle                          
00005c13  RGB_Module_SetColor                        
00005ccd  Clock_Init                                 
00005d55  SysTick_Init                               
00005d71  SysTick_delay                              
00005dbd  Startup_Sequence                           
00005ea9  CS_initClockSignal                         
00005f89  Buzzer_Init                                
00005fc5  Buzzer_Module_Off                          
00005fe1  Buzzer_Module_SingleTone                   
00005fed  Buzzer_Module_On                           
00005ff9  Buzzer_Module_ToggleTone                   
00006035  CS_startHFXTWithTimeout                    
0000616d  __aeabi_memcpy                             
0000616d  __aeabi_memcpy4                            
0000616d  __aeabi_memcpy8                            
0000616d  memcpy                                     
00006209  AmbientLight_Module_Read                   
00006267  AmbientLight_Module_Init                   
000062a1  __aeabi_cdcmpeq                            
000062a1  __aeabi_cdcmple                            
00006327  __aeabi_cdrcmple                           
000063ad  __aeabi_memclr                             
000063ad  __aeabi_memclr4                            
000063ad  __aeabi_memclr8                            
000063af  __aeabi_memset                             
000063af  __aeabi_memset4                            
000063af  __aeabi_memset8                            
000063b5  memset                                     
00006499  __TI_auto_init                             
00006509  ADC_Init                                   
00006571  __TI_decompress_lzss                       
000065d9  frexp                                      
000065d9  frexpl                                     
0000663d  sprintf                                    
0000669d  I2C_Init                                   
000066f9  ltoa                                       
00006751  _c_int00                                   
000067a5  C$$EXIT                                    
000067a9  abort                                      
000067b1  exit                                       
000067f9  SysCtl_getTLVInfo                          
00006849  GPIO_setAsPeripheralModuleFunctionOutputPin
000068e1  atoi                                       
0000692d  copy_in                                    
00006979  HallEffect_Init                            
000069a1  HallEffect_Module_Read                     
000069c5  GPIO_setAsPeripheralModuleFunctionInputPin 
00006a55  __aeabi_d2iz                               
00006a9d  __aeabi_d2uiz                              
00006ae1  strncpy                                    
00006b19  Interrupt_registerInterrupt                
00006b4d  strstr                                     
00006b81  GPIO_setAsInputPinWithPullUpResistor       
00006bb1  __aeabi_i2d                                
00006be1  GPIO_setAsInputPin                         
00006c0d  FlashCtl_setWaitState                      
00006c35  Proximity_Init                             
00006c4b  Proximity_Module_Read                      
00006c5d  CS_clearInterruptFlag                      
00006c81  GPIO_setAsOutputPin                        
00006ca5  UART_receiveData                           
00006cc9  SysCtl_setWDTTimeoutResetType              
00006cc9  WDT_A_setTimeoutReset                      
00006ce9  __aeabi_ui2d                               
00006d09  Watchdog_Init                              
00006d1f  Watchdog_Clear                             
00006d29  main                                       
00006d45  memccpy                                    
00006d61  CS_getACLK                                 
00006d79  CS_getMCLK                                 
00006d91  CS_getSMCLK                                
00006da9  GPIO_getInputPinValue                      
00006dc1  GPIO_setOutputLowOnPin                     
00006dd9  WDT_A_clearTimer                           
00006df1  WDT_A_holdTimer                            
00006e09  _args_main                                 
00006e21  strchr                                     
00006e39  CS_setExternalClockSourceFrequency         
00006e4d  GPIO_setOutputHighOnPin                    
00006e61  GPIO_toggleOutputOnPin                     
00006e75  WDT_A_initWatchdogTimer                    
00006e89  WDT_A_startTimer                           
00006e9d  _register_unlock                           
00006ea3  _register_lock                             
00006eab  _nop                                       
00006eb1  copysign                                   
00006eb1  copysignl                                  
00006ec5  strcpy                                     
00006ed9  strlen                                     
00006eed  SysCtl_disableNMISource                    
00006efd  SysCtl_enableNMISource                     
00006f0d  __TI_decompress_none                       
00006f1b  Reset_Handler                              
00006f27  ADC14_IRQHandler                           
00006f27  AES256_IRQHandler                          
00006f27  BusFault_Handler                           
00006f27  COMP_E0_IRQHandler                         
00006f27  COMP_E1_IRQHandler                         
00006f27  CS_IRQHandler                              
00006f27  DMA_ERR_IRQHandler                         
00006f27  DMA_INT0_IRQHandler                        
00006f27  DMA_INT1_IRQHandler                        
00006f27  DMA_INT2_IRQHandler                        
00006f27  DMA_INT3_IRQHandler                        
00006f27  DebugMon_Handler                           
00006f27  Default_Handler                            
00006f27  EUSCIA0_IRQHandler                         
00006f27  EUSCIA1_IRQHandler                         
00006f27  EUSCIA2_IRQHandler                         
00006f27  EUSCIA3_IRQHandler                         
00006f27  EUSCIB0_IRQHandler                         
00006f27  EUSCIB1_IRQHandler                         
00006f27  EUSCIB2_IRQHandler                         
00006f27  EUSCIB3_IRQHandler                         
00006f27  FLCTL_IRQHandler                           
00006f27  FPU_IRQHandler                             
00006f27  HardFault_Handler                          
00006f27  MemManage_Handler                          
00006f27  NMI_Handler                                
00006f27  PCM_IRQHandler                             
00006f27  PORT1_IRQHandler                           
00006f27  PORT2_IRQHandler                           
00006f27  PORT3_IRQHandler                           
00006f27  PORT4_IRQHandler                           
00006f27  PORT5_IRQHandler                           
00006f27  PORT6_IRQHandler                           
00006f27  PSS_IRQHandler                             
00006f27  PendSV_Handler                             
00006f27  RTC_C_IRQHandler                           
00006f27  SVC_Handler                                
00006f27  SysTick_Handler                            
00006f27  T32_INT1_IRQHandler                        
00006f27  T32_INT2_IRQHandler                        
00006f27  T32_INTC_IRQHandler                        
00006f27  TA0_N_IRQHandler                           
00006f27  TA1_0_IRQHandler                           
00006f27  TA1_N_IRQHandler                           
00006f27  TA2_0_IRQHandler                           
00006f27  TA2_N_IRQHandler                           
00006f27  TA3_0_IRQHandler                           
00006f27  TA3_N_IRQHandler                           
00006f27  UsageFault_Handler                         
00006f27  WDT_A_IRQHandler                           
00006f29  SysCtl_getNMISourceStatus                  
00006f35  __TI_zero_init                             
00006f41  CS_startHFXT                               
00006f47  _system_pre_init                           
00007447  dBfs                                       
00007647  _ctypes_                                   
00007818  i2cConfig                                  
000078b4  __TI_Handler_Table_Base                    
000078c0  __TI_Handler_Table_Limit                   
000078d0  __TI_CINIT_Base                            
000078e8  __TI_CINIT_Limit                           
20000000  g_pfnRAMVectors                            
200000e8  _sys_memory                                
200004e8  SensorReadings                             
200005e0  ClockRegisters                             
20000658  Message                                    
20000668  KeypadState                                
2000066c  Messageindex                               
20000670  X                                          
20000674  Ymax                                       
20000678  Ymin                                       
2000067c  Yrange                                     
20000688  RefreshInterrupt                           
200006bc  StX                                        
200006c0  StY                                        
200006c4  StTextColor                                
200006cc  lastj                                      
200006d0  CurrentDigit                               
200006d4  SetTimeCounter                             
200006d8  PreviousDigit                              
200006e0  __TI_cleanup_ptr                           
200006e4  __TI_dtors_ptr                             
200006e8  __TI_enable_exit_profile_output            
200006f8  _lock                                      
200006fc  _unlock                                    
20000700  SetDateTime                                
2000070c  errno                                      
20000710  main_func_sp                               
20000714  SystemCoreClock                            
2000fe00  __stack                                    
20010000  __STACK_END                                
4000480c  WDTCTL_SYM                                 
ffffffff  __TI_pprof_out_hndl                        
ffffffff  __TI_prof_data_size                        
ffffffff  __TI_prof_data_start                       
ffffffff  __binit__                                  
ffffffff  __c_args__                                 
ffffffff  binit                                      
UNDEFED   SHT$$INIT_ARRAY$$Base                      
UNDEFED   SHT$$INIT_ARRAY$$Limit                     

[308 symbols]
