******************************************************************************
                  TI ARM Linker PC v16.6.0                     
******************************************************************************
>> Linked Sun Oct 23 19:59:23 2016

OUTPUT FILE NAME:   <SecuritySystem.out>
ENTRY POINT SYMBOL: "_c_int00"  address: 000010dd


MEMORY CONFIGURATION

         name            origin    length      used     unused   attr    fill
----------------------  --------  ---------  --------  --------  ----  --------
  MAIN                  00000000   00040000  000014fa  0003eb06  R  X
  INFO                  00200000   00004000  00000000  00004000  R  X
  SRAM_CODE             01000000   00010000  00000280  0000fd80  RW X
  SRAM_DATA             20000000   00010000  00000280  0000fd80  RW  


SEGMENT ALLOCATION MAP

run origin  load origin   length   init length attrs members
----------  ----------- ---------- ----------- ----- -------
00000000    00000000    00001500   00001500    r-x
  00000000    00000000    000000e4   000000e4    r-- .intvecs
  000000e4    000000e4    000013c2   000013c2    r-x .text
  000014a8    000014a8    00000014   00000014    r-- .const
  000014c0    000014c0    00000040   00000040    r-- .cinit
20000000    20000000    00000080   00000000    rw-
  20000000    20000000    00000064   00000000    rw- .bss
  20000064    20000064    0000001c   00000000    rw- .data
2000fe00    2000fe00    00000200   00000000    rw-
  2000fe00    2000fe00    00000200   00000000    rw- .stack


SECTION ALLOCATION MAP

 output                                  attributes/
section   page    origin      length       input sections
--------  ----  ----------  ----------   ----------------
.intvecs   0    00000000    000000e4     
                  00000000    000000e4     startup_msp432p401r_ccs.obj (.intvecs:retain)

.binit     0    00000000    00000000     

.text      0    000000e4    000013c2     
                  000000e4    0000032c     system_msp432p401r.obj (.text)
                  00000410    000001f0     RTC.obj (.text)
                  00000600    000001b6     rtsv7M4_T_le_v4SPD16_eabi.lib : fd_add_t2.obj (.text)
                  000007b6    00000136                                   : fd_div_t2.obj (.text)
                  000008ec    00000104     msp432p4xx_driverlib.lib : cs.o (.text:CS_getDCOFrequency)
                  000009f0    000000fc     rtsv7M4_T_le_v4SPD16_eabi.lib : fd_mul_t2.obj (.text)
                  00000aec    000000a4     AmbientLight.obj (.text)
                  00000b90    0000009c     msp432p4xx_driverlib.lib : cs.o (.text:CS_startHFXTWithTimeout)
                  00000c2c    0000009c                              : cs.o (.text:_CSComputeCLKFrequency)
                  00000cc8    0000009c     rtsv7M4_T_le_v4SPD16_eabi.lib : memcpy_t2.obj (.text)
                  00000d64    00000080     Clock.obj (.text)
                  00000de4    0000007a     rtsv7M4_T_le_v4SPD16_eabi.lib : memset_t2.obj (.text)
                  00000e5e    00000002                                   : mpu_init.obj (.text)
                  00000e60    00000070     msp432p4xx_driverlib.lib : cs.o (.text:_CSGetHFXTFrequency)
                  00000ed0    00000070     rtsv7M4_T_le_v4SPD16_eabi.lib : autoinit.obj (.text)
                  00000f40    0000006e                                   : fd_tos_t2.obj (.text)
                  00000fae    00000002                                   : startup.obj (.text)
                  00000fb0    00000068     ADC.obj (.text)
                  00001018    00000066     rtsv7M4_T_le_v4SPD16_eabi.lib : copy_decompress_lzss.obj (.text:decompress:lzss)
                  0000107e    00000002     --HOLE-- [fill = 0]
                  00001080    0000005c     I2C.obj (.text)
                  000010dc    00000054     rtsv7M4_T_le_v4SPD16_eabi.lib : boot.obj (.text)
                  00001130    00000054                                   : exit.obj (.text)
                  00001184    00000050     msp432p4xx_driverlib.lib : sysctl.o (.text:SysCtl_getTLVInfo)
                  000011d4    0000004c                              : cs.o (.text:_CSGetDOCFrequency)
                  00001220    0000004c     main.obj (.text)
                  0000126c    0000004c     rtsv7M4_T_le_v4SPD16_eabi.lib : cpy_tbl.obj (.text)
                  000012b8    00000048     msp432p4xx_driverlib.lib : cs.o (.text:_CSGetDividerValue)
                  00001300    00000044     rtsv7M4_T_le_v4SPD16_eabi.lib : fd_tou_t2.obj (.text)
                  00001344    00000038                                   : fs_tod_t2.obj (.text)
                  0000137c    00000024     msp432p4xx_driverlib.lib : cs.o (.text:CS_clearInterruptFlag)
                  000013a0    00000020     rtsv7M4_T_le_v4SPD16_eabi.lib : u_tofd_t2.obj (.text)
                  000013c0    00000018     msp432p4xx_driverlib.lib : cs.o (.text:CS_getMCLK)
                  000013d8    00000018                              : cs.o (.text:CS_getSMCLK)
                  000013f0    00000018                              : wdt_a.o (.text:WDT_A_holdTimer)
                  00001408    00000018     rtsv7M4_T_le_v4SPD16_eabi.lib : args_main.obj (.text)
                  00001420    00000014     msp432p4xx_driverlib.lib : cs.o (.text:CS_setExternalClockSourceFrequency)
                  00001434    00000014     rtsv7M4_T_le_v4SPD16_eabi.lib : _lock.obj (.text)
                  00001448    00000010     msp432p4xx_driverlib.lib : sysctl.o (.text:SysCtl_disableNMISource)
                  00001458    00000010                              : sysctl.o (.text:SysCtl_enableNMISource)
                  00001468    0000000e     rtsv7M4_T_le_v4SPD16_eabi.lib : copy_decompress_none.obj (.text:decompress:none)
                  00001476    0000000e     startup_msp432p401r_ccs.obj (.text)
                  00001484    0000000c     msp432p4xx_driverlib.lib : sysctl.o (.text:SysCtl_getNMISourceStatus)
                  00001490    0000000c     rtsv7M4_T_le_v4SPD16_eabi.lib : copy_zero_init.obj (.text:decompress:ZI)
                  0000149c    00000006     msp432p4xx_driverlib.lib : cs.o (.text:CS_startHFXT)
                  000014a2    00000004     rtsv7M4_T_le_v4SPD16_eabi.lib : pre_init.obj (.text)

.const     0    000014a8    00000014     
                  000014a8    00000014     I2C.obj (.const:i2cConfig)

.cinit     0    000014c0    00000040     
                  000014c0    00000015     (.cinit..data.load) [load image, compression = lzss]
                  000014d5    00000003     --HOLE-- [fill = 0]
                  000014d8    0000000c     (__TI_handler_table)
                  000014e4    00000004     --HOLE-- [fill = 0]
                  000014e8    00000008     (.cinit..bss.load) [load image, compression = zero_init]
                  000014f0    00000010     (__TI_cinit_table)

.init_array 
*          0    00000000    00000000     UNINITIALIZED

.bss       0    20000000    00000064     UNINITIALIZED
                  20000000    00000048     (.common:SensorReadings)
                  20000048    00000004     (.common:CalculatedDuty)
                  2000004c    00000004     (.common:MCLKClockSpeed)
                  20000050    00000004     (.common:SMCLKClockSpeed)
                  20000054    00000004     (.common:curADCResult)
                  20000058    00000004     (.common:hfxtFreq)
                  2000005c    00000004     (.common:lfxtFreq)
                  20000060    00000004     (.common:normalizedADCRes)

.data      0    20000064    0000001c     UNINITIALIZED
                  20000064    0000000c     rtsv7M4_T_le_v4SPD16_eabi.lib : exit.obj (.data:$O1$$)
                  20000070    00000008                                   : _lock.obj (.data:$O1$$)
                  20000078    00000004                                   : stkdepth_vars.obj (.data)
                  2000007c    00000004     system_msp432p401r.obj (.data)

.stack     0    2000fe00    00000200     UNINITIALIZED
                  2000fe00    00000200     --HOLE--

MODULE SUMMARY

       Module                        code   ro data   rw data
       ------                        ----   -------   -------
    .\
       system_msp432p401r.obj        812    0         8      
       startup_msp432p401r_ccs.obj   14     228       0      
       main.obj                      76     0         160    
    +--+-----------------------------+------+---------+---------+
       Total:                        902    228       168    
                                                             
    .\Modules\
       RTC.obj                       496    0         0      
       AmbientLight.obj              164    0         24     
       Clock.obj                     128    0         0      
    +--+-----------------------------+------+---------+---------+
       Total:                        788    0         24     
                                                             
    .\Protocols\
       I2C.obj                       92     20        0      
       ADC.obj                       104    0         0      
    +--+-----------------------------+------+---------+---------+
       Total:                        196    20        0      
                                                             
    ../msp432p4xx_driverlib.lib
       cs.o                          942    0         16     
       sysctl.o                      124    0         0      
       wdt_a.o                       24     0         0      
    +--+-----------------------------+------+---------+---------+
       Total:                        1090   0         16     
                                                             
    C:\ti\ccsv6\tools\compiler\ti-cgt-arm_16.6.0.STS\lib\rtsv7M4_T_le_v4SPD16_eabi.lib
       fd_add_t2.obj                 438    0         0      
       fd_div_t2.obj                 310    0         0      
       fd_mul_t2.obj                 252    0         0      
       memcpy_t2.obj                 156    0         0      
       memset_t2.obj                 122    0         0      
       autoinit.obj                  112    0         0      
       fd_tos_t2.obj                 110    0         0      
       exit.obj                      84     0         24     
       copy_decompress_lzss.obj      102    0         0      
       boot.obj                      84     0         0      
       cpy_tbl.obj                   76     0         0      
       fd_tou_t2.obj                 68     0         0      
       fs_tod_t2.obj                 56     0         0      
       _lock.obj                     20     0         16     
       u_tofd_t2.obj                 32     0         0      
       args_main.obj                 24     0         0      
       copy_decompress_none.obj      14     0         0      
       copy_zero_init.obj            12     0         0      
       stkdepth_vars.obj             0      0         8      
       pre_init.obj                  4      0         0      
       mpu_init.obj                  2      0         0      
       startup.obj                   2      0         0      
    +--+-----------------------------+------+---------+---------+
       Total:                        2080   0         48     
                                                             
       Stack:                        0      0         1024   
       Linker Generated:             0      57        0      
    +--+-----------------------------+------+---------+---------+
       Grand Total:                  5056   305       1280   


LINKER GENERATED COPY TABLES

__TI_cinit_table @ 000014f0 records: 2, size/record: 8, table size: 16
	.data: load addr=000014c0, load size=00000015 bytes, run addr=20000064, run size=0000001c bytes, compression=lzss
	.bss: load addr=000014e8, load size=00000008 bytes, run addr=20000000, run size=00000064 bytes, compression=zero_init


LINKER GENERATED HANDLER TABLE

__TI_handler_table @ 000014d8 records: 3, size/record: 4, table size: 12
	index: 0, handler: __TI_decompress_lzss
	index: 1, handler: __TI_decompress_none
	index: 2, handler: __TI_zero_init


GLOBAL SYMBOLS: SORTED ALPHABETICALLY BY Name 

address   name                              
-------   ----                              
00001483  ADC14_IRQHandler                  
00000fb1  ADC_Init                          
00001483  AES256_IRQHandler                 
00000aed  AmbientLight_Module_Read          
00001483  BusFault_Handler                  
00001131  C$$EXIT                           
00001483  COMP_E0_IRQHandler                
00001483  COMP_E1_IRQHandler                
00001483  CS_IRQHandler                     
0000137d  CS_clearInterruptFlag             
000008ed  CS_getDCOFrequency                
000013c1  CS_getMCLK                        
000013d9  CS_getSMCLK                       
00001421  CS_setExternalClockSourceFrequency
0000149d  CS_startHFXT                      
00000b91  CS_startHFXTWithTimeout           
20000048  CalculatedDuty                    
00000d65  Clock_Init48MHz                   
00001483  DMA_ERR_IRQHandler                
00001483  DMA_INT0_IRQHandler               
00001483  DMA_INT1_IRQHandler               
00001483  DMA_INT2_IRQHandler               
00001483  DMA_INT3_IRQHandler               
00001483  DebugMon_Handler                  
00001483  Default_Handler                   
00001483  EUSCIA0_IRQHandler                
00001483  EUSCIA1_IRQHandler                
00001483  EUSCIA2_IRQHandler                
00001483  EUSCIA3_IRQHandler                
00001483  EUSCIB0_IRQHandler                
00001483  EUSCIB1_IRQHandler                
00001483  EUSCIB2_IRQHandler                
00001483  EUSCIB3_IRQHandler                
00001483  FLCTL_IRQHandler                  
00001483  FPU_IRQHandler                    
00001483  HardFault_Handler                 
00001081  I2C_Init                          
00001241  InitializeModules                 
2000004c  MCLKClockSpeed                    
00001483  MemManage_Handler                 
00001483  NMI_Handler                       
00001483  PCM_IRQHandler                    
00001483  PORT1_IRQHandler                  
00001483  PORT2_IRQHandler                  
00001483  PORT3_IRQHandler                  
00001483  PORT4_IRQHandler                  
00001483  PORT5_IRQHandler                  
00001483  PORT6_IRQHandler                  
00001483  PSS_IRQHandler                    
00001483  PendSV_Handler                    
00001483  RTC_C_IRQHandler                  
000004bd  RTC_Module_Read                   
00000411  RTC_Module_Write                  
00001477  Reset_Handler                     
UNDEFED   SHT$$INIT_ARRAY$$Base             
UNDEFED   SHT$$INIT_ARRAY$$Limit            
20000050  SMCLKClockSpeed                   
00001483  SVC_Handler                       
20000000  SensorReadings                    
00001449  SysCtl_disableNMISource           
00001459  SysCtl_enableNMISource            
00001485  SysCtl_getNMISourceStatus         
00001185  SysCtl_getTLVInfo                 
00001483  SysTick_Handler                   
2000007c  SystemCoreClock                   
000000e5  SystemCoreClockUpdate             
00000359  SystemInit                        
00001483  T32_INT1_IRQHandler               
00001483  T32_INT2_IRQHandler               
00001483  T32_INTC_IRQHandler               
00001483  TA0_0_IRQHandler                  
00001483  TA0_N_IRQHandler                  
00001483  TA1_0_IRQHandler                  
00001483  TA1_N_IRQHandler                  
00001483  TA2_0_IRQHandler                  
00001483  TA2_N_IRQHandler                  
00001483  TA3_0_IRQHandler                  
00001483  TA3_N_IRQHandler                  
00001483  UsageFault_Handler                
4000480c  WDTCTL_SYM                        
00001483  WDT_A_IRQHandler                  
000013f1  WDT_A_holdTimer                   
20010000  __STACK_END                       
00000200  __STACK_SIZE                      
000014f0  __TI_CINIT_Base                   
00001500  __TI_CINIT_Limit                  
000014d8  __TI_Handler_Table_Base           
000014e4  __TI_Handler_Table_Limit          
00000ed1  __TI_auto_init                    
20000064  __TI_cleanup_ptr                  
00001019  __TI_decompress_lzss              
00001469  __TI_decompress_none              
20000068  __TI_dtors_ptr                    
2000006c  __TI_enable_exit_profile_output   
ffffffff  __TI_pprof_out_hndl               
ffffffff  __TI_prof_data_size               
ffffffff  __TI_prof_data_start              
00000000  __TI_static_base__                
00001491  __TI_zero_init                    
00000f41  __aeabi_d2f                       
00001301  __aeabi_d2uiz                     
0000060b  __aeabi_dadd                      
000007b7  __aeabi_ddiv                      
000009f1  __aeabi_dmul                      
00000601  __aeabi_dsub                      
00001345  __aeabi_f2d                       
00000de5  __aeabi_memclr                    
00000de5  __aeabi_memclr4                   
00000de5  __aeabi_memclr8                   
00000cc9  __aeabi_memcpy                    
00000cc9  __aeabi_memcpy4                   
00000cc9  __aeabi_memcpy8                   
00000de7  __aeabi_memset                    
00000de7  __aeabi_memset4                   
00000de7  __aeabi_memset8                   
000013a1  __aeabi_ui2d                      
ffffffff  __binit__                         
ffffffff  __c_args__                        
00000e5f  __mpu_init                        
2000fe00  __stack                           
00001409  _args_main                        
000010dd  _c_int00                          
20000070  _lock                             
00001443  _nop                              
0000143b  _register_lock                    
00001435  _register_unlock                  
00000faf  _system_post_cinit                
000014a3  _system_pre_init                  
20000074  _unlock                           
00001135  abort                             
ffffffff  binit                             
0000126d  copy_in                           
20000054  curADCResult                      
0000113d  exit                              
000014a8  i2cConfig                         
00000000  interruptVectors                  
00001221  main                              
20000078  main_func_sp                      
00000cc9  memcpy                            
00000ded  memset                            
20000060  normalizedADCRes                  


GLOBAL SYMBOLS: SORTED BY Symbol Address 

address   name                              
-------   ----                              
00000000  __TI_static_base__                
00000000  interruptVectors                  
000000e5  SystemCoreClockUpdate             
00000200  __STACK_SIZE                      
00000359  SystemInit                        
00000411  RTC_Module_Write                  
000004bd  RTC_Module_Read                   
00000601  __aeabi_dsub                      
0000060b  __aeabi_dadd                      
000007b7  __aeabi_ddiv                      
000008ed  CS_getDCOFrequency                
000009f1  __aeabi_dmul                      
00000aed  AmbientLight_Module_Read          
00000b91  CS_startHFXTWithTimeout           
00000cc9  __aeabi_memcpy                    
00000cc9  __aeabi_memcpy4                   
00000cc9  __aeabi_memcpy8                   
00000cc9  memcpy                            
00000d65  Clock_Init48MHz                   
00000de5  __aeabi_memclr                    
00000de5  __aeabi_memclr4                   
00000de5  __aeabi_memclr8                   
00000de7  __aeabi_memset                    
00000de7  __aeabi_memset4                   
00000de7  __aeabi_memset8                   
00000ded  memset                            
00000e5f  __mpu_init                        
00000ed1  __TI_auto_init                    
00000f41  __aeabi_d2f                       
00000faf  _system_post_cinit                
00000fb1  ADC_Init                          
00001019  __TI_decompress_lzss              
00001081  I2C_Init                          
000010dd  _c_int00                          
00001131  C$$EXIT                           
00001135  abort                             
0000113d  exit                              
00001185  SysCtl_getTLVInfo                 
00001221  main                              
00001241  InitializeModules                 
0000126d  copy_in                           
00001301  __aeabi_d2uiz                     
00001345  __aeabi_f2d                       
0000137d  CS_clearInterruptFlag             
000013a1  __aeabi_ui2d                      
000013c1  CS_getMCLK                        
000013d9  CS_getSMCLK                       
000013f1  WDT_A_holdTimer                   
00001409  _args_main                        
00001421  CS_setExternalClockSourceFrequency
00001435  _register_unlock                  
0000143b  _register_lock                    
00001443  _nop                              
00001449  SysCtl_disableNMISource           
00001459  SysCtl_enableNMISource            
00001469  __TI_decompress_none              
00001477  Reset_Handler                     
00001483  ADC14_IRQHandler                  
00001483  AES256_IRQHandler                 
00001483  BusFault_Handler                  
00001483  COMP_E0_IRQHandler                
00001483  COMP_E1_IRQHandler                
00001483  CS_IRQHandler                     
00001483  DMA_ERR_IRQHandler                
00001483  DMA_INT0_IRQHandler               
00001483  DMA_INT1_IRQHandler               
00001483  DMA_INT2_IRQHandler               
00001483  DMA_INT3_IRQHandler               
00001483  DebugMon_Handler                  
00001483  Default_Handler                   
00001483  EUSCIA0_IRQHandler                
00001483  EUSCIA1_IRQHandler                
00001483  EUSCIA2_IRQHandler                
00001483  EUSCIA3_IRQHandler                
00001483  EUSCIB0_IRQHandler                
00001483  EUSCIB1_IRQHandler                
00001483  EUSCIB2_IRQHandler                
00001483  EUSCIB3_IRQHandler                
00001483  FLCTL_IRQHandler                  
00001483  FPU_IRQHandler                    
00001483  HardFault_Handler                 
00001483  MemManage_Handler                 
00001483  NMI_Handler                       
00001483  PCM_IRQHandler                    
00001483  PORT1_IRQHandler                  
00001483  PORT2_IRQHandler                  
00001483  PORT3_IRQHandler                  
00001483  PORT4_IRQHandler                  
00001483  PORT5_IRQHandler                  
00001483  PORT6_IRQHandler                  
00001483  PSS_IRQHandler                    
00001483  PendSV_Handler                    
00001483  RTC_C_IRQHandler                  
00001483  SVC_Handler                       
00001483  SysTick_Handler                   
00001483  T32_INT1_IRQHandler               
00001483  T32_INT2_IRQHandler               
00001483  T32_INTC_IRQHandler               
00001483  TA0_0_IRQHandler                  
00001483  TA0_N_IRQHandler                  
00001483  TA1_0_IRQHandler                  
00001483  TA1_N_IRQHandler                  
00001483  TA2_0_IRQHandler                  
00001483  TA2_N_IRQHandler                  
00001483  TA3_0_IRQHandler                  
00001483  TA3_N_IRQHandler                  
00001483  UsageFault_Handler                
00001483  WDT_A_IRQHandler                  
00001485  SysCtl_getNMISourceStatus         
00001491  __TI_zero_init                    
0000149d  CS_startHFXT                      
000014a3  _system_pre_init                  
000014a8  i2cConfig                         
000014d8  __TI_Handler_Table_Base           
000014e4  __TI_Handler_Table_Limit          
000014f0  __TI_CINIT_Base                   
00001500  __TI_CINIT_Limit                  
20000000  SensorReadings                    
20000048  CalculatedDuty                    
2000004c  MCLKClockSpeed                    
20000050  SMCLKClockSpeed                   
20000054  curADCResult                      
20000060  normalizedADCRes                  
20000064  __TI_cleanup_ptr                  
20000068  __TI_dtors_ptr                    
2000006c  __TI_enable_exit_profile_output   
20000070  _lock                             
20000074  _unlock                           
20000078  main_func_sp                      
2000007c  SystemCoreClock                   
2000fe00  __stack                           
20010000  __STACK_END                       
4000480c  WDTCTL_SYM                        
ffffffff  __TI_pprof_out_hndl               
ffffffff  __TI_prof_data_size               
ffffffff  __TI_prof_data_start              
ffffffff  __binit__                         
ffffffff  __c_args__                        
ffffffff  binit                             
UNDEFED   SHT$$INIT_ARRAY$$Base             
UNDEFED   SHT$$INIT_ARRAY$$Limit            

[141 symbols]
