******************************************************************************
                  TI ARM Linker PC v16.6.0                     
******************************************************************************
>> Linked Sun Dec 04 22:15:54 2016

OUTPUT FILE NAME:   <SecuritySystem.out>
ENTRY POINT SYMBOL: "_c_int00"  address: 00004ea9


MEMORY CONFIGURATION

         name            origin    length      used     unused   attr    fill
----------------------  --------  ---------  --------  --------  ----  --------
  MAIN                  00000000   00040000  00005de0  0003a220  R  X
  INFO                  00200000   00004000  00000000  00004000  R  X
  SRAM_CODE             01000000   00010000  00000891  0000f76f  RW X
  SRAM_DATA             20000000   00010000  00000891  0000f76f  RW  


SEGMENT ALLOCATION MAP

run origin  load origin   length   init length attrs members
----------  ----------- ---------- ----------- ----- -------
00000000    00000000    00005de8   00005de8    r-x
  00000000    00000000    000000e4   000000e4    r-- .intvecs
  000000e4    000000e4    00005366   00005366    r-x .text
  0000544c    0000544c    00000906   00000906    r-- .const
  00005d58    00005d58    00000090   00000090    r-- .cinit
20000000    20000000    00000698   00000000    rw-
  20000000    20000000    000000e4   00000000    rw- .vtable
  200000e8    200000e8    00000400   00000000    rw- .sysmem
  200004e8    200004e8    00000131   00000000    rw- .bss
  2000061c    2000061c    0000007c   00000000    rw- .data
2000fe00    2000fe00    00000200   00000000    rw-
  2000fe00    2000fe00    00000200   00000000    rw- .stack


SECTION ALLOCATION MAP

 output                                  attributes/
section   page    origin      length       input sections
--------  ----  ----------  ----------   ----------------
.intvecs   0    00000000    000000e4     
                  00000000    000000e4     startup_msp432p401r_ccs.obj (.intvecs:retain)

.binit     0    00000000    00000000     

.text      0    000000e4    00005366     
                  000000e4    00001398     ST7735.obj (.text)
                  0000147c    00001142     rtsv7M4_T_le_v4SPD16_eabi.lib : _printfi.obj (.text)
                  000025be    00000002                                   : mpu_init.obj (.text)
                  000025c0    0000076c     Display.obj (.text)
                  00002d2c    000003d0     rtsv7M4_T_le_v4SPD16_eabi.lib : memory.obj (.text)
                  000030fc    0000032c     system_msp432p401r.obj (.text)
                  00003428    000002e4     Keypad.obj (.text)
                  0000370c    0000029c     MainSequence.obj (.text)
                  000039a8    00000290     RTC.obj (.text)
                  00003c38    000001f4     rtsv7M4_T_le_v4SPD16_eabi.lib : ull_div_t2.obj (.text)
                  00003e2c    000001b6                                   : fd_add_t2.obj (.text)
                  00003fe2    00000136                                   : fd_div_t2.obj (.text)
                  00004118    00000110     Flash.obj (.text)
                  00004228    00000104     msp432p4xx_driverlib.lib : cs.o (.text:CS_getDCOFrequency)
                  0000432c    000000fc     rtsv7M4_T_le_v4SPD16_eabi.lib : fd_mul_t2.obj (.text)
                  00004428    000000fc                                   : s_scalbn.obj (.text)
                  00004524    000000f0     Clock.obj (.text)
                  00004614    000000e6     RGB.obj (.text)
                  000046fa    00000002     rtsv7M4_T_le_v4SPD16_eabi.lib : startup.obj (.text)
                  000046fc    000000e0     msp432p4xx_driverlib.lib : cs.o (.text:CS_initClockSignal)
                  000047dc    000000b0     Startup.obj (.text)
                  0000488c    0000009c     msp432p4xx_driverlib.lib : cs.o (.text:CS_startHFXTWithTimeout)
                  00004928    0000009c                              : cs.o (.text:_CSComputeCLKFrequency)
                  000049c4    0000009c     rtsv7M4_T_le_v4SPD16_eabi.lib : memcpy_t2.obj (.text)
                  00004a60    00000086                                   : fd_cmp_t2.obj (.text:__aeabi_cdcmple)
                  00004ae6    00000086                                   : fd_cmp_t2.obj (.text:__aeabi_cdrcmple)
                  00004b6c    0000007a                                   : memset_t2.obj (.text)
                  00004be6    00000002     --HOLE-- [fill = 0]
                  00004be8    00000070     msp432p4xx_driverlib.lib : cs.o (.text:_CSGetHFXTFrequency)
                  00004c58    00000070     rtsv7M4_T_le_v4SPD16_eabi.lib : autoinit.obj (.text)
                  00004cc8    00000066                                   : copy_decompress_lzss.obj (.text:decompress:lzss)
                  00004d2e    00000002     --HOLE-- [fill = 0]
                  00004d30    00000064                                   : s_frexp.obj (.text)
                  00004d94    00000060                                   : sprintf.obj (.text)
                  00004df4    0000005c     I2C.obj (.text)
                  00004e50    00000056     rtsv7M4_T_le_v4SPD16_eabi.lib : ltoa.obj (.text)
                  00004ea6    00000002     --HOLE-- [fill = 0]
                  00004ea8    00000054                                   : boot.obj (.text)
                  00004efc    00000054                                   : exit.obj (.text)
                  00004f50    00000050     msp432p4xx_driverlib.lib : sysctl.o (.text:SysCtl_getTLVInfo)
                  00004fa0    0000004c                              : cs.o (.text:_CSGetDOCFrequency)
                  00004fec    0000004c     rtsv7M4_T_le_v4SPD16_eabi.lib : atoi.obj (.text)
                  00005038    0000004c                                   : cpy_tbl.obj (.text)
                  00005084    00000048     msp432p4xx_driverlib.lib : gpio.o (.text:GPIO_setAsPeripheralModuleFunctionInputPin)
                  000050cc    00000048                              : cs.o (.text:_CSGetDividerValue)
                  00005114    00000048     rtsv7M4_T_le_v4SPD16_eabi.lib : fd_toi_t2.obj (.text)
                  0000515c    00000036                                   : strncpy.obj (.text)
                  00005192    00000002     --HOLE-- [fill = 0]
                  00005194    00000034     msp432p4xx_driverlib.lib : interrupt.o (.text:Interrupt_registerInterrupt)
                  000051c8    0000002e     rtsv7M4_T_le_v4SPD16_eabi.lib : i_tofd_t2.obj (.text)
                  000051f6    00000002     --HOLE-- [fill = 0]
                  000051f8    0000002c     msp432p4xx_driverlib.lib : gpio.o (.text:GPIO_setAsInputPin)
                  00005224    00000028                              : flash.o (.text:FlashCtl_setWaitState)
                  0000524c    00000024                              : cs.o (.text:CS_clearInterruptFlag)
                  00005270    00000024                              : gpio.o (.text:GPIO_setAsOutputPin)
                  00005294    0000001c     main.obj (.text)
                  000052b0    0000001c     rtsv7M4_T_le_v4SPD16_eabi.lib : memccpy.obj (.text)
                  000052cc    00000018     msp432p4xx_driverlib.lib : cs.o (.text:CS_getACLK)
                  000052e4    00000018                              : cs.o (.text:CS_getMCLK)
                  000052fc    00000018                              : cs.o (.text:CS_getSMCLK)
                  00005314    00000018                              : gpio.o (.text:GPIO_setOutputLowOnPin)
                  0000532c    00000018                              : wdt_a.o (.text:WDT_A_holdTimer)
                  00005344    00000018     rtsv7M4_T_le_v4SPD16_eabi.lib : args_main.obj (.text)
                  0000535c    00000016                                   : strchr.obj (.text)
                  00005372    00000002     --HOLE-- [fill = 0]
                  00005374    00000014     msp432p4xx_driverlib.lib : cs.o (.text:CS_setExternalClockSourceFrequency)
                  00005388    00000014                              : gpio.o (.text:GPIO_setOutputHighOnPin)
                  0000539c    00000014     rtsv7M4_T_le_v4SPD16_eabi.lib : _lock.obj (.text)
                  000053b0    00000014                                   : s_copysign.obj (.text)
                  000053c4    00000014                                   : strcpy.obj (.text)
                  000053d8    00000014                                   : strlen.obj (.text)
                  000053ec    00000010     msp432p4xx_driverlib.lib : sysctl.o (.text:SysCtl_disableNMISource)
                  000053fc    00000010                              : sysctl.o (.text:SysCtl_enableNMISource)
                  0000540c    0000000e     rtsv7M4_T_le_v4SPD16_eabi.lib : copy_decompress_none.obj (.text:decompress:none)
                  0000541a    0000000e     startup_msp432p401r_ccs.obj (.text)
                  00005428    0000000c     msp432p4xx_driverlib.lib : sysctl.o (.text:SysCtl_getNMISourceStatus)
                  00005434    0000000c     rtsv7M4_T_le_v4SPD16_eabi.lib : copy_zero_init.obj (.text:decompress:ZI)
                  00005440    00000006     msp432p4xx_driverlib.lib : cs.o (.text:CS_startHFXT)
                  00005446    00000004     rtsv7M4_T_le_v4SPD16_eabi.lib : pre_init.obj (.text)

.const     0    0000544c    00000906     
                  0000544c    000004fb     ST7735.obj (.const:.string:Font)
                  00005947    00000200     ST7735.obj (.const:.string:dBfs)
                  00005b47    00000101     rtsv7M4_T_le_v4SPD16_eabi.lib : ctype.obj (.const:.string:_ctypes_)
                  00005c48    00000067     ST7735.obj (.const:.string:Bcmd)
                  00005caf    0000003b     ST7735.obj (.const:.string:Rcmd1)
                  00005cea    0000002b     ST7735.obj (.const:.string:Rcmd3)
                  00005d15    00000003     --HOLE-- [fill = 0]
                  00005d18    00000014     I2C.obj (.const:i2cConfig)
                  00005d2c    0000000d     ST7735.obj (.const:.string:Rcmd2green)
                  00005d39    0000000d     ST7735.obj (.const:.string:Rcmd2red)
                  00005d46    0000000c     Keypad.obj (.const:$P$T0$3)

.cinit     0    00005d58    00000090     
                  00005d58    0000005a     (.cinit..data.load) [load image, compression = lzss]
                  00005db2    00000002     --HOLE-- [fill = 0]
                  00005db4    0000000c     (__TI_handler_table)
                  00005dc0    00000008     (.cinit..bss.load) [load image, compression = zero_init]
                  00005dc8    00000008     (.cinit..vtable.load) [load image, compression = zero_init]
                  00005dd0    00000018     (__TI_cinit_table)

.init_array 
*          0    00000000    00000000     UNINITIALIZED

.vtable    0    20000000    000000e4     UNINITIALIZED
                  20000000    000000e4     msp432p4xx_driverlib.lib : interrupt.o (.vtable)

.sysmem    0    200000e8    00000400     UNINITIALIZED
                  200000e8    00000008     rtsv7M4_T_le_v4SPD16_eabi.lib : memory.obj (.sysmem)
                  200000f0    000003f8     --HOLE--

.bss       0    200004e8    00000131     UNINITIALIZED
                  200004e8    000000a8     (.common:SensorReadings)
                  20000590    0000004c     (.common:ClockRegisters)
                  200005dc    0000000c     Startup.obj (.bss)
                  200005e8    0000000c     (.common:Message)
                  200005f4    00000004     ST7735.obj (.bss)
                  200005f8    00000004     (.common:KeypadState)
                  200005fc    00000004     (.common:Messageindex)
                  20000600    00000004     (.common:X)
                  20000604    00000004     (.common:Ymax)
                  20000608    00000004     (.common:Ymin)
                  2000060c    00000004     (.common:Yrange)
                  20000610    00000004     (.common:hfxtFreq)
                  20000614    00000004     (.common:lfxtFreq)
                  20000618    00000001     (.common:RefreshInterrupt)

.data      0    2000061c    0000007c     UNINITIALIZED
                  2000061c    00000030     msp432p4xx_driverlib.lib : gpio.o (.data:GPIO_PORT_TO_BASE)
                  2000064c    00000014     ST7735.obj (.data)
                  20000660    0000000c     rtsv7M4_T_le_v4SPD16_eabi.lib : exit.obj (.data:$O1$$)
                  2000066c    0000000c                                   : memory.obj (.data:$O1$$)
                  20000678    00000008                                   : _lock.obj (.data:$O1$$)
                  20000680    00000008     Keypad.obj (.data)
                  20000688    00000004     MainSequence.obj (.data)
                  2000068c    00000004     rtsv7M4_T_le_v4SPD16_eabi.lib : errno.obj (.data)
                  20000690    00000004                                   : stkdepth_vars.obj (.data)
                  20000694    00000004     system_msp432p401r.obj (.data)

.stack     0    2000fe00    00000200     UNINITIALIZED
                  2000fe00    00000200     --HOLE--

MODULE SUMMARY

       Module                        code    ro data   rw data
       ------                        ----    -------   -------
    .\
       system_msp432p401r.obj        812     0         8      
       main.obj                      28      0         498    
       startup_msp432p401r_ccs.obj   14      228       0      
    +--+-----------------------------+-------+---------+---------+
       Total:                        854     228       506    
                                                              
    .\Modules\
       ST7735.obj                    5016    2018      112    
       Display.obj                   1900    0         0      
       Keypad.obj                    740     12        16     
       RTC.obj                       656     0         0      
       Flash.obj                     272     0         0      
       Clock.obj                     240     0         0      
       RGB.obj                       230     0         0      
    +--+-----------------------------+-------+---------+---------+
       Total:                        9054    2030      128    
                                                              
    .\Protocols\
       I2C.obj                       92      20        0      
    +--+-----------------------------+-------+---------+---------+
       Total:                        92      20        0      
                                                              
    .\Sequences\
       MainSequence.obj              668     0         8      
       Startup.obj                   176     0         24     
    +--+-----------------------------+-------+---------+---------+
       Total:                        844     0         32     
                                                              
    ../msp432p4xx_driverlib.lib
       cs.o                          1190    0         16     
       interrupt.o                   52      0         456    
       gpio.o                        196     0         96     
       sysctl.o                      124     0         0      
       flash.o                       40      0         0      
       wdt_a.o                       24      0         0      
    +--+-----------------------------+-------+---------+---------+
       Total:                        1626    0         568    
                                                              
    C:\ti\ccsv6\tools\compiler\ti-cgt-arm_16.6.0.STS\lib\rtsv7M4_T_le_v4SPD16_eabi.lib
       _printfi.obj                  4418    0         0      
       memory.obj                    976     0         24     
       ull_div_t2.obj                500     0         0      
       fd_add_t2.obj                 438     0         0      
       fd_div_t2.obj                 310     0         0      
       fd_cmp_t2.obj                 268     0         0      
       ctype.obj                     0       257       0      
       fd_mul_t2.obj                 252     0         0      
       s_scalbn.obj                  252     0         0      
       memcpy_t2.obj                 156     0         0      
       memset_t2.obj                 122     0         0      
       autoinit.obj                  112     0         0      
       exit.obj                      84      0         24     
       copy_decompress_lzss.obj      102     0         0      
       s_frexp.obj                   100     0         0      
       sprintf.obj                   96      0         0      
       ltoa.obj                      86      0         0      
       boot.obj                      84      0         0      
       atoi.obj                      76      0         0      
       cpy_tbl.obj                   76      0         0      
       fd_toi_t2.obj                 72      0         0      
       strncpy.obj                   54      0         0      
       i_tofd_t2.obj                 46      0         0      
       _lock.obj                     20      0         16     
       memccpy.obj                   28      0         0      
       args_main.obj                 24      0         0      
       strchr.obj                    22      0         0      
       s_copysign.obj                20      0         0      
       strcpy.obj                    20      0         0      
       strlen.obj                    20      0         0      
       copy_decompress_none.obj      14      0         0      
       copy_zero_init.obj            12      0         0      
       errno.obj                     0       0         8      
       stkdepth_vars.obj             0       0         8      
       pre_init.obj                  4       0         0      
       mpu_init.obj                  2       0         0      
       startup.obj                   2       0         0      
    +--+-----------------------------+-------+---------+---------+
       Total:                        8868    257       80     
                                                              
       Heap:                         0       0         2048   
       Stack:                        0       0         1024   
       Linker Generated:             0       142       0      
    +--+-----------------------------+-------+---------+---------+
       Grand Total:                  21338   2677      4386   


LINKER GENERATED COPY TABLES

__TI_cinit_table @ 00005dd0 records: 3, size/record: 8, table size: 24
	.data: load addr=00005d58, load size=0000005a bytes, run addr=2000061c, run size=0000007c bytes, compression=lzss
	.bss: load addr=00005dc0, load size=00000008 bytes, run addr=200004e8, run size=00000131 bytes, compression=zero_init
	.vtable: load addr=00005dc8, load size=00000008 bytes, run addr=20000000, run size=000000e4 bytes, compression=zero_init


LINKER GENERATED HANDLER TABLE

__TI_handler_table @ 00005db4 records: 3, size/record: 4, table size: 12
	index: 0, handler: __TI_zero_init
	index: 1, handler: __TI_decompress_lzss
	index: 2, handler: __TI_decompress_none


GLOBAL SYMBOLS: SORTED ALPHABETICALLY BY Name 

address   name                                      
-------   ----                                      
00005427  ADC14_IRQHandler                          
00005427  AES256_IRQHandler                         
00005427  BusFault_Handler                          
00004efd  C$$EXIT                                   
00005427  COMP_E0_IRQHandler                        
00005427  COMP_E1_IRQHandler                        
00005427  CS_IRQHandler                             
0000524d  CS_clearInterruptFlag                     
000052cd  CS_getACLK                                
00004229  CS_getDCOFrequency                        
000052e5  CS_getMCLK                                
000052fd  CS_getSMCLK                               
000046fd  CS_initClockSignal                        
00005375  CS_setExternalClockSourceFrequency        
00005441  CS_startHFXT                              
0000488d  CS_startHFXTWithTimeout                   
20000590  ClockRegisters                            
00004525  Clock_Init                                
00002c71  ConvertBCDToString                        
20000688  CurrentDigit                              
00005427  DMA_ERR_IRQHandler                        
00005427  DMA_INT0_IRQHandler                       
00005427  DMA_INT1_IRQHandler                       
00005427  DMA_INT2_IRQHandler                       
00005427  DMA_INT3_IRQHandler                       
00005427  DebugMon_Handler                          
00005427  Default_Handler                           
0000015b  Delay1ms                                  
00002781  Display_Clear_Screen                      
00002c5b  Display_Init                              
0000278b  Display_Menu                              
000025c1  Display_Module_DrawString                 
000028ed  Display_Module_EnterPIN                   
00002625  Display_Module_MainScreen                 
00002a25  Display_Module_SetPIN                     
00002b81  Display_Module_SetTime                    
00002c19  Display_Refresh                           
00002ca5  Display_Splash_Screen                     
00005427  EUSCIA0_IRQHandler                        
00005427  EUSCIA1_IRQHandler                        
00005427  EUSCIA2_IRQHandler                        
00005427  EUSCIA3_IRQHandler                        
00005427  EUSCIB0_IRQHandler                        
00005427  EUSCIB1_IRQHandler                        
00005427  EUSCIB2_IRQHandler                        
00005427  EUSCIB3_IRQHandler                        
00003959  EqualPins                                 
00005427  FLCTL_IRQHandler                          
00005427  FPU_IRQHandler                            
00005225  FlashCtl_setWaitState                     
00004191  Flash_Module_PushDateTimeUp               
00004119  Flash_Module_Read                         
0000412d  Flash_Module_SaveToFlash                  
000051f9  GPIO_setAsInputPin                        
00005271  GPIO_setAsOutputPin                       
00005085  GPIO_setAsPeripheralModuleFunctionInputPin
00005389  GPIO_setOutputHighOnPin                   
00005315  GPIO_setOutputLowOnPin                    
00005427  HardFault_Handler                         
00004df5  I2C_Init                                  
00005195  Interrupt_registerInterrupt               
200005f8  KeypadState                               
00003531  Keypad_Debounce                           
00003693  Keypad_Execute                            
000036ad  Keypad_ExecuteForPinEnter                 
00003429  Keypad_Init                               
0000364b  Keypad_InsertKeyCombo                     
0000355d  Keypad_SaveButtonPress                    
0000343f  Keypad_Scan                               
0000370d  Main_Sequence                             
00005427  MemManage_Handler                         
200005e8  Message                                   
200005fc  Messageindex                              
00005427  NMI_Handler                               
0000141b  Output_Clear                              
00001435  Output_Color                              
0000140b  Output_Init                               
00001425  Output_Off                                
0000142d  Output_On                                 
00005427  PCM_IRQHandler                            
00005427  PORT1_IRQHandler                          
00005427  PORT2_IRQHandler                          
00005427  PORT3_IRQHandler                          
00005427  PORT4_IRQHandler                          
00005427  PORT5_IRQHandler                          
00005427  PORT6_IRQHandler                          
00005427  PSS_IRQHandler                            
00005427  PendSV_Handler                            
00004615  RGB_Init                                  
00004643  RGB_Module_SetColor                       
00005427  RTC_C_IRQHandler                          
00003a55  RTC_Module_Read                           
000039a9  RTC_Module_Write                          
20000618  RefreshInterrupt                          
0000541b  Reset_Handler                             
UNDEFED   SHT$$INIT_ARRAY$$Base                     
UNDEFED   SHT$$INIT_ARRAY$$Limit                    
0000073d  ST7735_Color565                           
000007a1  ST7735_DrawBitmap                         
00000b11  ST7735_DrawChar                           
0000099d  ST7735_DrawCharS                          
00000535  ST7735_DrawFastHLine                      
00000477  ST7735_DrawFastVLine                      
0000041d  ST7735_DrawPixel                          
00000c81  ST7735_DrawString                         
00000631  ST7735_FillRect                           
000005ed  ST7735_FillScreen                         
000002e9  ST7735_InitB                              
00000309  ST7735_InitR                              
00000eb3  ST7735_InvertDisplay                      
000012f1  ST7735_OutChar                            
000013ad  ST7735_OutString                          
00000d6d  ST7735_OutUDec                            
000011fd  ST7735_PlotBar                            
00000ecb  ST7735_PlotClear                          
00000fed  ST7735_PlotLine                           
0000129d  ST7735_PlotNext                           
000012b7  ST7735_PlotNextErase                      
00000f27  ST7735_PlotPoint                          
00001127  ST7735_PlotPoints                         
00001253  ST7735_PlotdBfs                           
00000d47  ST7735_SetCursor                          
00000de9  ST7735_SetRotation                        
000013cb  ST7735_SetTextColor                       
00000771  ST7735_SwapColor                          
00005427  SVC_Handler                               
200004e8  SensorReadings                            
20000654  StTextColor                               
2000064c  StX                                       
20000650  StY                                       
000047dd  Startup_Sequence                          
000053ed  SysCtl_disableNMISource                   
000053fd  SysCtl_enableNMISource                    
00005429  SysCtl_getNMISourceStatus                 
00004f51  SysCtl_getTLVInfo                         
00005427  SysTick_Handler                           
000045ad  SysTick_Init                              
000045c9  SysTick_delay                             
20000694  SystemCoreClock                           
000030fd  SystemCoreClockUpdate                     
00003371  SystemInit                                
00005427  T32_INT1_IRQHandler                       
00005427  T32_INT2_IRQHandler                       
00005427  T32_INTC_IRQHandler                       
0000393f  TA0_0_IRQHandler                          
0000393f  TA0_0_IRQHandler                          
00005427  TA0_N_IRQHandler                          
00005427  TA1_0_IRQHandler                          
00005427  TA1_N_IRQHandler                          
00005427  TA2_0_IRQHandler                          
00005427  TA2_N_IRQHandler                          
00005427  TA3_0_IRQHandler                          
00005427  TA3_N_IRQHandler                          
00005427  UsageFault_Handler                        
4000480c  WDTCTL_SYM                                
00005427  WDT_A_IRQHandler                          
0000532d  WDT_A_holdTimer                           
20000600  X                                         
20000604  Ymax                                      
20000608  Ymin                                      
2000060c  Yrange                                    
20010000  __STACK_END                               
00000200  __STACK_SIZE                              
00000400  __SYSMEM_SIZE                             
00005dd0  __TI_CINIT_Base                           
00005de8  __TI_CINIT_Limit                          
00005db4  __TI_Handler_Table_Base                   
00005dc0  __TI_Handler_Table_Limit                  
00004c59  __TI_auto_init                            
20000660  __TI_cleanup_ptr                          
00004cc9  __TI_decompress_lzss                      
0000540d  __TI_decompress_none                      
20000664  __TI_dtors_ptr                            
20000668  __TI_enable_exit_profile_output           
ffffffff  __TI_pprof_out_hndl                       
00001cc5  __TI_printfi                              
ffffffff  __TI_prof_data_size                       
ffffffff  __TI_prof_data_start                      
00000000  __TI_static_base__                        
00005435  __TI_zero_init                            
00004a61  __aeabi_cdcmpeq                           
00004a61  __aeabi_cdcmple                           
00004ae7  __aeabi_cdrcmple                          
00005115  __aeabi_d2iz                              
00003e37  __aeabi_dadd                              
00003fe3  __aeabi_ddiv                              
0000432d  __aeabi_dmul                              
00003e2d  __aeabi_dsub                              
000051c9  __aeabi_i2d                               
00004b6d  __aeabi_memclr                            
00004b6d  __aeabi_memclr4                           
00004b6d  __aeabi_memclr8                           
000049c5  __aeabi_memcpy                            
000049c5  __aeabi_memcpy4                           
000049c5  __aeabi_memcpy8                           
00004b6f  __aeabi_memset                            
00004b6f  __aeabi_memset4                           
00004b6f  __aeabi_memset8                           
00003c39  __aeabi_uldivmod                          
ffffffff  __binit__                                 
ffffffff  __c_args__                                
000025bf  __mpu_init                                
2000fe00  __stack                                   
00005345  _args_main                                
00004ea9  _c_int00                                  
00005b47  _ctypes_                                  
20000678  _lock                                     
000053ab  _nop                                      
000053a3  _register_lock                            
0000539d  _register_unlock                          
200000e8  _sys_memory                               
000046fb  _system_post_cinit                        
00005447  _system_pre_init                          
2000067c  _unlock                                   
00004f01  abort                                     
00004fed  atoi                                      
ffffffff  binit                                     
000030cd  calloc                                    
00005039  copy_in                                   
000053b1  copysign                                  
000053b1  copysignl                                 
00005947  dBfs                                      
2000068c  errno                                     
00004f09  exit                                      
000013fd  ferror                                    
000013f1  fgetc                                     
00000d05  fillmessage                               
000013df  fputc                                     
00002e17  free                                      
00004d31  frexp                                     
00004d31  frexpl                                    
20000000  g_pfnRAMVectors                           
00005d18  i2cConfig                                 
00000000  interruptVectors                          
2000065c  lastj                                     
00004429  ldexp                                     
00004429  ldexpl                                    
00004e51  ltoa                                      
00005295  main                                      
20000690  main_func_sp                              
00002dad  malloc                                    
00002fe1  memalign                                  
000052b1  memccpy                                   
000049c5  memcpy                                    
00004b75  memset                                    
00002d2d  minit                                     
0000014d  parrotdelay                               
00002ed9  realloc                                   
00004429  scalbn                                    
00004429  scalbnl                                   
00004d95  sprintf                                   
0000535d  strchr                                    
000053c5  strcpy                                    
000053d9  strlen                                    
0000515d  strncpy                                   


GLOBAL SYMBOLS: SORTED BY Symbol Address 

address   name                                      
-------   ----                                      
00000000  __TI_static_base__                        
00000000  interruptVectors                          
0000014d  parrotdelay                               
0000015b  Delay1ms                                  
00000200  __STACK_SIZE                              
000002e9  ST7735_InitB                              
00000309  ST7735_InitR                              
00000400  __SYSMEM_SIZE                             
0000041d  ST7735_DrawPixel                          
00000477  ST7735_DrawFastVLine                      
00000535  ST7735_DrawFastHLine                      
000005ed  ST7735_FillScreen                         
00000631  ST7735_FillRect                           
0000073d  ST7735_Color565                           
00000771  ST7735_SwapColor                          
000007a1  ST7735_DrawBitmap                         
0000099d  ST7735_DrawCharS                          
00000b11  ST7735_DrawChar                           
00000c81  ST7735_DrawString                         
00000d05  fillmessage                               
00000d47  ST7735_SetCursor                          
00000d6d  ST7735_OutUDec                            
00000de9  ST7735_SetRotation                        
00000eb3  ST7735_InvertDisplay                      
00000ecb  ST7735_PlotClear                          
00000f27  ST7735_PlotPoint                          
00000fed  ST7735_PlotLine                           
00001127  ST7735_PlotPoints                         
000011fd  ST7735_PlotBar                            
00001253  ST7735_PlotdBfs                           
0000129d  ST7735_PlotNext                           
000012b7  ST7735_PlotNextErase                      
000012f1  ST7735_OutChar                            
000013ad  ST7735_OutString                          
000013cb  ST7735_SetTextColor                       
000013df  fputc                                     
000013f1  fgetc                                     
000013fd  ferror                                    
0000140b  Output_Init                               
0000141b  Output_Clear                              
00001425  Output_Off                                
0000142d  Output_On                                 
00001435  Output_Color                              
00001cc5  __TI_printfi                              
000025bf  __mpu_init                                
000025c1  Display_Module_DrawString                 
00002625  Display_Module_MainScreen                 
00002781  Display_Clear_Screen                      
0000278b  Display_Menu                              
000028ed  Display_Module_EnterPIN                   
00002a25  Display_Module_SetPIN                     
00002b81  Display_Module_SetTime                    
00002c19  Display_Refresh                           
00002c5b  Display_Init                              
00002c71  ConvertBCDToString                        
00002ca5  Display_Splash_Screen                     
00002d2d  minit                                     
00002dad  malloc                                    
00002e17  free                                      
00002ed9  realloc                                   
00002fe1  memalign                                  
000030cd  calloc                                    
000030fd  SystemCoreClockUpdate                     
00003371  SystemInit                                
00003429  Keypad_Init                               
0000343f  Keypad_Scan                               
00003531  Keypad_Debounce                           
0000355d  Keypad_SaveButtonPress                    
0000364b  Keypad_InsertKeyCombo                     
00003693  Keypad_Execute                            
000036ad  Keypad_ExecuteForPinEnter                 
0000370d  Main_Sequence                             
0000393f  TA0_0_IRQHandler                          
0000393f  TA0_0_IRQHandler                          
00003959  EqualPins                                 
000039a9  RTC_Module_Write                          
00003a55  RTC_Module_Read                           
00003c39  __aeabi_uldivmod                          
00003e2d  __aeabi_dsub                              
00003e37  __aeabi_dadd                              
00003fe3  __aeabi_ddiv                              
00004119  Flash_Module_Read                         
0000412d  Flash_Module_SaveToFlash                  
00004191  Flash_Module_PushDateTimeUp               
00004229  CS_getDCOFrequency                        
0000432d  __aeabi_dmul                              
00004429  ldexp                                     
00004429  ldexpl                                    
00004429  scalbn                                    
00004429  scalbnl                                   
00004525  Clock_Init                                
000045ad  SysTick_Init                              
000045c9  SysTick_delay                             
00004615  RGB_Init                                  
00004643  RGB_Module_SetColor                       
000046fb  _system_post_cinit                        
000046fd  CS_initClockSignal                        
000047dd  Startup_Sequence                          
0000488d  CS_startHFXTWithTimeout                   
000049c5  __aeabi_memcpy                            
000049c5  __aeabi_memcpy4                           
000049c5  __aeabi_memcpy8                           
000049c5  memcpy                                    
00004a61  __aeabi_cdcmpeq                           
00004a61  __aeabi_cdcmple                           
00004ae7  __aeabi_cdrcmple                          
00004b6d  __aeabi_memclr                            
00004b6d  __aeabi_memclr4                           
00004b6d  __aeabi_memclr8                           
00004b6f  __aeabi_memset                            
00004b6f  __aeabi_memset4                           
00004b6f  __aeabi_memset8                           
00004b75  memset                                    
00004c59  __TI_auto_init                            
00004cc9  __TI_decompress_lzss                      
00004d31  frexp                                     
00004d31  frexpl                                    
00004d95  sprintf                                   
00004df5  I2C_Init                                  
00004e51  ltoa                                      
00004ea9  _c_int00                                  
00004efd  C$$EXIT                                   
00004f01  abort                                     
00004f09  exit                                      
00004f51  SysCtl_getTLVInfo                         
00004fed  atoi                                      
00005039  copy_in                                   
00005085  GPIO_setAsPeripheralModuleFunctionInputPin
00005115  __aeabi_d2iz                              
0000515d  strncpy                                   
00005195  Interrupt_registerInterrupt               
000051c9  __aeabi_i2d                               
000051f9  GPIO_setAsInputPin                        
00005225  FlashCtl_setWaitState                     
0000524d  CS_clearInterruptFlag                     
00005271  GPIO_setAsOutputPin                       
00005295  main                                      
000052b1  memccpy                                   
000052cd  CS_getACLK                                
000052e5  CS_getMCLK                                
000052fd  CS_getSMCLK                               
00005315  GPIO_setOutputLowOnPin                    
0000532d  WDT_A_holdTimer                           
00005345  _args_main                                
0000535d  strchr                                    
00005375  CS_setExternalClockSourceFrequency        
00005389  GPIO_setOutputHighOnPin                   
0000539d  _register_unlock                          
000053a3  _register_lock                            
000053ab  _nop                                      
000053b1  copysign                                  
000053b1  copysignl                                 
000053c5  strcpy                                    
000053d9  strlen                                    
000053ed  SysCtl_disableNMISource                   
000053fd  SysCtl_enableNMISource                    
0000540d  __TI_decompress_none                      
0000541b  Reset_Handler                             
00005427  ADC14_IRQHandler                          
00005427  AES256_IRQHandler                         
00005427  BusFault_Handler                          
00005427  COMP_E0_IRQHandler                        
00005427  COMP_E1_IRQHandler                        
00005427  CS_IRQHandler                             
00005427  DMA_ERR_IRQHandler                        
00005427  DMA_INT0_IRQHandler                       
00005427  DMA_INT1_IRQHandler                       
00005427  DMA_INT2_IRQHandler                       
00005427  DMA_INT3_IRQHandler                       
00005427  DebugMon_Handler                          
00005427  Default_Handler                           
00005427  EUSCIA0_IRQHandler                        
00005427  EUSCIA1_IRQHandler                        
00005427  EUSCIA2_IRQHandler                        
00005427  EUSCIA3_IRQHandler                        
00005427  EUSCIB0_IRQHandler                        
00005427  EUSCIB1_IRQHandler                        
00005427  EUSCIB2_IRQHandler                        
00005427  EUSCIB3_IRQHandler                        
00005427  FLCTL_IRQHandler                          
00005427  FPU_IRQHandler                            
00005427  HardFault_Handler                         
00005427  MemManage_Handler                         
00005427  NMI_Handler                               
00005427  PCM_IRQHandler                            
00005427  PORT1_IRQHandler                          
00005427  PORT2_IRQHandler                          
00005427  PORT3_IRQHandler                          
00005427  PORT4_IRQHandler                          
00005427  PORT5_IRQHandler                          
00005427  PORT6_IRQHandler                          
00005427  PSS_IRQHandler                            
00005427  PendSV_Handler                            
00005427  RTC_C_IRQHandler                          
00005427  SVC_Handler                               
00005427  SysTick_Handler                           
00005427  T32_INT1_IRQHandler                       
00005427  T32_INT2_IRQHandler                       
00005427  T32_INTC_IRQHandler                       
00005427  TA0_N_IRQHandler                          
00005427  TA1_0_IRQHandler                          
00005427  TA1_N_IRQHandler                          
00005427  TA2_0_IRQHandler                          
00005427  TA2_N_IRQHandler                          
00005427  TA3_0_IRQHandler                          
00005427  TA3_N_IRQHandler                          
00005427  UsageFault_Handler                        
00005427  WDT_A_IRQHandler                          
00005429  SysCtl_getNMISourceStatus                 
00005435  __TI_zero_init                            
00005441  CS_startHFXT                              
00005447  _system_pre_init                          
00005947  dBfs                                      
00005b47  _ctypes_                                  
00005d18  i2cConfig                                 
00005db4  __TI_Handler_Table_Base                   
00005dc0  __TI_Handler_Table_Limit                  
00005dd0  __TI_CINIT_Base                           
00005de8  __TI_CINIT_Limit                          
20000000  g_pfnRAMVectors                           
200000e8  _sys_memory                               
200004e8  SensorReadings                            
20000590  ClockRegisters                            
200005e8  Message                                   
200005f8  KeypadState                               
200005fc  Messageindex                              
20000600  X                                         
20000604  Ymax                                      
20000608  Ymin                                      
2000060c  Yrange                                    
20000618  RefreshInterrupt                          
2000064c  StX                                       
20000650  StY                                       
20000654  StTextColor                               
2000065c  lastj                                     
20000660  __TI_cleanup_ptr                          
20000664  __TI_dtors_ptr                            
20000668  __TI_enable_exit_profile_output           
20000678  _lock                                     
2000067c  _unlock                                   
20000688  CurrentDigit                              
2000068c  errno                                     
20000690  main_func_sp                              
20000694  SystemCoreClock                           
2000fe00  __stack                                   
20010000  __STACK_END                               
4000480c  WDTCTL_SYM                                
ffffffff  __TI_pprof_out_hndl                       
ffffffff  __TI_prof_data_size                       
ffffffff  __TI_prof_data_start                      
ffffffff  __binit__                                 
ffffffff  __c_args__                                
ffffffff  binit                                     
UNDEFED   SHT$$INIT_ARRAY$$Base                     
UNDEFED   SHT$$INIT_ARRAY$$Limit                    

[255 symbols]
