******************************************************************************
                  TI ARM Linker PC v16.6.0                     
******************************************************************************
>> Linked Thu Oct 27 17:06:19 2016

OUTPUT FILE NAME:   <SecuritySystem.out>
ENTRY POINT SYMBOL: "_c_int00"  address: 00002005


MEMORY CONFIGURATION

         name            origin    length      used     unused   attr    fill
----------------------  --------  ---------  --------  --------  ----  --------
  MAIN                  00000000   00040000  00002c18  0003d3e8  R  X
  INFO                  00200000   00004000  00000000  00004000  R  X
  SRAM_CODE             01000000   00010000  000002dc  0000fd24  RW X
  SRAM_DATA             20000000   00010000  000002dc  0000fd24  RW  


SEGMENT ALLOCATION MAP

run origin  load origin   length   init length attrs members
----------  ----------- ---------- ----------- ----- -------
00000000    00000000    00002c20   00002c20    r-x
  00000000    00000000    000000e4   000000e4    r-- .intvecs
  000000e4    000000e4    000022ce   000022ce    r-x .text
  000023b4    000023b4    000007f6   000007f6    r-- .const
  00002bb0    00002bb0    00000070   00000070    r-- .cinit
20000000    20000000    000000dc   00000000    rw-
  20000000    20000000    0000007c   00000000    rw- .bss
  2000007c    2000007c    00000060   00000000    rw- .data
2000fe00    2000fe00    00000200   00000000    rw-
  2000fe00    2000fe00    00000200   00000000    rw- .stack


SECTION ALLOCATION MAP

 output                                  attributes/
section   page    origin      length       input sections
--------  ----  ----------  ----------   ----------------
.intvecs   0    00000000    000000e4     
                  00000000    000000e4     startup_msp432p401r_ccs.obj (.intvecs:retain)

.binit     0    00000000    00000000     

.text      0    000000e4    000022ce     
                  000000e4    00001398     ST7735.obj (.text)
                  0000147c    0000032c     system_msp432p401r.obj (.text)
                  000017a8    00000174     UART.obj (.text)
                  0000191c    00000104     msp432p4xx_driverlib.lib : cs.o (.text:CS_getDCOFrequency)
                  00001a20    000000b0     main.obj (.text)
                  00001ad0    0000009c     msp432p4xx_driverlib.lib : cs.o (.text:CS_startHFXTWithTimeout)
                  00001b6c    0000009c                              : cs.o (.text:_CSComputeCLKFrequency)
                  00001c08    0000009c     rtsv7M4_T_le_v4SPD16_eabi.lib : memcpy_t2.obj (.text)
                  00001ca4    00000080     Clock.obj (.text)
                  00001d24    0000007a     rtsv7M4_T_le_v4SPD16_eabi.lib : memset_t2.obj (.text)
                  00001d9e    00000002                                   : mpu_init.obj (.text)
                  00001da0    00000070     msp432p4xx_driverlib.lib : cs.o (.text:_CSGetHFXTFrequency)
                  00001e10    00000070     rtsv7M4_T_le_v4SPD16_eabi.lib : autoinit.obj (.text)
                  00001e80    00000068     ADC.obj (.text)
                  00001ee8    00000066     rtsv7M4_T_le_v4SPD16_eabi.lib : copy_decompress_lzss.obj (.text:decompress:lzss)
                  00001f4e    00000002                                   : startup.obj (.text)
                  00001f50    0000005c     I2C.obj (.text)
                  00001fac    00000056     Display.obj (.text)
                  00002002    00000002     --HOLE-- [fill = 0]
                  00002004    00000054     rtsv7M4_T_le_v4SPD16_eabi.lib : boot.obj (.text)
                  00002058    00000054                                   : exit.obj (.text)
                  000020ac    00000050     msp432p4xx_driverlib.lib : sysctl.o (.text:SysCtl_getTLVInfo)
                  000020fc    0000004c                              : cs.o (.text:_CSGetDOCFrequency)
                  00002148    0000004c     rtsv7M4_T_le_v4SPD16_eabi.lib : cpy_tbl.obj (.text)
                  00002194    00000048     msp432p4xx_driverlib.lib : gpio.o (.text:GPIO_setAsPeripheralModuleFunctionInputPin)
                  000021dc    00000048                              : cs.o (.text:_CSGetDividerValue)
                  00002224    00000030                              : gpio.o (.text:GPIO_setAsInputPinWithPullUpResistor)
                  00002254    00000028     HallEffect.obj (.text)
                  0000227c    00000024     msp432p4xx_driverlib.lib : cs.o (.text:CS_clearInterruptFlag)
                  000022a0    00000018                              : cs.o (.text:CS_getMCLK)
                  000022b8    00000018                              : cs.o (.text:CS_getSMCLK)
                  000022d0    00000018                              : gpio.o (.text:GPIO_getInputPinValue)
                  000022e8    00000018                              : wdt_a.o (.text:WDT_A_holdTimer)
                  00002300    00000018     rtsv7M4_T_le_v4SPD16_eabi.lib : args_main.obj (.text)
                  00002318    00000014     msp432p4xx_driverlib.lib : cs.o (.text:CS_setExternalClockSourceFrequency)
                  0000232c    00000014     rtsv7M4_T_le_v4SPD16_eabi.lib : _lock.obj (.text)
                  00002340    00000014                                   : strlen.obj (.text)
                  00002354    00000010     msp432p4xx_driverlib.lib : sysctl.o (.text:SysCtl_disableNMISource)
                  00002364    00000010                              : sysctl.o (.text:SysCtl_enableNMISource)
                  00002374    0000000e     rtsv7M4_T_le_v4SPD16_eabi.lib : copy_decompress_none.obj (.text:decompress:none)
                  00002382    0000000e     startup_msp432p401r_ccs.obj (.text)
                  00002390    0000000c     msp432p4xx_driverlib.lib : sysctl.o (.text:SysCtl_getNMISourceStatus)
                  0000239c    0000000c     rtsv7M4_T_le_v4SPD16_eabi.lib : copy_zero_init.obj (.text:decompress:ZI)
                  000023a8    00000006     msp432p4xx_driverlib.lib : cs.o (.text:CS_startHFXT)
                  000023ae    00000004     rtsv7M4_T_le_v4SPD16_eabi.lib : pre_init.obj (.text)

.const     0    000023b4    000007f6     
                  000023b4    000004fb     ST7735.obj (.const:.string:Font)
                  000028af    00000200     ST7735.obj (.const:.string:dBfs)
                  00002aaf    00000067     ST7735.obj (.const:.string:Bcmd)
                  00002b16    0000003b     ST7735.obj (.const:.string:Rcmd1)
                  00002b51    0000002b     ST7735.obj (.const:.string:Rcmd3)
                  00002b7c    00000014     I2C.obj (.const:i2cConfig)
                  00002b90    0000000d     ST7735.obj (.const:.string:Rcmd2green)
                  00002b9d    0000000d     ST7735.obj (.const:.string:Rcmd2red)

.cinit     0    00002bb0    00000070     
                  00002bb0    0000004b     (.cinit..data.load) [load image, compression = lzss]
                  00002bfb    00000001     --HOLE-- [fill = 0]
                  00002bfc    0000000c     (__TI_handler_table)
                  00002c08    00000008     (.cinit..bss.load) [load image, compression = zero_init]
                  00002c10    00000010     (__TI_cinit_table)

.init_array 
*          0    00000000    00000000     UNINITIALIZED

.bss       0    20000000    0000007c     UNINITIALIZED
                  20000000    00000046     (.common:SensorReadings)
                  20000046    0000000c     (.common:Message)
                  20000052    00000004     ST7735.obj (.bss)
                  20000056    00000002     --HOLE--
                  20000058    00000004     (.common:MCLKClockSpeed)
                  2000005c    00000004     (.common:Messageindex)
                  20000060    00000004     (.common:SMCLKClockSpeed)
                  20000064    00000004     (.common:X)
                  20000068    00000004     (.common:Ymax)
                  2000006c    00000004     (.common:Ymin)
                  20000070    00000004     (.common:Yrange)
                  20000074    00000004     (.common:hfxtFreq)
                  20000078    00000004     (.common:lfxtFreq)

.data      0    2000007c    00000060     UNINITIALIZED
                  2000007c    00000030     msp432p4xx_driverlib.lib : gpio.o (.data:GPIO_PORT_TO_BASE)
                  200000ac    00000014     ST7735.obj (.data)
                  200000c0    0000000c     rtsv7M4_T_le_v4SPD16_eabi.lib : exit.obj (.data:$O1$$)
                  200000cc    00000008                                   : _lock.obj (.data:$O1$$)
                  200000d4    00000004                                   : stkdepth_vars.obj (.data)
                  200000d8    00000004     system_msp432p401r.obj (.data)

.stack     0    2000fe00    00000200     UNINITIALIZED
                  2000fe00    00000200     --HOLE--

MODULE SUMMARY

       Module                        code   ro data   rw data
       ------                        ----   -------   -------
    .\
       system_msp432p401r.obj        812    0         8      
       main.obj                      176    0         156    
       startup_msp432p401r_ccs.obj   14     228       0      
    +--+-----------------------------+------+---------+---------+
       Total:                        1002   228       164    
                                                             
    .\Modules\
       ST7735.obj                    5016   2018      112    
       Clock.obj                     128    0         0      
       Display.obj                   86     0         0      
       HallEffect.obj                40     0         0      
    +--+-----------------------------+------+---------+---------+
       Total:                        5270   2018      112    
                                                             
    .\Protocols\
       UART.obj                      372    0         0      
       I2C.obj                       92     20        0      
       ADC.obj                       104    0         0      
    +--+-----------------------------+------+---------+---------+
       Total:                        568    20        0      
                                                             
    ../msp432p4xx_driverlib.lib
       cs.o                          942    0         16     
       gpio.o                        144    0         96     
       sysctl.o                      124    0         0      
       wdt_a.o                       24     0         0      
    +--+-----------------------------+------+---------+---------+
       Total:                        1234   0         112    
                                                             
    C:\ti\ccsv6\tools\compiler\ti-cgt-arm_16.6.0.STS\lib\rtsv7M4_T_le_v4SPD16_eabi.lib
       memcpy_t2.obj                 156    0         0      
       memset_t2.obj                 122    0         0      
       autoinit.obj                  112    0         0      
       exit.obj                      84     0         24     
       copy_decompress_lzss.obj      102    0         0      
       boot.obj                      84     0         0      
       cpy_tbl.obj                   76     0         0      
       _lock.obj                     20     0         16     
       args_main.obj                 24     0         0      
       strlen.obj                    20     0         0      
       copy_decompress_none.obj      14     0         0      
       copy_zero_init.obj            12     0         0      
       stkdepth_vars.obj             0      0         8      
       pre_init.obj                  4      0         0      
       mpu_init.obj                  2      0         0      
       startup.obj                   2      0         0      
    +--+-----------------------------+------+---------+---------+
       Total:                        834    0         48     
                                                             
       Stack:                        0      0         1024   
       Linker Generated:             0      111       0      
    +--+-----------------------------+------+---------+---------+
       Grand Total:                  8908   2377      1460   


LINKER GENERATED COPY TABLES

__TI_cinit_table @ 00002c10 records: 2, size/record: 8, table size: 16
	.data: load addr=00002bb0, load size=0000004b bytes, run addr=2000007c, run size=00000060 bytes, compression=lzss
	.bss: load addr=00002c08, load size=00000008 bytes, run addr=20000000, run size=0000007c bytes, compression=zero_init


LINKER GENERATED HANDLER TABLE

__TI_handler_table @ 00002bfc records: 3, size/record: 4, table size: 12
	index: 0, handler: __TI_decompress_lzss
	index: 1, handler: __TI_decompress_none
	index: 2, handler: __TI_zero_init


GLOBAL SYMBOLS: SORTED ALPHABETICALLY BY Name 

address   name                                      
-------   ----                                      
0000238f  ADC14_IRQHandler                          
00001e81  ADC_Init                                  
0000238f  AES256_IRQHandler                         
0000238f  BusFault_Handler                          
00002059  C$$EXIT                                   
0000238f  COMP_E0_IRQHandler                        
0000238f  COMP_E1_IRQHandler                        
0000238f  CS_IRQHandler                             
0000227d  CS_clearInterruptFlag                     
0000191d  CS_getDCOFrequency                        
000022a1  CS_getMCLK                                
000022b9  CS_getSMCLK                               
00002319  CS_setExternalClockSourceFrequency        
000023a9  CS_startHFXT                              
00001ad1  CS_startHFXTWithTimeout                   
00001ca5  Clock_Init48MHz                           
0000238f  DMA_ERR_IRQHandler                        
0000238f  DMA_INT0_IRQHandler                       
0000238f  DMA_INT1_IRQHandler                       
0000238f  DMA_INT2_IRQHandler                       
0000238f  DMA_INT3_IRQHandler                       
0000238f  DebugMon_Handler                          
0000238f  Default_Handler                           
0000015b  Delay1ms                                  
00001fad  Display_Module_DrawString                 
0000238f  EUSCIA0_IRQHandler                        
0000238f  EUSCIA1_IRQHandler                        
0000238f  EUSCIA2_IRQHandler                        
0000238f  EUSCIA3_IRQHandler                        
0000238f  EUSCIB0_IRQHandler                        
0000238f  EUSCIB1_IRQHandler                        
0000238f  EUSCIB2_IRQHandler                        
0000238f  EUSCIB3_IRQHandler                        
0000238f  FLCTL_IRQHandler                          
0000238f  FPU_IRQHandler                            
000022d1  GPIO_getInputPinValue                     
00002225  GPIO_setAsInputPinWithPullUpResistor      
00002195  GPIO_setAsPeripheralModuleFunctionInputPin
00002255  HallEffect_Init                           
0000226b  HallEffect_Module_Read                    
0000238f  HardFault_Handler                         
00001f51  I2C_Init                                  
00001a7f  InitializeModules                         
20000058  MCLKClockSpeed                            
0000238f  MemManage_Handler                         
20000046  Message                                   
2000005c  Messageindex                              
0000238f  NMI_Handler                               
0000141b  Output_Clear                              
00001435  Output_Color                              
0000140b  Output_Init                               
00001425  Output_Off                                
0000142d  Output_On                                 
0000238f  PCM_IRQHandler                            
0000238f  PORT1_IRQHandler                          
0000238f  PORT2_IRQHandler                          
0000238f  PORT3_IRQHandler                          
0000238f  PORT4_IRQHandler                          
0000238f  PORT5_IRQHandler                          
0000238f  PORT6_IRQHandler                          
0000238f  PSS_IRQHandler                            
0000238f  PendSV_Handler                            
0000238f  RTC_C_IRQHandler                          
00002383  Reset_Handler                             
UNDEFED   SHT$$INIT_ARRAY$$Base                     
UNDEFED   SHT$$INIT_ARRAY$$Limit                    
20000060  SMCLKClockSpeed                           
0000073d  ST7735_Color565                           
000007a1  ST7735_DrawBitmap                         
00000b11  ST7735_DrawChar                           
0000099d  ST7735_DrawCharS                          
00000535  ST7735_DrawFastHLine                      
00000477  ST7735_DrawFastVLine                      
0000041d  ST7735_DrawPixel                          
00000c81  ST7735_DrawString                         
00000631  ST7735_FillRect                           
000005ed  ST7735_FillScreen                         
000002e9  ST7735_InitB                              
00000309  ST7735_InitR                              
00000eb3  ST7735_InvertDisplay                      
000012f1  ST7735_OutChar                            
000013ad  ST7735_OutString                          
00000d6d  ST7735_OutUDec                            
000011fd  ST7735_PlotBar                            
00000ecb  ST7735_PlotClear                          
00000fed  ST7735_PlotLine                           
0000129d  ST7735_PlotNext                           
000012b7  ST7735_PlotNextErase                      
00000f27  ST7735_PlotPoint                          
00001127  ST7735_PlotPoints                         
00001253  ST7735_PlotdBfs                           
00000d47  ST7735_SetCursor                          
00000de9  ST7735_SetRotation                        
000013cb  ST7735_SetTextColor                       
00000771  ST7735_SwapColor                          
0000238f  SVC_Handler                               
20000000  SensorReadings                            
200000b4  StTextColor                               
200000ac  StX                                       
200000b0  StY                                       
00002355  SysCtl_disableNMISource                   
00002365  SysCtl_enableNMISource                    
00002391  SysCtl_getNMISourceStatus                 
000020ad  SysCtl_getTLVInfo                         
0000238f  SysTick_Handler                           
200000d8  SystemCoreClock                           
0000147d  SystemCoreClockUpdate                     
000016f1  SystemInit                                
0000238f  T32_INT1_IRQHandler                       
0000238f  T32_INT2_IRQHandler                       
0000238f  T32_INTC_IRQHandler                       
0000238f  TA0_0_IRQHandler                          
0000238f  TA0_N_IRQHandler                          
0000238f  TA1_0_IRQHandler                          
0000238f  TA1_N_IRQHandler                          
0000238f  TA2_0_IRQHandler                          
0000238f  TA2_N_IRQHandler                          
0000238f  TA3_0_IRQHandler                          
0000238f  TA3_N_IRQHandler                          
000017a9  UART_Init                                 
0000182d  UART_OutChar                              
00001875  UART_OutString                            
0000238f  UsageFault_Handler                        
4000480c  WDTCTL_SYM                                
0000238f  WDT_A_IRQHandler                          
000022e9  WDT_A_holdTimer                           
00001865  WireLess_In                               
00001849  WireLess_Out                              
000018a7  WireLess_OutString                        
20000064  X                                         
20000068  Ymax                                      
2000006c  Ymin                                      
20000070  Yrange                                    
20010000  __STACK_END                               
00000200  __STACK_SIZE                              
00002c10  __TI_CINIT_Base                           
00002c20  __TI_CINIT_Limit                          
00002bfc  __TI_Handler_Table_Base                   
00002c08  __TI_Handler_Table_Limit                  
00001e11  __TI_auto_init                            
200000c0  __TI_cleanup_ptr                          
00001ee9  __TI_decompress_lzss                      
00002375  __TI_decompress_none                      
200000c4  __TI_dtors_ptr                            
200000c8  __TI_enable_exit_profile_output           
ffffffff  __TI_pprof_out_hndl                       
ffffffff  __TI_prof_data_size                       
ffffffff  __TI_prof_data_start                      
00000000  __TI_static_base__                        
0000239d  __TI_zero_init                            
00001d25  __aeabi_memclr                            
00001d25  __aeabi_memclr4                           
00001d25  __aeabi_memclr8                           
00001c09  __aeabi_memcpy                            
00001c09  __aeabi_memcpy4                           
00001c09  __aeabi_memcpy8                           
00001d27  __aeabi_memset                            
00001d27  __aeabi_memset4                           
00001d27  __aeabi_memset8                           
ffffffff  __binit__                                 
ffffffff  __c_args__                                
00001d9f  __mpu_init                                
2000fe00  __stack                                   
00002301  _args_main                                
00002005  _c_int00                                  
200000cc  _lock                                     
0000233b  _nop                                      
00002333  _register_lock                            
0000232d  _register_unlock                          
00001f4f  _system_post_cinit                        
000023af  _system_pre_init                          
200000d0  _unlock                                   
0000205d  abort                                     
ffffffff  binit                                     
00002149  copy_in                                   
000028af  dBfs                                      
00002065  exit                                      
000013fd  ferror                                    
000013f1  fgetc                                     
00000d05  fillmessage                               
000013df  fputc                                     
00002b7c  i2cConfig                                 
00000000  interruptVectors                          
200000bc  lastj                                     
00001a21  main                                      
200000d4  main_func_sp                              
00001c09  memcpy                                    
00001d2d  memset                                    
0000014d  parrotdelay                               
00002341  strlen                                    


GLOBAL SYMBOLS: SORTED BY Symbol Address 

address   name                                      
-------   ----                                      
00000000  __TI_static_base__                        
00000000  interruptVectors                          
0000014d  parrotdelay                               
0000015b  Delay1ms                                  
00000200  __STACK_SIZE                              
000002e9  ST7735_InitB                              
00000309  ST7735_InitR                              
0000041d  ST7735_DrawPixel                          
00000477  ST7735_DrawFastVLine                      
00000535  ST7735_DrawFastHLine                      
000005ed  ST7735_FillScreen                         
00000631  ST7735_FillRect                           
0000073d  ST7735_Color565                           
00000771  ST7735_SwapColor                          
000007a1  ST7735_DrawBitmap                         
0000099d  ST7735_DrawCharS                          
00000b11  ST7735_DrawChar                           
00000c81  ST7735_DrawString                         
00000d05  fillmessage                               
00000d47  ST7735_SetCursor                          
00000d6d  ST7735_OutUDec                            
00000de9  ST7735_SetRotation                        
00000eb3  ST7735_InvertDisplay                      
00000ecb  ST7735_PlotClear                          
00000f27  ST7735_PlotPoint                          
00000fed  ST7735_PlotLine                           
00001127  ST7735_PlotPoints                         
000011fd  ST7735_PlotBar                            
00001253  ST7735_PlotdBfs                           
0000129d  ST7735_PlotNext                           
000012b7  ST7735_PlotNextErase                      
000012f1  ST7735_OutChar                            
000013ad  ST7735_OutString                          
000013cb  ST7735_SetTextColor                       
000013df  fputc                                     
000013f1  fgetc                                     
000013fd  ferror                                    
0000140b  Output_Init                               
0000141b  Output_Clear                              
00001425  Output_Off                                
0000142d  Output_On                                 
00001435  Output_Color                              
0000147d  SystemCoreClockUpdate                     
000016f1  SystemInit                                
000017a9  UART_Init                                 
0000182d  UART_OutChar                              
00001849  WireLess_Out                              
00001865  WireLess_In                               
00001875  UART_OutString                            
000018a7  WireLess_OutString                        
0000191d  CS_getDCOFrequency                        
00001a21  main                                      
00001a7f  InitializeModules                         
00001ad1  CS_startHFXTWithTimeout                   
00001c09  __aeabi_memcpy                            
00001c09  __aeabi_memcpy4                           
00001c09  __aeabi_memcpy8                           
00001c09  memcpy                                    
00001ca5  Clock_Init48MHz                           
00001d25  __aeabi_memclr                            
00001d25  __aeabi_memclr4                           
00001d25  __aeabi_memclr8                           
00001d27  __aeabi_memset                            
00001d27  __aeabi_memset4                           
00001d27  __aeabi_memset8                           
00001d2d  memset                                    
00001d9f  __mpu_init                                
00001e11  __TI_auto_init                            
00001e81  ADC_Init                                  
00001ee9  __TI_decompress_lzss                      
00001f4f  _system_post_cinit                        
00001f51  I2C_Init                                  
00001fad  Display_Module_DrawString                 
00002005  _c_int00                                  
00002059  C$$EXIT                                   
0000205d  abort                                     
00002065  exit                                      
000020ad  SysCtl_getTLVInfo                         
00002149  copy_in                                   
00002195  GPIO_setAsPeripheralModuleFunctionInputPin
00002225  GPIO_setAsInputPinWithPullUpResistor      
00002255  HallEffect_Init                           
0000226b  HallEffect_Module_Read                    
0000227d  CS_clearInterruptFlag                     
000022a1  CS_getMCLK                                
000022b9  CS_getSMCLK                               
000022d1  GPIO_getInputPinValue                     
000022e9  WDT_A_holdTimer                           
00002301  _args_main                                
00002319  CS_setExternalClockSourceFrequency        
0000232d  _register_unlock                          
00002333  _register_lock                            
0000233b  _nop                                      
00002341  strlen                                    
00002355  SysCtl_disableNMISource                   
00002365  SysCtl_enableNMISource                    
00002375  __TI_decompress_none                      
00002383  Reset_Handler                             
0000238f  ADC14_IRQHandler                          
0000238f  AES256_IRQHandler                         
0000238f  BusFault_Handler                          
0000238f  COMP_E0_IRQHandler                        
0000238f  COMP_E1_IRQHandler                        
0000238f  CS_IRQHandler                             
0000238f  DMA_ERR_IRQHandler                        
0000238f  DMA_INT0_IRQHandler                       
0000238f  DMA_INT1_IRQHandler                       
0000238f  DMA_INT2_IRQHandler                       
0000238f  DMA_INT3_IRQHandler                       
0000238f  DebugMon_Handler                          
0000238f  Default_Handler                           
0000238f  EUSCIA0_IRQHandler                        
0000238f  EUSCIA1_IRQHandler                        
0000238f  EUSCIA2_IRQHandler                        
0000238f  EUSCIA3_IRQHandler                        
0000238f  EUSCIB0_IRQHandler                        
0000238f  EUSCIB1_IRQHandler                        
0000238f  EUSCIB2_IRQHandler                        
0000238f  EUSCIB3_IRQHandler                        
0000238f  FLCTL_IRQHandler                          
0000238f  FPU_IRQHandler                            
0000238f  HardFault_Handler                         
0000238f  MemManage_Handler                         
0000238f  NMI_Handler                               
0000238f  PCM_IRQHandler                            
0000238f  PORT1_IRQHandler                          
0000238f  PORT2_IRQHandler                          
0000238f  PORT3_IRQHandler                          
0000238f  PORT4_IRQHandler                          
0000238f  PORT5_IRQHandler                          
0000238f  PORT6_IRQHandler                          
0000238f  PSS_IRQHandler                            
0000238f  PendSV_Handler                            
0000238f  RTC_C_IRQHandler                          
0000238f  SVC_Handler                               
0000238f  SysTick_Handler                           
0000238f  T32_INT1_IRQHandler                       
0000238f  T32_INT2_IRQHandler                       
0000238f  T32_INTC_IRQHandler                       
0000238f  TA0_0_IRQHandler                          
0000238f  TA0_N_IRQHandler                          
0000238f  TA1_0_IRQHandler                          
0000238f  TA1_N_IRQHandler                          
0000238f  TA2_0_IRQHandler                          
0000238f  TA2_N_IRQHandler                          
0000238f  TA3_0_IRQHandler                          
0000238f  TA3_N_IRQHandler                          
0000238f  UsageFault_Handler                        
0000238f  WDT_A_IRQHandler                          
00002391  SysCtl_getNMISourceStatus                 
0000239d  __TI_zero_init                            
000023a9  CS_startHFXT                              
000023af  _system_pre_init                          
000028af  dBfs                                      
00002b7c  i2cConfig                                 
00002bfc  __TI_Handler_Table_Base                   
00002c08  __TI_Handler_Table_Limit                  
00002c10  __TI_CINIT_Base                           
00002c20  __TI_CINIT_Limit                          
20000000  SensorReadings                            
20000046  Message                                   
20000058  MCLKClockSpeed                            
2000005c  Messageindex                              
20000060  SMCLKClockSpeed                           
20000064  X                                         
20000068  Ymax                                      
2000006c  Ymin                                      
20000070  Yrange                                    
200000ac  StX                                       
200000b0  StY                                       
200000b4  StTextColor                               
200000bc  lastj                                     
200000c0  __TI_cleanup_ptr                          
200000c4  __TI_dtors_ptr                            
200000c8  __TI_enable_exit_profile_output           
200000cc  _lock                                     
200000d0  _unlock                                   
200000d4  main_func_sp                              
200000d8  SystemCoreClock                           
2000fe00  __stack                                   
20010000  __STACK_END                               
4000480c  WDTCTL_SYM                                
ffffffff  __TI_pprof_out_hndl                       
ffffffff  __TI_prof_data_size                       
ffffffff  __TI_prof_data_start                      
ffffffff  __binit__                                 
ffffffff  __c_args__                                
ffffffff  binit                                     
UNDEFED   SHT$$INIT_ARRAY$$Base                     
UNDEFED   SHT$$INIT_ARRAY$$Limit                    

[190 symbols]
